<ps-env>/lib/python3.10/site-packages/networkx/utils/backends.py:563: RuntimeWarning: Error encountered when loading info for backend cugraph: No module named '_nx_cugraph'
  backend_info.update(_get_backends("networkx.backend_info", load_and_call=True))
[15:42:04] Training GDTE on otc (seed=42)...

 Training FV-otc-s42-t2:   0%|          | 0/50 [00:00<?, ?it/s]
 Training FV-otc-s42-t2:   0%|          | 0/50 [00:00<?, ?it/s, Saved at =inf, TrLoss=0.7166]
 Training FV-otc-s42-t2:   2%|▏         | 1/50 [00:00<00:24,  1.98it/s, Saved at =inf, TrLoss=0.7166]
 Training FV-otc-s42-t2:   2%|▏         | 1/50 [00:00<00:24,  1.98it/s, Saved at =inf, TrLoss=0.5475]
 Training FV-otc-s42-t2:   2%|▏         | 1/50 [00:00<00:24,  1.98it/s, Saved at =inf, TrLoss=0.4565]
 Training FV-otc-s42-t2:   6%|▌         | 3/50 [00:00<00:08,  5.76it/s, Saved at =inf, TrLoss=0.4565]
 Training FV-otc-s42-t2:   6%|▌         | 3/50 [00:00<00:08,  5.76it/s, Saved at =inf, TrLoss=0.4664]
 Training FV-otc-s42-t2:   6%|▌         | 3/50 [00:00<00:08,  5.76it/s, Saved at =inf, TrLoss=0.3041]
 Training FV-otc-s42-t2:  10%|█         | 5/50 [00:00<00:05,  8.62it/s, Saved at =inf, TrLoss=0.3041]
 Training FV-otc-s42-t2:  10%|█         | 5/50 [00:00<00:05,  8.62it/s, Saved at =inf, TrLoss=0.2621]
 Training FV-otc-s42-t2:  10%|█         | 5/50 [00:00<00:05,  8.62it/s, Saved at =inf, TrLoss=0.2439]
 Training FV-otc-s42-t2:  14%|█▍        | 7/50 [00:00<00:03, 10.95it/s, Saved at =inf, TrLoss=0.2439]
 Training FV-otc-s42-t2:  14%|█▍        | 7/50 [00:00<00:03, 10.95it/s, Saved at =inf, TrLoss=0.2127]
 Training FV-otc-s42-t2:  14%|█▍        | 7/50 [00:00<00:03, 10.95it/s, Saved at =inf, TrLoss=0.2005]
 Training FV-otc-s42-t2:  18%|█▊        | 9/50 [00:00<00:03, 12.45it/s, Saved at =inf, TrLoss=0.2005]
 Training FV-otc-s42-t2:  18%|█▊        | 9/50 [00:01<00:03, 12.45it/s, Saved at =inf, TrLoss=0.1819]
 Training FV-otc-s42-t2:  18%|█▊        | 9/50 [00:01<00:03, 12.45it/s, Saved at =inf, TrLoss=0.1937]
 Training FV-otc-s42-t2:  22%|██▏       | 11/50 [00:01<00:02, 13.62it/s, Saved at =inf, TrLoss=0.1937]
 Training FV-otc-s42-t2:  22%|██▏       | 11/50 [00:01<00:02, 13.62it/s, Saved at =inf, TrLoss=0.1659]
 Training FV-otc-s42-t2:  22%|██▏       | 11/50 [00:01<00:02, 13.62it/s, Saved at =inf, TrLoss=0.1853]
 Training FV-otc-s42-t2:  26%|██▌       | 13/50 [00:01<00:02, 14.40it/s, Saved at =inf, TrLoss=0.1853]
 Training FV-otc-s42-t2:  26%|██▌       | 13/50 [00:01<00:02, 14.40it/s, Saved at =inf, TrLoss=0.1716]
 Training FV-otc-s42-t2:  26%|██▌       | 13/50 [00:01<00:02, 14.40it/s, Saved at =inf, TrLoss=0.1648]
 Training FV-otc-s42-t2:  30%|███       | 15/50 [00:01<00:02, 15.05it/s, Saved at =inf, TrLoss=0.1648]
 Training FV-otc-s42-t2:  30%|███       | 15/50 [00:01<00:02, 15.05it/s, Saved at =inf, TrLoss=0.1360]
 Training FV-otc-s42-t2:  30%|███       | 15/50 [00:01<00:02, 15.05it/s, Saved at =inf, TrLoss=0.1428]
 Training FV-otc-s42-t2:  34%|███▍      | 17/50 [00:01<00:02, 15.92it/s, Saved at =inf, TrLoss=0.1428]
 Training FV-otc-s42-t2:  34%|███▍      | 17/50 [00:01<00:02, 15.92it/s, Saved at =inf, TrLoss=0.1449]
 Training FV-otc-s42-t2:  34%|███▍      | 17/50 [00:01<00:02, 15.92it/s, Saved at =inf, TrLoss=0.1301]
 Training FV-otc-s42-t2:  38%|███▊      | 19/50 [00:01<00:01, 16.23it/s, Saved at =inf, TrLoss=0.1301]
 Training FV-otc-s42-t2:  38%|███▊      | 19/50 [00:01<00:01, 16.23it/s, Saved at =inf, TrLoss=0.1274]
 Training FV-otc-s42-t2:  38%|███▊      | 19/50 [00:01<00:01, 16.23it/s, Saved at =inf, TrLoss=0.1132]
 Training FV-otc-s42-t2:  42%|████▏     | 21/50 [00:01<00:01, 16.26it/s, Saved at =inf, TrLoss=0.1132]
 Training FV-otc-s42-t2:  42%|████▏     | 21/50 [00:01<00:01, 16.26it/s, Saved at =inf, TrLoss=0.1381]
 Training FV-otc-s42-t2:  42%|████▏     | 21/50 [00:01<00:01, 16.26it/s, Saved at =inf, TrLoss=0.1426]
 Training FV-otc-s42-t2:  46%|████▌     | 23/50 [00:01<00:01, 16.14it/s, Saved at =inf, TrLoss=0.1426]
 Training FV-otc-s42-t2:  46%|████▌     | 23/50 [00:01<00:01, 16.14it/s, Saved at =inf, TrLoss=0.1545]
 Training FV-otc-s42-t2:  46%|████▌     | 23/50 [00:01<00:01, 16.14it/s, Saved at =inf, TrLoss=0.1197]
 Training FV-otc-s42-t2:  50%|█████     | 25/50 [00:01<00:01, 16.63it/s, Saved at =inf, TrLoss=0.1197]
 Training FV-otc-s42-t2:  50%|█████     | 25/50 [00:01<00:01, 16.63it/s, Saved at =inf, TrLoss=0.1561]
 Training FV-otc-s42-t2:  50%|█████     | 25/50 [00:02<00:01, 16.63it/s, Saved at =inf, TrLoss=0.1100]
 Training FV-otc-s42-t2:  54%|█████▍    | 27/50 [00:02<00:01, 16.86it/s, Saved at =inf, TrLoss=0.1100]
 Training FV-otc-s42-t2:  54%|█████▍    | 27/50 [00:02<00:01, 16.86it/s, Saved at =inf, TrLoss=0.1477]
 Training FV-otc-s42-t2:  54%|█████▍    | 27/50 [00:02<00:01, 16.86it/s, Saved at =inf, TrLoss=0.1211]
 Training FV-otc-s42-t2:  58%|█████▊    | 29/50 [00:02<00:01, 16.93it/s, Saved at =inf, TrLoss=0.1211]
 Training FV-otc-s42-t2:  58%|█████▊    | 29/50 [00:02<00:01, 16.93it/s, Saved at =inf, TrLoss=0.1001]
 Training FV-otc-s42-t2:  58%|█████▊    | 29/50 [00:02<00:01, 16.93it/s, Saved at =inf, TrLoss=0.0955]
 Training FV-otc-s42-t2:  62%|██████▏   | 31/50 [00:02<00:01, 16.75it/s, Saved at =inf, TrLoss=0.0955]
 Training FV-otc-s42-t2:  62%|██████▏   | 31/50 [00:02<00:01, 16.75it/s, Saved at =inf, TrLoss=0.0998]
 Training FV-otc-s42-t2:  62%|██████▏   | 31/50 [00:02<00:01, 16.75it/s, Saved at =inf, TrLoss=0.0999]
 Training FV-otc-s42-t2:  66%|██████▌   | 33/50 [00:02<00:01, 16.97it/s, Saved at =inf, TrLoss=0.0999]
 Training FV-otc-s42-t2:  66%|██████▌   | 33/50 [00:02<00:01, 16.97it/s, Saved at =inf, TrLoss=0.1059]
 Training FV-otc-s42-t2:  66%|██████▌   | 33/50 [00:02<00:01, 16.97it/s, Saved at =inf, TrLoss=0.0818]
 Training FV-otc-s42-t2:  70%|███████   | 35/50 [00:02<00:00, 16.95it/s, Saved at =inf, TrLoss=0.0818]
 Training FV-otc-s42-t2:  70%|███████   | 35/50 [00:02<00:00, 16.95it/s, Saved at =inf, TrLoss=0.0888]
 Training FV-otc-s42-t2:  70%|███████   | 35/50 [00:02<00:00, 16.95it/s, Saved at =inf, TrLoss=0.0775]
 Training FV-otc-s42-t2:  74%|███████▍  | 37/50 [00:02<00:00, 16.77it/s, Saved at =inf, TrLoss=0.0775]
 Training FV-otc-s42-t2:  74%|███████▍  | 37/50 [00:02<00:00, 16.77it/s, Saved at =inf, TrLoss=0.0803]
 Training FV-otc-s42-t2:  74%|███████▍  | 37/50 [00:02<00:00, 16.77it/s, Saved at =inf, TrLoss=0.0659]
 Training FV-otc-s42-t2:  78%|███████▊  | 39/50 [00:02<00:00, 16.80it/s, Saved at =inf, TrLoss=0.0659]
 Training FV-otc-s42-t2:  78%|███████▊  | 39/50 [00:02<00:00, 16.80it/s, Saved at =inf, TrLoss=0.0807]
 Training FV-otc-s42-t2:  78%|███████▊  | 39/50 [00:02<00:00, 16.80it/s, Saved at =inf, TrLoss=0.0765]
 Training FV-otc-s42-t2:  82%|████████▏ | 41/50 [00:02<00:00, 16.70it/s, Saved at =inf, TrLoss=0.0765]
 Training FV-otc-s42-t2:  82%|████████▏ | 41/50 [00:02<00:00, 16.70it/s, Saved at =inf, TrLoss=0.0715]
 Training FV-otc-s42-t2:  82%|████████▏ | 41/50 [00:02<00:00, 16.70it/s, Saved at =inf, TrLoss=0.0706]
 Training FV-otc-s42-t2:  86%|████████▌ | 43/50 [00:03<00:00, 16.75it/s, Saved at =inf, TrLoss=0.0706]
 Training FV-otc-s42-t2:  86%|████████▌ | 43/50 [00:03<00:00, 16.75it/s, Saved at =inf, TrLoss=0.0752]
 Training FV-otc-s42-t2:  86%|████████▌ | 43/50 [00:03<00:00, 16.75it/s, Saved at =inf, TrLoss=0.0783]
 Training FV-otc-s42-t2:  90%|█████████ | 45/50 [00:03<00:00, 13.33it/s, Saved at =inf, TrLoss=0.0783]
 Training FV-otc-s42-t2:  90%|█████████ | 45/50 [00:03<00:00, 13.33it/s, Saved at =inf, TrLoss=0.0620]
 Training FV-otc-s42-t2:  90%|█████████ | 45/50 [00:03<00:00, 13.33it/s, Saved at =inf, TrLoss=0.0691]
 Training FV-otc-s42-t2:  94%|█████████▍| 47/50 [00:03<00:00, 12.25it/s, Saved at =inf, TrLoss=0.0691]
 Training FV-otc-s42-t2:  94%|█████████▍| 47/50 [00:03<00:00, 12.25it/s, Saved at =inf, TrLoss=0.0604]
 Training FV-otc-s42-t2:  94%|█████████▍| 47/50 [00:03<00:00, 12.25it/s, Saved at =inf, TrLoss=0.1090]
 Training FV-otc-s42-t2:  98%|█████████▊| 49/50 [00:03<00:00, 13.24it/s, Saved at =inf, TrLoss=0.1090]
 Training FV-otc-s42-t2:  98%|█████████▊| 49/50 [00:03<00:00, 13.24it/s, Saved at =inf, TrLoss=0.0814]
 Training FV-otc-s42-t2: 100%|██████████| 50/50 [00:03<00:00, 13.90it/s, Saved at =inf, TrLoss=0.0814]

 Training FV-otc-s42-t3:   0%|          | 0/50 [00:00<?, ?it/s]
 Training FV-otc-s42-t3:   0%|          | 0/50 [00:00<?, ?it/s, Saved at =inf, TrLoss=0.7878]
 Training FV-otc-s42-t3:   2%|▏         | 1/50 [00:00<00:05,  9.41it/s, Saved at =inf, TrLoss=0.7878]
 Training FV-otc-s42-t3:   2%|▏         | 1/50 [00:00<00:05,  9.41it/s, Saved at =inf, TrLoss=0.8257]
 Training FV-otc-s42-t3:   4%|▍         | 2/50 [00:00<00:05,  8.22it/s, Saved at =inf, TrLoss=0.8257]
 Training FV-otc-s42-t3:   4%|▍         | 2/50 [00:00<00:05,  8.22it/s, Saved at =inf, TrLoss=0.5418]
 Training FV-otc-s42-t3:   6%|▌         | 3/50 [00:00<00:05,  8.94it/s, Saved at =inf, TrLoss=0.5418]
 Training FV-otc-s42-t3:   6%|▌         | 3/50 [00:00<00:05,  8.94it/s, Saved at =inf, TrLoss=0.5495]
 Training FV-otc-s42-t3:   6%|▌         | 3/50 [00:00<00:05,  8.94it/s, Saved at =inf, TrLoss=0.4595]
 Training FV-otc-s42-t3:  10%|█         | 5/50 [00:00<00:04, 10.58it/s, Saved at =inf, TrLoss=0.4595]
 Training FV-otc-s42-t3:  10%|█         | 5/50 [00:00<00:04, 10.58it/s, Saved at =inf, TrLoss=0.4075]
 Training FV-otc-s42-t3:  10%|█         | 5/50 [00:00<00:04, 10.58it/s, Saved at =inf, TrLoss=0.3605]
 Training FV-otc-s42-t3:  14%|█▍        | 7/50 [00:00<00:03, 11.67it/s, Saved at =inf, TrLoss=0.3605]
 Training FV-otc-s42-t3:  14%|█▍        | 7/50 [00:00<00:03, 11.67it/s, Saved at =inf, TrLoss=0.3026]
 Training FV-otc-s42-t3:  14%|█▍        | 7/50 [00:00<00:03, 11.67it/s, Saved at =inf, TrLoss=0.2979]
 Training FV-otc-s42-t3:  18%|█▊        | 9/50 [00:00<00:03, 12.12it/s, Saved at =inf, TrLoss=0.2979]
 Training FV-otc-s42-t3:  18%|█▊        | 9/50 [00:00<00:03, 12.12it/s, Saved at =inf, TrLoss=0.2708]
 Training FV-otc-s42-t3:  18%|█▊        | 9/50 [00:00<00:03, 12.12it/s, Saved at =inf, TrLoss=0.2568]
 Training FV-otc-s42-t3:  22%|██▏       | 11/50 [00:01<00:03, 10.85it/s, Saved at =inf, TrLoss=0.2568]
 Training FV-otc-s42-t3:  22%|██▏       | 11/50 [00:01<00:03, 10.85it/s, Saved at =inf, TrLoss=0.2341]
 Training FV-otc-s42-t3:  22%|██▏       | 11/50 [00:01<00:03, 10.85it/s, Saved at =inf, TrLoss=0.1972]
 Training FV-otc-s42-t3:  26%|██▌       | 13/50 [00:01<00:03, 11.41it/s, Saved at =inf, TrLoss=0.1972]
 Training FV-otc-s42-t3:  26%|██▌       | 13/50 [00:01<00:03, 11.41it/s, Saved at =inf, TrLoss=0.2004]
 Training FV-otc-s42-t3:  26%|██▌       | 13/50 [00:01<00:03, 11.41it/s, Saved at =inf, TrLoss=0.2121]
 Training FV-otc-s42-t3:  30%|███       | 15/50 [00:01<00:02, 12.07it/s, Saved at =inf, TrLoss=0.2121]
 Training FV-otc-s42-t3:  30%|███       | 15/50 [00:01<00:02, 12.07it/s, Saved at =inf, TrLoss=0.1767]
 Training FV-otc-s42-t3:  30%|███       | 15/50 [00:01<00:02, 12.07it/s, Saved at =inf, TrLoss=0.1722]
 Training FV-otc-s42-t3:  34%|███▍      | 17/50 [00:01<00:02, 12.02it/s, Saved at =inf, TrLoss=0.1722]
 Training FV-otc-s42-t3:  34%|███▍      | 17/50 [00:01<00:02, 12.02it/s, Saved at =inf, TrLoss=0.1718]
 Training FV-otc-s42-t3:  34%|███▍      | 17/50 [00:01<00:02, 12.02it/s, Saved at =inf, TrLoss=0.1734]
 Training FV-otc-s42-t3:  38%|███▊      | 19/50 [00:01<00:02, 11.39it/s, Saved at =inf, TrLoss=0.1734]
 Training FV-otc-s42-t3:  38%|███▊      | 19/50 [00:01<00:02, 11.39it/s, Saved at =inf, TrLoss=0.1734]
 Training FV-otc-s42-t3:  38%|███▊      | 19/50 [00:01<00:02, 11.39it/s, Saved at =inf, TrLoss=0.1637]
 Training FV-otc-s42-t3:  42%|████▏     | 21/50 [00:01<00:02, 11.88it/s, Saved at =inf, TrLoss=0.1637]
 Training FV-otc-s42-t3:  42%|████▏     | 21/50 [00:01<00:02, 11.88it/s, Saved at =inf, TrLoss=0.1857]
 Training FV-otc-s42-t3:  42%|████▏     | 21/50 [00:01<00:02, 11.88it/s, Saved at =inf, TrLoss=0.1904]
 Training FV-otc-s42-t3:  46%|████▌     | 23/50 [00:02<00:02, 11.96it/s, Saved at =inf, TrLoss=0.1904]
 Training FV-otc-s42-t3:  46%|████▌     | 23/50 [00:02<00:02, 11.96it/s, Saved at =inf, TrLoss=0.1766]
 Training FV-otc-s42-t3:  46%|████▌     | 23/50 [00:02<00:02, 11.96it/s, Saved at =inf, TrLoss=0.1657]
 Training FV-otc-s42-t3:  50%|█████     | 25/50 [00:02<00:02, 12.44it/s, Saved at =inf, TrLoss=0.1657]
 Training FV-otc-s42-t3:  50%|█████     | 25/50 [00:02<00:02, 12.44it/s, Saved at =inf, TrLoss=0.1610]
 Training FV-otc-s42-t3:  50%|█████     | 25/50 [00:02<00:02, 12.44it/s, Saved at =inf, TrLoss=0.1493]
 Training FV-otc-s42-t3:  54%|█████▍    | 27/50 [00:02<00:01, 12.75it/s, Saved at =inf, TrLoss=0.1493]
 Training FV-otc-s42-t3:  54%|█████▍    | 27/50 [00:02<00:01, 12.75it/s, Saved at =inf, TrLoss=0.1511]
 Training FV-otc-s42-t3:  54%|█████▍    | 27/50 [00:02<00:01, 12.75it/s, Saved at =inf, TrLoss=0.1431]
 Training FV-otc-s42-t3:  58%|█████▊    | 29/50 [00:02<00:01, 12.29it/s, Saved at =inf, TrLoss=0.1431]
 Training FV-otc-s42-t3:  58%|█████▊    | 29/50 [00:02<00:01, 12.29it/s, Saved at =inf, TrLoss=0.1442]
 Training FV-otc-s42-t3:  58%|█████▊    | 29/50 [00:02<00:01, 12.29it/s, Saved at =inf, TrLoss=0.1567]
 Training FV-otc-s42-t3:  62%|██████▏   | 31/50 [00:02<00:01, 11.27it/s, Saved at =inf, TrLoss=0.1567]
 Training FV-otc-s42-t3:  62%|██████▏   | 31/50 [00:02<00:01, 11.27it/s, Saved at =inf, TrLoss=0.1396]
 Training FV-otc-s42-t3:  62%|██████▏   | 31/50 [00:02<00:01, 11.27it/s, Saved at =inf, TrLoss=0.1311]
 Training FV-otc-s42-t3:  66%|██████▌   | 33/50 [00:02<00:01, 11.15it/s, Saved at =inf, TrLoss=0.1311]
 Training FV-otc-s42-t3:  66%|██████▌   | 33/50 [00:02<00:01, 11.15it/s, Saved at =inf, TrLoss=0.1433]
 Training FV-otc-s42-t3:  66%|██████▌   | 33/50 [00:03<00:01, 11.15it/s, Saved at =inf, TrLoss=0.1330]
 Training FV-otc-s42-t3:  70%|███████   | 35/50 [00:03<00:01, 10.99it/s, Saved at =inf, TrLoss=0.1330]
 Training FV-otc-s42-t3:  70%|███████   | 35/50 [00:03<00:01, 10.99it/s, Saved at =inf, TrLoss=0.1199]
 Training FV-otc-s42-t3:  70%|███████   | 35/50 [00:03<00:01, 10.99it/s, Saved at =inf, TrLoss=0.1277]
 Training FV-otc-s42-t3:  74%|███████▍  | 37/50 [00:03<00:01, 10.82it/s, Saved at =inf, TrLoss=0.1277]
 Training FV-otc-s42-t3:  74%|███████▍  | 37/50 [00:03<00:01, 10.82it/s, Saved at =inf, TrLoss=0.1376]
 Training FV-otc-s42-t3:  74%|███████▍  | 37/50 [00:03<00:01, 10.82it/s, Saved at =inf, TrLoss=0.1160]
 Training FV-otc-s42-t3:  78%|███████▊  | 39/50 [00:03<00:01, 10.57it/s, Saved at =inf, TrLoss=0.1160]
 Training FV-otc-s42-t3:  78%|███████▊  | 39/50 [00:03<00:01, 10.57it/s, Saved at =inf, TrLoss=0.1142]
 Training FV-otc-s42-t3:  78%|███████▊  | 39/50 [00:03<00:01, 10.57it/s, Saved at =inf, TrLoss=0.1374]
 Training FV-otc-s42-t3:  82%|████████▏ | 41/50 [00:03<00:00, 11.06it/s, Saved at =inf, TrLoss=0.1374]
 Training FV-otc-s42-t3:  82%|████████▏ | 41/50 [00:03<00:00, 11.06it/s, Saved at =inf, TrLoss=0.1077]
 Training FV-otc-s42-t3:  82%|████████▏ | 41/50 [00:03<00:00, 11.06it/s, Saved at =inf, TrLoss=0.1375]
 Training FV-otc-s42-t3:  86%|████████▌ | 43/50 [00:03<00:00, 11.30it/s, Saved at =inf, TrLoss=0.1375]
 Training FV-otc-s42-t3:  86%|████████▌ | 43/50 [00:03<00:00, 11.30it/s, Saved at =inf, TrLoss=0.1207]
 Training FV-otc-s42-t3:  86%|████████▌ | 43/50 [00:03<00:00, 11.30it/s, Saved at =inf, TrLoss=0.1450]
 Training FV-otc-s42-t3:  90%|█████████ | 45/50 [00:04<00:00, 10.46it/s, Saved at =inf, TrLoss=0.1450]
 Training FV-otc-s42-t3:  90%|█████████ | 45/50 [00:04<00:00, 10.46it/s, Saved at =inf, TrLoss=0.1029]
 Training FV-otc-s42-t3:  90%|█████████ | 45/50 [00:04<00:00, 10.46it/s, Saved at =inf, TrLoss=0.1372]
 Training FV-otc-s42-t3:  94%|█████████▍| 47/50 [00:04<00:00,  8.44it/s, Saved at =inf, TrLoss=0.1372]
 Training FV-otc-s42-t3:  94%|█████████▍| 47/50 [00:04<00:00,  8.44it/s, Saved at =inf, TrLoss=0.1060]
 Training FV-otc-s42-t3:  96%|█████████▌| 48/50 [00:04<00:00,  8.52it/s, Saved at =inf, TrLoss=0.1060]
 Training FV-otc-s42-t3:  96%|█████████▌| 48/50 [00:04<00:00,  8.52it/s, Saved at =inf, TrLoss=0.1640]
 Training FV-otc-s42-t3:  96%|█████████▌| 48/50 [00:04<00:00,  8.52it/s, Saved at =inf, TrLoss=0.1138]
 Training FV-otc-s42-t3: 100%|██████████| 50/50 [00:04<00:00,  9.52it/s, Saved at =inf, TrLoss=0.1138]
 Training FV-otc-s42-t3: 100%|██████████| 50/50 [00:04<00:00, 10.81it/s, Saved at =inf, TrLoss=0.1138]

 Training FV-otc-s42-t4:   0%|          | 0/50 [00:00<?, ?it/s]
 Training FV-otc-s42-t4:   0%|          | 0/50 [00:00<?, ?it/s, Saved at =inf, TrLoss=0.6963]
 Training FV-otc-s42-t4:   2%|▏         | 1/50 [00:00<00:09,  5.26it/s, Saved at =inf, TrLoss=0.6963]
 Training FV-otc-s42-t4:   2%|▏         | 1/50 [00:00<00:09,  5.26it/s, Saved at =inf, TrLoss=0.8827]
 Training FV-otc-s42-t4:   4%|▍         | 2/50 [00:00<00:07,  6.46it/s, Saved at =inf, TrLoss=0.8827]
 Training FV-otc-s42-t4:   4%|▍         | 2/50 [00:00<00:07,  6.46it/s, Saved at =inf, TrLoss=0.6009]
 Training FV-otc-s42-t4:   6%|▌         | 3/50 [00:00<00:07,  6.71it/s, Saved at =inf, TrLoss=0.6009]
 Training FV-otc-s42-t4:   6%|▌         | 3/50 [00:00<00:07,  6.71it/s, Saved at =inf, TrLoss=0.5355]
 Training FV-otc-s42-t4:   8%|▊         | 4/50 [00:00<00:06,  6.84it/s, Saved at =inf, TrLoss=0.5355]
 Training FV-otc-s42-t4:   8%|▊         | 4/50 [00:00<00:06,  6.84it/s, Saved at =inf, TrLoss=0.4425]
 Training FV-otc-s42-t4:  10%|█         | 5/50 [00:00<00:06,  6.64it/s, Saved at =inf, TrLoss=0.4425]
 Training FV-otc-s42-t4:  10%|█         | 5/50 [00:00<00:06,  6.64it/s, Saved at =inf, TrLoss=0.4332]
 Training FV-otc-s42-t4:  12%|█▏        | 6/50 [00:00<00:06,  7.18it/s, Saved at =inf, TrLoss=0.4332]
 Training FV-otc-s42-t4:  12%|█▏        | 6/50 [00:00<00:06,  7.18it/s, Saved at =inf, TrLoss=0.3929]
 Training FV-otc-s42-t4:  14%|█▍        | 7/50 [00:00<00:05,  7.83it/s, Saved at =inf, TrLoss=0.3929]
 Training FV-otc-s42-t4:  14%|█▍        | 7/50 [00:01<00:05,  7.83it/s, Saved at =inf, TrLoss=0.3765]
 Training FV-otc-s42-t4:  14%|█▍        | 7/50 [00:01<00:05,  7.83it/s, Saved at =inf, TrLoss=0.3488]
 Training FV-otc-s42-t4:  18%|█▊        | 9/50 [00:01<00:04,  8.93it/s, Saved at =inf, TrLoss=0.3488]
 Training FV-otc-s42-t4:  18%|█▊        | 9/50 [00:01<00:04,  8.93it/s, Saved at =inf, TrLoss=0.3053]
 Training FV-otc-s42-t4:  18%|█▊        | 9/50 [00:01<00:04,  8.93it/s, Saved at =inf, TrLoss=0.2828]
 Training FV-otc-s42-t4:  22%|██▏       | 11/50 [00:01<00:04,  8.93it/s, Saved at =inf, TrLoss=0.2828]
 Training FV-otc-s42-t4:  22%|██▏       | 11/50 [00:01<00:04,  8.93it/s, Saved at =inf, TrLoss=0.2498]
 Training FV-otc-s42-t4:  24%|██▍       | 12/50 [00:01<00:04,  8.36it/s, Saved at =inf, TrLoss=0.2498]
 Training FV-otc-s42-t4:  24%|██▍       | 12/50 [00:01<00:04,  8.36it/s, Saved at =inf, TrLoss=0.2575]
 Training FV-otc-s42-t4:  26%|██▌       | 13/50 [00:01<00:05,  7.05it/s, Saved at =inf, TrLoss=0.2575]
 Training FV-otc-s42-t4:  26%|██▌       | 13/50 [00:01<00:05,  7.05it/s, Saved at =inf, TrLoss=0.2647]
 Training FV-otc-s42-t4:  28%|██▊       | 14/50 [00:01<00:04,  7.46it/s, Saved at =inf, TrLoss=0.2647]
 Training FV-otc-s42-t4:  28%|██▊       | 14/50 [00:01<00:04,  7.46it/s, Saved at =inf, TrLoss=0.2308]
 Training FV-otc-s42-t4:  30%|███       | 15/50 [00:02<00:04,  7.07it/s, Saved at =inf, TrLoss=0.2308]
 Training FV-otc-s42-t4:  30%|███       | 15/50 [00:02<00:04,  7.07it/s, Saved at =inf, TrLoss=0.2300]
 Training FV-otc-s42-t4:  32%|███▏      | 16/50 [00:02<00:05,  6.69it/s, Saved at =inf, TrLoss=0.2300]
 Training FV-otc-s42-t4:  32%|███▏      | 16/50 [00:02<00:05,  6.69it/s, Saved at =inf, TrLoss=0.2191]
 Training FV-otc-s42-t4:  34%|███▍      | 17/50 [00:02<00:04,  6.78it/s, Saved at =inf, TrLoss=0.2191]
 Training FV-otc-s42-t4:  34%|███▍      | 17/50 [00:02<00:04,  6.78it/s, Saved at =inf, TrLoss=0.1995]
 Training FV-otc-s42-t4:  36%|███▌      | 18/50 [00:02<00:04,  6.77it/s, Saved at =inf, TrLoss=0.1995]
 Training FV-otc-s42-t4:  36%|███▌      | 18/50 [00:02<00:04,  6.77it/s, Saved at =inf, TrLoss=0.2103]
 Training FV-otc-s42-t4:  38%|███▊      | 19/50 [00:02<00:04,  7.27it/s, Saved at =inf, TrLoss=0.2103]
 Training FV-otc-s42-t4:  38%|███▊      | 19/50 [00:02<00:04,  7.27it/s, Saved at =inf, TrLoss=0.1901]
 Training FV-otc-s42-t4:  38%|███▊      | 19/50 [00:02<00:04,  7.27it/s, Saved at =inf, TrLoss=0.1888]
 Training FV-otc-s42-t4:  42%|████▏     | 21/50 [00:02<00:03,  8.45it/s, Saved at =inf, TrLoss=0.1888]
 Training FV-otc-s42-t4:  42%|████▏     | 21/50 [00:02<00:03,  8.45it/s, Saved at =inf, TrLoss=0.1829]
 Training FV-otc-s42-t4:  42%|████▏     | 21/50 [00:02<00:03,  8.45it/s, Saved at =inf, TrLoss=0.1853]
 Training FV-otc-s42-t4:  46%|████▌     | 23/50 [00:02<00:02,  9.16it/s, Saved at =inf, TrLoss=0.1853]
 Training FV-otc-s42-t4:  46%|████▌     | 23/50 [00:03<00:02,  9.16it/s, Saved at =inf, TrLoss=0.1855]
 Training FV-otc-s42-t4:  48%|████▊     | 24/50 [00:03<00:02,  9.06it/s, Saved at =inf, TrLoss=0.1855]
 Training FV-otc-s42-t4:  48%|████▊     | 24/50 [00:03<00:02,  9.06it/s, Saved at =inf, TrLoss=0.1791]
 Training FV-otc-s42-t4:  50%|█████     | 25/50 [00:03<00:03,  7.91it/s, Saved at =inf, TrLoss=0.1791]
 Training FV-otc-s42-t4:  50%|█████     | 25/50 [00:03<00:03,  7.91it/s, Saved at =inf, TrLoss=0.1743]
 Training FV-otc-s42-t4:  52%|█████▏    | 26/50 [00:03<00:03,  7.74it/s, Saved at =inf, TrLoss=0.1743]
 Training FV-otc-s42-t4:  52%|█████▏    | 26/50 [00:03<00:03,  7.74it/s, Saved at =inf, TrLoss=0.1610]
 Training FV-otc-s42-t4:  54%|█████▍    | 27/50 [00:03<00:02,  8.08it/s, Saved at =inf, TrLoss=0.1610]
 Training FV-otc-s42-t4:  54%|█████▍    | 27/50 [00:03<00:02,  8.08it/s, Saved at =inf, TrLoss=0.1701]
 Training FV-otc-s42-t4:  56%|█████▌    | 28/50 [00:03<00:02,  7.94it/s, Saved at =inf, TrLoss=0.1701]
 Training FV-otc-s42-t4:  56%|█████▌    | 28/50 [00:03<00:02,  7.94it/s, Saved at =inf, TrLoss=0.1674]
 Training FV-otc-s42-t4:  58%|█████▊    | 29/50 [00:03<00:03,  6.91it/s, Saved at =inf, TrLoss=0.1674]
 Training FV-otc-s42-t4:  58%|█████▊    | 29/50 [00:03<00:03,  6.91it/s, Saved at =inf, TrLoss=0.1545]
 Training FV-otc-s42-t4:  60%|██████    | 30/50 [00:04<00:03,  6.59it/s, Saved at =inf, TrLoss=0.1545]
 Training FV-otc-s42-t4:  60%|██████    | 30/50 [00:04<00:03,  6.59it/s, Saved at =inf, TrLoss=0.1596]
 Training FV-otc-s42-t4:  62%|██████▏   | 31/50 [00:04<00:02,  6.46it/s, Saved at =inf, TrLoss=0.1596]
 Training FV-otc-s42-t4:  62%|██████▏   | 31/50 [00:04<00:02,  6.46it/s, Saved at =inf, TrLoss=0.1678]
 Training FV-otc-s42-t4:  64%|██████▍   | 32/50 [00:04<00:02,  7.12it/s, Saved at =inf, TrLoss=0.1678]
 Training FV-otc-s42-t4:  64%|██████▍   | 32/50 [00:04<00:02,  7.12it/s, Saved at =inf, TrLoss=0.1534]
 Training FV-otc-s42-t4:  66%|██████▌   | 33/50 [00:04<00:02,  7.50it/s, Saved at =inf, TrLoss=0.1534]
 Training FV-otc-s42-t4:  66%|██████▌   | 33/50 [00:04<00:02,  7.50it/s, Saved at =inf, TrLoss=0.1583]
 Training FV-otc-s42-t4:  68%|██████▊   | 34/50 [00:04<00:02,  6.59it/s, Saved at =inf, TrLoss=0.1583]
 Training FV-otc-s42-t4:  68%|██████▊   | 34/50 [00:04<00:02,  6.59it/s, Saved at =inf, TrLoss=0.1559]
 Training FV-otc-s42-t4:  70%|███████   | 35/50 [00:04<00:02,  6.66it/s, Saved at =inf, TrLoss=0.1559]
 Training FV-otc-s42-t4:  70%|███████   | 35/50 [00:04<00:02,  6.66it/s, Saved at =inf, TrLoss=0.1496]
 Training FV-otc-s42-t4:  72%|███████▏  | 36/50 [00:04<00:02,  6.84it/s, Saved at =inf, TrLoss=0.1496]
 Training FV-otc-s42-t4:  72%|███████▏  | 36/50 [00:04<00:02,  6.84it/s, Saved at =inf, TrLoss=0.1507]
 Training FV-otc-s42-t4:  74%|███████▍  | 37/50 [00:04<00:01,  7.51it/s, Saved at =inf, TrLoss=0.1507]
 Training FV-otc-s42-t4:  74%|███████▍  | 37/50 [00:05<00:01,  7.51it/s, Saved at =inf, TrLoss=0.1541]
 Training FV-otc-s42-t4:  76%|███████▌  | 38/50 [00:05<00:01,  7.87it/s, Saved at =inf, TrLoss=0.1541]
 Training FV-otc-s42-t4:  76%|███████▌  | 38/50 [00:05<00:01,  7.87it/s, Saved at =inf, TrLoss=0.1416]
 Training FV-otc-s42-t4:  78%|███████▊  | 39/50 [00:05<00:01,  7.92it/s, Saved at =inf, TrLoss=0.1416]
 Training FV-otc-s42-t4:  78%|███████▊  | 39/50 [00:05<00:01,  7.92it/s, Saved at =inf, TrLoss=0.1499]
 Training FV-otc-s42-t4:  80%|████████  | 40/50 [00:05<00:01,  8.40it/s, Saved at =inf, TrLoss=0.1499]
 Training FV-otc-s42-t4:  80%|████████  | 40/50 [00:05<00:01,  8.40it/s, Saved at =inf, TrLoss=0.1472]
 Training FV-otc-s42-t4:  80%|████████  | 40/50 [00:05<00:01,  8.40it/s, Saved at =inf, TrLoss=0.1456]
 Training FV-otc-s42-t4:  84%|████████▍ | 42/50 [00:05<00:00,  8.76it/s, Saved at =inf, TrLoss=0.1456]
 Training FV-otc-s42-t4:  84%|████████▍ | 42/50 [00:05<00:00,  8.76it/s, Saved at =inf, TrLoss=0.1495]
 Training FV-otc-s42-t4:  86%|████████▌ | 43/50 [00:05<00:00,  8.76it/s, Saved at =inf, TrLoss=0.1495]
 Training FV-otc-s42-t4:  86%|████████▌ | 43/50 [00:05<00:00,  8.76it/s, Saved at =inf, TrLoss=0.1422]
 Training FV-otc-s42-t4:  86%|████████▌ | 43/50 [00:05<00:00,  8.76it/s, Saved at =inf, TrLoss=0.1487]
 Training FV-otc-s42-t4:  90%|█████████ | 45/50 [00:05<00:00,  9.15it/s, Saved at =inf, TrLoss=0.1487]
 Training FV-otc-s42-t4:  90%|█████████ | 45/50 [00:05<00:00,  9.15it/s, Saved at =inf, TrLoss=0.1421]
 Training FV-otc-s42-t4:  92%|█████████▏| 46/50 [00:05<00:00,  8.55it/s, Saved at =inf, TrLoss=0.1421]
 Training FV-otc-s42-t4:  92%|█████████▏| 46/50 [00:06<00:00,  8.55it/s, Saved at =inf, TrLoss=0.1444]
 Training FV-otc-s42-t4:  94%|█████████▍| 47/50 [00:06<00:00,  6.85it/s, Saved at =inf, TrLoss=0.1444]
 Training FV-otc-s42-t4:  94%|█████████▍| 47/50 [00:06<00:00,  6.85it/s, Saved at =inf, TrLoss=0.1413]
 Training FV-otc-s42-t4:  96%|█████████▌| 48/50 [00:06<00:00,  7.10it/s, Saved at =inf, TrLoss=0.1413]
 Training FV-otc-s42-t4:  96%|█████████▌| 48/50 [00:06<00:00,  7.10it/s, Saved at =inf, TrLoss=0.1515]
 Training FV-otc-s42-t4:  96%|█████████▌| 48/50 [00:06<00:00,  7.10it/s, Saved at =inf, TrLoss=0.1435]
 Training FV-otc-s42-t4: 100%|██████████| 50/50 [00:06<00:00,  7.15it/s, Saved at =inf, TrLoss=0.1435]
 Training FV-otc-s42-t4: 100%|██████████| 50/50 [00:06<00:00,  7.53it/s, Saved at =inf, TrLoss=0.1435]

 Training FV-otc-s42-t5:   0%|          | 0/50 [00:00<?, ?it/s]
 Training FV-otc-s42-t5:   0%|          | 0/50 [00:00<?, ?it/s, Saved at =inf, TrLoss=0.7378]
 Training FV-otc-s42-t5:   2%|▏         | 1/50 [00:00<00:07,  6.66it/s, Saved at =inf, TrLoss=0.7378]
 Training FV-otc-s42-t5:   2%|▏         | 1/50 [00:00<00:07,  6.66it/s, Saved at =inf, TrLoss=0.8734]
 Training FV-otc-s42-t5:   4%|▍         | 2/50 [00:00<00:07,  6.23it/s, Saved at =inf, TrLoss=0.8734]
 Training FV-otc-s42-t5:   4%|▍         | 2/50 [00:00<00:07,  6.23it/s, Saved at =inf, TrLoss=0.5441]
 Training FV-otc-s42-t5:   6%|▌         | 3/50 [00:00<00:09,  5.00it/s, Saved at =inf, TrLoss=0.5441]
 Training FV-otc-s42-t5:   6%|▌         | 3/50 [00:00<00:09,  5.00it/s, Saved at =inf, TrLoss=0.5321]
 Training FV-otc-s42-t5:   8%|▊         | 4/50 [00:00<00:08,  5.61it/s, Saved at =inf, TrLoss=0.5321]
 Training FV-otc-s42-t5:   8%|▊         | 4/50 [00:00<00:08,  5.61it/s, Saved at =inf, TrLoss=0.4604]
 Training FV-otc-s42-t5:  10%|█         | 5/50 [00:00<00:07,  6.09it/s, Saved at =inf, TrLoss=0.4604]
 Training FV-otc-s42-t5:  10%|█         | 5/50 [00:00<00:07,  6.09it/s, Saved at =inf, TrLoss=0.4349]
 Training FV-otc-s42-t5:  12%|█▏        | 6/50 [00:00<00:06,  6.60it/s, Saved at =inf, TrLoss=0.4349]
 Training FV-otc-s42-t5:  12%|█▏        | 6/50 [00:01<00:06,  6.60it/s, Saved at =inf, TrLoss=0.4177]
 Training FV-otc-s42-t5:  14%|█▍        | 7/50 [00:01<00:06,  7.02it/s, Saved at =inf, TrLoss=0.4177]
 Training FV-otc-s42-t5:  14%|█▍        | 7/50 [00:01<00:06,  7.02it/s, Saved at =inf, TrLoss=0.3898]
 Training FV-otc-s42-t5:  16%|█▌        | 8/50 [00:01<00:06,  6.11it/s, Saved at =inf, TrLoss=0.3898]
 Training FV-otc-s42-t5:  16%|█▌        | 8/50 [00:01<00:06,  6.11it/s, Saved at =inf, TrLoss=0.3747]
 Training FV-otc-s42-t5:  18%|█▊        | 9/50 [00:01<00:07,  5.52it/s, Saved at =inf, TrLoss=0.3747]
 Training FV-otc-s42-t5:  18%|█▊        | 9/50 [00:01<00:07,  5.52it/s, Saved at =inf, TrLoss=0.3443]
 Training FV-otc-s42-t5:  20%|██        | 10/50 [00:01<00:07,  5.52it/s, Saved at =inf, TrLoss=0.3443]
 Training FV-otc-s42-t5:  20%|██        | 10/50 [00:01<00:07,  5.52it/s, Saved at =inf, TrLoss=0.3306]
 Training FV-otc-s42-t5:  22%|██▏       | 11/50 [00:01<00:06,  5.74it/s, Saved at =inf, TrLoss=0.3306]
 Training FV-otc-s42-t5:  22%|██▏       | 11/50 [00:01<00:06,  5.74it/s, Saved at =inf, TrLoss=0.2984]
 Training FV-otc-s42-t5:  24%|██▍       | 12/50 [00:02<00:06,  6.08it/s, Saved at =inf, TrLoss=0.2984]
 Training FV-otc-s42-t5:  24%|██▍       | 12/50 [00:02<00:06,  6.08it/s, Saved at =inf, TrLoss=0.3062]
 Training FV-otc-s42-t5:  26%|██▌       | 13/50 [00:02<00:05,  6.70it/s, Saved at =inf, TrLoss=0.3062]
 Training FV-otc-s42-t5:  26%|██▌       | 13/50 [00:02<00:05,  6.70it/s, Saved at =inf, TrLoss=0.2811]
 Training FV-otc-s42-t5:  28%|██▊       | 14/50 [00:02<00:05,  7.01it/s, Saved at =inf, TrLoss=0.2811]
 Training FV-otc-s42-t5:  28%|██▊       | 14/50 [00:02<00:05,  7.01it/s, Saved at =inf, TrLoss=0.2702]
 Training FV-otc-s42-t5:  30%|███       | 15/50 [00:02<00:04,  7.41it/s, Saved at =inf, TrLoss=0.2702]
 Training FV-otc-s42-t5:  30%|███       | 15/50 [00:02<00:04,  7.41it/s, Saved at =inf, TrLoss=0.2814]
 Training FV-otc-s42-t5:  32%|███▏      | 16/50 [00:02<00:04,  7.70it/s, Saved at =inf, TrLoss=0.2814]
 Training FV-otc-s42-t5:  32%|███▏      | 16/50 [00:02<00:04,  7.70it/s, Saved at =inf, TrLoss=0.2734]
 Training FV-otc-s42-t5:  34%|███▍      | 17/50 [00:02<00:04,  7.88it/s, Saved at =inf, TrLoss=0.2734]
 Training FV-otc-s42-t5:  34%|███▍      | 17/50 [00:02<00:04,  7.88it/s, Saved at =inf, TrLoss=0.2628]
 Training FV-otc-s42-t5:  36%|███▌      | 18/50 [00:02<00:03,  8.07it/s, Saved at =inf, TrLoss=0.2628]
 Training FV-otc-s42-t5:  36%|███▌      | 18/50 [00:02<00:03,  8.07it/s, Saved at =inf, TrLoss=0.2629]
 Training FV-otc-s42-t5:  38%|███▊      | 19/50 [00:02<00:03,  8.14it/s, Saved at =inf, TrLoss=0.2629]
 Training FV-otc-s42-t5:  38%|███▊      | 19/50 [00:02<00:03,  8.14it/s, Saved at =inf, TrLoss=0.2532]
 Training FV-otc-s42-t5:  40%|████      | 20/50 [00:02<00:03,  8.19it/s, Saved at =inf, TrLoss=0.2532]
 Training FV-otc-s42-t5:  40%|████      | 20/50 [00:03<00:03,  8.19it/s, Saved at =inf, TrLoss=0.2548]
 Training FV-otc-s42-t5:  42%|████▏     | 21/50 [00:03<00:03,  8.30it/s, Saved at =inf, TrLoss=0.2548]
 Training FV-otc-s42-t5:  42%|████▏     | 21/50 [00:03<00:03,  8.30it/s, Saved at =inf, TrLoss=0.2573]
 Training FV-otc-s42-t5:  44%|████▍     | 22/50 [00:03<00:03,  8.28it/s, Saved at =inf, TrLoss=0.2573]
 Training FV-otc-s42-t5:  44%|████▍     | 22/50 [00:03<00:03,  8.28it/s, Saved at =inf, TrLoss=0.2420]
 Training FV-otc-s42-t5:  46%|████▌     | 23/50 [00:03<00:03,  7.91it/s, Saved at =inf, TrLoss=0.2420]
 Training FV-otc-s42-t5:  46%|████▌     | 23/50 [00:03<00:03,  7.91it/s, Saved at =inf, TrLoss=0.2374]
 Training FV-otc-s42-t5:  48%|████▊     | 24/50 [00:03<00:03,  7.48it/s, Saved at =inf, TrLoss=0.2374]
 Training FV-otc-s42-t5:  48%|████▊     | 24/50 [00:03<00:03,  7.48it/s, Saved at =inf, TrLoss=0.2410]
 Training FV-otc-s42-t5:  50%|█████     | 25/50 [00:03<00:03,  7.17it/s, Saved at =inf, TrLoss=0.2410]
 Training FV-otc-s42-t5:  50%|█████     | 25/50 [00:03<00:03,  7.17it/s, Saved at =inf, TrLoss=0.2268]
 Training FV-otc-s42-t5:  52%|█████▏    | 26/50 [00:03<00:03,  6.89it/s, Saved at =inf, TrLoss=0.2268]
 Training FV-otc-s42-t5:  52%|█████▏    | 26/50 [00:03<00:03,  6.89it/s, Saved at =inf, TrLoss=0.2265]
 Training FV-otc-s42-t5:  54%|█████▍    | 27/50 [00:03<00:03,  6.44it/s, Saved at =inf, TrLoss=0.2265]
 Training FV-otc-s42-t5:  54%|█████▍    | 27/50 [00:04<00:03,  6.44it/s, Saved at =inf, TrLoss=0.2305]
 Training FV-otc-s42-t5:  56%|█████▌    | 28/50 [00:04<00:03,  6.56it/s, Saved at =inf, TrLoss=0.2305]
 Training FV-otc-s42-t5:  56%|█████▌    | 28/50 [00:04<00:03,  6.56it/s, Saved at =inf, TrLoss=0.2103]
 Training FV-otc-s42-t5:  58%|█████▊    | 29/50 [00:04<00:03,  6.06it/s, Saved at =inf, TrLoss=0.2103]
 Training FV-otc-s42-t5:  58%|█████▊    | 29/50 [00:04<00:03,  6.06it/s, Saved at =inf, TrLoss=0.2240]
 Training FV-otc-s42-t5:  60%|██████    | 30/50 [00:04<00:03,  6.00it/s, Saved at =inf, TrLoss=0.2240]
 Training FV-otc-s42-t5:  60%|██████    | 30/50 [00:04<00:03,  6.00it/s, Saved at =inf, TrLoss=0.2163]
 Training FV-otc-s42-t5:  62%|██████▏   | 31/50 [00:04<00:03,  6.15it/s, Saved at =inf, TrLoss=0.2163]
 Training FV-otc-s42-t5:  62%|██████▏   | 31/50 [00:04<00:03,  6.15it/s, Saved at =inf, TrLoss=0.2043]
 Training FV-otc-s42-t5:  64%|██████▍   | 32/50 [00:04<00:02,  6.69it/s, Saved at =inf, TrLoss=0.2043]
 Training FV-otc-s42-t5:  64%|██████▍   | 32/50 [00:04<00:02,  6.69it/s, Saved at =inf, TrLoss=0.2064]
 Training FV-otc-s42-t5:  66%|██████▌   | 33/50 [00:04<00:02,  7.06it/s, Saved at =inf, TrLoss=0.2064]
 Training FV-otc-s42-t5:  66%|██████▌   | 33/50 [00:04<00:02,  7.06it/s, Saved at =inf, TrLoss=0.2046]
 Training FV-otc-s42-t5:  68%|██████▊   | 34/50 [00:05<00:02,  7.05it/s, Saved at =inf, TrLoss=0.2046]
 Training FV-otc-s42-t5:  68%|██████▊   | 34/50 [00:05<00:02,  7.05it/s, Saved at =inf, TrLoss=0.2023]
 Training FV-otc-s42-t5:  70%|███████   | 35/50 [00:05<00:02,  7.29it/s, Saved at =inf, TrLoss=0.2023]
 Training FV-otc-s42-t5:  70%|███████   | 35/50 [00:05<00:02,  7.29it/s, Saved at =inf, TrLoss=0.1901]
 Training FV-otc-s42-t5:  72%|███████▏  | 36/50 [00:05<00:01,  7.50it/s, Saved at =inf, TrLoss=0.1901]
 Training FV-otc-s42-t5:  72%|███████▏  | 36/50 [00:05<00:01,  7.50it/s, Saved at =inf, TrLoss=0.1963]
 Training FV-otc-s42-t5:  74%|███████▍  | 37/50 [00:05<00:01,  7.38it/s, Saved at =inf, TrLoss=0.1963]
 Training FV-otc-s42-t5:  74%|███████▍  | 37/50 [00:05<00:01,  7.38it/s, Saved at =inf, TrLoss=0.1943]
 Training FV-otc-s42-t5:  76%|███████▌  | 38/50 [00:05<00:01,  7.11it/s, Saved at =inf, TrLoss=0.1943]
 Training FV-otc-s42-t5:  76%|███████▌  | 38/50 [00:05<00:01,  7.11it/s, Saved at =inf, TrLoss=0.1883]
 Training FV-otc-s42-t5:  78%|███████▊  | 39/50 [00:05<00:01,  6.52it/s, Saved at =inf, TrLoss=0.1883]
 Training FV-otc-s42-t5:  78%|███████▊  | 39/50 [00:05<00:01,  6.52it/s, Saved at =inf, TrLoss=0.1885]
 Training FV-otc-s42-t5:  80%|████████  | 40/50 [00:05<00:01,  6.30it/s, Saved at =inf, TrLoss=0.1885]
 Training FV-otc-s42-t5:  80%|████████  | 40/50 [00:06<00:01,  6.30it/s, Saved at =inf, TrLoss=0.1853]
 Training FV-otc-s42-t5:  82%|████████▏ | 41/50 [00:06<00:01,  6.21it/s, Saved at =inf, TrLoss=0.1853]
 Training FV-otc-s42-t5:  82%|████████▏ | 41/50 [00:06<00:01,  6.21it/s, Saved at =inf, TrLoss=0.1827]
 Training FV-otc-s42-t5:  84%|████████▍ | 42/50 [00:06<00:01,  6.68it/s, Saved at =inf, TrLoss=0.1827]
 Training FV-otc-s42-t5:  84%|████████▍ | 42/50 [00:06<00:01,  6.68it/s, Saved at =inf, TrLoss=0.1860]
 Training FV-otc-s42-t5:  86%|████████▌ | 43/50 [00:06<00:00,  7.08it/s, Saved at =inf, TrLoss=0.1860]
 Training FV-otc-s42-t5:  86%|████████▌ | 43/50 [00:06<00:00,  7.08it/s, Saved at =inf, TrLoss=0.1791]
 Training FV-otc-s42-t5:  88%|████████▊ | 44/50 [00:06<00:00,  7.10it/s, Saved at =inf, TrLoss=0.1791]
 Training FV-otc-s42-t5:  88%|████████▊ | 44/50 [00:06<00:00,  7.10it/s, Saved at =inf, TrLoss=0.1802]
 Training FV-otc-s42-t5:  90%|█████████ | 45/50 [00:06<00:00,  6.61it/s, Saved at =inf, TrLoss=0.1802]
 Training FV-otc-s42-t5:  90%|█████████ | 45/50 [00:06<00:00,  6.61it/s, Saved at =inf, TrLoss=0.1764]
 Training FV-otc-s42-t5:  92%|█████████▏| 46/50 [00:06<00:00,  7.21it/s, Saved at =inf, TrLoss=0.1764]
 Training FV-otc-s42-t5:  92%|█████████▏| 46/50 [00:06<00:00,  7.21it/s, Saved at =inf, TrLoss=0.1807]
 Training FV-otc-s42-t5:  94%|█████████▍| 47/50 [00:06<00:00,  7.70it/s, Saved at =inf, TrLoss=0.1807]
 Training FV-otc-s42-t5:  94%|█████████▍| 47/50 [00:06<00:00,  7.70it/s, Saved at =inf, TrLoss=0.1787]
 Training FV-otc-s42-t5:  96%|█████████▌| 48/50 [00:06<00:00,  8.04it/s, Saved at =inf, TrLoss=0.1787]
 Training FV-otc-s42-t5:  96%|█████████▌| 48/50 [00:07<00:00,  8.04it/s, Saved at =inf, TrLoss=0.1710]
 Training FV-otc-s42-t5:  98%|█████████▊| 49/50 [00:07<00:00,  8.31it/s, Saved at =inf, TrLoss=0.1710]
 Training FV-otc-s42-t5:  98%|█████████▊| 49/50 [00:07<00:00,  8.31it/s, Saved at =inf, TrLoss=0.1698]
 Training FV-otc-s42-t5: 100%|██████████| 50/50 [00:07<00:00,  7.79it/s, Saved at =inf, TrLoss=0.1698]
 Training FV-otc-s42-t5: 100%|██████████| 50/50 [00:07<00:00,  6.90it/s, Saved at =inf, TrLoss=0.1698]

 Training FV-otc-s42-t6:   0%|          | 0/50 [00:00<?, ?it/s]
 Training FV-otc-s42-t6:   0%|          | 0/50 [00:00<?, ?it/s, Saved at =inf, TrLoss=0.6962]
 Training FV-otc-s42-t6:   2%|▏         | 1/50 [00:00<00:10,  4.53it/s, Saved at =inf, TrLoss=0.6962]
 Training FV-otc-s42-t6:   2%|▏         | 1/50 [00:00<00:10,  4.53it/s, Saved at =inf, TrLoss=0.5905]
 Training FV-otc-s42-t6:   4%|▍         | 2/50 [00:00<00:11,  4.11it/s, Saved at =inf, TrLoss=0.5905]
 Training FV-otc-s42-t6:   4%|▍         | 2/50 [00:00<00:11,  4.11it/s, Saved at =inf, TrLoss=0.4984]
 Training FV-otc-s42-t6:   6%|▌         | 3/50 [00:00<00:09,  4.87it/s, Saved at =inf, TrLoss=0.4984]
 Training FV-otc-s42-t6:   6%|▌         | 3/50 [00:00<00:09,  4.87it/s, Saved at =inf, TrLoss=0.4327]
 Training FV-otc-s42-t6:   8%|▊         | 4/50 [00:00<00:09,  5.10it/s, Saved at =inf, TrLoss=0.4327]
 Training FV-otc-s42-t6:   8%|▊         | 4/50 [00:00<00:09,  5.10it/s, Saved at =inf, TrLoss=0.4235]
 Training FV-otc-s42-t6:  10%|█         | 5/50 [00:01<00:08,  5.21it/s, Saved at =inf, TrLoss=0.4235]
 Training FV-otc-s42-t6:  10%|█         | 5/50 [00:01<00:08,  5.21it/s, Saved at =inf, TrLoss=0.4097]
 Training FV-otc-s42-t6:  12%|█▏        | 6/50 [00:01<00:10,  4.34it/s, Saved at =inf, TrLoss=0.4097]
 Training FV-otc-s42-t6:  12%|█▏        | 6/50 [00:01<00:10,  4.34it/s, Saved at =inf, TrLoss=0.3973]
 Training FV-otc-s42-t6:  14%|█▍        | 7/50 [00:01<00:09,  4.57it/s, Saved at =inf, TrLoss=0.3973]
 Training FV-otc-s42-t6:  14%|█▍        | 7/50 [00:01<00:09,  4.57it/s, Saved at =inf, TrLoss=0.3572]
 Training FV-otc-s42-t6:  16%|█▌        | 8/50 [00:01<00:10,  4.15it/s, Saved at =inf, TrLoss=0.3572]
 Training FV-otc-s42-t6:  16%|█▌        | 8/50 [00:01<00:10,  4.15it/s, Saved at =inf, TrLoss=0.3253]
 Training FV-otc-s42-t6:  18%|█▊        | 9/50 [00:01<00:09,  4.50it/s, Saved at =inf, TrLoss=0.3253]
 Training FV-otc-s42-t6:  18%|█▊        | 9/50 [00:02<00:09,  4.50it/s, Saved at =inf, TrLoss=0.3043]
 Training FV-otc-s42-t6:  20%|██        | 10/50 [00:02<00:08,  4.74it/s, Saved at =inf, TrLoss=0.3043]
 Training FV-otc-s42-t6:  20%|██        | 10/50 [00:02<00:08,  4.74it/s, Saved at =inf, TrLoss=0.2843]
 Training FV-otc-s42-t6:  22%|██▏       | 11/50 [00:02<00:08,  4.70it/s, Saved at =inf, TrLoss=0.2843]
 Training FV-otc-s42-t6:  22%|██▏       | 11/50 [00:02<00:08,  4.70it/s, Saved at =inf, TrLoss=0.2702]
 Training FV-otc-s42-t6:  24%|██▍       | 12/50 [00:02<00:08,  4.68it/s, Saved at =inf, TrLoss=0.2702]
 Training FV-otc-s42-t6:  24%|██▍       | 12/50 [00:02<00:08,  4.68it/s, Saved at =inf, TrLoss=0.2847]
 Training FV-otc-s42-t6:  26%|██▌       | 13/50 [00:02<00:07,  4.92it/s, Saved at =inf, TrLoss=0.2847]
 Training FV-otc-s42-t6:  26%|██▌       | 13/50 [00:03<00:07,  4.92it/s, Saved at =inf, TrLoss=0.3014]
 Training FV-otc-s42-t6:  28%|██▊       | 14/50 [00:03<00:08,  4.21it/s, Saved at =inf, TrLoss=0.3014]
 Training FV-otc-s42-t6:  28%|██▊       | 14/50 [00:03<00:08,  4.21it/s, Saved at =inf, TrLoss=0.2728]
 Training FV-otc-s42-t6:  30%|███       | 15/50 [00:03<00:08,  4.12it/s, Saved at =inf, TrLoss=0.2728]
 Training FV-otc-s42-t6:  30%|███       | 15/50 [00:03<00:08,  4.12it/s, Saved at =inf, TrLoss=0.2593]
 Training FV-otc-s42-t6:  32%|███▏      | 16/50 [00:03<00:07,  4.37it/s, Saved at =inf, TrLoss=0.2593]
 Training FV-otc-s42-t6:  32%|███▏      | 16/50 [00:03<00:07,  4.37it/s, Saved at =inf, TrLoss=0.2594]
 Training FV-otc-s42-t6:  34%|███▍      | 17/50 [00:03<00:07,  4.46it/s, Saved at =inf, TrLoss=0.2594]
 Training FV-otc-s42-t6:  34%|███▍      | 17/50 [00:03<00:07,  4.46it/s, Saved at =inf, TrLoss=0.2405]
 Training FV-otc-s42-t6:  36%|███▌      | 18/50 [00:03<00:06,  4.80it/s, Saved at =inf, TrLoss=0.2405]
 Training FV-otc-s42-t6:  36%|███▌      | 18/50 [00:04<00:06,  4.80it/s, Saved at =inf, TrLoss=0.2543]
 Training FV-otc-s42-t6:  38%|███▊      | 19/50 [00:04<00:06,  5.05it/s, Saved at =inf, TrLoss=0.2543]
 Training FV-otc-s42-t6:  38%|███▊      | 19/50 [00:04<00:06,  5.05it/s, Saved at =inf, TrLoss=0.2401]
 Training FV-otc-s42-t6:  40%|████      | 20/50 [00:04<00:05,  5.07it/s, Saved at =inf, TrLoss=0.2401]
 Training FV-otc-s42-t6:  40%|████      | 20/50 [00:04<00:05,  5.07it/s, Saved at =inf, TrLoss=0.2376]
 Training FV-otc-s42-t6:  42%|████▏     | 21/50 [00:04<00:05,  5.16it/s, Saved at =inf, TrLoss=0.2376]
 Training FV-otc-s42-t6:  42%|████▏     | 21/50 [00:04<00:05,  5.16it/s, Saved at =inf, TrLoss=0.2428]
 Training FV-otc-s42-t6:  44%|████▍     | 22/50 [00:04<00:05,  5.53it/s, Saved at =inf, TrLoss=0.2428]
 Training FV-otc-s42-t6:  44%|████▍     | 22/50 [00:04<00:05,  5.53it/s, Saved at =inf, TrLoss=0.2326]
 Training FV-otc-s42-t6:  46%|████▌     | 23/50 [00:04<00:04,  6.02it/s, Saved at =inf, TrLoss=0.2326]
 Training FV-otc-s42-t6:  46%|████▌     | 23/50 [00:04<00:04,  6.02it/s, Saved at =inf, TrLoss=0.2243]
 Training FV-otc-s42-t6:  48%|████▊     | 24/50 [00:04<00:04,  6.42it/s, Saved at =inf, TrLoss=0.2243]
 Training FV-otc-s42-t6:  48%|████▊     | 24/50 [00:04<00:04,  6.42it/s, Saved at =inf, TrLoss=0.2234]
 Training FV-otc-s42-t6:  50%|█████     | 25/50 [00:05<00:03,  6.72it/s, Saved at =inf, TrLoss=0.2234]
 Training FV-otc-s42-t6:  50%|█████     | 25/50 [00:05<00:03,  6.72it/s, Saved at =inf, TrLoss=0.2211]
 Training FV-otc-s42-t6:  52%|█████▏    | 26/50 [00:05<00:03,  6.58it/s, Saved at =inf, TrLoss=0.2211]
 Training FV-otc-s42-t6:  52%|█████▏    | 26/50 [00:05<00:03,  6.58it/s, Saved at =inf, TrLoss=0.2186]
 Training FV-otc-s42-t6:  54%|█████▍    | 27/50 [00:05<00:03,  6.14it/s, Saved at =inf, TrLoss=0.2186]
 Training FV-otc-s42-t6:  54%|█████▍    | 27/50 [00:05<00:03,  6.14it/s, Saved at =inf, TrLoss=0.2192]
 Training FV-otc-s42-t6:  56%|█████▌    | 28/50 [00:05<00:03,  5.83it/s, Saved at =inf, TrLoss=0.2192]
 Training FV-otc-s42-t6:  56%|█████▌    | 28/50 [00:05<00:03,  5.83it/s, Saved at =inf, TrLoss=0.2118]
 Training FV-otc-s42-t6:  58%|█████▊    | 29/50 [00:05<00:03,  5.66it/s, Saved at =inf, TrLoss=0.2118]
 Training FV-otc-s42-t6:  58%|█████▊    | 29/50 [00:05<00:03,  5.66it/s, Saved at =inf, TrLoss=0.2170]
 Training FV-otc-s42-t6:  60%|██████    | 30/50 [00:05<00:03,  5.41it/s, Saved at =inf, TrLoss=0.2170]
 Training FV-otc-s42-t6:  60%|██████    | 30/50 [00:06<00:03,  5.41it/s, Saved at =inf, TrLoss=0.2098]
 Training FV-otc-s42-t6:  62%|██████▏   | 31/50 [00:06<00:03,  5.28it/s, Saved at =inf, TrLoss=0.2098]
 Training FV-otc-s42-t6:  62%|██████▏   | 31/50 [00:06<00:03,  5.28it/s, Saved at =inf, TrLoss=0.2078]
 Training FV-otc-s42-t6:  64%|██████▍   | 32/50 [00:06<00:03,  5.06it/s, Saved at =inf, TrLoss=0.2078]
 Training FV-otc-s42-t6:  64%|██████▍   | 32/50 [00:06<00:03,  5.06it/s, Saved at =inf, TrLoss=0.2049]
 Training FV-otc-s42-t6:  66%|██████▌   | 33/50 [00:06<00:03,  5.06it/s, Saved at =inf, TrLoss=0.2049]
 Training FV-otc-s42-t6:  66%|██████▌   | 33/50 [00:06<00:03,  5.06it/s, Saved at =inf, TrLoss=0.2045]
 Training FV-otc-s42-t6:  68%|██████▊   | 34/50 [00:06<00:03,  4.85it/s, Saved at =inf, TrLoss=0.2045]
 Training FV-otc-s42-t6:  68%|██████▊   | 34/50 [00:06<00:03,  4.85it/s, Saved at =inf, TrLoss=0.2085]
 Training FV-otc-s42-t6:  70%|███████   | 35/50 [00:06<00:03,  4.91it/s, Saved at =inf, TrLoss=0.2085]
 Training FV-otc-s42-t6:  70%|███████   | 35/50 [00:07<00:03,  4.91it/s, Saved at =inf, TrLoss=0.1995]
 Training FV-otc-s42-t6:  72%|███████▏  | 36/50 [00:07<00:02,  4.70it/s, Saved at =inf, TrLoss=0.1995]
 Training FV-otc-s42-t6:  72%|███████▏  | 36/50 [00:07<00:02,  4.70it/s, Saved at =inf, TrLoss=0.2037]
 Training FV-otc-s42-t6:  74%|███████▍  | 37/50 [00:07<00:02,  4.38it/s, Saved at =inf, TrLoss=0.2037]
 Training FV-otc-s42-t6:  74%|███████▍  | 37/50 [00:07<00:02,  4.38it/s, Saved at =inf, TrLoss=0.1996]
 Training FV-otc-s42-t6:  76%|███████▌  | 38/50 [00:07<00:02,  4.51it/s, Saved at =inf, TrLoss=0.1996]
 Training FV-otc-s42-t6:  76%|███████▌  | 38/50 [00:07<00:02,  4.51it/s, Saved at =inf, TrLoss=0.2005]
 Training FV-otc-s42-t6:  78%|███████▊  | 39/50 [00:07<00:02,  4.45it/s, Saved at =inf, TrLoss=0.2005]
 Training FV-otc-s42-t6:  78%|███████▊  | 39/50 [00:08<00:02,  4.45it/s, Saved at =inf, TrLoss=0.1988]
 Training FV-otc-s42-t6:  80%|████████  | 40/50 [00:08<00:02,  4.65it/s, Saved at =inf, TrLoss=0.1988]
 Training FV-otc-s42-t6:  80%|████████  | 40/50 [00:08<00:02,  4.65it/s, Saved at =inf, TrLoss=0.1893]
 Training FV-otc-s42-t6:  82%|████████▏ | 41/50 [00:08<00:01,  4.56it/s, Saved at =inf, TrLoss=0.1893]
 Training FV-otc-s42-t6:  82%|████████▏ | 41/50 [00:08<00:01,  4.56it/s, Saved at =inf, TrLoss=0.1943]
 Training FV-otc-s42-t6:  84%|████████▍ | 42/50 [00:08<00:01,  4.59it/s, Saved at =inf, TrLoss=0.1943]
 Training FV-otc-s42-t6:  84%|████████▍ | 42/50 [00:08<00:01,  4.59it/s, Saved at =inf, TrLoss=0.1866]
 Training FV-otc-s42-t6:  86%|████████▌ | 43/50 [00:08<00:01,  4.53it/s, Saved at =inf, TrLoss=0.1866]
 Training FV-otc-s42-t6:  86%|████████▌ | 43/50 [00:08<00:01,  4.53it/s, Saved at =inf, TrLoss=0.1884]
 Training FV-otc-s42-t6:  88%|████████▊ | 44/50 [00:09<00:01,  4.45it/s, Saved at =inf, TrLoss=0.1884]
 Training FV-otc-s42-t6:  88%|████████▊ | 44/50 [00:09<00:01,  4.45it/s, Saved at =inf, TrLoss=0.1852]
 Training FV-otc-s42-t6:  90%|█████████ | 45/50 [00:09<00:01,  3.96it/s, Saved at =inf, TrLoss=0.1852]
 Training FV-otc-s42-t6:  90%|█████████ | 45/50 [00:09<00:01,  3.96it/s, Saved at =inf, TrLoss=0.1841]
 Training FV-otc-s42-t6:  92%|█████████▏| 46/50 [00:09<00:01,  3.53it/s, Saved at =inf, TrLoss=0.1841]
 Training FV-otc-s42-t6:  92%|█████████▏| 46/50 [00:09<00:01,  3.53it/s, Saved at =inf, TrLoss=0.1912]
 Training FV-otc-s42-t6:  94%|█████████▍| 47/50 [00:09<00:00,  3.59it/s, Saved at =inf, TrLoss=0.1912]
 Training FV-otc-s42-t6:  94%|█████████▍| 47/50 [00:10<00:00,  3.59it/s, Saved at =inf, TrLoss=0.1807]
 Training FV-otc-s42-t6:  96%|█████████▌| 48/50 [00:10<00:00,  3.70it/s, Saved at =inf, TrLoss=0.1807]
 Training FV-otc-s42-t6:  96%|█████████▌| 48/50 [00:10<00:00,  3.70it/s, Saved at =inf, TrLoss=0.1871]
 Training FV-otc-s42-t6:  98%|█████████▊| 49/50 [00:10<00:00,  3.58it/s, Saved at =inf, TrLoss=0.1871]
 Training FV-otc-s42-t6:  98%|█████████▊| 49/50 [00:10<00:00,  3.58it/s, Saved at =inf, TrLoss=0.1790]
 Training FV-otc-s42-t6: 100%|██████████| 50/50 [00:10<00:00,  3.62it/s, Saved at =inf, TrLoss=0.1790]
 Training FV-otc-s42-t6: 100%|██████████| 50/50 [00:10<00:00,  4.63it/s, Saved at =inf, TrLoss=0.1790]

 Training FV-otc-s42-t7:   0%|          | 0/50 [00:00<?, ?it/s]
 Training FV-otc-s42-t7:   0%|          | 0/50 [00:00<?, ?it/s, Saved at =inf, TrLoss=0.6894]
 Training FV-otc-s42-t7:   2%|▏         | 1/50 [00:00<00:17,  2.81it/s, Saved at =inf, TrLoss=0.6894]
 Training FV-otc-s42-t7:   2%|▏         | 1/50 [00:00<00:17,  2.81it/s, Saved at =inf, TrLoss=0.6593]
 Training FV-otc-s42-t7:   4%|▍         | 2/50 [00:00<00:16,  2.97it/s, Saved at =inf, TrLoss=0.6593]
 Training FV-otc-s42-t7:   4%|▍         | 2/50 [00:00<00:16,  2.97it/s, Saved at =inf, TrLoss=0.6793]
 Training FV-otc-s42-t7:   6%|▌         | 3/50 [00:00<00:15,  3.06it/s, Saved at =inf, TrLoss=0.6793]
 Training FV-otc-s42-t7:   6%|▌         | 3/50 [00:01<00:15,  3.06it/s, Saved at =inf, TrLoss=0.5581]
 Training FV-otc-s42-t7:   8%|▊         | 4/50 [00:01<00:13,  3.29it/s, Saved at =inf, TrLoss=0.5581]
 Training FV-otc-s42-t7:   8%|▊         | 4/50 [00:01<00:13,  3.29it/s, Saved at =inf, TrLoss=0.4691]
 Training FV-otc-s42-t7:  10%|█         | 5/50 [00:01<00:15,  2.86it/s, Saved at =inf, TrLoss=0.4691]
 Training FV-otc-s42-t7:  10%|█         | 5/50 [00:01<00:15,  2.86it/s, Saved at =inf, TrLoss=0.5048]
 Training FV-otc-s42-t7:  12%|█▏        | 6/50 [00:02<00:15,  2.79it/s, Saved at =inf, TrLoss=0.5048]
 Training FV-otc-s42-t7:  12%|█▏        | 6/50 [00:02<00:15,  2.79it/s, Saved at =inf, TrLoss=0.4910]
 Training FV-otc-s42-t7:  14%|█▍        | 7/50 [00:02<00:14,  2.87it/s, Saved at =inf, TrLoss=0.4910]
 Training FV-otc-s42-t7:  14%|█▍        | 7/50 [00:02<00:14,  2.87it/s, Saved at =inf, TrLoss=0.4054]
 Training FV-otc-s42-t7:  16%|█▌        | 8/50 [00:02<00:14,  2.89it/s, Saved at =inf, TrLoss=0.4054]
 Training FV-otc-s42-t7:  16%|█▌        | 8/50 [00:03<00:14,  2.89it/s, Saved at =inf, TrLoss=0.3655]
 Training FV-otc-s42-t7:  18%|█▊        | 9/50 [00:03<00:16,  2.54it/s, Saved at =inf, TrLoss=0.3655]
 Training FV-otc-s42-t7:  18%|█▊        | 9/50 [00:03<00:16,  2.54it/s, Saved at =inf, TrLoss=0.3788]
 Training FV-otc-s42-t7:  20%|██        | 10/50 [00:03<00:15,  2.53it/s, Saved at =inf, TrLoss=0.3788]
 Training FV-otc-s42-t7:  20%|██        | 10/50 [00:03<00:15,  2.53it/s, Saved at =inf, TrLoss=0.3430]
 Training FV-otc-s42-t7:  22%|██▏       | 11/50 [00:04<00:15,  2.46it/s, Saved at =inf, TrLoss=0.3430]
 Training FV-otc-s42-t7:  22%|██▏       | 11/50 [00:04<00:15,  2.46it/s, Saved at =inf, TrLoss=0.3530]
 Training FV-otc-s42-t7:  24%|██▍       | 12/50 [00:04<00:16,  2.34it/s, Saved at =inf, TrLoss=0.3530]
 Training FV-otc-s42-t7:  24%|██▍       | 12/50 [00:04<00:16,  2.34it/s, Saved at =inf, TrLoss=0.3435]
 Training FV-otc-s42-t7:  26%|██▌       | 13/50 [00:04<00:15,  2.35it/s, Saved at =inf, TrLoss=0.3435]
 Training FV-otc-s42-t7:  26%|██▌       | 13/50 [00:05<00:15,  2.35it/s, Saved at =inf, TrLoss=0.3108]
 Training FV-otc-s42-t7:  28%|██▊       | 14/50 [00:05<00:15,  2.34it/s, Saved at =inf, TrLoss=0.3108]
 Training FV-otc-s42-t7:  28%|██▊       | 14/50 [00:05<00:15,  2.34it/s, Saved at =inf, TrLoss=0.3025]
 Training FV-otc-s42-t7:  30%|███       | 15/50 [00:05<00:13,  2.61it/s, Saved at =inf, TrLoss=0.3025]
 Training FV-otc-s42-t7:  30%|███       | 15/50 [00:05<00:13,  2.61it/s, Saved at =inf, TrLoss=0.2961]
 Training FV-otc-s42-t7:  32%|███▏      | 16/50 [00:05<00:11,  2.84it/s, Saved at =inf, TrLoss=0.2961]
 Training FV-otc-s42-t7:  32%|███▏      | 16/50 [00:06<00:11,  2.84it/s, Saved at =inf, TrLoss=0.2880]
 Training FV-otc-s42-t7:  34%|███▍      | 17/50 [00:06<00:11,  2.91it/s, Saved at =inf, TrLoss=0.2880]
 Training FV-otc-s42-t7:  34%|███▍      | 17/50 [00:06<00:11,  2.91it/s, Saved at =inf, TrLoss=0.2832]
 Training FV-otc-s42-t7:  36%|███▌      | 18/50 [00:06<00:10,  3.03it/s, Saved at =inf, TrLoss=0.2832]
 Training FV-otc-s42-t7:  36%|███▌      | 18/50 [00:06<00:10,  3.03it/s, Saved at =inf, TrLoss=0.2840]
 Training FV-otc-s42-t7:  38%|███▊      | 19/50 [00:06<00:09,  3.12it/s, Saved at =inf, TrLoss=0.2840]
 Training FV-otc-s42-t7:  38%|███▊      | 19/50 [00:07<00:09,  3.12it/s, Saved at =inf, TrLoss=0.2722]
 Training FV-otc-s42-t7:  40%|████      | 20/50 [00:07<00:09,  3.08it/s, Saved at =inf, TrLoss=0.2722]
 Training FV-otc-s42-t7:  40%|████      | 20/50 [00:07<00:09,  3.08it/s, Saved at =inf, TrLoss=0.2772]
 Training FV-otc-s42-t7:  42%|████▏     | 21/50 [00:07<00:09,  3.18it/s, Saved at =inf, TrLoss=0.2772]
 Training FV-otc-s42-t7:  42%|████▏     | 21/50 [00:07<00:09,  3.18it/s, Saved at =inf, TrLoss=0.2685]
 Training FV-otc-s42-t7:  44%|████▍     | 22/50 [00:07<00:09,  2.81it/s, Saved at =inf, TrLoss=0.2685]
 Training FV-otc-s42-t7:  44%|████▍     | 22/50 [00:08<00:09,  2.81it/s, Saved at =inf, TrLoss=0.2602]
 Training FV-otc-s42-t7:  46%|████▌     | 23/50 [00:08<00:11,  2.44it/s, Saved at =inf, TrLoss=0.2602]
 Training FV-otc-s42-t7:  46%|████▌     | 23/50 [00:08<00:11,  2.44it/s, Saved at =inf, TrLoss=0.2494]
 Training FV-otc-s42-t7:  48%|████▊     | 24/50 [00:08<00:11,  2.36it/s, Saved at =inf, TrLoss=0.2494]
 Training FV-otc-s42-t7:  48%|████▊     | 24/50 [00:09<00:11,  2.36it/s, Saved at =inf, TrLoss=0.2472]
 Training FV-otc-s42-t7:  50%|█████     | 25/50 [00:09<00:10,  2.44it/s, Saved at =inf, TrLoss=0.2472]
 Training FV-otc-s42-t7:  50%|█████     | 25/50 [00:09<00:10,  2.44it/s, Saved at =inf, TrLoss=0.2412]
 Training FV-otc-s42-t7:  52%|█████▏    | 26/50 [00:09<00:09,  2.47it/s, Saved at =inf, TrLoss=0.2412]
 Training FV-otc-s42-t7:  52%|█████▏    | 26/50 [00:10<00:09,  2.47it/s, Saved at =inf, TrLoss=0.2396]
 Training FV-otc-s42-t7:  54%|█████▍    | 27/50 [00:10<00:09,  2.32it/s, Saved at =inf, TrLoss=0.2396]
 Training FV-otc-s42-t7:  54%|█████▍    | 27/50 [00:10<00:09,  2.32it/s, Saved at =inf, TrLoss=0.2362]
 Training FV-otc-s42-t7:  56%|█████▌    | 28/50 [00:10<00:09,  2.37it/s, Saved at =inf, TrLoss=0.2362]
 Training FV-otc-s42-t7:  56%|█████▌    | 28/50 [00:10<00:09,  2.37it/s, Saved at =inf, TrLoss=0.2319]
 Training FV-otc-s42-t7:  58%|█████▊    | 29/50 [00:10<00:08,  2.49it/s, Saved at =inf, TrLoss=0.2319]
 Training FV-otc-s42-t7:  58%|█████▊    | 29/50 [00:11<00:08,  2.49it/s, Saved at =inf, TrLoss=0.2271]
 Training FV-otc-s42-t7:  60%|██████    | 30/50 [00:11<00:08,  2.45it/s, Saved at =inf, TrLoss=0.2271]
 Training FV-otc-s42-t7:  60%|██████    | 30/50 [00:11<00:08,  2.45it/s, Saved at =inf, TrLoss=0.2272]
 Training FV-otc-s42-t7:  62%|██████▏   | 31/50 [00:11<00:07,  2.50it/s, Saved at =inf, TrLoss=0.2272]
 Training FV-otc-s42-t7:  62%|██████▏   | 31/50 [00:12<00:07,  2.50it/s, Saved at =inf, TrLoss=0.2257]
 Training FV-otc-s42-t7:  64%|██████▍   | 32/50 [00:12<00:07,  2.38it/s, Saved at =inf, TrLoss=0.2257]
 Training FV-otc-s42-t7:  64%|██████▍   | 32/50 [00:12<00:07,  2.38it/s, Saved at =inf, TrLoss=0.2195]
 Training FV-otc-s42-t7:  66%|██████▌   | 33/50 [00:12<00:07,  2.38it/s, Saved at =inf, TrLoss=0.2195]
 Training FV-otc-s42-t7:  66%|██████▌   | 33/50 [00:12<00:07,  2.38it/s, Saved at =inf, TrLoss=0.2214]
 Training FV-otc-s42-t7:  68%|██████▊   | 34/50 [00:13<00:06,  2.51it/s, Saved at =inf, TrLoss=0.2214]
 Training FV-otc-s42-t7:  68%|██████▊   | 34/50 [00:13<00:06,  2.51it/s, Saved at =inf, TrLoss=0.2240]
 Training FV-otc-s42-t7:  70%|███████   | 35/50 [00:13<00:05,  2.54it/s, Saved at =inf, TrLoss=0.2240]
 Training FV-otc-s42-t7:  70%|███████   | 35/50 [00:13<00:05,  2.54it/s, Saved at =inf, TrLoss=0.2122]
 Training FV-otc-s42-t7:  72%|███████▏  | 36/50 [00:13<00:05,  2.59it/s, Saved at =inf, TrLoss=0.2122]
 Training FV-otc-s42-t7:  72%|███████▏  | 36/50 [00:14<00:05,  2.59it/s, Saved at =inf, TrLoss=0.2113]
 Training FV-otc-s42-t7:  74%|███████▍  | 37/50 [00:14<00:05,  2.56it/s, Saved at =inf, TrLoss=0.2113]
 Training FV-otc-s42-t7:  74%|███████▍  | 37/50 [00:14<00:05,  2.56it/s, Saved at =inf, TrLoss=0.2081]
 Training FV-otc-s42-t7:  76%|███████▌  | 38/50 [00:14<00:04,  2.43it/s, Saved at =inf, TrLoss=0.2081]
 Training FV-otc-s42-t7:  76%|███████▌  | 38/50 [00:14<00:04,  2.43it/s, Saved at =inf, TrLoss=0.2049]
 Training FV-otc-s42-t7:  78%|███████▊  | 39/50 [00:15<00:04,  2.31it/s, Saved at =inf, TrLoss=0.2049]
 Training FV-otc-s42-t7:  78%|███████▊  | 39/50 [00:15<00:04,  2.31it/s, Saved at =inf, TrLoss=0.2074]
 Training FV-otc-s42-t7:  80%|████████  | 40/50 [00:15<00:04,  2.34it/s, Saved at =inf, TrLoss=0.2074]
 Training FV-otc-s42-t7:  80%|████████  | 40/50 [00:15<00:04,  2.34it/s, Saved at =inf, TrLoss=0.1979]
 Training FV-otc-s42-t7:  82%|████████▏ | 41/50 [00:15<00:03,  2.55it/s, Saved at =inf, TrLoss=0.1979]
 Training FV-otc-s42-t7:  82%|████████▏ | 41/50 [00:16<00:03,  2.55it/s, Saved at =inf, TrLoss=0.1999]
 Training FV-otc-s42-t7:  84%|████████▍ | 42/50 [00:16<00:03,  2.53it/s, Saved at =inf, TrLoss=0.1999]
 Training FV-otc-s42-t7:  84%|████████▍ | 42/50 [00:16<00:03,  2.53it/s, Saved at =inf, TrLoss=0.1945]
 Training FV-otc-s42-t7:  86%|████████▌ | 43/50 [00:16<00:02,  2.47it/s, Saved at =inf, TrLoss=0.1945]
 Training FV-otc-s42-t7:  86%|████████▌ | 43/50 [00:16<00:02,  2.47it/s, Saved at =inf, TrLoss=0.2031]
 Training FV-otc-s42-t7:  88%|████████▊ | 44/50 [00:17<00:02,  2.37it/s, Saved at =inf, TrLoss=0.2031]
 Training FV-otc-s42-t7:  88%|████████▊ | 44/50 [00:17<00:02,  2.37it/s, Saved at =inf, TrLoss=0.1981]
 Training FV-otc-s42-t7:  90%|█████████ | 45/50 [00:17<00:02,  2.25it/s, Saved at =inf, TrLoss=0.1981]
 Training FV-otc-s42-t7:  90%|█████████ | 45/50 [00:17<00:02,  2.25it/s, Saved at =inf, TrLoss=0.2013]
 Training FV-otc-s42-t7:  92%|█████████▏| 46/50 [00:18<00:01,  2.20it/s, Saved at =inf, TrLoss=0.2013]
 Training FV-otc-s42-t7:  92%|█████████▏| 46/50 [00:18<00:01,  2.20it/s, Saved at =inf, TrLoss=0.1985]
 Training FV-otc-s42-t7:  94%|█████████▍| 47/50 [00:18<00:01,  2.21it/s, Saved at =inf, TrLoss=0.1985]
 Training FV-otc-s42-t7:  94%|█████████▍| 47/50 [00:18<00:01,  2.21it/s, Saved at =inf, TrLoss=0.1940]
 Training FV-otc-s42-t7:  96%|█████████▌| 48/50 [00:18<00:00,  2.44it/s, Saved at =inf, TrLoss=0.1940]
 Training FV-otc-s42-t7:  96%|█████████▌| 48/50 [00:19<00:00,  2.44it/s, Saved at =inf, TrLoss=0.1987]
 Training FV-otc-s42-t7:  98%|█████████▊| 49/50 [00:19<00:00,  2.40it/s, Saved at =inf, TrLoss=0.1987]
 Training FV-otc-s42-t7:  98%|█████████▊| 49/50 [00:19<00:00,  2.40it/s, Saved at =inf, TrLoss=0.1823]
 Training FV-otc-s42-t7: 100%|██████████| 50/50 [00:19<00:00,  2.40it/s, Saved at =inf, TrLoss=0.1823]
 Training FV-otc-s42-t7: 100%|██████████| 50/50 [00:19<00:00,  2.54it/s, Saved at =inf, TrLoss=0.1823]

 Training FV-otc-s42-t8:   0%|          | 0/50 [00:00<?, ?it/s]
 Training FV-otc-s42-t8:   0%|          | 0/50 [00:00<?, ?it/s, Saved at =inf, TrLoss=0.7212]
 Training FV-otc-s42-t8:   2%|▏         | 1/50 [00:00<00:15,  3.09it/s, Saved at =inf, TrLoss=0.7212]
 Training FV-otc-s42-t8:   2%|▏         | 1/50 [00:00<00:15,  3.09it/s, Saved at =inf, TrLoss=0.7883]
 Training FV-otc-s42-t8:   4%|▍         | 2/50 [00:00<00:16,  2.84it/s, Saved at =inf, TrLoss=0.7883]
 Training FV-otc-s42-t8:   4%|▍         | 2/50 [00:00<00:16,  2.84it/s, Saved at =inf, TrLoss=0.6035]
 Training FV-otc-s42-t8:   6%|▌         | 3/50 [00:00<00:15,  3.10it/s, Saved at =inf, TrLoss=0.6035]
 Training FV-otc-s42-t8:   6%|▌         | 3/50 [00:01<00:15,  3.10it/s, Saved at =inf, TrLoss=0.5991]
 Training FV-otc-s42-t8:   8%|▊         | 4/50 [00:01<00:16,  2.87it/s, Saved at =inf, TrLoss=0.5991]
 Training FV-otc-s42-t8:   8%|▊         | 4/50 [00:01<00:16,  2.87it/s, Saved at =inf, TrLoss=0.5429]
 Training FV-otc-s42-t8:  10%|█         | 5/50 [00:01<00:16,  2.67it/s, Saved at =inf, TrLoss=0.5429]
 Training FV-otc-s42-t8:  10%|█         | 5/50 [00:02<00:16,  2.67it/s, Saved at =inf, TrLoss=0.4989]
 Training FV-otc-s42-t8:  12%|█▏        | 6/50 [00:02<00:15,  2.76it/s, Saved at =inf, TrLoss=0.4989]
 Training FV-otc-s42-t8:  12%|█▏        | 6/50 [00:02<00:15,  2.76it/s, Saved at =inf, TrLoss=0.4820]
 Training FV-otc-s42-t8:  14%|█▍        | 7/50 [00:02<00:14,  3.02it/s, Saved at =inf, TrLoss=0.4820]
 Training FV-otc-s42-t8:  14%|█▍        | 7/50 [00:02<00:14,  3.02it/s, Saved at =inf, TrLoss=0.4272]
 Training FV-otc-s42-t8:  16%|█▌        | 8/50 [00:02<00:12,  3.26it/s, Saved at =inf, TrLoss=0.4272]
 Training FV-otc-s42-t8:  16%|█▌        | 8/50 [00:02<00:12,  3.26it/s, Saved at =inf, TrLoss=0.4122]
 Training FV-otc-s42-t8:  18%|█▊        | 9/50 [00:03<00:13,  3.08it/s, Saved at =inf, TrLoss=0.4122]
 Training FV-otc-s42-t8:  18%|█▊        | 9/50 [00:03<00:13,  3.08it/s, Saved at =inf, TrLoss=0.3677]
 Training FV-otc-s42-t8:  20%|██        | 10/50 [00:03<00:13,  3.05it/s, Saved at =inf, TrLoss=0.3677]
 Training FV-otc-s42-t8:  20%|██        | 10/50 [00:03<00:13,  3.05it/s, Saved at =inf, TrLoss=0.4060]
 Training FV-otc-s42-t8:  22%|██▏       | 11/50 [00:03<00:13,  2.94it/s, Saved at =inf, TrLoss=0.4060]
 Training FV-otc-s42-t8:  22%|██▏       | 11/50 [00:04<00:13,  2.94it/s, Saved at =inf, TrLoss=0.3620]
 Training FV-otc-s42-t8:  24%|██▍       | 12/50 [00:04<00:14,  2.71it/s, Saved at =inf, TrLoss=0.3620]
 Training FV-otc-s42-t8:  24%|██▍       | 12/50 [00:04<00:14,  2.71it/s, Saved at =inf, TrLoss=0.3707]
 Training FV-otc-s42-t8:  26%|██▌       | 13/50 [00:04<00:13,  2.72it/s, Saved at =inf, TrLoss=0.3707]
 Training FV-otc-s42-t8:  26%|██▌       | 13/50 [00:04<00:13,  2.72it/s, Saved at =inf, TrLoss=0.3242]
 Training FV-otc-s42-t8:  28%|██▊       | 14/50 [00:04<00:14,  2.56it/s, Saved at =inf, TrLoss=0.3242]
 Training FV-otc-s42-t8:  28%|██▊       | 14/50 [00:05<00:14,  2.56it/s, Saved at =inf, TrLoss=0.3287]
 Training FV-otc-s42-t8:  30%|███       | 15/50 [00:05<00:13,  2.68it/s, Saved at =inf, TrLoss=0.3287]
 Training FV-otc-s42-t8:  30%|███       | 15/50 [00:05<00:13,  2.68it/s, Saved at =inf, TrLoss=0.3159]
 Training FV-otc-s42-t8:  32%|███▏      | 16/50 [00:05<00:12,  2.80it/s, Saved at =inf, TrLoss=0.3159]
 Training FV-otc-s42-t8:  32%|███▏      | 16/50 [00:05<00:12,  2.80it/s, Saved at =inf, TrLoss=0.3283]
 Training FV-otc-s42-t8:  34%|███▍      | 17/50 [00:06<00:12,  2.65it/s, Saved at =inf, TrLoss=0.3283]
 Training FV-otc-s42-t8:  34%|███▍      | 17/50 [00:06<00:12,  2.65it/s, Saved at =inf, TrLoss=0.3003]
 Training FV-otc-s42-t8:  36%|███▌      | 18/50 [00:06<00:11,  2.69it/s, Saved at =inf, TrLoss=0.3003]
 Training FV-otc-s42-t8:  36%|███▌      | 18/50 [00:06<00:11,  2.69it/s, Saved at =inf, TrLoss=0.3049]
 Training FV-otc-s42-t8:  38%|███▊      | 19/50 [00:06<00:11,  2.73it/s, Saved at =inf, TrLoss=0.3049]
 Training FV-otc-s42-t8:  38%|███▊      | 19/50 [00:06<00:11,  2.73it/s, Saved at =inf, TrLoss=0.2851]
 Training FV-otc-s42-t8:  40%|████      | 20/50 [00:07<00:10,  2.83it/s, Saved at =inf, TrLoss=0.2851]
 Training FV-otc-s42-t8:  40%|████      | 20/50 [00:07<00:10,  2.83it/s, Saved at =inf, TrLoss=0.2871]
 Training FV-otc-s42-t8:  42%|████▏     | 21/50 [00:07<00:10,  2.73it/s, Saved at =inf, TrLoss=0.2871]
 Training FV-otc-s42-t8:  42%|████▏     | 21/50 [00:07<00:10,  2.73it/s, Saved at =inf, TrLoss=0.2757]
 Training FV-otc-s42-t8:  44%|████▍     | 22/50 [00:07<00:10,  2.76it/s, Saved at =inf, TrLoss=0.2757]
 Training FV-otc-s42-t8:  44%|████▍     | 22/50 [00:08<00:10,  2.76it/s, Saved at =inf, TrLoss=0.2861]
 Training FV-otc-s42-t8:  46%|████▌     | 23/50 [00:08<00:09,  2.79it/s, Saved at =inf, TrLoss=0.2861]
 Training FV-otc-s42-t8:  46%|████▌     | 23/50 [00:08<00:09,  2.79it/s, Saved at =inf, TrLoss=0.2606]
 Training FV-otc-s42-t8:  48%|████▊     | 24/50 [00:08<00:09,  2.77it/s, Saved at =inf, TrLoss=0.2606]
 Training FV-otc-s42-t8:  48%|████▊     | 24/50 [00:08<00:09,  2.77it/s, Saved at =inf, TrLoss=0.2780]
 Training FV-otc-s42-t8:  50%|█████     | 25/50 [00:08<00:08,  2.89it/s, Saved at =inf, TrLoss=0.2780]
 Training FV-otc-s42-t8:  50%|█████     | 25/50 [00:09<00:08,  2.89it/s, Saved at =inf, TrLoss=0.2547]
 Training FV-otc-s42-t8:  52%|█████▏    | 26/50 [00:09<00:08,  2.96it/s, Saved at =inf, TrLoss=0.2547]
 Training FV-otc-s42-t8:  52%|█████▏    | 26/50 [00:09<00:08,  2.96it/s, Saved at =inf, TrLoss=0.2688]
 Training FV-otc-s42-t8:  54%|█████▍    | 27/50 [00:09<00:08,  2.84it/s, Saved at =inf, TrLoss=0.2688]
 Training FV-otc-s42-t8:  54%|█████▍    | 27/50 [00:09<00:08,  2.84it/s, Saved at =inf, TrLoss=0.2587]
 Training FV-otc-s42-t8:  56%|█████▌    | 28/50 [00:09<00:08,  2.69it/s, Saved at =inf, TrLoss=0.2587]
 Training FV-otc-s42-t8:  56%|█████▌    | 28/50 [00:10<00:08,  2.69it/s, Saved at =inf, TrLoss=0.2521]
 Training FV-otc-s42-t8:  58%|█████▊    | 29/50 [00:10<00:07,  2.68it/s, Saved at =inf, TrLoss=0.2521]
 Training FV-otc-s42-t8:  58%|█████▊    | 29/50 [00:10<00:07,  2.68it/s, Saved at =inf, TrLoss=0.2465]
 Training FV-otc-s42-t8:  60%|██████    | 30/50 [00:10<00:07,  2.76it/s, Saved at =inf, TrLoss=0.2465]
 Training FV-otc-s42-t8:  60%|██████    | 30/50 [00:10<00:07,  2.76it/s, Saved at =inf, TrLoss=0.2450]
 Training FV-otc-s42-t8:  62%|██████▏   | 31/50 [00:11<00:06,  2.77it/s, Saved at =inf, TrLoss=0.2450]
 Training FV-otc-s42-t8:  62%|██████▏   | 31/50 [00:11<00:06,  2.77it/s, Saved at =inf, TrLoss=0.2433]
 Training FV-otc-s42-t8:  64%|██████▍   | 32/50 [00:11<00:06,  2.65it/s, Saved at =inf, TrLoss=0.2433]
 Training FV-otc-s42-t8:  64%|██████▍   | 32/50 [00:11<00:06,  2.65it/s, Saved at =inf, TrLoss=0.2399]
 Training FV-otc-s42-t8:  66%|██████▌   | 33/50 [00:11<00:07,  2.36it/s, Saved at =inf, TrLoss=0.2399]
 Training FV-otc-s42-t8:  66%|██████▌   | 33/50 [00:12<00:07,  2.36it/s, Saved at =inf, TrLoss=0.2353]
 Training FV-otc-s42-t8:  68%|██████▊   | 34/50 [00:12<00:06,  2.39it/s, Saved at =inf, TrLoss=0.2353]
 Training FV-otc-s42-t8:  68%|██████▊   | 34/50 [00:12<00:06,  2.39it/s, Saved at =inf, TrLoss=0.2370]
 Training FV-otc-s42-t8:  70%|███████   | 35/50 [00:12<00:06,  2.38it/s, Saved at =inf, TrLoss=0.2370]
 Training FV-otc-s42-t8:  70%|███████   | 35/50 [00:13<00:06,  2.38it/s, Saved at =inf, TrLoss=0.2343]
 Training FV-otc-s42-t8:  72%|███████▏  | 36/50 [00:13<00:05,  2.50it/s, Saved at =inf, TrLoss=0.2343]
 Training FV-otc-s42-t8:  72%|███████▏  | 36/50 [00:13<00:05,  2.50it/s, Saved at =inf, TrLoss=0.2345]
 Training FV-otc-s42-t8:  74%|███████▍  | 37/50 [00:13<00:05,  2.55it/s, Saved at =inf, TrLoss=0.2345]
 Training FV-otc-s42-t8:  74%|███████▍  | 37/50 [00:13<00:05,  2.55it/s, Saved at =inf, TrLoss=0.2334]
 Training FV-otc-s42-t8:  76%|███████▌  | 38/50 [00:13<00:04,  2.53it/s, Saved at =inf, TrLoss=0.2334]
 Training FV-otc-s42-t8:  76%|███████▌  | 38/50 [00:14<00:04,  2.53it/s, Saved at =inf, TrLoss=0.2289]
 Training FV-otc-s42-t8:  78%|███████▊  | 39/50 [00:14<00:04,  2.61it/s, Saved at =inf, TrLoss=0.2289]
 Training FV-otc-s42-t8:  78%|███████▊  | 39/50 [00:14<00:04,  2.61it/s, Saved at =inf, TrLoss=0.2313]
 Training FV-otc-s42-t8:  80%|████████  | 40/50 [00:14<00:03,  3.04it/s, Saved at =inf, TrLoss=0.2313]
 Training FV-otc-s42-t8:  80%|████████  | 40/50 [00:14<00:03,  3.04it/s, Saved at =inf, TrLoss=0.2220]
 Training FV-otc-s42-t8:  82%|████████▏ | 41/50 [00:14<00:02,  3.36it/s, Saved at =inf, TrLoss=0.2220]
 Training FV-otc-s42-t8:  82%|████████▏ | 41/50 [00:14<00:02,  3.36it/s, Saved at =inf, TrLoss=0.2294]
 Training FV-otc-s42-t8:  84%|████████▍ | 42/50 [00:15<00:02,  3.13it/s, Saved at =inf, TrLoss=0.2294]
 Training FV-otc-s42-t8:  84%|████████▍ | 42/50 [00:15<00:02,  3.13it/s, Saved at =inf, TrLoss=0.2211]
 Training FV-otc-s42-t8:  86%|████████▌ | 43/50 [00:15<00:02,  3.01it/s, Saved at =inf, TrLoss=0.2211]
 Training FV-otc-s42-t8:  86%|████████▌ | 43/50 [00:15<00:02,  3.01it/s, Saved at =inf, TrLoss=0.2257]
 Training FV-otc-s42-t8:  88%|████████▊ | 44/50 [00:15<00:02,  2.81it/s, Saved at =inf, TrLoss=0.2257]
 Training FV-otc-s42-t8:  88%|████████▊ | 44/50 [00:16<00:02,  2.81it/s, Saved at =inf, TrLoss=0.2235]
 Training FV-otc-s42-t8:  90%|█████████ | 45/50 [00:16<00:01,  2.74it/s, Saved at =inf, TrLoss=0.2235]
 Training FV-otc-s42-t8:  90%|█████████ | 45/50 [00:16<00:01,  2.74it/s, Saved at =inf, TrLoss=0.2221]
 Training FV-otc-s42-t8:  92%|█████████▏| 46/50 [00:16<00:01,  2.96it/s, Saved at =inf, TrLoss=0.2221]
 Training FV-otc-s42-t8:  92%|█████████▏| 46/50 [00:16<00:01,  2.96it/s, Saved at =inf, TrLoss=0.2233]
 Training FV-otc-s42-t8:  94%|█████████▍| 47/50 [00:16<00:01,  2.85it/s, Saved at =inf, TrLoss=0.2233]
 Training FV-otc-s42-t8:  94%|█████████▍| 47/50 [00:17<00:01,  2.85it/s, Saved at =inf, TrLoss=0.2143]
 Training FV-otc-s42-t8:  96%|█████████▌| 48/50 [00:17<00:00,  2.63it/s, Saved at =inf, TrLoss=0.2143]
 Training FV-otc-s42-t8:  96%|█████████▌| 48/50 [00:17<00:00,  2.63it/s, Saved at =inf, TrLoss=0.2240]
 Training FV-otc-s42-t8:  98%|█████████▊| 49/50 [00:17<00:00,  2.42it/s, Saved at =inf, TrLoss=0.2240]
 Training FV-otc-s42-t8:  98%|█████████▊| 49/50 [00:18<00:00,  2.42it/s, Saved at =inf, TrLoss=0.2075]
 Training FV-otc-s42-t8: 100%|██████████| 50/50 [00:18<00:00,  2.37it/s, Saved at =inf, TrLoss=0.2075]
 Training FV-otc-s42-t8: 100%|██████████| 50/50 [00:18<00:00,  2.73it/s, Saved at =inf, TrLoss=0.2075]

 Training FV-otc-s42-t9:   0%|          | 0/50 [00:00<?, ?it/s]
 Training FV-otc-s42-t9:   0%|          | 0/50 [00:00<?, ?it/s, Saved at =inf, TrLoss=0.9548]
 Training FV-otc-s42-t9:   2%|▏         | 1/50 [00:00<00:26,  1.86it/s, Saved at =inf, TrLoss=0.9548]
 Training FV-otc-s42-t9:   2%|▏         | 1/50 [00:00<00:26,  1.86it/s, Saved at =inf, TrLoss=0.7471]
 Training FV-otc-s42-t9:   4%|▍         | 2/50 [00:01<00:26,  1.80it/s, Saved at =inf, TrLoss=0.7471]
 Training FV-otc-s42-t9:   4%|▍         | 2/50 [00:01<00:26,  1.80it/s, Saved at =inf, TrLoss=0.7085]
 Training FV-otc-s42-t9:   6%|▌         | 3/50 [00:01<00:28,  1.67it/s, Saved at =inf, TrLoss=0.7085]
 Training FV-otc-s42-t9:   6%|▌         | 3/50 [00:02<00:28,  1.67it/s, Saved at =inf, TrLoss=0.6100]
 Training FV-otc-s42-t9:   8%|▊         | 4/50 [00:02<00:26,  1.77it/s, Saved at =inf, TrLoss=0.6100]
 Training FV-otc-s42-t9:   8%|▊         | 4/50 [00:02<00:26,  1.77it/s, Saved at =inf, TrLoss=0.6046]
 Training FV-otc-s42-t9:  10%|█         | 5/50 [00:02<00:26,  1.72it/s, Saved at =inf, TrLoss=0.6046]
 Training FV-otc-s42-t9:  10%|█         | 5/50 [00:03<00:26,  1.72it/s, Saved at =inf, TrLoss=0.5337]
 Training FV-otc-s42-t9:  12%|█▏        | 6/50 [00:03<00:24,  1.78it/s, Saved at =inf, TrLoss=0.5337]
 Training FV-otc-s42-t9:  12%|█▏        | 6/50 [00:03<00:24,  1.78it/s, Saved at =inf, TrLoss=0.4918]
 Training FV-otc-s42-t9:  14%|█▍        | 7/50 [00:03<00:23,  1.82it/s, Saved at =inf, TrLoss=0.4918]
 Training FV-otc-s42-t9:  14%|█▍        | 7/50 [00:04<00:23,  1.82it/s, Saved at =inf, TrLoss=0.4298]
 Training FV-otc-s42-t9:  16%|█▌        | 8/50 [00:04<00:23,  1.75it/s, Saved at =inf, TrLoss=0.4298]
 Training FV-otc-s42-t9:  16%|█▌        | 8/50 [00:04<00:23,  1.75it/s, Saved at =inf, TrLoss=0.4117]
 Training FV-otc-s42-t9:  18%|█▊        | 9/50 [00:04<00:21,  1.89it/s, Saved at =inf, TrLoss=0.4117]
 Training FV-otc-s42-t9:  18%|█▊        | 9/50 [00:05<00:21,  1.89it/s, Saved at =inf, TrLoss=0.3715]
 Training FV-otc-s42-t9:  20%|██        | 10/50 [00:05<00:19,  2.07it/s, Saved at =inf, TrLoss=0.3715]
 Training FV-otc-s42-t9:  20%|██        | 10/50 [00:05<00:19,  2.07it/s, Saved at =inf, TrLoss=0.3872]
 Training FV-otc-s42-t9:  22%|██▏       | 11/50 [00:05<00:18,  2.14it/s, Saved at =inf, TrLoss=0.3872]
 Training FV-otc-s42-t9:  22%|██▏       | 11/50 [00:06<00:18,  2.14it/s, Saved at =inf, TrLoss=0.3852]
 Training FV-otc-s42-t9:  24%|██▍       | 12/50 [00:06<00:19,  2.00it/s, Saved at =inf, TrLoss=0.3852]
 Training FV-otc-s42-t9:  24%|██▍       | 12/50 [00:06<00:19,  2.00it/s, Saved at =inf, TrLoss=0.3640]
 Training FV-otc-s42-t9:  26%|██▌       | 13/50 [00:06<00:19,  1.92it/s, Saved at =inf, TrLoss=0.3640]
 Training FV-otc-s42-t9:  26%|██▌       | 13/50 [00:07<00:19,  1.92it/s, Saved at =inf, TrLoss=0.3441]
 Training FV-otc-s42-t9:  28%|██▊       | 14/50 [00:07<00:18,  1.98it/s, Saved at =inf, TrLoss=0.3441]
 Training FV-otc-s42-t9:  28%|██▊       | 14/50 [00:07<00:18,  1.98it/s, Saved at =inf, TrLoss=0.3265]
 Training FV-otc-s42-t9:  30%|███       | 15/50 [00:07<00:17,  2.00it/s, Saved at =inf, TrLoss=0.3265]
 Training FV-otc-s42-t9:  30%|███       | 15/50 [00:08<00:17,  2.00it/s, Saved at =inf, TrLoss=0.3238]
 Training FV-otc-s42-t9:  32%|███▏      | 16/50 [00:08<00:16,  2.03it/s, Saved at =inf, TrLoss=0.3238]
 Training FV-otc-s42-t9:  32%|███▏      | 16/50 [00:08<00:16,  2.03it/s, Saved at =inf, TrLoss=0.3214]
 Training FV-otc-s42-t9:  34%|███▍      | 17/50 [00:08<00:16,  1.95it/s, Saved at =inf, TrLoss=0.3214]
 Training FV-otc-s42-t9:  34%|███▍      | 17/50 [00:09<00:16,  1.95it/s, Saved at =inf, TrLoss=0.3052]
 Training FV-otc-s42-t9:  36%|███▌      | 18/50 [00:09<00:16,  1.96it/s, Saved at =inf, TrLoss=0.3052]
 Training FV-otc-s42-t9:  36%|███▌      | 18/50 [00:09<00:16,  1.96it/s, Saved at =inf, TrLoss=0.3050]
 Training FV-otc-s42-t9:  38%|███▊      | 19/50 [00:09<00:15,  1.97it/s, Saved at =inf, TrLoss=0.3050]
 Training FV-otc-s42-t9:  38%|███▊      | 19/50 [00:10<00:15,  1.97it/s, Saved at =inf, TrLoss=0.2984]
 Training FV-otc-s42-t9:  40%|████      | 20/50 [00:10<00:14,  2.02it/s, Saved at =inf, TrLoss=0.2984]
 Training FV-otc-s42-t9:  40%|████      | 20/50 [00:10<00:14,  2.02it/s, Saved at =inf, TrLoss=0.2916]
 Training FV-otc-s42-t9:  42%|████▏     | 21/50 [00:10<00:14,  2.01it/s, Saved at =inf, TrLoss=0.2916]
 Training FV-otc-s42-t9:  42%|████▏     | 21/50 [00:11<00:14,  2.01it/s, Saved at =inf, TrLoss=0.2817]
 Training FV-otc-s42-t9:  44%|████▍     | 22/50 [00:11<00:14,  1.94it/s, Saved at =inf, TrLoss=0.2817]
 Training FV-otc-s42-t9:  44%|████▍     | 22/50 [00:11<00:14,  1.94it/s, Saved at =inf, TrLoss=0.2785]
 Training FV-otc-s42-t9:  46%|████▌     | 23/50 [00:12<00:14,  1.90it/s, Saved at =inf, TrLoss=0.2785]
 Training FV-otc-s42-t9:  46%|████▌     | 23/50 [00:12<00:14,  1.90it/s, Saved at =inf, TrLoss=0.2755]
 Training FV-otc-s42-t9:  48%|████▊     | 24/50 [00:12<00:13,  1.97it/s, Saved at =inf, TrLoss=0.2755]
 Training FV-otc-s42-t9:  48%|████▊     | 24/50 [00:12<00:13,  1.97it/s, Saved at =inf, TrLoss=0.2669]
 Training FV-otc-s42-t9:  50%|█████     | 25/50 [00:12<00:12,  1.97it/s, Saved at =inf, TrLoss=0.2669]
 Training FV-otc-s42-t9:  50%|█████     | 25/50 [00:13<00:12,  1.97it/s, Saved at =inf, TrLoss=0.2637]
 Training FV-otc-s42-t9:  52%|█████▏    | 26/50 [00:13<00:11,  2.02it/s, Saved at =inf, TrLoss=0.2637]
 Training FV-otc-s42-t9:  52%|█████▏    | 26/50 [00:13<00:11,  2.02it/s, Saved at =inf, TrLoss=0.2601]
 Training FV-otc-s42-t9:  54%|█████▍    | 27/50 [00:13<00:11,  2.00it/s, Saved at =inf, TrLoss=0.2601]
 Training FV-otc-s42-t9:  54%|█████▍    | 27/50 [00:14<00:11,  2.00it/s, Saved at =inf, TrLoss=0.2597]
 Training FV-otc-s42-t9:  56%|█████▌    | 28/50 [00:14<00:10,  2.02it/s, Saved at =inf, TrLoss=0.2597]
 Training FV-otc-s42-t9:  56%|█████▌    | 28/50 [00:14<00:10,  2.02it/s, Saved at =inf, TrLoss=0.2625]
 Training FV-otc-s42-t9:  58%|█████▊    | 29/50 [00:14<00:10,  2.04it/s, Saved at =inf, TrLoss=0.2625]
 Training FV-otc-s42-t9:  58%|█████▊    | 29/50 [00:15<00:10,  2.04it/s, Saved at =inf, TrLoss=0.2657]
 Training FV-otc-s42-t9:  60%|██████    | 30/50 [00:15<00:09,  2.02it/s, Saved at =inf, TrLoss=0.2657]
 Training FV-otc-s42-t9:  60%|██████    | 30/50 [00:15<00:09,  2.02it/s, Saved at =inf, TrLoss=0.2544]
 Training FV-otc-s42-t9:  62%|██████▏   | 31/50 [00:16<00:10,  1.88it/s, Saved at =inf, TrLoss=0.2544]
 Training FV-otc-s42-t9:  62%|██████▏   | 31/50 [00:16<00:10,  1.88it/s, Saved at =inf, TrLoss=0.2405]
 Training FV-otc-s42-t9:  64%|██████▍   | 32/50 [00:16<00:09,  1.84it/s, Saved at =inf, TrLoss=0.2405]
 Training FV-otc-s42-t9:  64%|██████▍   | 32/50 [00:16<00:09,  1.84it/s, Saved at =inf, TrLoss=0.2483]
 Training FV-otc-s42-t9:  66%|██████▌   | 33/50 [00:17<00:09,  1.87it/s, Saved at =inf, TrLoss=0.2483]
 Training FV-otc-s42-t9:  66%|██████▌   | 33/50 [00:17<00:09,  1.87it/s, Saved at =inf, TrLoss=0.2435]
 Training FV-otc-s42-t9:  68%|██████▊   | 34/50 [00:17<00:08,  1.93it/s, Saved at =inf, TrLoss=0.2435]
 Training FV-otc-s42-t9:  68%|██████▊   | 34/50 [00:17<00:08,  1.93it/s, Saved at =inf, TrLoss=0.2368]
 Training FV-otc-s42-t9:  70%|███████   | 35/50 [00:18<00:07,  1.92it/s, Saved at =inf, TrLoss=0.2368]
 Training FV-otc-s42-t9:  70%|███████   | 35/50 [00:18<00:07,  1.92it/s, Saved at =inf, TrLoss=0.2399]
 Training FV-otc-s42-t9:  72%|███████▏  | 36/50 [00:18<00:08,  1.75it/s, Saved at =inf, TrLoss=0.2399]
 Training FV-otc-s42-t9:  72%|███████▏  | 36/50 [00:19<00:08,  1.75it/s, Saved at =inf, TrLoss=0.2308]
 Training FV-otc-s42-t9:  74%|███████▍  | 37/50 [00:19<00:06,  1.90it/s, Saved at =inf, TrLoss=0.2308]
 Training FV-otc-s42-t9:  74%|███████▍  | 37/50 [00:19<00:06,  1.90it/s, Saved at =inf, TrLoss=0.2286]
 Training FV-otc-s42-t9:  76%|███████▌  | 38/50 [00:19<00:06,  1.96it/s, Saved at =inf, TrLoss=0.2286]
 Training FV-otc-s42-t9:  76%|███████▌  | 38/50 [00:20<00:06,  1.96it/s, Saved at =inf, TrLoss=0.2286]
 Training FV-otc-s42-t9:  78%|███████▊  | 39/50 [00:20<00:05,  1.92it/s, Saved at =inf, TrLoss=0.2286]
 Training FV-otc-s42-t9:  78%|███████▊  | 39/50 [00:20<00:05,  1.92it/s, Saved at =inf, TrLoss=0.2249]
 Training FV-otc-s42-t9:  80%|████████  | 40/50 [00:20<00:05,  1.92it/s, Saved at =inf, TrLoss=0.2249]
 Training FV-otc-s42-t9:  80%|████████  | 40/50 [00:21<00:05,  1.92it/s, Saved at =inf, TrLoss=0.2228]
 Training FV-otc-s42-t9:  82%|████████▏ | 41/50 [00:21<00:04,  2.09it/s, Saved at =inf, TrLoss=0.2228]
 Training FV-otc-s42-t9:  82%|████████▏ | 41/50 [00:21<00:04,  2.09it/s, Saved at =inf, TrLoss=0.2231]
 Training FV-otc-s42-t9:  84%|████████▍ | 42/50 [00:21<00:03,  2.28it/s, Saved at =inf, TrLoss=0.2231]
 Training FV-otc-s42-t9:  84%|████████▍ | 42/50 [00:21<00:03,  2.28it/s, Saved at =inf, TrLoss=0.2217]
 Training FV-otc-s42-t9:  86%|████████▌ | 43/50 [00:22<00:03,  2.15it/s, Saved at =inf, TrLoss=0.2217]
 Training FV-otc-s42-t9:  86%|████████▌ | 43/50 [00:22<00:03,  2.15it/s, Saved at =inf, TrLoss=0.2240]
 Training FV-otc-s42-t9:  88%|████████▊ | 44/50 [00:22<00:02,  2.02it/s, Saved at =inf, TrLoss=0.2240]
 Training FV-otc-s42-t9:  88%|████████▊ | 44/50 [00:23<00:02,  2.02it/s, Saved at =inf, TrLoss=0.2232]
 Training FV-otc-s42-t9:  90%|█████████ | 45/50 [00:23<00:02,  1.83it/s, Saved at =inf, TrLoss=0.2232]
 Training FV-otc-s42-t9:  90%|█████████ | 45/50 [00:23<00:02,  1.83it/s, Saved at =inf, TrLoss=0.2135]
 Training FV-otc-s42-t9:  92%|█████████▏| 46/50 [00:23<00:02,  1.98it/s, Saved at =inf, TrLoss=0.2135]
 Training FV-otc-s42-t9:  92%|█████████▏| 46/50 [00:24<00:02,  1.98it/s, Saved at =inf, TrLoss=0.2243]
 Training FV-otc-s42-t9:  94%|█████████▍| 47/50 [00:24<00:01,  1.97it/s, Saved at =inf, TrLoss=0.2243]
 Training FV-otc-s42-t9:  94%|█████████▍| 47/50 [00:24<00:01,  1.97it/s, Saved at =inf, TrLoss=0.2119]
 Training FV-otc-s42-t9:  96%|█████████▌| 48/50 [00:24<00:00,  2.09it/s, Saved at =inf, TrLoss=0.2119]
 Training FV-otc-s42-t9:  96%|█████████▌| 48/50 [00:24<00:00,  2.09it/s, Saved at =inf, TrLoss=0.2143]
 Training FV-otc-s42-t9:  98%|█████████▊| 49/50 [00:25<00:00,  2.17it/s, Saved at =inf, TrLoss=0.2143]
 Training FV-otc-s42-t9:  98%|█████████▊| 49/50 [00:25<00:00,  2.17it/s, Saved at =inf, TrLoss=0.2131]
 Training FV-otc-s42-t9: 100%|██████████| 50/50 [00:25<00:00,  2.44it/s, Saved at =inf, TrLoss=0.2131]
 Training FV-otc-s42-t9: 100%|██████████| 50/50 [00:25<00:00,  1.98it/s, Saved at =inf, TrLoss=0.2131]

 Training ATK-otc-s42-t7:   0%|          | 0/50 [00:00<?, ?it/s]
 Training ATK-otc-s42-t7:   0%|          | 0/50 [00:00<?, ?it/s, Saved at =inf, TrLoss=0.6894]
 Training ATK-otc-s42-t7:   2%|▏         | 1/50 [00:00<00:18,  2.58it/s, Saved at =inf, TrLoss=0.6894]
 Training ATK-otc-s42-t7:   2%|▏         | 1/50 [00:00<00:18,  2.58it/s, Saved at =inf, TrLoss=0.6593]
 Training ATK-otc-s42-t7:   4%|▍         | 2/50 [00:00<00:19,  2.48it/s, Saved at =inf, TrLoss=0.6593]
 Training ATK-otc-s42-t7:   4%|▍         | 2/50 [00:01<00:19,  2.48it/s, Saved at =inf, TrLoss=0.6793]
 Training ATK-otc-s42-t7:   6%|▌         | 3/50 [00:01<00:18,  2.54it/s, Saved at =inf, TrLoss=0.6793]
 Training ATK-otc-s42-t7:   6%|▌         | 3/50 [00:01<00:18,  2.54it/s, Saved at =inf, TrLoss=0.5581]
 Training ATK-otc-s42-t7:   8%|▊         | 4/50 [00:01<00:18,  2.43it/s, Saved at =inf, TrLoss=0.5581]
 Training ATK-otc-s42-t7:   8%|▊         | 4/50 [00:01<00:18,  2.43it/s, Saved at =inf, TrLoss=0.4691]
 Training ATK-otc-s42-t7:  10%|█         | 5/50 [00:02<00:19,  2.35it/s, Saved at =inf, TrLoss=0.4691]
 Training ATK-otc-s42-t7:  10%|█         | 5/50 [00:02<00:19,  2.35it/s, Saved at =inf, TrLoss=0.5048]
 Training ATK-otc-s42-t7:  12%|█▏        | 6/50 [00:02<00:17,  2.51it/s, Saved at =inf, TrLoss=0.5048]
 Training ATK-otc-s42-t7:  12%|█▏        | 6/50 [00:02<00:17,  2.51it/s, Saved at =inf, TrLoss=0.4910]
 Training ATK-otc-s42-t7:  14%|█▍        | 7/50 [00:02<00:17,  2.45it/s, Saved at =inf, TrLoss=0.4910]
 Training ATK-otc-s42-t7:  14%|█▍        | 7/50 [00:03<00:17,  2.45it/s, Saved at =inf, TrLoss=0.4054]
 Training ATK-otc-s42-t7:  16%|█▌        | 8/50 [00:03<00:17,  2.39it/s, Saved at =inf, TrLoss=0.4054]
 Training ATK-otc-s42-t7:  16%|█▌        | 8/50 [00:03<00:17,  2.39it/s, Saved at =inf, TrLoss=0.3655]
 Training ATK-otc-s42-t7:  18%|█▊        | 9/50 [00:03<00:16,  2.53it/s, Saved at =inf, TrLoss=0.3655]
 Training ATK-otc-s42-t7:  18%|█▊        | 9/50 [00:03<00:16,  2.53it/s, Saved at =inf, TrLoss=0.3788]
 Training ATK-otc-s42-t7:  20%|██        | 10/50 [00:04<00:16,  2.50it/s, Saved at =inf, TrLoss=0.3788]
 Training ATK-otc-s42-t7:  20%|██        | 10/50 [00:04<00:16,  2.50it/s, Saved at =inf, TrLoss=0.3430]
 Training ATK-otc-s42-t7:  22%|██▏       | 11/50 [00:04<00:16,  2.42it/s, Saved at =inf, TrLoss=0.3430]
 Training ATK-otc-s42-t7:  22%|██▏       | 11/50 [00:04<00:16,  2.42it/s, Saved at =inf, TrLoss=0.3530]
 Training ATK-otc-s42-t7:  24%|██▍       | 12/50 [00:05<00:18,  2.03it/s, Saved at =inf, TrLoss=0.3530]
 Training ATK-otc-s42-t7:  24%|██▍       | 12/50 [00:05<00:18,  2.03it/s, Saved at =inf, TrLoss=0.3435]
 Training ATK-otc-s42-t7:  26%|██▌       | 13/50 [00:05<00:18,  2.03it/s, Saved at =inf, TrLoss=0.3435]
 Training ATK-otc-s42-t7:  26%|██▌       | 13/50 [00:05<00:18,  2.03it/s, Saved at =inf, TrLoss=0.3108]
 Training ATK-otc-s42-t7:  28%|██▊       | 14/50 [00:06<00:18,  1.96it/s, Saved at =inf, TrLoss=0.3108]
 Training ATK-otc-s42-t7:  28%|██▊       | 14/50 [00:06<00:18,  1.96it/s, Saved at =inf, TrLoss=0.3025]
 Training ATK-otc-s42-t7:  30%|███       | 15/50 [00:06<00:17,  2.05it/s, Saved at =inf, TrLoss=0.3025]
 Training ATK-otc-s42-t7:  30%|███       | 15/50 [00:06<00:17,  2.05it/s, Saved at =inf, TrLoss=0.2961]
 Training ATK-otc-s42-t7:  32%|███▏      | 16/50 [00:07<00:16,  2.04it/s, Saved at =inf, TrLoss=0.2961]
 Training ATK-otc-s42-t7:  32%|███▏      | 16/50 [00:07<00:16,  2.04it/s, Saved at =inf, TrLoss=0.2880]
 Training ATK-otc-s42-t7:  34%|███▍      | 17/50 [00:07<00:15,  2.11it/s, Saved at =inf, TrLoss=0.2880]
 Training ATK-otc-s42-t7:  34%|███▍      | 17/50 [00:07<00:15,  2.11it/s, Saved at =inf, TrLoss=0.2832]
 Training ATK-otc-s42-t7:  36%|███▌      | 18/50 [00:08<00:15,  2.02it/s, Saved at =inf, TrLoss=0.2832]
 Training ATK-otc-s42-t7:  36%|███▌      | 18/50 [00:08<00:15,  2.02it/s, Saved at =inf, TrLoss=0.2840]
 Training ATK-otc-s42-t7:  38%|███▊      | 19/50 [00:08<00:16,  1.85it/s, Saved at =inf, TrLoss=0.2840]
 Training ATK-otc-s42-t7:  38%|███▊      | 19/50 [00:08<00:16,  1.85it/s, Saved at =inf, TrLoss=0.2722]
 Training ATK-otc-s42-t7:  40%|████      | 20/50 [00:09<00:15,  1.98it/s, Saved at =inf, TrLoss=0.2722]
 Training ATK-otc-s42-t7:  40%|████      | 20/50 [00:09<00:15,  1.98it/s, Saved at =inf, TrLoss=0.2772]
 Training ATK-otc-s42-t7:  42%|████▏     | 21/50 [00:09<00:14,  1.94it/s, Saved at =inf, TrLoss=0.2772]
 Training ATK-otc-s42-t7:  42%|████▏     | 21/50 [00:10<00:14,  1.94it/s, Saved at =inf, TrLoss=0.2685]
 Training ATK-otc-s42-t7:  44%|████▍     | 22/50 [00:10<00:14,  1.90it/s, Saved at =inf, TrLoss=0.2685]
 Training ATK-otc-s42-t7:  44%|████▍     | 22/50 [00:10<00:14,  1.90it/s, Saved at =inf, TrLoss=0.2602]
 Training ATK-otc-s42-t7:  46%|████▌     | 23/50 [00:10<00:14,  1.91it/s, Saved at =inf, TrLoss=0.2602]
 Training ATK-otc-s42-t7:  46%|████▌     | 23/50 [00:11<00:14,  1.91it/s, Saved at =inf, TrLoss=0.2494]
 Training ATK-otc-s42-t7:  48%|████▊     | 24/50 [00:11<00:13,  1.99it/s, Saved at =inf, TrLoss=0.2494]
 Training ATK-otc-s42-t7:  48%|████▊     | 24/50 [00:11<00:13,  1.99it/s, Saved at =inf, TrLoss=0.2472]
 Training ATK-otc-s42-t7:  50%|█████     | 25/50 [00:11<00:12,  2.05it/s, Saved at =inf, TrLoss=0.2472]
 Training ATK-otc-s42-t7:  50%|█████     | 25/50 [00:12<00:12,  2.05it/s, Saved at =inf, TrLoss=0.2412]
 Training ATK-otc-s42-t7:  52%|█████▏    | 26/50 [00:12<00:12,  1.99it/s, Saved at =inf, TrLoss=0.2412]
 Training ATK-otc-s42-t7:  52%|█████▏    | 26/50 [00:12<00:12,  1.99it/s, Saved at =inf, TrLoss=0.2397]
 Training ATK-otc-s42-t7:  54%|█████▍    | 27/50 [00:12<00:11,  2.07it/s, Saved at =inf, TrLoss=0.2397]
 Training ATK-otc-s42-t7:  54%|█████▍    | 27/50 [00:13<00:11,  2.07it/s, Saved at =inf, TrLoss=0.2361]
 Training ATK-otc-s42-t7:  56%|█████▌    | 28/50 [00:13<00:10,  2.08it/s, Saved at =inf, TrLoss=0.2361]
 Training ATK-otc-s42-t7:  56%|█████▌    | 28/50 [00:13<00:10,  2.08it/s, Saved at =inf, TrLoss=0.2319]
 Training ATK-otc-s42-t7:  58%|█████▊    | 29/50 [00:13<00:10,  1.91it/s, Saved at =inf, TrLoss=0.2319]
 Training ATK-otc-s42-t7:  58%|█████▊    | 29/50 [00:14<00:10,  1.91it/s, Saved at =inf, TrLoss=0.2271]
 Training ATK-otc-s42-t7:  60%|██████    | 30/50 [00:14<00:11,  1.74it/s, Saved at =inf, TrLoss=0.2271]
 Training ATK-otc-s42-t7:  60%|██████    | 30/50 [00:14<00:11,  1.74it/s, Saved at =inf, TrLoss=0.2274]
 Training ATK-otc-s42-t7:  62%|██████▏   | 31/50 [00:15<00:11,  1.66it/s, Saved at =inf, TrLoss=0.2274]
 Training ATK-otc-s42-t7:  62%|██████▏   | 31/50 [00:15<00:11,  1.66it/s, Saved at =inf, TrLoss=0.2258]
 Training ATK-otc-s42-t7:  64%|██████▍   | 32/50 [00:15<00:10,  1.77it/s, Saved at =inf, TrLoss=0.2258]
 Training ATK-otc-s42-t7:  64%|██████▍   | 32/50 [00:15<00:10,  1.77it/s, Saved at =inf, TrLoss=0.2195]
 Training ATK-otc-s42-t7:  66%|██████▌   | 33/50 [00:16<00:09,  1.80it/s, Saved at =inf, TrLoss=0.2195]
 Training ATK-otc-s42-t7:  66%|██████▌   | 33/50 [00:16<00:09,  1.80it/s, Saved at =inf, TrLoss=0.2214]
 Training ATK-otc-s42-t7:  68%|██████▊   | 34/50 [00:16<00:08,  1.83it/s, Saved at =inf, TrLoss=0.2214]
 Training ATK-otc-s42-t7:  68%|██████▊   | 34/50 [00:17<00:08,  1.83it/s, Saved at =inf, TrLoss=0.2239]
 Training ATK-otc-s42-t7:  70%|███████   | 35/50 [00:17<00:08,  1.82it/s, Saved at =inf, TrLoss=0.2239]
 Training ATK-otc-s42-t7:  70%|███████   | 35/50 [00:17<00:08,  1.82it/s, Saved at =inf, TrLoss=0.2121]
 Training ATK-otc-s42-t7:  72%|███████▏  | 36/50 [00:17<00:07,  1.79it/s, Saved at =inf, TrLoss=0.2121]
 Training ATK-otc-s42-t7:  72%|███████▏  | 36/50 [00:18<00:07,  1.79it/s, Saved at =inf, TrLoss=0.2112]
 Training ATK-otc-s42-t7:  74%|███████▍  | 37/50 [00:18<00:07,  1.82it/s, Saved at =inf, TrLoss=0.2112]
 Training ATK-otc-s42-t7:  74%|███████▍  | 37/50 [00:18<00:07,  1.82it/s, Saved at =inf, TrLoss=0.2079]
 Training ATK-otc-s42-t7:  76%|███████▌  | 38/50 [00:18<00:06,  1.86it/s, Saved at =inf, TrLoss=0.2079]
 Training ATK-otc-s42-t7:  76%|███████▌  | 38/50 [00:19<00:06,  1.86it/s, Saved at =inf, TrLoss=0.2052]
 Training ATK-otc-s42-t7:  78%|███████▊  | 39/50 [00:19<00:05,  1.89it/s, Saved at =inf, TrLoss=0.2052]
 Training ATK-otc-s42-t7:  78%|███████▊  | 39/50 [00:19<00:05,  1.89it/s, Saved at =inf, TrLoss=0.2068]
 Training ATK-otc-s42-t7:  80%|████████  | 40/50 [00:19<00:04,  2.04it/s, Saved at =inf, TrLoss=0.2068]
 Training ATK-otc-s42-t7:  80%|████████  | 40/50 [00:20<00:04,  2.04it/s, Saved at =inf, TrLoss=0.1981]
 Training ATK-otc-s42-t7:  82%|████████▏ | 41/50 [00:20<00:04,  1.95it/s, Saved at =inf, TrLoss=0.1981]
 Training ATK-otc-s42-t7:  82%|████████▏ | 41/50 [00:20<00:04,  1.95it/s, Saved at =inf, TrLoss=0.1996]
 Training ATK-otc-s42-t7:  84%|████████▍ | 42/50 [00:20<00:04,  1.96it/s, Saved at =inf, TrLoss=0.1996]
 Training ATK-otc-s42-t7:  84%|████████▍ | 42/50 [00:21<00:04,  1.96it/s, Saved at =inf, TrLoss=0.1946]
 Training ATK-otc-s42-t7:  86%|████████▌ | 43/50 [00:21<00:03,  1.90it/s, Saved at =inf, TrLoss=0.1946]
 Training ATK-otc-s42-t7:  86%|████████▌ | 43/50 [00:21<00:03,  1.90it/s, Saved at =inf, TrLoss=0.2029]
 Training ATK-otc-s42-t7:  88%|████████▊ | 44/50 [00:21<00:03,  1.87it/s, Saved at =inf, TrLoss=0.2029]
 Training ATK-otc-s42-t7:  88%|████████▊ | 44/50 [00:22<00:03,  1.87it/s, Saved at =inf, TrLoss=0.1983]
 Training ATK-otc-s42-t7:  90%|█████████ | 45/50 [00:22<00:02,  1.97it/s, Saved at =inf, TrLoss=0.1983]
 Training ATK-otc-s42-t7:  90%|█████████ | 45/50 [00:22<00:02,  1.97it/s, Saved at =inf, TrLoss=0.2009]
 Training ATK-otc-s42-t7:  92%|█████████▏| 46/50 [00:22<00:01,  2.07it/s, Saved at =inf, TrLoss=0.2009]
 Training ATK-otc-s42-t7:  92%|█████████▏| 46/50 [00:23<00:01,  2.07it/s, Saved at =inf, TrLoss=0.1989]
 Training ATK-otc-s42-t7:  94%|█████████▍| 47/50 [00:23<00:01,  1.98it/s, Saved at =inf, TrLoss=0.1989]
 Training ATK-otc-s42-t7:  94%|█████████▍| 47/50 [00:23<00:01,  1.98it/s, Saved at =inf, TrLoss=0.1932]
 Training ATK-otc-s42-t7:  96%|█████████▌| 48/50 [00:23<00:00,  2.07it/s, Saved at =inf, TrLoss=0.1932]
 Training ATK-otc-s42-t7:  96%|█████████▌| 48/50 [00:24<00:00,  2.07it/s, Saved at =inf, TrLoss=0.2002]
 Training ATK-otc-s42-t7:  98%|█████████▊| 49/50 [00:24<00:00,  2.08it/s, Saved at =inf, TrLoss=0.2002]
 Training ATK-otc-s42-t7:  98%|█████████▊| 49/50 [00:24<00:00,  2.08it/s, Saved at =inf, TrLoss=0.1816]
 Training ATK-otc-s42-t7: 100%|██████████| 50/50 [00:24<00:00,  1.94it/s, Saved at =inf, TrLoss=0.1816]
 Training ATK-otc-s42-t7: 100%|██████████| 50/50 [00:24<00:00,  2.01it/s, Saved at =inf, TrLoss=0.1816]
[15:44:12]   MCC=0.397±0.105, AUC=0.760±0.075, BAcc=0.680±0.047
[15:49:12]   [otc] 250/3269 targets, 7.1 min
[15:53:44]   [otc] 500/3269 targets, 11.7 min
[15:57:07]   [otc] 750/3269 targets, 15.0 min
[16:00:32]   [otc] 1000/3269 targets, 18.5 min
[16:04:02]   [otc] 1250/3269 targets, 22.0 min
[16:08:24]   [otc] 1500/3269 targets, 26.3 min
[16:12:36]   [otc] 1750/3269 targets, 30.5 min
[16:15:53]   [otc] 2000/3269 targets, 33.8 min
[16:19:16]   [otc] 2250/3269 targets, 37.2 min
[16:22:36]   [otc] 2500/3269 targets, 40.5 min
[16:25:56]   [otc] 2750/3269 targets, 43.9 min
[16:29:06]   [otc] 3000/3269 targets, 47.0 min
[16:32:10]   [otc] 3250/3269 targets, 50.1 min
[16:32:25]   saved common_set_otc.json (3269 targets, 50.3 min)
