<ps-env>/lib/python3.10/site-packages/networkx/utils/backends.py:563: RuntimeWarning: Error encountered when loading info for backend cugraph: No module named '_nx_cugraph'
  backend_info.update(_get_backends("networkx.backend_info", load_and_call=True))
[15:42:04] Training GDTE on alpha (seed=42)...

 Training FV-alpha-s42-t2:   0%|          | 0/50 [00:00<?, ?it/s]
 Training FV-alpha-s42-t2:   0%|          | 0/50 [00:00<?, ?it/s, Saved at =inf, TrLoss=0.7182]
 Training FV-alpha-s42-t2:   2%|▏         | 1/50 [00:00<00:24,  2.03it/s, Saved at =inf, TrLoss=0.7182]
 Training FV-alpha-s42-t2:   2%|▏         | 1/50 [00:00<00:24,  2.03it/s, Saved at =inf, TrLoss=0.5627]
 Training FV-alpha-s42-t2:   2%|▏         | 1/50 [00:00<00:24,  2.03it/s, Saved at =inf, TrLoss=0.4153]
 Training FV-alpha-s42-t2:   2%|▏         | 1/50 [00:00<00:24,  2.03it/s, Saved at =inf, TrLoss=0.5397]
 Training FV-alpha-s42-t2:   8%|▊         | 4/50 [00:00<00:06,  7.47it/s, Saved at =inf, TrLoss=0.5397]
 Training FV-alpha-s42-t2:   8%|▊         | 4/50 [00:00<00:06,  7.47it/s, Saved at =inf, TrLoss=0.3220]
 Training FV-alpha-s42-t2:   8%|▊         | 4/50 [00:00<00:06,  7.47it/s, Saved at =inf, TrLoss=0.3018]
 Training FV-alpha-s42-t2:  12%|█▏        | 6/50 [00:00<00:04, 10.14it/s, Saved at =inf, TrLoss=0.3018]
 Training FV-alpha-s42-t2:  12%|█▏        | 6/50 [00:00<00:04, 10.14it/s, Saved at =inf, TrLoss=0.2252]
 Training FV-alpha-s42-t2:  12%|█▏        | 6/50 [00:00<00:04, 10.14it/s, Saved at =inf, TrLoss=0.2516]
 Training FV-alpha-s42-t2:  16%|█▌        | 8/50 [00:00<00:03, 12.19it/s, Saved at =inf, TrLoss=0.2516]
 Training FV-alpha-s42-t2:  16%|█▌        | 8/50 [00:00<00:03, 12.19it/s, Saved at =inf, TrLoss=0.2195]
 Training FV-alpha-s42-t2:  16%|█▌        | 8/50 [00:00<00:03, 12.19it/s, Saved at =inf, TrLoss=0.1850]
 Training FV-alpha-s42-t2:  20%|██        | 10/50 [00:00<00:02, 14.08it/s, Saved at =inf, TrLoss=0.1850]
 Training FV-alpha-s42-t2:  20%|██        | 10/50 [00:00<00:02, 14.08it/s, Saved at =inf, TrLoss=0.2132]
 Training FV-alpha-s42-t2:  20%|██        | 10/50 [00:01<00:02, 14.08it/s, Saved at =inf, TrLoss=0.1662]
 Training FV-alpha-s42-t2:  24%|██▍       | 12/50 [00:01<00:02, 15.19it/s, Saved at =inf, TrLoss=0.1662]
 Training FV-alpha-s42-t2:  24%|██▍       | 12/50 [00:01<00:02, 15.19it/s, Saved at =inf, TrLoss=0.1657]
 Training FV-alpha-s42-t2:  24%|██▍       | 12/50 [00:01<00:02, 15.19it/s, Saved at =inf, TrLoss=0.1700]
 Training FV-alpha-s42-t2:  28%|██▊       | 14/50 [00:01<00:02, 16.41it/s, Saved at =inf, TrLoss=0.1700]
 Training FV-alpha-s42-t2:  28%|██▊       | 14/50 [00:01<00:02, 16.41it/s, Saved at =inf, TrLoss=0.1773]
 Training FV-alpha-s42-t2:  28%|██▊       | 14/50 [00:01<00:02, 16.41it/s, Saved at =inf, TrLoss=0.1294]
 Training FV-alpha-s42-t2:  32%|███▏      | 16/50 [00:01<00:02, 16.72it/s, Saved at =inf, TrLoss=0.1294]
 Training FV-alpha-s42-t2:  32%|███▏      | 16/50 [00:01<00:02, 16.72it/s, Saved at =inf, TrLoss=0.1600]
 Training FV-alpha-s42-t2:  32%|███▏      | 16/50 [00:01<00:02, 16.72it/s, Saved at =inf, TrLoss=0.1868]
 Training FV-alpha-s42-t2:  36%|███▌      | 18/50 [00:01<00:01, 17.23it/s, Saved at =inf, TrLoss=0.1868]
 Training FV-alpha-s42-t2:  36%|███▌      | 18/50 [00:01<00:01, 17.23it/s, Saved at =inf, TrLoss=0.1440]
 Training FV-alpha-s42-t2:  36%|███▌      | 18/50 [00:01<00:01, 17.23it/s, Saved at =inf, TrLoss=0.1197]
 Training FV-alpha-s42-t2:  36%|███▌      | 18/50 [00:01<00:01, 17.23it/s, Saved at =inf, TrLoss=0.1558]
 Training FV-alpha-s42-t2:  42%|████▏     | 21/50 [00:01<00:01, 18.39it/s, Saved at =inf, TrLoss=0.1558]
 Training FV-alpha-s42-t2:  42%|████▏     | 21/50 [00:01<00:01, 18.39it/s, Saved at =inf, TrLoss=0.1025]
 Training FV-alpha-s42-t2:  42%|████▏     | 21/50 [00:01<00:01, 18.39it/s, Saved at =inf, TrLoss=0.1263]
 Training FV-alpha-s42-t2:  46%|████▌     | 23/50 [00:01<00:01, 18.38it/s, Saved at =inf, TrLoss=0.1263]
 Training FV-alpha-s42-t2:  46%|████▌     | 23/50 [00:01<00:01, 18.38it/s, Saved at =inf, TrLoss=0.1342]
 Training FV-alpha-s42-t2:  46%|████▌     | 23/50 [00:01<00:01, 18.38it/s, Saved at =inf, TrLoss=0.1466]
 Training FV-alpha-s42-t2:  50%|█████     | 25/50 [00:01<00:01, 18.29it/s, Saved at =inf, TrLoss=0.1466]
 Training FV-alpha-s42-t2:  50%|█████     | 25/50 [00:01<00:01, 18.29it/s, Saved at =inf, TrLoss=0.1081]
 Training FV-alpha-s42-t2:  50%|█████     | 25/50 [00:01<00:01, 18.29it/s, Saved at =inf, TrLoss=0.1195]
 Training FV-alpha-s42-t2:  54%|█████▍    | 27/50 [00:01<00:01, 18.13it/s, Saved at =inf, TrLoss=0.1195]
 Training FV-alpha-s42-t2:  54%|█████▍    | 27/50 [00:01<00:01, 18.13it/s, Saved at =inf, TrLoss=0.1129]
 Training FV-alpha-s42-t2:  54%|█████▍    | 27/50 [00:01<00:01, 18.13it/s, Saved at =inf, TrLoss=0.1031]
 Training FV-alpha-s42-t2:  54%|█████▍    | 27/50 [00:02<00:01, 18.13it/s, Saved at =inf, TrLoss=0.1087]
 Training FV-alpha-s42-t2:  60%|██████    | 30/50 [00:02<00:01, 18.89it/s, Saved at =inf, TrLoss=0.1087]
 Training FV-alpha-s42-t2:  60%|██████    | 30/50 [00:02<00:01, 18.89it/s, Saved at =inf, TrLoss=0.0930]
 Training FV-alpha-s42-t2:  60%|██████    | 30/50 [00:02<00:01, 18.89it/s, Saved at =inf, TrLoss=0.1016]
 Training FV-alpha-s42-t2:  64%|██████▍   | 32/50 [00:02<00:00, 19.16it/s, Saved at =inf, TrLoss=0.1016]
 Training FV-alpha-s42-t2:  64%|██████▍   | 32/50 [00:02<00:00, 19.16it/s, Saved at =inf, TrLoss=0.0971]
 Training FV-alpha-s42-t2:  64%|██████▍   | 32/50 [00:02<00:00, 19.16it/s, Saved at =inf, TrLoss=0.1346]
 Training FV-alpha-s42-t2:  68%|██████▊   | 34/50 [00:02<00:00, 19.06it/s, Saved at =inf, TrLoss=0.1346]
 Training FV-alpha-s42-t2:  68%|██████▊   | 34/50 [00:02<00:00, 19.06it/s, Saved at =inf, TrLoss=0.0980]
 Training FV-alpha-s42-t2:  68%|██████▊   | 34/50 [00:02<00:00, 19.06it/s, Saved at =inf, TrLoss=0.1228]
 Training FV-alpha-s42-t2:  72%|███████▏  | 36/50 [00:02<00:00, 18.51it/s, Saved at =inf, TrLoss=0.1228]
 Training FV-alpha-s42-t2:  72%|███████▏  | 36/50 [00:02<00:00, 18.51it/s, Saved at =inf, TrLoss=0.1171]
 Training FV-alpha-s42-t2:  72%|███████▏  | 36/50 [00:02<00:00, 18.51it/s, Saved at =inf, TrLoss=0.0965]
 Training FV-alpha-s42-t2:  76%|███████▌  | 38/50 [00:02<00:00, 18.63it/s, Saved at =inf, TrLoss=0.0965]
 Training FV-alpha-s42-t2:  76%|███████▌  | 38/50 [00:02<00:00, 18.63it/s, Saved at =inf, TrLoss=0.1309]
 Training FV-alpha-s42-t2:  76%|███████▌  | 38/50 [00:02<00:00, 18.63it/s, Saved at =inf, TrLoss=0.1082]
 Training FV-alpha-s42-t2:  80%|████████  | 40/50 [00:02<00:00, 18.48it/s, Saved at =inf, TrLoss=0.1082]
 Training FV-alpha-s42-t2:  80%|████████  | 40/50 [00:02<00:00, 18.48it/s, Saved at =inf, TrLoss=0.0952]
 Training FV-alpha-s42-t2:  80%|████████  | 40/50 [00:02<00:00, 18.48it/s, Saved at =inf, TrLoss=0.0775]
 Training FV-alpha-s42-t2:  84%|████████▍ | 42/50 [00:02<00:00, 18.71it/s, Saved at =inf, TrLoss=0.0775]
 Training FV-alpha-s42-t2:  84%|████████▍ | 42/50 [00:02<00:00, 18.71it/s, Saved at =inf, TrLoss=0.0884]
 Training FV-alpha-s42-t2:  84%|████████▍ | 42/50 [00:02<00:00, 18.71it/s, Saved at =inf, TrLoss=0.1129]
 Training FV-alpha-s42-t2:  88%|████████▊ | 44/50 [00:02<00:00, 18.15it/s, Saved at =inf, TrLoss=0.1129]
 Training FV-alpha-s42-t2:  88%|████████▊ | 44/50 [00:02<00:00, 18.15it/s, Saved at =inf, TrLoss=0.1395]
 Training FV-alpha-s42-t2:  88%|████████▊ | 44/50 [00:02<00:00, 18.15it/s, Saved at =inf, TrLoss=0.0943]
 Training FV-alpha-s42-t2:  92%|█████████▏| 46/50 [00:02<00:00, 18.31it/s, Saved at =inf, TrLoss=0.0943]
 Training FV-alpha-s42-t2:  92%|█████████▏| 46/50 [00:02<00:00, 18.31it/s, Saved at =inf, TrLoss=0.0855]
 Training FV-alpha-s42-t2:  92%|█████████▏| 46/50 [00:02<00:00, 18.31it/s, Saved at =inf, TrLoss=0.0742]
 Training FV-alpha-s42-t2:  96%|█████████▌| 48/50 [00:03<00:00, 17.80it/s, Saved at =inf, TrLoss=0.0742]
 Training FV-alpha-s42-t2:  96%|█████████▌| 48/50 [00:03<00:00, 17.80it/s, Saved at =inf, TrLoss=0.0976]
 Training FV-alpha-s42-t2:  96%|█████████▌| 48/50 [00:03<00:00, 17.80it/s, Saved at =inf, TrLoss=0.0933]
 Training FV-alpha-s42-t2: 100%|██████████| 50/50 [00:03<00:00, 17.65it/s, Saved at =inf, TrLoss=0.0933]
 Training FV-alpha-s42-t2: 100%|██████████| 50/50 [00:03<00:00, 15.99it/s, Saved at =inf, TrLoss=0.0933]

 Training FV-alpha-s42-t3:   0%|          | 0/50 [00:00<?, ?it/s]
 Training FV-alpha-s42-t3:   0%|          | 0/50 [00:00<?, ?it/s, Saved at =inf, TrLoss=0.7874]
 Training FV-alpha-s42-t3:   0%|          | 0/50 [00:00<?, ?it/s, Saved at =inf, TrLoss=0.8502]
 Training FV-alpha-s42-t3:   4%|▍         | 2/50 [00:00<00:03, 13.02it/s, Saved at =inf, TrLoss=0.8502]
 Training FV-alpha-s42-t3:   4%|▍         | 2/50 [00:00<00:03, 13.02it/s, Saved at =inf, TrLoss=0.5405]
 Training FV-alpha-s42-t3:   4%|▍         | 2/50 [00:00<00:03, 13.02it/s, Saved at =inf, TrLoss=0.5329]
 Training FV-alpha-s42-t3:   8%|▊         | 4/50 [00:00<00:03, 14.48it/s, Saved at =inf, TrLoss=0.5329]
 Training FV-alpha-s42-t3:   8%|▊         | 4/50 [00:00<00:03, 14.48it/s, Saved at =inf, TrLoss=0.4482]
 Training FV-alpha-s42-t3:   8%|▊         | 4/50 [00:00<00:03, 14.48it/s, Saved at =inf, TrLoss=0.4101]
 Training FV-alpha-s42-t3:  12%|█▏        | 6/50 [00:00<00:03, 13.44it/s, Saved at =inf, TrLoss=0.4101]
 Training FV-alpha-s42-t3:  12%|█▏        | 6/50 [00:00<00:03, 13.44it/s, Saved at =inf, TrLoss=0.3552]
 Training FV-alpha-s42-t3:  12%|█▏        | 6/50 [00:00<00:03, 13.44it/s, Saved at =inf, TrLoss=0.2996]
 Training FV-alpha-s42-t3:  16%|█▌        | 8/50 [00:00<00:02, 14.25it/s, Saved at =inf, TrLoss=0.2996]
 Training FV-alpha-s42-t3:  16%|█▌        | 8/50 [00:00<00:02, 14.25it/s, Saved at =inf, TrLoss=0.2904]
 Training FV-alpha-s42-t3:  16%|█▌        | 8/50 [00:00<00:02, 14.25it/s, Saved at =inf, TrLoss=0.3040]
 Training FV-alpha-s42-t3:  20%|██        | 10/50 [00:00<00:02, 13.63it/s, Saved at =inf, TrLoss=0.3040]
 Training FV-alpha-s42-t3:  20%|██        | 10/50 [00:00<00:02, 13.63it/s, Saved at =inf, TrLoss=0.2424]
 Training FV-alpha-s42-t3:  20%|██        | 10/50 [00:00<00:02, 13.63it/s, Saved at =inf, TrLoss=0.2223]
 Training FV-alpha-s42-t3:  24%|██▍       | 12/50 [00:00<00:02, 13.58it/s, Saved at =inf, TrLoss=0.2223]
 Training FV-alpha-s42-t3:  24%|██▍       | 12/50 [00:00<00:02, 13.58it/s, Saved at =inf, TrLoss=0.2032]
 Training FV-alpha-s42-t3:  24%|██▍       | 12/50 [00:01<00:02, 13.58it/s, Saved at =inf, TrLoss=0.2391]
 Training FV-alpha-s42-t3:  28%|██▊       | 14/50 [00:01<00:04,  8.67it/s, Saved at =inf, TrLoss=0.2391]
 Training FV-alpha-s42-t3:  28%|██▊       | 14/50 [00:01<00:04,  8.67it/s, Saved at =inf, TrLoss=0.1952]
 Training FV-alpha-s42-t3:  28%|██▊       | 14/50 [00:01<00:04,  8.67it/s, Saved at =inf, TrLoss=0.1733]
 Training FV-alpha-s42-t3:  32%|███▏      | 16/50 [00:01<00:03,  8.82it/s, Saved at =inf, TrLoss=0.1733]
 Training FV-alpha-s42-t3:  32%|███▏      | 16/50 [00:01<00:03,  8.82it/s, Saved at =inf, TrLoss=0.1654]
 Training FV-alpha-s42-t3:  32%|███▏      | 16/50 [00:01<00:03,  8.82it/s, Saved at =inf, TrLoss=0.1889]
 Training FV-alpha-s42-t3:  36%|███▌      | 18/50 [00:01<00:03,  9.77it/s, Saved at =inf, TrLoss=0.1889]
 Training FV-alpha-s42-t3:  36%|███▌      | 18/50 [00:01<00:03,  9.77it/s, Saved at =inf, TrLoss=0.2013]
 Training FV-alpha-s42-t3:  36%|███▌      | 18/50 [00:01<00:03,  9.77it/s, Saved at =inf, TrLoss=0.1741]
 Training FV-alpha-s42-t3:  40%|████      | 20/50 [00:01<00:02, 10.87it/s, Saved at =inf, TrLoss=0.1741]
 Training FV-alpha-s42-t3:  40%|████      | 20/50 [00:01<00:02, 10.87it/s, Saved at =inf, TrLoss=0.1737]
 Training FV-alpha-s42-t3:  40%|████      | 20/50 [00:02<00:02, 10.87it/s, Saved at =inf, TrLoss=0.1768]
 Training FV-alpha-s42-t3:  44%|████▍     | 22/50 [00:02<00:03,  7.57it/s, Saved at =inf, TrLoss=0.1768]
 Training FV-alpha-s42-t3:  44%|████▍     | 22/50 [00:02<00:03,  7.57it/s, Saved at =inf, TrLoss=0.1585]
 Training FV-alpha-s42-t3:  46%|████▌     | 23/50 [00:02<00:03,  7.55it/s, Saved at =inf, TrLoss=0.1585]
 Training FV-alpha-s42-t3:  46%|████▌     | 23/50 [00:02<00:03,  7.55it/s, Saved at =inf, TrLoss=0.1807]
 Training FV-alpha-s42-t3:  48%|████▊     | 24/50 [00:02<00:03,  7.89it/s, Saved at =inf, TrLoss=0.1807]
 Training FV-alpha-s42-t3:  48%|████▊     | 24/50 [00:02<00:03,  7.89it/s, Saved at =inf, TrLoss=0.1607]
 Training FV-alpha-s42-t3:  48%|████▊     | 24/50 [00:02<00:03,  7.89it/s, Saved at =inf, TrLoss=0.1528]
 Training FV-alpha-s42-t3:  52%|█████▏    | 26/50 [00:02<00:02,  9.07it/s, Saved at =inf, TrLoss=0.1528]
 Training FV-alpha-s42-t3:  52%|█████▏    | 26/50 [00:02<00:02,  9.07it/s, Saved at =inf, TrLoss=0.1543]
 Training FV-alpha-s42-t3:  52%|█████▏    | 26/50 [00:02<00:02,  9.07it/s, Saved at =inf, TrLoss=0.1615]
 Training FV-alpha-s42-t3:  56%|█████▌    | 28/50 [00:02<00:02, 10.23it/s, Saved at =inf, TrLoss=0.1615]
 Training FV-alpha-s42-t3:  56%|█████▌    | 28/50 [00:02<00:02, 10.23it/s, Saved at =inf, TrLoss=0.1536]
 Training FV-alpha-s42-t3:  56%|█████▌    | 28/50 [00:02<00:02, 10.23it/s, Saved at =inf, TrLoss=0.1626]
 Training FV-alpha-s42-t3:  60%|██████    | 30/50 [00:02<00:01, 10.10it/s, Saved at =inf, TrLoss=0.1626]
 Training FV-alpha-s42-t3:  60%|██████    | 30/50 [00:03<00:01, 10.10it/s, Saved at =inf, TrLoss=0.1600]
 Training FV-alpha-s42-t3:  60%|██████    | 30/50 [00:03<00:01, 10.10it/s, Saved at =inf, TrLoss=0.1371]
 Training FV-alpha-s42-t3:  64%|██████▍   | 32/50 [00:03<00:01, 11.26it/s, Saved at =inf, TrLoss=0.1371]
 Training FV-alpha-s42-t3:  64%|██████▍   | 32/50 [00:03<00:01, 11.26it/s, Saved at =inf, TrLoss=0.1333]
 Training FV-alpha-s42-t3:  64%|██████▍   | 32/50 [00:03<00:01, 11.26it/s, Saved at =inf, TrLoss=0.1546]
 Training FV-alpha-s42-t3:  68%|██████▊   | 34/50 [00:03<00:01, 12.30it/s, Saved at =inf, TrLoss=0.1546]
 Training FV-alpha-s42-t3:  68%|██████▊   | 34/50 [00:03<00:01, 12.30it/s, Saved at =inf, TrLoss=0.1373]
 Training FV-alpha-s42-t3:  68%|██████▊   | 34/50 [00:03<00:01, 12.30it/s, Saved at =inf, TrLoss=0.1420]
 Training FV-alpha-s42-t3:  72%|███████▏  | 36/50 [00:03<00:01, 11.28it/s, Saved at =inf, TrLoss=0.1420]
 Training FV-alpha-s42-t3:  72%|███████▏  | 36/50 [00:03<00:01, 11.28it/s, Saved at =inf, TrLoss=0.1331]
 Training FV-alpha-s42-t3:  72%|███████▏  | 36/50 [00:03<00:01, 11.28it/s, Saved at =inf, TrLoss=0.1370]
 Training FV-alpha-s42-t3:  76%|███████▌  | 38/50 [00:03<00:01,  9.70it/s, Saved at =inf, TrLoss=0.1370]
 Training FV-alpha-s42-t3:  76%|███████▌  | 38/50 [00:03<00:01,  9.70it/s, Saved at =inf, TrLoss=0.1318]
 Training FV-alpha-s42-t3:  76%|███████▌  | 38/50 [00:03<00:01,  9.70it/s, Saved at =inf, TrLoss=0.1267]
 Training FV-alpha-s42-t3:  80%|████████  | 40/50 [00:03<00:00, 10.97it/s, Saved at =inf, TrLoss=0.1267]
 Training FV-alpha-s42-t3:  80%|████████  | 40/50 [00:03<00:00, 10.97it/s, Saved at =inf, TrLoss=0.1150]
 Training FV-alpha-s42-t3:  80%|████████  | 40/50 [00:03<00:00, 10.97it/s, Saved at =inf, TrLoss=0.1142]
 Training FV-alpha-s42-t3:  84%|████████▍ | 42/50 [00:04<00:00, 11.34it/s, Saved at =inf, TrLoss=0.1142]
 Training FV-alpha-s42-t3:  84%|████████▍ | 42/50 [00:04<00:00, 11.34it/s, Saved at =inf, TrLoss=0.1161]
 Training FV-alpha-s42-t3:  84%|████████▍ | 42/50 [00:04<00:00, 11.34it/s, Saved at =inf, TrLoss=0.1470]
 Training FV-alpha-s42-t3:  88%|████████▊ | 44/50 [00:04<00:00, 10.27it/s, Saved at =inf, TrLoss=0.1470]
 Training FV-alpha-s42-t3:  88%|████████▊ | 44/50 [00:04<00:00, 10.27it/s, Saved at =inf, TrLoss=0.1320]
 Training FV-alpha-s42-t3:  88%|████████▊ | 44/50 [00:04<00:00, 10.27it/s, Saved at =inf, TrLoss=0.1120]
 Training FV-alpha-s42-t3:  92%|█████████▏| 46/50 [00:04<00:00, 10.25it/s, Saved at =inf, TrLoss=0.1120]
 Training FV-alpha-s42-t3:  92%|█████████▏| 46/50 [00:04<00:00, 10.25it/s, Saved at =inf, TrLoss=0.1410]
 Training FV-alpha-s42-t3:  92%|█████████▏| 46/50 [00:04<00:00, 10.25it/s, Saved at =inf, TrLoss=0.1238]
 Training FV-alpha-s42-t3:  96%|█████████▌| 48/50 [00:04<00:00, 10.59it/s, Saved at =inf, TrLoss=0.1238]
 Training FV-alpha-s42-t3:  96%|█████████▌| 48/50 [00:04<00:00, 10.59it/s, Saved at =inf, TrLoss=0.1311]
 Training FV-alpha-s42-t3:  96%|█████████▌| 48/50 [00:04<00:00, 10.59it/s, Saved at =inf, TrLoss=0.1237]
 Training FV-alpha-s42-t3: 100%|██████████| 50/50 [00:04<00:00, 11.17it/s, Saved at =inf, TrLoss=0.1237]
 Training FV-alpha-s42-t3: 100%|██████████| 50/50 [00:04<00:00, 10.44it/s, Saved at =inf, TrLoss=0.1237]

 Training FV-alpha-s42-t4:   0%|          | 0/50 [00:00<?, ?it/s]
 Training FV-alpha-s42-t4:   0%|          | 0/50 [00:00<?, ?it/s, Saved at =inf, TrLoss=0.7027]
 Training FV-alpha-s42-t4:   2%|▏         | 1/50 [00:00<00:06,  8.05it/s, Saved at =inf, TrLoss=0.7027]
 Training FV-alpha-s42-t4:   2%|▏         | 1/50 [00:00<00:06,  8.05it/s, Saved at =inf, TrLoss=1.2035]
 Training FV-alpha-s42-t4:   4%|▍         | 2/50 [00:00<00:06,  7.93it/s, Saved at =inf, TrLoss=1.2035]
 Training FV-alpha-s42-t4:   4%|▍         | 2/50 [00:00<00:06,  7.93it/s, Saved at =inf, TrLoss=0.5738]
 Training FV-alpha-s42-t4:   6%|▌         | 3/50 [00:00<00:05,  8.73it/s, Saved at =inf, TrLoss=0.5738]
 Training FV-alpha-s42-t4:   6%|▌         | 3/50 [00:00<00:05,  8.73it/s, Saved at =inf, TrLoss=0.5926]
 Training FV-alpha-s42-t4:   6%|▌         | 3/50 [00:00<00:05,  8.73it/s, Saved at =inf, TrLoss=0.5087]
 Training FV-alpha-s42-t4:  10%|█         | 5/50 [00:00<00:04,  9.38it/s, Saved at =inf, TrLoss=0.5087]
 Training FV-alpha-s42-t4:  10%|█         | 5/50 [00:00<00:04,  9.38it/s, Saved at =inf, TrLoss=0.5113]
 Training FV-alpha-s42-t4:  12%|█▏        | 6/50 [00:00<00:04,  9.21it/s, Saved at =inf, TrLoss=0.5113]
 Training FV-alpha-s42-t4:  12%|█▏        | 6/50 [00:00<00:04,  9.21it/s, Saved at =inf, TrLoss=0.4248]
 Training FV-alpha-s42-t4:  12%|█▏        | 6/50 [00:00<00:04,  9.21it/s, Saved at =inf, TrLoss=0.4268]
 Training FV-alpha-s42-t4:  16%|█▌        | 8/50 [00:00<00:04,  9.05it/s, Saved at =inf, TrLoss=0.4268]
 Training FV-alpha-s42-t4:  16%|█▌        | 8/50 [00:00<00:04,  9.05it/s, Saved at =inf, TrLoss=0.4037]
 Training FV-alpha-s42-t4:  16%|█▌        | 8/50 [00:01<00:04,  9.05it/s, Saved at =inf, TrLoss=0.3698]
 Training FV-alpha-s42-t4:  20%|██        | 10/50 [00:01<00:03, 10.05it/s, Saved at =inf, TrLoss=0.3698]
 Training FV-alpha-s42-t4:  20%|██        | 10/50 [00:01<00:03, 10.05it/s, Saved at =inf, TrLoss=0.3622]
 Training FV-alpha-s42-t4:  20%|██        | 10/50 [00:01<00:03, 10.05it/s, Saved at =inf, TrLoss=0.3054]
 Training FV-alpha-s42-t4:  24%|██▍       | 12/50 [00:01<00:03, 10.06it/s, Saved at =inf, TrLoss=0.3054]
 Training FV-alpha-s42-t4:  24%|██▍       | 12/50 [00:01<00:03, 10.06it/s, Saved at =inf, TrLoss=0.3122]
 Training FV-alpha-s42-t4:  24%|██▍       | 12/50 [00:01<00:03, 10.06it/s, Saved at =inf, TrLoss=0.2696]
 Training FV-alpha-s42-t4:  28%|██▊       | 14/50 [00:01<00:03,  9.22it/s, Saved at =inf, TrLoss=0.2696]
 Training FV-alpha-s42-t4:  28%|██▊       | 14/50 [00:01<00:03,  9.22it/s, Saved at =inf, TrLoss=0.2547]
 Training FV-alpha-s42-t4:  28%|██▊       | 14/50 [00:01<00:03,  9.22it/s, Saved at =inf, TrLoss=0.2456]
 Training FV-alpha-s42-t4:  32%|███▏      | 16/50 [00:01<00:04,  8.26it/s, Saved at =inf, TrLoss=0.2456]
 Training FV-alpha-s42-t4:  32%|███▏      | 16/50 [00:01<00:04,  8.26it/s, Saved at =inf, TrLoss=0.2443]
 Training FV-alpha-s42-t4:  32%|███▏      | 16/50 [00:01<00:04,  8.26it/s, Saved at =inf, TrLoss=0.2236]
 Training FV-alpha-s42-t4:  36%|███▌      | 18/50 [00:01<00:03,  9.27it/s, Saved at =inf, TrLoss=0.2236]
 Training FV-alpha-s42-t4:  36%|███▌      | 18/50 [00:02<00:03,  9.27it/s, Saved at =inf, TrLoss=0.2377]
 Training FV-alpha-s42-t4:  36%|███▌      | 18/50 [00:02<00:03,  9.27it/s, Saved at =inf, TrLoss=0.2021]
 Training FV-alpha-s42-t4:  40%|████      | 20/50 [00:02<00:03,  9.99it/s, Saved at =inf, TrLoss=0.2021]
 Training FV-alpha-s42-t4:  40%|████      | 20/50 [00:02<00:03,  9.99it/s, Saved at =inf, TrLoss=0.2307]
 Training FV-alpha-s42-t4:  40%|████      | 20/50 [00:02<00:03,  9.99it/s, Saved at =inf, TrLoss=0.2222]
 Training FV-alpha-s42-t4:  44%|████▍     | 22/50 [00:02<00:02, 10.25it/s, Saved at =inf, TrLoss=0.2222]
 Training FV-alpha-s42-t4:  44%|████▍     | 22/50 [00:02<00:02, 10.25it/s, Saved at =inf, TrLoss=0.1921]
 Training FV-alpha-s42-t4:  44%|████▍     | 22/50 [00:02<00:02, 10.25it/s, Saved at =inf, TrLoss=0.2194]
 Training FV-alpha-s42-t4:  48%|████▊     | 24/50 [00:02<00:02, 10.75it/s, Saved at =inf, TrLoss=0.2194]
 Training FV-alpha-s42-t4:  48%|████▊     | 24/50 [00:02<00:02, 10.75it/s, Saved at =inf, TrLoss=0.1925]
 Training FV-alpha-s42-t4:  48%|████▊     | 24/50 [00:02<00:02, 10.75it/s, Saved at =inf, TrLoss=0.1975]
 Training FV-alpha-s42-t4:  52%|█████▏    | 26/50 [00:02<00:02, 11.15it/s, Saved at =inf, TrLoss=0.1975]
 Training FV-alpha-s42-t4:  52%|█████▏    | 26/50 [00:02<00:02, 11.15it/s, Saved at =inf, TrLoss=0.1710]
 Training FV-alpha-s42-t4:  52%|█████▏    | 26/50 [00:02<00:02, 11.15it/s, Saved at =inf, TrLoss=0.1977]
 Training FV-alpha-s42-t4:  56%|█████▌    | 28/50 [00:02<00:01, 11.52it/s, Saved at =inf, TrLoss=0.1977]
 Training FV-alpha-s42-t4:  56%|█████▌    | 28/50 [00:02<00:01, 11.52it/s, Saved at =inf, TrLoss=0.1788]
 Training FV-alpha-s42-t4:  56%|█████▌    | 28/50 [00:02<00:01, 11.52it/s, Saved at =inf, TrLoss=0.1747]
 Training FV-alpha-s42-t4:  60%|██████    | 30/50 [00:02<00:01, 11.71it/s, Saved at =inf, TrLoss=0.1747]
 Training FV-alpha-s42-t4:  60%|██████    | 30/50 [00:03<00:01, 11.71it/s, Saved at =inf, TrLoss=0.1651]
 Training FV-alpha-s42-t4:  60%|██████    | 30/50 [00:03<00:01, 11.71it/s, Saved at =inf, TrLoss=0.1672]
 Training FV-alpha-s42-t4:  64%|██████▍   | 32/50 [00:03<00:01, 11.18it/s, Saved at =inf, TrLoss=0.1672]
 Training FV-alpha-s42-t4:  64%|██████▍   | 32/50 [00:03<00:01, 11.18it/s, Saved at =inf, TrLoss=0.1611]
 Training FV-alpha-s42-t4:  64%|██████▍   | 32/50 [00:03<00:01, 11.18it/s, Saved at =inf, TrLoss=0.1669]
 Training FV-alpha-s42-t4:  68%|██████▊   | 34/50 [00:03<00:01, 10.18it/s, Saved at =inf, TrLoss=0.1669]
 Training FV-alpha-s42-t4:  68%|██████▊   | 34/50 [00:03<00:01, 10.18it/s, Saved at =inf, TrLoss=0.1619]
 Training FV-alpha-s42-t4:  68%|██████▊   | 34/50 [00:03<00:01, 10.18it/s, Saved at =inf, TrLoss=0.1599]
 Training FV-alpha-s42-t4:  72%|███████▏  | 36/50 [00:03<00:01, 10.79it/s, Saved at =inf, TrLoss=0.1599]
 Training FV-alpha-s42-t4:  72%|███████▏  | 36/50 [00:03<00:01, 10.79it/s, Saved at =inf, TrLoss=0.1727]
 Training FV-alpha-s42-t4:  72%|███████▏  | 36/50 [00:03<00:01, 10.79it/s, Saved at =inf, TrLoss=0.1570]
 Training FV-alpha-s42-t4:  76%|███████▌  | 38/50 [00:03<00:01,  9.42it/s, Saved at =inf, TrLoss=0.1570]
 Training FV-alpha-s42-t4:  76%|███████▌  | 38/50 [00:03<00:01,  9.42it/s, Saved at =inf, TrLoss=0.1530]
 Training FV-alpha-s42-t4:  78%|███████▊  | 39/50 [00:03<00:01,  9.46it/s, Saved at =inf, TrLoss=0.1530]
 Training FV-alpha-s42-t4:  78%|███████▊  | 39/50 [00:04<00:01,  9.46it/s, Saved at =inf, TrLoss=0.1536]
 Training FV-alpha-s42-t4:  80%|████████  | 40/50 [00:04<00:01,  9.50it/s, Saved at =inf, TrLoss=0.1536]
 Training FV-alpha-s42-t4:  80%|████████  | 40/50 [00:04<00:01,  9.50it/s, Saved at =inf, TrLoss=0.1683]
 Training FV-alpha-s42-t4:  80%|████████  | 40/50 [00:04<00:01,  9.50it/s, Saved at =inf, TrLoss=0.1497]
 Training FV-alpha-s42-t4:  84%|████████▍ | 42/50 [00:04<00:00,  9.06it/s, Saved at =inf, TrLoss=0.1497]
 Training FV-alpha-s42-t4:  84%|████████▍ | 42/50 [00:04<00:00,  9.06it/s, Saved at =inf, TrLoss=0.1574]
 Training FV-alpha-s42-t4:  86%|████████▌ | 43/50 [00:04<00:00,  8.40it/s, Saved at =inf, TrLoss=0.1574]
 Training FV-alpha-s42-t4:  86%|████████▌ | 43/50 [00:04<00:00,  8.40it/s, Saved at =inf, TrLoss=0.1529]
 Training FV-alpha-s42-t4:  88%|████████▊ | 44/50 [00:04<00:00,  8.52it/s, Saved at =inf, TrLoss=0.1529]
 Training FV-alpha-s42-t4:  88%|████████▊ | 44/50 [00:04<00:00,  8.52it/s, Saved at =inf, TrLoss=0.1582]
 Training FV-alpha-s42-t4:  90%|█████████ | 45/50 [00:04<00:00,  8.34it/s, Saved at =inf, TrLoss=0.1582]
 Training FV-alpha-s42-t4:  90%|█████████ | 45/50 [00:04<00:00,  8.34it/s, Saved at =inf, TrLoss=0.1484]
 Training FV-alpha-s42-t4:  90%|█████████ | 45/50 [00:04<00:00,  8.34it/s, Saved at =inf, TrLoss=0.1431]
 Training FV-alpha-s42-t4:  94%|█████████▍| 47/50 [00:04<00:00,  9.40it/s, Saved at =inf, TrLoss=0.1431]
 Training FV-alpha-s42-t4:  94%|█████████▍| 47/50 [00:04<00:00,  9.40it/s, Saved at =inf, TrLoss=0.1404]
 Training FV-alpha-s42-t4:  94%|█████████▍| 47/50 [00:04<00:00,  9.40it/s, Saved at =inf, TrLoss=0.1459]
 Training FV-alpha-s42-t4:  98%|█████████▊| 49/50 [00:05<00:00,  9.97it/s, Saved at =inf, TrLoss=0.1459]
 Training FV-alpha-s42-t4:  98%|█████████▊| 49/50 [00:05<00:00,  9.97it/s, Saved at =inf, TrLoss=0.1451]
 Training FV-alpha-s42-t4: 100%|██████████| 50/50 [00:05<00:00,  9.78it/s, Saved at =inf, TrLoss=0.1451]

 Training FV-alpha-s42-t5:   0%|          | 0/50 [00:00<?, ?it/s]
 Training FV-alpha-s42-t5:   0%|          | 0/50 [00:00<?, ?it/s, Saved at =inf, TrLoss=0.7338]
 Training FV-alpha-s42-t5:   2%|▏         | 1/50 [00:00<00:07,  6.15it/s, Saved at =inf, TrLoss=0.7338]
 Training FV-alpha-s42-t5:   2%|▏         | 1/50 [00:00<00:07,  6.15it/s, Saved at =inf, TrLoss=0.9387]
 Training FV-alpha-s42-t5:   4%|▍         | 2/50 [00:00<00:06,  7.85it/s, Saved at =inf, TrLoss=0.9387]
 Training FV-alpha-s42-t5:   4%|▍         | 2/50 [00:00<00:06,  7.85it/s, Saved at =inf, TrLoss=0.5507]
 Training FV-alpha-s42-t5:   4%|▍         | 2/50 [00:00<00:06,  7.85it/s, Saved at =inf, TrLoss=0.5887]
 Training FV-alpha-s42-t5:   8%|▊         | 4/50 [00:00<00:05,  9.06it/s, Saved at =inf, TrLoss=0.5887]
 Training FV-alpha-s42-t5:   8%|▊         | 4/50 [00:00<00:05,  9.06it/s, Saved at =inf, TrLoss=0.4969]
 Training FV-alpha-s42-t5:   8%|▊         | 4/50 [00:00<00:05,  9.06it/s, Saved at =inf, TrLoss=0.4774]
 Training FV-alpha-s42-t5:  12%|█▏        | 6/50 [00:00<00:04,  9.23it/s, Saved at =inf, TrLoss=0.4774]
 Training FV-alpha-s42-t5:  12%|█▏        | 6/50 [00:00<00:04,  9.23it/s, Saved at =inf, TrLoss=0.4680]
 Training FV-alpha-s42-t5:  14%|█▍        | 7/50 [00:00<00:05,  7.49it/s, Saved at =inf, TrLoss=0.4680]
 Training FV-alpha-s42-t5:  14%|█▍        | 7/50 [00:00<00:05,  7.49it/s, Saved at =inf, TrLoss=0.4368]
 Training FV-alpha-s42-t5:  14%|█▍        | 7/50 [00:01<00:05,  7.49it/s, Saved at =inf, TrLoss=0.4033]
 Training FV-alpha-s42-t5:  18%|█▊        | 9/50 [00:01<00:04,  8.41it/s, Saved at =inf, TrLoss=0.4033]
 Training FV-alpha-s42-t5:  18%|█▊        | 9/50 [00:01<00:04,  8.41it/s, Saved at =inf, TrLoss=0.3915]
 Training FV-alpha-s42-t5:  20%|██        | 10/50 [00:01<00:04,  8.65it/s, Saved at =inf, TrLoss=0.3915]
 Training FV-alpha-s42-t5:  20%|██        | 10/50 [00:01<00:04,  8.65it/s, Saved at =inf, TrLoss=0.3411]
 Training FV-alpha-s42-t5:  22%|██▏       | 11/50 [00:01<00:04,  8.60it/s, Saved at =inf, TrLoss=0.3411]
 Training FV-alpha-s42-t5:  22%|██▏       | 11/50 [00:01<00:04,  8.60it/s, Saved at =inf, TrLoss=0.3468]
 Training FV-alpha-s42-t5:  22%|██▏       | 11/50 [00:01<00:04,  8.60it/s, Saved at =inf, TrLoss=0.3181]
 Training FV-alpha-s42-t5:  26%|██▌       | 13/50 [00:01<00:03,  9.32it/s, Saved at =inf, TrLoss=0.3181]
 Training FV-alpha-s42-t5:  26%|██▌       | 13/50 [00:01<00:03,  9.32it/s, Saved at =inf, TrLoss=0.3360]
 Training FV-alpha-s42-t5:  26%|██▌       | 13/50 [00:01<00:03,  9.32it/s, Saved at =inf, TrLoss=0.2691]
 Training FV-alpha-s42-t5:  30%|███       | 15/50 [00:01<00:03,  9.65it/s, Saved at =inf, TrLoss=0.2691]
 Training FV-alpha-s42-t5:  30%|███       | 15/50 [00:01<00:03,  9.65it/s, Saved at =inf, TrLoss=0.3266]
 Training FV-alpha-s42-t5:  30%|███       | 15/50 [00:01<00:03,  9.65it/s, Saved at =inf, TrLoss=0.2809]
 Training FV-alpha-s42-t5:  34%|███▍      | 17/50 [00:01<00:03,  9.83it/s, Saved at =inf, TrLoss=0.2809]
 Training FV-alpha-s42-t5:  34%|███▍      | 17/50 [00:01<00:03,  9.83it/s, Saved at =inf, TrLoss=0.2940]
 Training FV-alpha-s42-t5:  34%|███▍      | 17/50 [00:02<00:03,  9.83it/s, Saved at =inf, TrLoss=0.2783]
 Training FV-alpha-s42-t5:  38%|███▊      | 19/50 [00:02<00:03,  9.97it/s, Saved at =inf, TrLoss=0.2783]
 Training FV-alpha-s42-t5:  38%|███▊      | 19/50 [00:02<00:03,  9.97it/s, Saved at =inf, TrLoss=0.2660]
 Training FV-alpha-s42-t5:  38%|███▊      | 19/50 [00:02<00:03,  9.97it/s, Saved at =inf, TrLoss=0.2653]
 Training FV-alpha-s42-t5:  42%|████▏     | 21/50 [00:02<00:02,  9.99it/s, Saved at =inf, TrLoss=0.2653]
 Training FV-alpha-s42-t5:  42%|████▏     | 21/50 [00:02<00:02,  9.99it/s, Saved at =inf, TrLoss=0.2766]
 Training FV-alpha-s42-t5:  42%|████▏     | 21/50 [00:02<00:02,  9.99it/s, Saved at =inf, TrLoss=0.2557]
 Training FV-alpha-s42-t5:  46%|████▌     | 23/50 [00:02<00:02,  9.99it/s, Saved at =inf, TrLoss=0.2557]
 Training FV-alpha-s42-t5:  46%|████▌     | 23/50 [00:02<00:02,  9.99it/s, Saved at =inf, TrLoss=0.2536]
 Training FV-alpha-s42-t5:  46%|████▌     | 23/50 [00:02<00:02,  9.99it/s, Saved at =inf, TrLoss=0.2746]
 Training FV-alpha-s42-t5:  50%|█████     | 25/50 [00:02<00:02, 10.01it/s, Saved at =inf, TrLoss=0.2746]
 Training FV-alpha-s42-t5:  50%|█████     | 25/50 [00:02<00:02, 10.01it/s, Saved at =inf, TrLoss=0.2471]
 Training FV-alpha-s42-t5:  50%|█████     | 25/50 [00:02<00:02, 10.01it/s, Saved at =inf, TrLoss=0.2479]
 Training FV-alpha-s42-t5:  54%|█████▍    | 27/50 [00:02<00:02, 10.05it/s, Saved at =inf, TrLoss=0.2479]
 Training FV-alpha-s42-t5:  54%|█████▍    | 27/50 [00:03<00:02, 10.05it/s, Saved at =inf, TrLoss=0.2396]
 Training FV-alpha-s42-t5:  54%|█████▍    | 27/50 [00:03<00:02, 10.05it/s, Saved at =inf, TrLoss=0.2412]
 Training FV-alpha-s42-t5:  58%|█████▊    | 29/50 [00:03<00:02,  7.76it/s, Saved at =inf, TrLoss=0.2412]
 Training FV-alpha-s42-t5:  58%|█████▊    | 29/50 [00:03<00:02,  7.76it/s, Saved at =inf, TrLoss=0.2444]
 Training FV-alpha-s42-t5:  58%|█████▊    | 29/50 [00:03<00:02,  7.76it/s, Saved at =inf, TrLoss=0.2221]
 Training FV-alpha-s42-t5:  62%|██████▏   | 31/50 [00:03<00:02,  8.20it/s, Saved at =inf, TrLoss=0.2221]
 Training FV-alpha-s42-t5:  62%|██████▏   | 31/50 [00:03<00:02,  8.20it/s, Saved at =inf, TrLoss=0.2299]
 Training FV-alpha-s42-t5:  64%|██████▍   | 32/50 [00:03<00:02,  7.32it/s, Saved at =inf, TrLoss=0.2299]
 Training FV-alpha-s42-t5:  64%|██████▍   | 32/50 [00:03<00:02,  7.32it/s, Saved at =inf, TrLoss=0.2330]
 Training FV-alpha-s42-t5:  66%|██████▌   | 33/50 [00:03<00:02,  7.58it/s, Saved at =inf, TrLoss=0.2330]
 Training FV-alpha-s42-t5:  66%|██████▌   | 33/50 [00:03<00:02,  7.58it/s, Saved at =inf, TrLoss=0.2301]
 Training FV-alpha-s42-t5:  68%|██████▊   | 34/50 [00:03<00:02,  7.93it/s, Saved at =inf, TrLoss=0.2301]
 Training FV-alpha-s42-t5:  68%|██████▊   | 34/50 [00:03<00:02,  7.93it/s, Saved at =inf, TrLoss=0.2193]
 Training FV-alpha-s42-t5:  68%|██████▊   | 34/50 [00:04<00:02,  7.93it/s, Saved at =inf, TrLoss=0.2260]
 Training FV-alpha-s42-t5:  72%|███████▏  | 36/50 [00:04<00:01,  8.70it/s, Saved at =inf, TrLoss=0.2260]
 Training FV-alpha-s42-t5:  72%|███████▏  | 36/50 [00:04<00:01,  8.70it/s, Saved at =inf, TrLoss=0.2180]
 Training FV-alpha-s42-t5:  72%|███████▏  | 36/50 [00:04<00:01,  8.70it/s, Saved at =inf, TrLoss=0.2104]
 Training FV-alpha-s42-t5:  76%|███████▌  | 38/50 [00:04<00:01,  9.18it/s, Saved at =inf, TrLoss=0.2104]
 Training FV-alpha-s42-t5:  76%|███████▌  | 38/50 [00:04<00:01,  9.18it/s, Saved at =inf, TrLoss=0.2007]
 Training FV-alpha-s42-t5:  76%|███████▌  | 38/50 [00:04<00:01,  9.18it/s, Saved at =inf, TrLoss=0.2068]
 Training FV-alpha-s42-t5:  80%|████████  | 40/50 [00:04<00:01,  9.06it/s, Saved at =inf, TrLoss=0.2068]
 Training FV-alpha-s42-t5:  80%|████████  | 40/50 [00:04<00:01,  9.06it/s, Saved at =inf, TrLoss=0.2048]
 Training FV-alpha-s42-t5:  80%|████████  | 40/50 [00:04<00:01,  9.06it/s, Saved at =inf, TrLoss=0.2064]
 Training FV-alpha-s42-t5:  84%|████████▍ | 42/50 [00:04<00:00,  9.37it/s, Saved at =inf, TrLoss=0.2064]
 Training FV-alpha-s42-t5:  84%|████████▍ | 42/50 [00:04<00:00,  9.37it/s, Saved at =inf, TrLoss=0.2058]
 Training FV-alpha-s42-t5:  84%|████████▍ | 42/50 [00:04<00:00,  9.37it/s, Saved at =inf, TrLoss=0.2003]
 Training FV-alpha-s42-t5:  88%|████████▊ | 44/50 [00:04<00:00,  9.59it/s, Saved at =inf, TrLoss=0.2003]
 Training FV-alpha-s42-t5:  88%|████████▊ | 44/50 [00:04<00:00,  9.59it/s, Saved at =inf, TrLoss=0.1921]
 Training FV-alpha-s42-t5:  88%|████████▊ | 44/50 [00:05<00:00,  9.59it/s, Saved at =inf, TrLoss=0.1873]
 Training FV-alpha-s42-t5:  92%|█████████▏| 46/50 [00:05<00:00,  9.73it/s, Saved at =inf, TrLoss=0.1873]
 Training FV-alpha-s42-t5:  92%|█████████▏| 46/50 [00:05<00:00,  9.73it/s, Saved at =inf, TrLoss=0.1891]
 Training FV-alpha-s42-t5:  94%|█████████▍| 47/50 [00:05<00:00,  9.72it/s, Saved at =inf, TrLoss=0.1891]
 Training FV-alpha-s42-t5:  94%|█████████▍| 47/50 [00:05<00:00,  9.72it/s, Saved at =inf, TrLoss=0.1872]
 Training FV-alpha-s42-t5:  94%|█████████▍| 47/50 [00:05<00:00,  9.72it/s, Saved at =inf, TrLoss=0.1840]
 Training FV-alpha-s42-t5:  98%|█████████▊| 49/50 [00:05<00:00,  9.91it/s, Saved at =inf, TrLoss=0.1840]
 Training FV-alpha-s42-t5:  98%|█████████▊| 49/50 [00:05<00:00,  9.91it/s, Saved at =inf, TrLoss=0.1813]
 Training FV-alpha-s42-t5: 100%|██████████| 50/50 [00:05<00:00,  9.07it/s, Saved at =inf, TrLoss=0.1813]

 Training FV-alpha-s42-t6:   0%|          | 0/50 [00:00<?, ?it/s]
 Training FV-alpha-s42-t6:   0%|          | 0/50 [00:00<?, ?it/s, Saved at =inf, TrLoss=0.7037]
 Training FV-alpha-s42-t6:   2%|▏         | 1/50 [00:00<00:06,  7.89it/s, Saved at =inf, TrLoss=0.7037]
 Training FV-alpha-s42-t6:   2%|▏         | 1/50 [00:00<00:06,  7.89it/s, Saved at =inf, TrLoss=0.6970]
 Training FV-alpha-s42-t6:   4%|▍         | 2/50 [00:00<00:05,  8.12it/s, Saved at =inf, TrLoss=0.6970]
 Training FV-alpha-s42-t6:   4%|▍         | 2/50 [00:00<00:05,  8.12it/s, Saved at =inf, TrLoss=0.5857]
 Training FV-alpha-s42-t6:   6%|▌         | 3/50 [00:00<00:05,  8.38it/s, Saved at =inf, TrLoss=0.5857]
 Training FV-alpha-s42-t6:   6%|▌         | 3/50 [00:00<00:05,  8.38it/s, Saved at =inf, TrLoss=0.5315]
 Training FV-alpha-s42-t6:   8%|▊         | 4/50 [00:00<00:05,  8.36it/s, Saved at =inf, TrLoss=0.5315]
 Training FV-alpha-s42-t6:   8%|▊         | 4/50 [00:00<00:05,  8.36it/s, Saved at =inf, TrLoss=0.4799]
 Training FV-alpha-s42-t6:  10%|█         | 5/50 [00:00<00:05,  8.37it/s, Saved at =inf, TrLoss=0.4799]
 Training FV-alpha-s42-t6:  10%|█         | 5/50 [00:00<00:05,  8.37it/s, Saved at =inf, TrLoss=0.4629]
 Training FV-alpha-s42-t6:  12%|█▏        | 6/50 [00:00<00:05,  8.47it/s, Saved at =inf, TrLoss=0.4629]
 Training FV-alpha-s42-t6:  12%|█▏        | 6/50 [00:00<00:05,  8.47it/s, Saved at =inf, TrLoss=0.4402]
 Training FV-alpha-s42-t6:  14%|█▍        | 7/50 [00:00<00:05,  8.46it/s, Saved at =inf, TrLoss=0.4402]
 Training FV-alpha-s42-t6:  14%|█▍        | 7/50 [00:00<00:05,  8.46it/s, Saved at =inf, TrLoss=0.4063]
 Training FV-alpha-s42-t6:  16%|█▌        | 8/50 [00:00<00:04,  8.46it/s, Saved at =inf, TrLoss=0.4063]
 Training FV-alpha-s42-t6:  16%|█▌        | 8/50 [00:01<00:04,  8.46it/s, Saved at =inf, TrLoss=0.3679]
 Training FV-alpha-s42-t6:  18%|█▊        | 9/50 [00:01<00:04,  8.58it/s, Saved at =inf, TrLoss=0.3679]
 Training FV-alpha-s42-t6:  18%|█▊        | 9/50 [00:01<00:04,  8.58it/s, Saved at =inf, TrLoss=0.3438]
 Training FV-alpha-s42-t6:  20%|██        | 10/50 [00:01<00:05,  7.99it/s, Saved at =inf, TrLoss=0.3438]
 Training FV-alpha-s42-t6:  20%|██        | 10/50 [00:01<00:05,  7.99it/s, Saved at =inf, TrLoss=0.3678]
 Training FV-alpha-s42-t6:  22%|██▏       | 11/50 [00:01<00:05,  6.68it/s, Saved at =inf, TrLoss=0.3678]
 Training FV-alpha-s42-t6:  22%|██▏       | 11/50 [00:01<00:05,  6.68it/s, Saved at =inf, TrLoss=0.3995]
 Training FV-alpha-s42-t6:  24%|██▍       | 12/50 [00:01<00:06,  6.24it/s, Saved at =inf, TrLoss=0.3995]
 Training FV-alpha-s42-t6:  24%|██▍       | 12/50 [00:01<00:06,  6.24it/s, Saved at =inf, TrLoss=0.3115]
 Training FV-alpha-s42-t6:  26%|██▌       | 13/50 [00:01<00:05,  6.51it/s, Saved at =inf, TrLoss=0.3115]
 Training FV-alpha-s42-t6:  26%|██▌       | 13/50 [00:01<00:05,  6.51it/s, Saved at =inf, TrLoss=0.3775]
 Training FV-alpha-s42-t6:  28%|██▊       | 14/50 [00:01<00:05,  7.03it/s, Saved at =inf, TrLoss=0.3775]
 Training FV-alpha-s42-t6:  28%|██▊       | 14/50 [00:01<00:05,  7.03it/s, Saved at =inf, TrLoss=0.2842]
 Training FV-alpha-s42-t6:  30%|███       | 15/50 [00:01<00:04,  7.39it/s, Saved at =inf, TrLoss=0.2842]
 Training FV-alpha-s42-t6:  30%|███       | 15/50 [00:02<00:04,  7.39it/s, Saved at =inf, TrLoss=0.3427]
 Training FV-alpha-s42-t6:  32%|███▏      | 16/50 [00:02<00:04,  7.69it/s, Saved at =inf, TrLoss=0.3427]
 Training FV-alpha-s42-t6:  32%|███▏      | 16/50 [00:02<00:04,  7.69it/s, Saved at =inf, TrLoss=0.2991]
 Training FV-alpha-s42-t6:  34%|███▍      | 17/50 [00:02<00:04,  7.77it/s, Saved at =inf, TrLoss=0.2991]
 Training FV-alpha-s42-t6:  34%|███▍      | 17/50 [00:02<00:04,  7.77it/s, Saved at =inf, TrLoss=0.2990]
 Training FV-alpha-s42-t6:  36%|███▌      | 18/50 [00:02<00:04,  7.73it/s, Saved at =inf, TrLoss=0.2990]
 Training FV-alpha-s42-t6:  36%|███▌      | 18/50 [00:02<00:04,  7.73it/s, Saved at =inf, TrLoss=0.3093]
 Training FV-alpha-s42-t6:  38%|███▊      | 19/50 [00:02<00:04,  7.54it/s, Saved at =inf, TrLoss=0.3093]
 Training FV-alpha-s42-t6:  38%|███▊      | 19/50 [00:02<00:04,  7.54it/s, Saved at =inf, TrLoss=0.2659]
 Training FV-alpha-s42-t6:  40%|████      | 20/50 [00:02<00:04,  7.36it/s, Saved at =inf, TrLoss=0.2659]
 Training FV-alpha-s42-t6:  40%|████      | 20/50 [00:02<00:04,  7.36it/s, Saved at =inf, TrLoss=0.2885]
 Training FV-alpha-s42-t6:  42%|████▏     | 21/50 [00:02<00:03,  7.61it/s, Saved at =inf, TrLoss=0.2885]
 Training FV-alpha-s42-t6:  42%|████▏     | 21/50 [00:02<00:03,  7.61it/s, Saved at =inf, TrLoss=0.2636]
 Training FV-alpha-s42-t6:  44%|████▍     | 22/50 [00:02<00:03,  7.85it/s, Saved at =inf, TrLoss=0.2636]
 Training FV-alpha-s42-t6:  44%|████▍     | 22/50 [00:02<00:03,  7.85it/s, Saved at =inf, TrLoss=0.2655]
 Training FV-alpha-s42-t6:  46%|████▌     | 23/50 [00:02<00:03,  8.04it/s, Saved at =inf, TrLoss=0.2655]
 Training FV-alpha-s42-t6:  46%|████▌     | 23/50 [00:03<00:03,  8.04it/s, Saved at =inf, TrLoss=0.2692]
 Training FV-alpha-s42-t6:  48%|████▊     | 24/50 [00:03<00:03,  7.44it/s, Saved at =inf, TrLoss=0.2692]
 Training FV-alpha-s42-t6:  48%|████▊     | 24/50 [00:03<00:03,  7.44it/s, Saved at =inf, TrLoss=0.2596]
 Training FV-alpha-s42-t6:  50%|█████     | 25/50 [00:03<00:03,  7.07it/s, Saved at =inf, TrLoss=0.2596]
 Training FV-alpha-s42-t6:  50%|█████     | 25/50 [00:03<00:03,  7.07it/s, Saved at =inf, TrLoss=0.2597]
 Training FV-alpha-s42-t6:  52%|█████▏    | 26/50 [00:03<00:03,  6.79it/s, Saved at =inf, TrLoss=0.2597]
 Training FV-alpha-s42-t6:  52%|█████▏    | 26/50 [00:03<00:03,  6.79it/s, Saved at =inf, TrLoss=0.2372]
 Training FV-alpha-s42-t6:  54%|█████▍    | 27/50 [00:03<00:03,  7.21it/s, Saved at =inf, TrLoss=0.2372]
 Training FV-alpha-s42-t6:  54%|█████▍    | 27/50 [00:03<00:03,  7.21it/s, Saved at =inf, TrLoss=0.2659]
 Training FV-alpha-s42-t6:  56%|█████▌    | 28/50 [00:03<00:02,  7.58it/s, Saved at =inf, TrLoss=0.2659]
 Training FV-alpha-s42-t6:  56%|█████▌    | 28/50 [00:03<00:02,  7.58it/s, Saved at =inf, TrLoss=0.2463]
 Training FV-alpha-s42-t6:  58%|█████▊    | 29/50 [00:03<00:02,  7.85it/s, Saved at =inf, TrLoss=0.2463]
 Training FV-alpha-s42-t6:  58%|█████▊    | 29/50 [00:03<00:02,  7.85it/s, Saved at =inf, TrLoss=0.2501]
 Training FV-alpha-s42-t6:  60%|██████    | 30/50 [00:03<00:02,  8.18it/s, Saved at =inf, TrLoss=0.2501]
 Training FV-alpha-s42-t6:  60%|██████    | 30/50 [00:04<00:02,  8.18it/s, Saved at =inf, TrLoss=0.2319]
 Training FV-alpha-s42-t6:  62%|██████▏   | 31/50 [00:04<00:02,  8.32it/s, Saved at =inf, TrLoss=0.2319]
 Training FV-alpha-s42-t6:  62%|██████▏   | 31/50 [00:04<00:02,  8.32it/s, Saved at =inf, TrLoss=0.2356]
 Training FV-alpha-s42-t6:  64%|██████▍   | 32/50 [00:04<00:02,  8.40it/s, Saved at =inf, TrLoss=0.2356]
 Training FV-alpha-s42-t6:  64%|██████▍   | 32/50 [00:04<00:02,  8.40it/s, Saved at =inf, TrLoss=0.2326]
 Training FV-alpha-s42-t6:  66%|██████▌   | 33/50 [00:04<00:02,  8.44it/s, Saved at =inf, TrLoss=0.2326]
 Training FV-alpha-s42-t6:  66%|██████▌   | 33/50 [00:04<00:02,  8.44it/s, Saved at =inf, TrLoss=0.2338]
 Training FV-alpha-s42-t6:  68%|██████▊   | 34/50 [00:04<00:01,  8.19it/s, Saved at =inf, TrLoss=0.2338]
 Training FV-alpha-s42-t6:  68%|██████▊   | 34/50 [00:04<00:01,  8.19it/s, Saved at =inf, TrLoss=0.2288]
 Training FV-alpha-s42-t6:  70%|███████   | 35/50 [00:04<00:02,  6.84it/s, Saved at =inf, TrLoss=0.2288]
 Training FV-alpha-s42-t6:  70%|███████   | 35/50 [00:04<00:02,  6.84it/s, Saved at =inf, TrLoss=0.2224]
 Training FV-alpha-s42-t6:  72%|███████▏  | 36/50 [00:04<00:02,  6.70it/s, Saved at =inf, TrLoss=0.2224]
 Training FV-alpha-s42-t6:  72%|███████▏  | 36/50 [00:04<00:02,  6.70it/s, Saved at =inf, TrLoss=0.2342]
 Training FV-alpha-s42-t6:  74%|███████▍  | 37/50 [00:04<00:01,  6.80it/s, Saved at =inf, TrLoss=0.2342]
 Training FV-alpha-s42-t6:  74%|███████▍  | 37/50 [00:04<00:01,  6.80it/s, Saved at =inf, TrLoss=0.2145]
 Training FV-alpha-s42-t6:  76%|███████▌  | 38/50 [00:05<00:01,  7.19it/s, Saved at =inf, TrLoss=0.2145]
 Training FV-alpha-s42-t6:  76%|███████▌  | 38/50 [00:05<00:01,  7.19it/s, Saved at =inf, TrLoss=0.2113]
 Training FV-alpha-s42-t6:  78%|███████▊  | 39/50 [00:05<00:01,  7.51it/s, Saved at =inf, TrLoss=0.2113]
 Training FV-alpha-s42-t6:  78%|███████▊  | 39/50 [00:05<00:01,  7.51it/s, Saved at =inf, TrLoss=0.2109]
 Training FV-alpha-s42-t6:  80%|████████  | 40/50 [00:05<00:01,  7.81it/s, Saved at =inf, TrLoss=0.2109]
 Training FV-alpha-s42-t6:  80%|████████  | 40/50 [00:05<00:01,  7.81it/s, Saved at =inf, TrLoss=0.2265]
 Training FV-alpha-s42-t6:  82%|████████▏ | 41/50 [00:05<00:01,  7.92it/s, Saved at =inf, TrLoss=0.2265]
 Training FV-alpha-s42-t6:  82%|████████▏ | 41/50 [00:05<00:01,  7.92it/s, Saved at =inf, TrLoss=0.2079]
 Training FV-alpha-s42-t6:  84%|████████▍ | 42/50 [00:05<00:01,  7.94it/s, Saved at =inf, TrLoss=0.2079]
 Training FV-alpha-s42-t6:  84%|████████▍ | 42/50 [00:05<00:01,  7.94it/s, Saved at =inf, TrLoss=0.2152]
 Training FV-alpha-s42-t6:  86%|████████▌ | 43/50 [00:05<00:00,  8.07it/s, Saved at =inf, TrLoss=0.2152]
 Training FV-alpha-s42-t6:  86%|████████▌ | 43/50 [00:05<00:00,  8.07it/s, Saved at =inf, TrLoss=0.2029]
 Training FV-alpha-s42-t6:  88%|████████▊ | 44/50 [00:05<00:00,  8.08it/s, Saved at =inf, TrLoss=0.2029]
 Training FV-alpha-s42-t6:  88%|████████▊ | 44/50 [00:05<00:00,  8.08it/s, Saved at =inf, TrLoss=0.2179]
 Training FV-alpha-s42-t6:  90%|█████████ | 45/50 [00:05<00:00,  7.71it/s, Saved at =inf, TrLoss=0.2179]
 Training FV-alpha-s42-t6:  90%|█████████ | 45/50 [00:05<00:00,  7.71it/s, Saved at =inf, TrLoss=0.1921]
 Training FV-alpha-s42-t6:  92%|█████████▏| 46/50 [00:06<00:00,  7.95it/s, Saved at =inf, TrLoss=0.1921]
 Training FV-alpha-s42-t6:  92%|█████████▏| 46/50 [00:06<00:00,  7.95it/s, Saved at =inf, TrLoss=0.1978]
 Training FV-alpha-s42-t6:  94%|█████████▍| 47/50 [00:06<00:00,  8.11it/s, Saved at =inf, TrLoss=0.1978]
 Training FV-alpha-s42-t6:  94%|█████████▍| 47/50 [00:06<00:00,  8.11it/s, Saved at =inf, TrLoss=0.1904]
 Training FV-alpha-s42-t6:  96%|█████████▌| 48/50 [00:06<00:00,  8.19it/s, Saved at =inf, TrLoss=0.1904]
 Training FV-alpha-s42-t6:  96%|█████████▌| 48/50 [00:06<00:00,  8.19it/s, Saved at =inf, TrLoss=0.1923]
 Training FV-alpha-s42-t6:  98%|█████████▊| 49/50 [00:06<00:00,  7.04it/s, Saved at =inf, TrLoss=0.1923]
 Training FV-alpha-s42-t6:  98%|█████████▊| 49/50 [00:06<00:00,  7.04it/s, Saved at =inf, TrLoss=0.1909]
 Training FV-alpha-s42-t6: 100%|██████████| 50/50 [00:06<00:00,  7.37it/s, Saved at =inf, TrLoss=0.1909]
 Training FV-alpha-s42-t6: 100%|██████████| 50/50 [00:06<00:00,  7.62it/s, Saved at =inf, TrLoss=0.1909]

 Training FV-alpha-s42-t7:   0%|          | 0/50 [00:00<?, ?it/s]
 Training FV-alpha-s42-t7:   0%|          | 0/50 [00:00<?, ?it/s, Saved at =inf, TrLoss=0.6890]
 Training FV-alpha-s42-t7:   2%|▏         | 1/50 [00:00<00:07,  6.42it/s, Saved at =inf, TrLoss=0.6890]
 Training FV-alpha-s42-t7:   2%|▏         | 1/50 [00:00<00:07,  6.42it/s, Saved at =inf, TrLoss=0.6662]
 Training FV-alpha-s42-t7:   4%|▍         | 2/50 [00:00<00:07,  6.10it/s, Saved at =inf, TrLoss=0.6662]
 Training FV-alpha-s42-t7:   4%|▍         | 2/50 [00:00<00:07,  6.10it/s, Saved at =inf, TrLoss=0.6719]
 Training FV-alpha-s42-t7:   6%|▌         | 3/50 [00:00<00:07,  6.51it/s, Saved at =inf, TrLoss=0.6719]
 Training FV-alpha-s42-t7:   6%|▌         | 3/50 [00:00<00:07,  6.51it/s, Saved at =inf, TrLoss=0.5635]
 Training FV-alpha-s42-t7:   8%|▊         | 4/50 [00:00<00:06,  6.82it/s, Saved at =inf, TrLoss=0.5635]
 Training FV-alpha-s42-t7:   8%|▊         | 4/50 [00:00<00:06,  6.82it/s, Saved at =inf, TrLoss=0.5028]
 Training FV-alpha-s42-t7:  10%|█         | 5/50 [00:00<00:06,  6.98it/s, Saved at =inf, TrLoss=0.5028]
 Training FV-alpha-s42-t7:  10%|█         | 5/50 [00:00<00:06,  6.98it/s, Saved at =inf, TrLoss=0.5343]
 Training FV-alpha-s42-t7:  12%|█▏        | 6/50 [00:00<00:06,  7.06it/s, Saved at =inf, TrLoss=0.5343]
 Training FV-alpha-s42-t7:  12%|█▏        | 6/50 [00:00<00:06,  7.06it/s, Saved at =inf, TrLoss=0.5298]
 Training FV-alpha-s42-t7:  14%|█▍        | 7/50 [00:01<00:06,  7.00it/s, Saved at =inf, TrLoss=0.5298]
 Training FV-alpha-s42-t7:  14%|█▍        | 7/50 [00:01<00:06,  7.00it/s, Saved at =inf, TrLoss=0.4711]
 Training FV-alpha-s42-t7:  16%|█▌        | 8/50 [00:01<00:05,  7.11it/s, Saved at =inf, TrLoss=0.4711]
 Training FV-alpha-s42-t7:  16%|█▌        | 8/50 [00:01<00:05,  7.11it/s, Saved at =inf, TrLoss=0.4302]
 Training FV-alpha-s42-t7:  18%|█▊        | 9/50 [00:01<00:05,  7.12it/s, Saved at =inf, TrLoss=0.4302]
 Training FV-alpha-s42-t7:  18%|█▊        | 9/50 [00:01<00:05,  7.12it/s, Saved at =inf, TrLoss=0.4228]
 Training FV-alpha-s42-t7:  20%|██        | 10/50 [00:01<00:05,  7.20it/s, Saved at =inf, TrLoss=0.4228]
 Training FV-alpha-s42-t7:  20%|██        | 10/50 [00:01<00:05,  7.20it/s, Saved at =inf, TrLoss=0.3958]
 Training FV-alpha-s42-t7:  22%|██▏       | 11/50 [00:01<00:05,  7.18it/s, Saved at =inf, TrLoss=0.3958]
 Training FV-alpha-s42-t7:  22%|██▏       | 11/50 [00:01<00:05,  7.18it/s, Saved at =inf, TrLoss=0.3557]
 Training FV-alpha-s42-t7:  24%|██▍       | 12/50 [00:01<00:05,  7.18it/s, Saved at =inf, TrLoss=0.3557]
 Training FV-alpha-s42-t7:  24%|██▍       | 12/50 [00:01<00:05,  7.18it/s, Saved at =inf, TrLoss=0.3855]
 Training FV-alpha-s42-t7:  26%|██▌       | 13/50 [00:01<00:05,  7.19it/s, Saved at =inf, TrLoss=0.3855]
 Training FV-alpha-s42-t7:  26%|██▌       | 13/50 [00:01<00:05,  7.19it/s, Saved at =inf, TrLoss=0.3427]
 Training FV-alpha-s42-t7:  28%|██▊       | 14/50 [00:01<00:05,  7.09it/s, Saved at =inf, TrLoss=0.3427]
 Training FV-alpha-s42-t7:  28%|██▊       | 14/50 [00:02<00:05,  7.09it/s, Saved at =inf, TrLoss=0.3337]
 Training FV-alpha-s42-t7:  30%|███       | 15/50 [00:02<00:06,  5.56it/s, Saved at =inf, TrLoss=0.3337]
 Training FV-alpha-s42-t7:  30%|███       | 15/50 [00:02<00:06,  5.56it/s, Saved at =inf, TrLoss=0.3177]
 Training FV-alpha-s42-t7:  32%|███▏      | 16/50 [00:02<00:05,  5.68it/s, Saved at =inf, TrLoss=0.3177]
 Training FV-alpha-s42-t7:  32%|███▏      | 16/50 [00:02<00:05,  5.68it/s, Saved at =inf, TrLoss=0.3342]
 Training FV-alpha-s42-t7:  34%|███▍      | 17/50 [00:02<00:06,  4.83it/s, Saved at =inf, TrLoss=0.3342]
 Training FV-alpha-s42-t7:  34%|███▍      | 17/50 [00:02<00:06,  4.83it/s, Saved at =inf, TrLoss=0.3099]
 Training FV-alpha-s42-t7:  36%|███▌      | 18/50 [00:02<00:06,  4.72it/s, Saved at =inf, TrLoss=0.3099]
 Training FV-alpha-s42-t7:  36%|███▌      | 18/50 [00:03<00:06,  4.72it/s, Saved at =inf, TrLoss=0.3067]
 Training FV-alpha-s42-t7:  38%|███▊      | 19/50 [00:03<00:06,  4.88it/s, Saved at =inf, TrLoss=0.3067]
 Training FV-alpha-s42-t7:  38%|███▊      | 19/50 [00:03<00:06,  4.88it/s, Saved at =inf, TrLoss=0.2858]
 Training FV-alpha-s42-t7:  40%|████      | 20/50 [00:03<00:06,  4.70it/s, Saved at =inf, TrLoss=0.2858]
 Training FV-alpha-s42-t7:  40%|████      | 20/50 [00:03<00:06,  4.70it/s, Saved at =inf, TrLoss=0.2885]
 Training FV-alpha-s42-t7:  42%|████▏     | 21/50 [00:03<00:05,  5.07it/s, Saved at =inf, TrLoss=0.2885]
 Training FV-alpha-s42-t7:  42%|████▏     | 21/50 [00:03<00:05,  5.07it/s, Saved at =inf, TrLoss=0.2859]
 Training FV-alpha-s42-t7:  44%|████▍     | 22/50 [00:03<00:05,  5.58it/s, Saved at =inf, TrLoss=0.2859]
 Training FV-alpha-s42-t7:  44%|████▍     | 22/50 [00:03<00:05,  5.58it/s, Saved at =inf, TrLoss=0.2974]
 Training FV-alpha-s42-t7:  46%|████▌     | 23/50 [00:03<00:04,  6.05it/s, Saved at =inf, TrLoss=0.2974]
 Training FV-alpha-s42-t7:  46%|████▌     | 23/50 [00:03<00:04,  6.05it/s, Saved at =inf, TrLoss=0.2738]
 Training FV-alpha-s42-t7:  48%|████▊     | 24/50 [00:04<00:05,  5.19it/s, Saved at =inf, TrLoss=0.2738]
 Training FV-alpha-s42-t7:  48%|████▊     | 24/50 [00:04<00:05,  5.19it/s, Saved at =inf, TrLoss=0.2814]
 Training FV-alpha-s42-t7:  50%|█████     | 25/50 [00:04<00:04,  5.36it/s, Saved at =inf, TrLoss=0.2814]
 Training FV-alpha-s42-t7:  50%|█████     | 25/50 [00:04<00:04,  5.36it/s, Saved at =inf, TrLoss=0.2653]
 Training FV-alpha-s42-t7:  52%|█████▏    | 26/50 [00:04<00:04,  5.51it/s, Saved at =inf, TrLoss=0.2653]
 Training FV-alpha-s42-t7:  52%|█████▏    | 26/50 [00:04<00:04,  5.51it/s, Saved at =inf, TrLoss=0.2544]
 Training FV-alpha-s42-t7:  54%|█████▍    | 27/50 [00:04<00:04,  5.12it/s, Saved at =inf, TrLoss=0.2544]
 Training FV-alpha-s42-t7:  54%|█████▍    | 27/50 [00:04<00:04,  5.12it/s, Saved at =inf, TrLoss=0.2653]
 Training FV-alpha-s42-t7:  56%|█████▌    | 28/50 [00:04<00:04,  4.99it/s, Saved at =inf, TrLoss=0.2653]
 Training FV-alpha-s42-t7:  56%|█████▌    | 28/50 [00:04<00:04,  4.99it/s, Saved at =inf, TrLoss=0.2620]
 Training FV-alpha-s42-t7:  58%|█████▊    | 29/50 [00:04<00:03,  5.50it/s, Saved at =inf, TrLoss=0.2620]
 Training FV-alpha-s42-t7:  58%|█████▊    | 29/50 [00:05<00:03,  5.50it/s, Saved at =inf, TrLoss=0.2517]
 Training FV-alpha-s42-t7:  60%|██████    | 30/50 [00:05<00:03,  5.48it/s, Saved at =inf, TrLoss=0.2517]
 Training FV-alpha-s42-t7:  60%|██████    | 30/50 [00:05<00:03,  5.48it/s, Saved at =inf, TrLoss=0.2519]
 Training FV-alpha-s42-t7:  62%|██████▏   | 31/50 [00:05<00:03,  5.23it/s, Saved at =inf, TrLoss=0.2519]
 Training FV-alpha-s42-t7:  62%|██████▏   | 31/50 [00:05<00:03,  5.23it/s, Saved at =inf, TrLoss=0.2480]
 Training FV-alpha-s42-t7:  64%|██████▍   | 32/50 [00:05<00:03,  5.68it/s, Saved at =inf, TrLoss=0.2480]
 Training FV-alpha-s42-t7:  64%|██████▍   | 32/50 [00:05<00:03,  5.68it/s, Saved at =inf, TrLoss=0.2414]
 Training FV-alpha-s42-t7:  66%|██████▌   | 33/50 [00:05<00:02,  6.06it/s, Saved at =inf, TrLoss=0.2414]
 Training FV-alpha-s42-t7:  66%|██████▌   | 33/50 [00:05<00:02,  6.06it/s, Saved at =inf, TrLoss=0.2355]
 Training FV-alpha-s42-t7:  68%|██████▊   | 34/50 [00:05<00:02,  5.95it/s, Saved at =inf, TrLoss=0.2355]
 Training FV-alpha-s42-t7:  68%|██████▊   | 34/50 [00:06<00:02,  5.95it/s, Saved at =inf, TrLoss=0.2361]
 Training FV-alpha-s42-t7:  70%|███████   | 35/50 [00:06<00:03,  4.53it/s, Saved at =inf, TrLoss=0.2361]
 Training FV-alpha-s42-t7:  70%|███████   | 35/50 [00:06<00:03,  4.53it/s, Saved at =inf, TrLoss=0.2358]
 Training FV-alpha-s42-t7:  72%|███████▏  | 36/50 [00:06<00:02,  5.06it/s, Saved at =inf, TrLoss=0.2358]
 Training FV-alpha-s42-t7:  72%|███████▏  | 36/50 [00:06<00:02,  5.06it/s, Saved at =inf, TrLoss=0.2343]
 Training FV-alpha-s42-t7:  74%|███████▍  | 37/50 [00:06<00:02,  5.53it/s, Saved at =inf, TrLoss=0.2343]
 Training FV-alpha-s42-t7:  74%|███████▍  | 37/50 [00:06<00:02,  5.53it/s, Saved at =inf, TrLoss=0.2295]
 Training FV-alpha-s42-t7:  76%|███████▌  | 38/50 [00:06<00:02,  5.91it/s, Saved at =inf, TrLoss=0.2295]
 Training FV-alpha-s42-t7:  76%|███████▌  | 38/50 [00:06<00:02,  5.91it/s, Saved at =inf, TrLoss=0.2354]
 Training FV-alpha-s42-t7:  78%|███████▊  | 39/50 [00:06<00:01,  6.21it/s, Saved at =inf, TrLoss=0.2354]
 Training FV-alpha-s42-t7:  78%|███████▊  | 39/50 [00:06<00:01,  6.21it/s, Saved at =inf, TrLoss=0.2246]
 Training FV-alpha-s42-t7:  80%|████████  | 40/50 [00:06<00:01,  6.20it/s, Saved at =inf, TrLoss=0.2246]
 Training FV-alpha-s42-t7:  80%|████████  | 40/50 [00:07<00:01,  6.20it/s, Saved at =inf, TrLoss=0.2251]
 Training FV-alpha-s42-t7:  82%|████████▏ | 41/50 [00:07<00:01,  5.38it/s, Saved at =inf, TrLoss=0.2251]
 Training FV-alpha-s42-t7:  82%|████████▏ | 41/50 [00:07<00:01,  5.38it/s, Saved at =inf, TrLoss=0.2206]
 Training FV-alpha-s42-t7:  84%|████████▍ | 42/50 [00:07<00:01,  5.09it/s, Saved at =inf, TrLoss=0.2206]
 Training FV-alpha-s42-t7:  84%|████████▍ | 42/50 [00:07<00:01,  5.09it/s, Saved at =inf, TrLoss=0.2120]
 Training FV-alpha-s42-t7:  86%|████████▌ | 43/50 [00:07<00:01,  5.58it/s, Saved at =inf, TrLoss=0.2120]
 Training FV-alpha-s42-t7:  86%|████████▌ | 43/50 [00:07<00:01,  5.58it/s, Saved at =inf, TrLoss=0.2262]
 Training FV-alpha-s42-t7:  88%|████████▊ | 44/50 [00:07<00:01,  5.97it/s, Saved at =inf, TrLoss=0.2262]
 Training FV-alpha-s42-t7:  88%|████████▊ | 44/50 [00:07<00:01,  5.97it/s, Saved at =inf, TrLoss=0.2149]
 Training FV-alpha-s42-t7:  90%|█████████ | 45/50 [00:07<00:00,  6.06it/s, Saved at =inf, TrLoss=0.2149]
 Training FV-alpha-s42-t7:  90%|█████████ | 45/50 [00:07<00:00,  6.06it/s, Saved at =inf, TrLoss=0.2078]
 Training FV-alpha-s42-t7:  92%|█████████▏| 46/50 [00:07<00:00,  6.38it/s, Saved at =inf, TrLoss=0.2078]
 Training FV-alpha-s42-t7:  92%|█████████▏| 46/50 [00:08<00:00,  6.38it/s, Saved at =inf, TrLoss=0.2063]
 Training FV-alpha-s42-t7:  94%|█████████▍| 47/50 [00:08<00:00,  6.28it/s, Saved at =inf, TrLoss=0.2063]
 Training FV-alpha-s42-t7:  94%|█████████▍| 47/50 [00:08<00:00,  6.28it/s, Saved at =inf, TrLoss=0.2068]
 Training FV-alpha-s42-t7:  96%|█████████▌| 48/50 [00:08<00:00,  5.91it/s, Saved at =inf, TrLoss=0.2068]
 Training FV-alpha-s42-t7:  96%|█████████▌| 48/50 [00:08<00:00,  5.91it/s, Saved at =inf, TrLoss=0.2058]
 Training FV-alpha-s42-t7:  98%|█████████▊| 49/50 [00:08<00:00,  4.39it/s, Saved at =inf, TrLoss=0.2058]
 Training FV-alpha-s42-t7:  98%|█████████▊| 49/50 [00:08<00:00,  4.39it/s, Saved at =inf, TrLoss=0.2013]
 Training FV-alpha-s42-t7: 100%|██████████| 50/50 [00:09<00:00,  3.66it/s, Saved at =inf, TrLoss=0.2013]
 Training FV-alpha-s42-t7: 100%|██████████| 50/50 [00:09<00:00,  5.53it/s, Saved at =inf, TrLoss=0.2013]

 Training FV-alpha-s42-t8:   0%|          | 0/50 [00:00<?, ?it/s]
 Training FV-alpha-s42-t8:   0%|          | 0/50 [00:00<?, ?it/s, Saved at =inf, TrLoss=0.7237]
 Training FV-alpha-s42-t8:   2%|▏         | 1/50 [00:00<00:10,  4.48it/s, Saved at =inf, TrLoss=0.7237]
 Training FV-alpha-s42-t8:   2%|▏         | 1/50 [00:00<00:10,  4.48it/s, Saved at =inf, TrLoss=0.7649]
 Training FV-alpha-s42-t8:   4%|▍         | 2/50 [00:00<00:12,  3.89it/s, Saved at =inf, TrLoss=0.7649]
 Training FV-alpha-s42-t8:   4%|▍         | 2/50 [00:00<00:12,  3.89it/s, Saved at =inf, TrLoss=0.6172]
 Training FV-alpha-s42-t8:   6%|▌         | 3/50 [00:00<00:10,  4.36it/s, Saved at =inf, TrLoss=0.6172]
 Training FV-alpha-s42-t8:   6%|▌         | 3/50 [00:00<00:10,  4.36it/s, Saved at =inf, TrLoss=0.6067]
 Training FV-alpha-s42-t8:   8%|▊         | 4/50 [00:00<00:10,  4.31it/s, Saved at =inf, TrLoss=0.6067]
 Training FV-alpha-s42-t8:   8%|▊         | 4/50 [00:01<00:10,  4.31it/s, Saved at =inf, TrLoss=0.5526]
 Training FV-alpha-s42-t8:  10%|█         | 5/50 [00:01<00:11,  4.03it/s, Saved at =inf, TrLoss=0.5526]
 Training FV-alpha-s42-t8:  10%|█         | 5/50 [00:01<00:11,  4.03it/s, Saved at =inf, TrLoss=0.5279]
 Training FV-alpha-s42-t8:  12%|█▏        | 6/50 [00:01<00:09,  4.53it/s, Saved at =inf, TrLoss=0.5279]
 Training FV-alpha-s42-t8:  12%|█▏        | 6/50 [00:01<00:09,  4.53it/s, Saved at =inf, TrLoss=0.5035]
 Training FV-alpha-s42-t8:  14%|█▍        | 7/50 [00:01<00:09,  4.41it/s, Saved at =inf, TrLoss=0.5035]
 Training FV-alpha-s42-t8:  14%|█▍        | 7/50 [00:01<00:09,  4.41it/s, Saved at =inf, TrLoss=0.4742]
 Training FV-alpha-s42-t8:  16%|█▌        | 8/50 [00:01<00:09,  4.35it/s, Saved at =inf, TrLoss=0.4742]
 Training FV-alpha-s42-t8:  16%|█▌        | 8/50 [00:01<00:09,  4.35it/s, Saved at =inf, TrLoss=0.4413]
 Training FV-alpha-s42-t8:  18%|█▊        | 9/50 [00:02<00:09,  4.40it/s, Saved at =inf, TrLoss=0.4413]
 Training FV-alpha-s42-t8:  18%|█▊        | 9/50 [00:02<00:09,  4.40it/s, Saved at =inf, TrLoss=0.3995]
 Training FV-alpha-s42-t8:  20%|██        | 10/50 [00:02<00:08,  4.48it/s, Saved at =inf, TrLoss=0.3995]
 Training FV-alpha-s42-t8:  20%|██        | 10/50 [00:02<00:08,  4.48it/s, Saved at =inf, TrLoss=0.3729]
 Training FV-alpha-s42-t8:  22%|██▏       | 11/50 [00:02<00:10,  3.87it/s, Saved at =inf, TrLoss=0.3729]
 Training FV-alpha-s42-t8:  22%|██▏       | 11/50 [00:02<00:10,  3.87it/s, Saved at =inf, TrLoss=0.3601]
 Training FV-alpha-s42-t8:  24%|██▍       | 12/50 [00:02<00:10,  3.63it/s, Saved at =inf, TrLoss=0.3601]
 Training FV-alpha-s42-t8:  24%|██▍       | 12/50 [00:03<00:10,  3.63it/s, Saved at =inf, TrLoss=0.3860]
 Training FV-alpha-s42-t8:  26%|██▌       | 13/50 [00:03<00:09,  3.92it/s, Saved at =inf, TrLoss=0.3860]
 Training FV-alpha-s42-t8:  26%|██▌       | 13/50 [00:03<00:09,  3.92it/s, Saved at =inf, TrLoss=0.3994]
 Training FV-alpha-s42-t8:  28%|██▊       | 14/50 [00:03<00:08,  4.10it/s, Saved at =inf, TrLoss=0.3994]
 Training FV-alpha-s42-t8:  28%|██▊       | 14/50 [00:03<00:08,  4.10it/s, Saved at =inf, TrLoss=0.3079]
 Training FV-alpha-s42-t8:  30%|███       | 15/50 [00:03<00:07,  4.42it/s, Saved at =inf, TrLoss=0.3079]
 Training FV-alpha-s42-t8:  30%|███       | 15/50 [00:03<00:07,  4.42it/s, Saved at =inf, TrLoss=0.3539]
 Training FV-alpha-s42-t8:  32%|███▏      | 16/50 [00:03<00:07,  4.82it/s, Saved at =inf, TrLoss=0.3539]
 Training FV-alpha-s42-t8:  32%|███▏      | 16/50 [00:03<00:07,  4.82it/s, Saved at =inf, TrLoss=0.3258]
 Training FV-alpha-s42-t8:  34%|███▍      | 17/50 [00:03<00:06,  5.17it/s, Saved at =inf, TrLoss=0.3258]
 Training FV-alpha-s42-t8:  34%|███▍      | 17/50 [00:04<00:06,  5.17it/s, Saved at =inf, TrLoss=0.3273]
 Training FV-alpha-s42-t8:  36%|███▌      | 18/50 [00:04<00:06,  4.82it/s, Saved at =inf, TrLoss=0.3273]
 Training FV-alpha-s42-t8:  36%|███▌      | 18/50 [00:04<00:06,  4.82it/s, Saved at =inf, TrLoss=0.3036]
 Training FV-alpha-s42-t8:  38%|███▊      | 19/50 [00:04<00:07,  4.20it/s, Saved at =inf, TrLoss=0.3036]
 Training FV-alpha-s42-t8:  38%|███▊      | 19/50 [00:04<00:07,  4.20it/s, Saved at =inf, TrLoss=0.3089]
 Training FV-alpha-s42-t8:  40%|████      | 20/50 [00:04<00:07,  4.13it/s, Saved at =inf, TrLoss=0.3089]
 Training FV-alpha-s42-t8:  40%|████      | 20/50 [00:04<00:07,  4.13it/s, Saved at =inf, TrLoss=0.2963]
 Training FV-alpha-s42-t8:  42%|████▏     | 21/50 [00:04<00:06,  4.24it/s, Saved at =inf, TrLoss=0.2963]
 Training FV-alpha-s42-t8:  42%|████▏     | 21/50 [00:05<00:06,  4.24it/s, Saved at =inf, TrLoss=0.3020]
 Training FV-alpha-s42-t8:  44%|████▍     | 22/50 [00:05<00:05,  4.68it/s, Saved at =inf, TrLoss=0.3020]
 Training FV-alpha-s42-t8:  44%|████▍     | 22/50 [00:05<00:05,  4.68it/s, Saved at =inf, TrLoss=0.2808]
 Training FV-alpha-s42-t8:  46%|████▌     | 23/50 [00:05<00:06,  4.35it/s, Saved at =inf, TrLoss=0.2808]
 Training FV-alpha-s42-t8:  46%|████▌     | 23/50 [00:05<00:06,  4.35it/s, Saved at =inf, TrLoss=0.2829]
 Training FV-alpha-s42-t8:  48%|████▊     | 24/50 [00:05<00:05,  4.49it/s, Saved at =inf, TrLoss=0.2829]
 Training FV-alpha-s42-t8:  48%|████▊     | 24/50 [00:05<00:05,  4.49it/s, Saved at =inf, TrLoss=0.2827]
 Training FV-alpha-s42-t8:  50%|█████     | 25/50 [00:05<00:07,  3.51it/s, Saved at =inf, TrLoss=0.2827]
 Training FV-alpha-s42-t8:  50%|█████     | 25/50 [00:06<00:07,  3.51it/s, Saved at =inf, TrLoss=0.2806]
 Training FV-alpha-s42-t8:  52%|█████▏    | 26/50 [00:06<00:06,  3.63it/s, Saved at =inf, TrLoss=0.2806]
 Training FV-alpha-s42-t8:  52%|█████▏    | 26/50 [00:06<00:06,  3.63it/s, Saved at =inf, TrLoss=0.2645]
 Training FV-alpha-s42-t8:  54%|█████▍    | 27/50 [00:06<00:06,  3.81it/s, Saved at =inf, TrLoss=0.2645]
 Training FV-alpha-s42-t8:  54%|█████▍    | 27/50 [00:06<00:06,  3.81it/s, Saved at =inf, TrLoss=0.2778]
 Training FV-alpha-s42-t8:  56%|█████▌    | 28/50 [00:06<00:06,  3.22it/s, Saved at =inf, TrLoss=0.2778]
 Training FV-alpha-s42-t8:  56%|█████▌    | 28/50 [00:07<00:06,  3.22it/s, Saved at =inf, TrLoss=0.2729]
 Training FV-alpha-s42-t8:  58%|█████▊    | 29/50 [00:07<00:06,  3.27it/s, Saved at =inf, TrLoss=0.2729]
 Training FV-alpha-s42-t8:  58%|█████▊    | 29/50 [00:07<00:06,  3.27it/s, Saved at =inf, TrLoss=0.2770]
 Training FV-alpha-s42-t8:  60%|██████    | 30/50 [00:07<00:06,  3.09it/s, Saved at =inf, TrLoss=0.2770]
 Training FV-alpha-s42-t8:  60%|██████    | 30/50 [00:07<00:06,  3.09it/s, Saved at =inf, TrLoss=0.2576]
 Training FV-alpha-s42-t8:  62%|██████▏   | 31/50 [00:07<00:05,  3.58it/s, Saved at =inf, TrLoss=0.2576]
 Training FV-alpha-s42-t8:  62%|██████▏   | 31/50 [00:07<00:05,  3.58it/s, Saved at =inf, TrLoss=0.2639]
 Training FV-alpha-s42-t8:  64%|██████▍   | 32/50 [00:07<00:04,  3.66it/s, Saved at =inf, TrLoss=0.2639]
 Training FV-alpha-s42-t8:  64%|██████▍   | 32/50 [00:08<00:04,  3.66it/s, Saved at =inf, TrLoss=0.2515]
 Training FV-alpha-s42-t8:  66%|██████▌   | 33/50 [00:08<00:05,  3.36it/s, Saved at =inf, TrLoss=0.2515]
 Training FV-alpha-s42-t8:  66%|██████▌   | 33/50 [00:08<00:05,  3.36it/s, Saved at =inf, TrLoss=0.2607]
 Training FV-alpha-s42-t8:  68%|██████▊   | 34/50 [00:08<00:04,  3.31it/s, Saved at =inf, TrLoss=0.2607]
 Training FV-alpha-s42-t8:  68%|██████▊   | 34/50 [00:08<00:04,  3.31it/s, Saved at =inf, TrLoss=0.2474]
 Training FV-alpha-s42-t8:  70%|███████   | 35/50 [00:08<00:04,  3.51it/s, Saved at =inf, TrLoss=0.2474]
 Training FV-alpha-s42-t8:  70%|███████   | 35/50 [00:09<00:04,  3.51it/s, Saved at =inf, TrLoss=0.2494]
 Training FV-alpha-s42-t8:  72%|███████▏  | 36/50 [00:09<00:03,  3.84it/s, Saved at =inf, TrLoss=0.2494]
 Training FV-alpha-s42-t8:  72%|███████▏  | 36/50 [00:09<00:03,  3.84it/s, Saved at =inf, TrLoss=0.2474]
 Training FV-alpha-s42-t8:  74%|███████▍  | 37/50 [00:09<00:03,  4.29it/s, Saved at =inf, TrLoss=0.2474]
 Training FV-alpha-s42-t8:  74%|███████▍  | 37/50 [00:09<00:03,  4.29it/s, Saved at =inf, TrLoss=0.2325]
 Training FV-alpha-s42-t8:  76%|███████▌  | 38/50 [00:09<00:02,  4.58it/s, Saved at =inf, TrLoss=0.2325]
 Training FV-alpha-s42-t8:  76%|███████▌  | 38/50 [00:09<00:02,  4.58it/s, Saved at =inf, TrLoss=0.2478]
 Training FV-alpha-s42-t8:  78%|███████▊  | 39/50 [00:09<00:02,  4.46it/s, Saved at =inf, TrLoss=0.2478]
 Training FV-alpha-s42-t8:  78%|███████▊  | 39/50 [00:09<00:02,  4.46it/s, Saved at =inf, TrLoss=0.2404]
 Training FV-alpha-s42-t8:  80%|████████  | 40/50 [00:09<00:02,  4.86it/s, Saved at =inf, TrLoss=0.2404]
 Training FV-alpha-s42-t8:  80%|████████  | 40/50 [00:09<00:02,  4.86it/s, Saved at =inf, TrLoss=0.2461]
 Training FV-alpha-s42-t8:  82%|████████▏ | 41/50 [00:09<00:01,  5.22it/s, Saved at =inf, TrLoss=0.2461]
 Training FV-alpha-s42-t8:  82%|████████▏ | 41/50 [00:10<00:01,  5.22it/s, Saved at =inf, TrLoss=0.2330]
 Training FV-alpha-s42-t8:  84%|████████▍ | 42/50 [00:10<00:01,  5.53it/s, Saved at =inf, TrLoss=0.2330]
 Training FV-alpha-s42-t8:  84%|████████▍ | 42/50 [00:10<00:01,  5.53it/s, Saved at =inf, TrLoss=0.2382]
 Training FV-alpha-s42-t8:  86%|████████▌ | 43/50 [00:10<00:01,  5.73it/s, Saved at =inf, TrLoss=0.2382]
 Training FV-alpha-s42-t8:  86%|████████▌ | 43/50 [00:10<00:01,  5.73it/s, Saved at =inf, TrLoss=0.2304]
 Training FV-alpha-s42-t8:  88%|████████▊ | 44/50 [00:10<00:01,  5.85it/s, Saved at =inf, TrLoss=0.2304]
 Training FV-alpha-s42-t8:  88%|████████▊ | 44/50 [00:10<00:01,  5.85it/s, Saved at =inf, TrLoss=0.2385]
 Training FV-alpha-s42-t8:  90%|█████████ | 45/50 [00:10<00:00,  5.85it/s, Saved at =inf, TrLoss=0.2385]
 Training FV-alpha-s42-t8:  90%|█████████ | 45/50 [00:10<00:00,  5.85it/s, Saved at =inf, TrLoss=0.2208]
 Training FV-alpha-s42-t8:  92%|█████████▏| 46/50 [00:10<00:00,  5.81it/s, Saved at =inf, TrLoss=0.2208]
 Training FV-alpha-s42-t8:  92%|█████████▏| 46/50 [00:10<00:00,  5.81it/s, Saved at =inf, TrLoss=0.2331]
 Training FV-alpha-s42-t8:  94%|█████████▍| 47/50 [00:10<00:00,  5.92it/s, Saved at =inf, TrLoss=0.2331]
 Training FV-alpha-s42-t8:  94%|█████████▍| 47/50 [00:11<00:00,  5.92it/s, Saved at =inf, TrLoss=0.2224]
 Training FV-alpha-s42-t8:  96%|█████████▌| 48/50 [00:11<00:00,  6.09it/s, Saved at =inf, TrLoss=0.2224]
 Training FV-alpha-s42-t8:  96%|█████████▌| 48/50 [00:11<00:00,  6.09it/s, Saved at =inf, TrLoss=0.2292]
 Training FV-alpha-s42-t8:  98%|█████████▊| 49/50 [00:11<00:00,  6.26it/s, Saved at =inf, TrLoss=0.2292]
 Training FV-alpha-s42-t8:  98%|█████████▊| 49/50 [00:11<00:00,  6.26it/s, Saved at =inf, TrLoss=0.2217]
 Training FV-alpha-s42-t8: 100%|██████████| 50/50 [00:11<00:00,  6.29it/s, Saved at =inf, TrLoss=0.2217]
 Training FV-alpha-s42-t8: 100%|██████████| 50/50 [00:11<00:00,  4.37it/s, Saved at =inf, TrLoss=0.2217]

 Training FV-alpha-s42-t9:   0%|          | 0/50 [00:00<?, ?it/s]
 Training FV-alpha-s42-t9:   0%|          | 0/50 [00:00<?, ?it/s, Saved at =inf, TrLoss=0.9701]
 Training FV-alpha-s42-t9:   2%|▏         | 1/50 [00:00<00:16,  2.89it/s, Saved at =inf, TrLoss=0.9701]
 Training FV-alpha-s42-t9:   2%|▏         | 1/50 [00:00<00:16,  2.89it/s, Saved at =inf, TrLoss=0.7373]
 Training FV-alpha-s42-t9:   4%|▍         | 2/50 [00:00<00:19,  2.41it/s, Saved at =inf, TrLoss=0.7373]
 Training FV-alpha-s42-t9:   4%|▍         | 2/50 [00:01<00:19,  2.41it/s, Saved at =inf, TrLoss=0.7056]
 Training FV-alpha-s42-t9:   6%|▌         | 3/50 [00:01<00:16,  2.91it/s, Saved at =inf, TrLoss=0.7056]
 Training FV-alpha-s42-t9:   6%|▌         | 3/50 [00:01<00:16,  2.91it/s, Saved at =inf, TrLoss=0.6317]
 Training FV-alpha-s42-t9:   8%|▊         | 4/50 [00:01<00:14,  3.20it/s, Saved at =inf, TrLoss=0.6317]
 Training FV-alpha-s42-t9:   8%|▊         | 4/50 [00:01<00:14,  3.20it/s, Saved at =inf, TrLoss=0.5930]
 Training FV-alpha-s42-t9:  10%|█         | 5/50 [00:01<00:13,  3.29it/s, Saved at =inf, TrLoss=0.5930]
 Training FV-alpha-s42-t9:  10%|█         | 5/50 [00:01<00:13,  3.29it/s, Saved at =inf, TrLoss=0.5379]
 Training FV-alpha-s42-t9:  12%|█▏        | 6/50 [00:02<00:14,  3.03it/s, Saved at =inf, TrLoss=0.5379]
 Training FV-alpha-s42-t9:  12%|█▏        | 6/50 [00:02<00:14,  3.03it/s, Saved at =inf, TrLoss=0.5090]
 Training FV-alpha-s42-t9:  14%|█▍        | 7/50 [00:02<00:15,  2.81it/s, Saved at =inf, TrLoss=0.5090]
 Training FV-alpha-s42-t9:  14%|█▍        | 7/50 [00:02<00:15,  2.81it/s, Saved at =inf, TrLoss=0.4598]
 Training FV-alpha-s42-t9:  16%|█▌        | 8/50 [00:02<00:12,  3.24it/s, Saved at =inf, TrLoss=0.4598]
 Training FV-alpha-s42-t9:  16%|█▌        | 8/50 [00:02<00:12,  3.24it/s, Saved at =inf, TrLoss=0.4385]
 Training FV-alpha-s42-t9:  18%|█▊        | 9/50 [00:02<00:13,  3.10it/s, Saved at =inf, TrLoss=0.4385]
 Training FV-alpha-s42-t9:  18%|█▊        | 9/50 [00:03<00:13,  3.10it/s, Saved at =inf, TrLoss=0.4054]
 Training FV-alpha-s42-t9:  20%|██        | 10/50 [00:03<00:11,  3.56it/s, Saved at =inf, TrLoss=0.4054]
 Training FV-alpha-s42-t9:  20%|██        | 10/50 [00:03<00:11,  3.56it/s, Saved at =inf, TrLoss=0.4067]
 Training FV-alpha-s42-t9:  22%|██▏       | 11/50 [00:03<00:11,  3.54it/s, Saved at =inf, TrLoss=0.4067]
 Training FV-alpha-s42-t9:  22%|██▏       | 11/50 [00:03<00:11,  3.54it/s, Saved at =inf, TrLoss=0.3914]
 Training FV-alpha-s42-t9:  24%|██▍       | 12/50 [00:03<00:11,  3.44it/s, Saved at =inf, TrLoss=0.3914]
 Training FV-alpha-s42-t9:  24%|██▍       | 12/50 [00:03<00:11,  3.44it/s, Saved at =inf, TrLoss=0.3836]
 Training FV-alpha-s42-t9:  26%|██▌       | 13/50 [00:03<00:10,  3.68it/s, Saved at =inf, TrLoss=0.3836]
 Training FV-alpha-s42-t9:  26%|██▌       | 13/50 [00:04<00:10,  3.68it/s, Saved at =inf, TrLoss=0.3695]
 Training FV-alpha-s42-t9:  28%|██▊       | 14/50 [00:04<00:08,  4.11it/s, Saved at =inf, TrLoss=0.3695]
 Training FV-alpha-s42-t9:  28%|██▊       | 14/50 [00:04<00:08,  4.11it/s, Saved at =inf, TrLoss=0.3599]
 Training FV-alpha-s42-t9:  30%|███       | 15/50 [00:04<00:08,  4.19it/s, Saved at =inf, TrLoss=0.3599]
 Training FV-alpha-s42-t9:  30%|███       | 15/50 [00:04<00:08,  4.19it/s, Saved at =inf, TrLoss=0.3783]
 Training FV-alpha-s42-t9:  32%|███▏      | 16/50 [00:04<00:09,  3.67it/s, Saved at =inf, TrLoss=0.3783]
 Training FV-alpha-s42-t9:  32%|███▏      | 16/50 [00:04<00:09,  3.67it/s, Saved at =inf, TrLoss=0.3607]
 Training FV-alpha-s42-t9:  34%|███▍      | 17/50 [00:05<00:09,  3.52it/s, Saved at =inf, TrLoss=0.3607]
 Training FV-alpha-s42-t9:  34%|███▍      | 17/50 [00:05<00:09,  3.52it/s, Saved at =inf, TrLoss=0.3342]
 Training FV-alpha-s42-t9:  36%|███▌      | 18/50 [00:05<00:08,  3.83it/s, Saved at =inf, TrLoss=0.3342]
 Training FV-alpha-s42-t9:  36%|███▌      | 18/50 [00:05<00:08,  3.83it/s, Saved at =inf, TrLoss=0.3272]
 Training FV-alpha-s42-t9:  38%|███▊      | 19/50 [00:05<00:09,  3.39it/s, Saved at =inf, TrLoss=0.3272]
 Training FV-alpha-s42-t9:  38%|███▊      | 19/50 [00:05<00:09,  3.39it/s, Saved at =inf, TrLoss=0.3177]
 Training FV-alpha-s42-t9:  40%|████      | 20/50 [00:05<00:08,  3.68it/s, Saved at =inf, TrLoss=0.3177]
 Training FV-alpha-s42-t9:  40%|████      | 20/50 [00:05<00:08,  3.68it/s, Saved at =inf, TrLoss=0.3178]
 Training FV-alpha-s42-t9:  42%|████▏     | 21/50 [00:06<00:07,  4.08it/s, Saved at =inf, TrLoss=0.3178]
 Training FV-alpha-s42-t9:  42%|████▏     | 21/50 [00:06<00:07,  4.08it/s, Saved at =inf, TrLoss=0.3179]
 Training FV-alpha-s42-t9:  44%|████▍     | 22/50 [00:06<00:07,  3.90it/s, Saved at =inf, TrLoss=0.3179]
 Training FV-alpha-s42-t9:  44%|████▍     | 22/50 [00:06<00:07,  3.90it/s, Saved at =inf, TrLoss=0.3077]
 Training FV-alpha-s42-t9:  46%|████▌     | 23/50 [00:06<00:06,  4.24it/s, Saved at =inf, TrLoss=0.3077]
 Training FV-alpha-s42-t9:  46%|████▌     | 23/50 [00:06<00:06,  4.24it/s, Saved at =inf, TrLoss=0.2985]
 Training FV-alpha-s42-t9:  48%|████▊     | 24/50 [00:06<00:06,  4.27it/s, Saved at =inf, TrLoss=0.2985]
 Training FV-alpha-s42-t9:  48%|████▊     | 24/50 [00:06<00:06,  4.27it/s, Saved at =inf, TrLoss=0.3032]
 Training FV-alpha-s42-t9:  50%|█████     | 25/50 [00:06<00:05,  4.28it/s, Saved at =inf, TrLoss=0.3032]
 Training FV-alpha-s42-t9:  50%|█████     | 25/50 [00:07<00:05,  4.28it/s, Saved at =inf, TrLoss=0.3007]
 Training FV-alpha-s42-t9:  52%|█████▏    | 26/50 [00:07<00:05,  4.08it/s, Saved at =inf, TrLoss=0.3007]
 Training FV-alpha-s42-t9:  52%|█████▏    | 26/50 [00:07<00:05,  4.08it/s, Saved at =inf, TrLoss=0.2874]
 Training FV-alpha-s42-t9:  54%|█████▍    | 27/50 [00:07<00:05,  4.06it/s, Saved at =inf, TrLoss=0.2874]
 Training FV-alpha-s42-t9:  54%|█████▍    | 27/50 [00:07<00:05,  4.06it/s, Saved at =inf, TrLoss=0.2875]
 Training FV-alpha-s42-t9:  56%|█████▌    | 28/50 [00:07<00:05,  3.68it/s, Saved at =inf, TrLoss=0.2875]
 Training FV-alpha-s42-t9:  56%|█████▌    | 28/50 [00:08<00:05,  3.68it/s, Saved at =inf, TrLoss=0.2833]
 Training FV-alpha-s42-t9:  58%|█████▊    | 29/50 [00:08<00:06,  3.40it/s, Saved at =inf, TrLoss=0.2833]
 Training FV-alpha-s42-t9:  58%|█████▊    | 29/50 [00:08<00:06,  3.40it/s, Saved at =inf, TrLoss=0.2845]
 Training FV-alpha-s42-t9:  60%|██████    | 30/50 [00:08<00:05,  3.81it/s, Saved at =inf, TrLoss=0.2845]
 Training FV-alpha-s42-t9:  60%|██████    | 30/50 [00:08<00:05,  3.81it/s, Saved at =inf, TrLoss=0.2779]
 Training FV-alpha-s42-t9:  62%|██████▏   | 31/50 [00:08<00:04,  4.19it/s, Saved at =inf, TrLoss=0.2779]
 Training FV-alpha-s42-t9:  62%|██████▏   | 31/50 [00:08<00:04,  4.19it/s, Saved at =inf, TrLoss=0.2735]
 Training FV-alpha-s42-t9:  64%|██████▍   | 32/50 [00:08<00:04,  4.50it/s, Saved at =inf, TrLoss=0.2735]
 Training FV-alpha-s42-t9:  64%|██████▍   | 32/50 [00:08<00:04,  4.50it/s, Saved at =inf, TrLoss=0.2694]
 Training FV-alpha-s42-t9:  66%|██████▌   | 33/50 [00:08<00:03,  4.74it/s, Saved at =inf, TrLoss=0.2694]
 Training FV-alpha-s42-t9:  66%|██████▌   | 33/50 [00:09<00:03,  4.74it/s, Saved at =inf, TrLoss=0.2631]
 Training FV-alpha-s42-t9:  68%|██████▊   | 34/50 [00:09<00:03,  4.99it/s, Saved at =inf, TrLoss=0.2631]
 Training FV-alpha-s42-t9:  68%|██████▊   | 34/50 [00:09<00:03,  4.99it/s, Saved at =inf, TrLoss=0.2557]
 Training FV-alpha-s42-t9:  70%|███████   | 35/50 [00:09<00:02,  5.10it/s, Saved at =inf, TrLoss=0.2557]
 Training FV-alpha-s42-t9:  70%|███████   | 35/50 [00:09<00:02,  5.10it/s, Saved at =inf, TrLoss=0.2637]
 Training FV-alpha-s42-t9:  72%|███████▏  | 36/50 [00:09<00:02,  5.18it/s, Saved at =inf, TrLoss=0.2637]
 Training FV-alpha-s42-t9:  72%|███████▏  | 36/50 [00:09<00:02,  5.18it/s, Saved at =inf, TrLoss=0.2606]
 Training FV-alpha-s42-t9:  74%|███████▍  | 37/50 [00:09<00:02,  4.85it/s, Saved at =inf, TrLoss=0.2606]
 Training FV-alpha-s42-t9:  74%|███████▍  | 37/50 [00:09<00:02,  4.85it/s, Saved at =inf, TrLoss=0.2412]
 Training FV-alpha-s42-t9:  76%|███████▌  | 38/50 [00:09<00:02,  4.41it/s, Saved at =inf, TrLoss=0.2412]
 Training FV-alpha-s42-t9:  76%|███████▌  | 38/50 [00:10<00:02,  4.41it/s, Saved at =inf, TrLoss=0.2539]
 Training FV-alpha-s42-t9:  78%|███████▊  | 39/50 [00:10<00:02,  4.57it/s, Saved at =inf, TrLoss=0.2539]
 Training FV-alpha-s42-t9:  78%|███████▊  | 39/50 [00:10<00:02,  4.57it/s, Saved at =inf, TrLoss=0.2581]
 Training FV-alpha-s42-t9:  80%|████████  | 40/50 [00:10<00:02,  4.17it/s, Saved at =inf, TrLoss=0.2581]
 Training FV-alpha-s42-t9:  80%|████████  | 40/50 [00:10<00:02,  4.17it/s, Saved at =inf, TrLoss=0.2450]
 Training FV-alpha-s42-t9:  82%|████████▏ | 41/50 [00:10<00:02,  4.27it/s, Saved at =inf, TrLoss=0.2450]
 Training FV-alpha-s42-t9:  82%|████████▏ | 41/50 [00:10<00:02,  4.27it/s, Saved at =inf, TrLoss=0.2478]
 Training FV-alpha-s42-t9:  84%|████████▍ | 42/50 [00:10<00:01,  4.55it/s, Saved at =inf, TrLoss=0.2478]
 Training FV-alpha-s42-t9:  84%|████████▍ | 42/50 [00:11<00:01,  4.55it/s, Saved at =inf, TrLoss=0.2529]
 Training FV-alpha-s42-t9:  86%|████████▌ | 43/50 [00:11<00:01,  4.39it/s, Saved at =inf, TrLoss=0.2529]
 Training FV-alpha-s42-t9:  86%|████████▌ | 43/50 [00:11<00:01,  4.39it/s, Saved at =inf, TrLoss=0.2477]
 Training FV-alpha-s42-t9:  88%|████████▊ | 44/50 [00:11<00:01,  4.31it/s, Saved at =inf, TrLoss=0.2477]
 Training FV-alpha-s42-t9:  88%|████████▊ | 44/50 [00:11<00:01,  4.31it/s, Saved at =inf, TrLoss=0.2353]
 Training FV-alpha-s42-t9:  90%|█████████ | 45/50 [00:11<00:01,  4.33it/s, Saved at =inf, TrLoss=0.2353]
 Training FV-alpha-s42-t9:  90%|█████████ | 45/50 [00:11<00:01,  4.33it/s, Saved at =inf, TrLoss=0.2400]
 Training FV-alpha-s42-t9:  92%|█████████▏| 46/50 [00:11<00:00,  4.53it/s, Saved at =inf, TrLoss=0.2400]
 Training FV-alpha-s42-t9:  92%|█████████▏| 46/50 [00:11<00:00,  4.53it/s, Saved at =inf, TrLoss=0.2298]
 Training FV-alpha-s42-t9:  94%|█████████▍| 47/50 [00:11<00:00,  4.68it/s, Saved at =inf, TrLoss=0.2298]
 Training FV-alpha-s42-t9:  94%|█████████▍| 47/50 [00:12<00:00,  4.68it/s, Saved at =inf, TrLoss=0.2318]
 Training FV-alpha-s42-t9:  96%|█████████▌| 48/50 [00:12<00:00,  4.70it/s, Saved at =inf, TrLoss=0.2318]
 Training FV-alpha-s42-t9:  96%|█████████▌| 48/50 [00:12<00:00,  4.70it/s, Saved at =inf, TrLoss=0.2341]
 Training FV-alpha-s42-t9:  98%|█████████▊| 49/50 [00:12<00:00,  4.76it/s, Saved at =inf, TrLoss=0.2341]
 Training FV-alpha-s42-t9:  98%|█████████▊| 49/50 [00:12<00:00,  4.76it/s, Saved at =inf, TrLoss=0.2283]
 Training FV-alpha-s42-t9: 100%|██████████| 50/50 [00:12<00:00,  4.57it/s, Saved at =inf, TrLoss=0.2283]
 Training FV-alpha-s42-t9: 100%|██████████| 50/50 [00:12<00:00,  3.96it/s, Saved at =inf, TrLoss=0.2283]

 Training ATK-alpha-s42-t7:   0%|          | 0/50 [00:00<?, ?it/s]
 Training ATK-alpha-s42-t7:   0%|          | 0/50 [00:00<?, ?it/s, Saved at =inf, TrLoss=0.6890]
 Training ATK-alpha-s42-t7:   2%|▏         | 1/50 [00:00<00:08,  5.86it/s, Saved at =inf, TrLoss=0.6890]
 Training ATK-alpha-s42-t7:   2%|▏         | 1/50 [00:00<00:08,  5.86it/s, Saved at =inf, TrLoss=0.6662]
 Training ATK-alpha-s42-t7:   4%|▍         | 2/50 [00:00<00:07,  6.28it/s, Saved at =inf, TrLoss=0.6662]
 Training ATK-alpha-s42-t7:   4%|▍         | 2/50 [00:00<00:07,  6.28it/s, Saved at =inf, TrLoss=0.6719]
 Training ATK-alpha-s42-t7:   6%|▌         | 3/50 [00:00<00:07,  6.57it/s, Saved at =inf, TrLoss=0.6719]
 Training ATK-alpha-s42-t7:   6%|▌         | 3/50 [00:00<00:07,  6.57it/s, Saved at =inf, TrLoss=0.5635]
 Training ATK-alpha-s42-t7:   8%|▊         | 4/50 [00:00<00:06,  6.63it/s, Saved at =inf, TrLoss=0.5635]
 Training ATK-alpha-s42-t7:   8%|▊         | 4/50 [00:00<00:06,  6.63it/s, Saved at =inf, TrLoss=0.5028]
 Training ATK-alpha-s42-t7:  10%|█         | 5/50 [00:00<00:07,  6.41it/s, Saved at =inf, TrLoss=0.5028]
 Training ATK-alpha-s42-t7:  10%|█         | 5/50 [00:00<00:07,  6.41it/s, Saved at =inf, TrLoss=0.5343]
 Training ATK-alpha-s42-t7:  12%|█▏        | 6/50 [00:00<00:07,  6.13it/s, Saved at =inf, TrLoss=0.5343]
 Training ATK-alpha-s42-t7:  12%|█▏        | 6/50 [00:01<00:07,  6.13it/s, Saved at =inf, TrLoss=0.5298]
 Training ATK-alpha-s42-t7:  14%|█▍        | 7/50 [00:01<00:06,  6.25it/s, Saved at =inf, TrLoss=0.5298]
 Training ATK-alpha-s42-t7:  14%|█▍        | 7/50 [00:01<00:06,  6.25it/s, Saved at =inf, TrLoss=0.4711]
 Training ATK-alpha-s42-t7:  16%|█▌        | 8/50 [00:01<00:07,  5.99it/s, Saved at =inf, TrLoss=0.4711]
 Training ATK-alpha-s42-t7:  16%|█▌        | 8/50 [00:01<00:07,  5.99it/s, Saved at =inf, TrLoss=0.4302]
 Training ATK-alpha-s42-t7:  18%|█▊        | 9/50 [00:01<00:07,  5.79it/s, Saved at =inf, TrLoss=0.4302]
 Training ATK-alpha-s42-t7:  18%|█▊        | 9/50 [00:01<00:07,  5.79it/s, Saved at =inf, TrLoss=0.4228]
 Training ATK-alpha-s42-t7:  20%|██        | 10/50 [00:01<00:06,  6.17it/s, Saved at =inf, TrLoss=0.4228]
 Training ATK-alpha-s42-t7:  20%|██        | 10/50 [00:01<00:06,  6.17it/s, Saved at =inf, TrLoss=0.3958]
 Training ATK-alpha-s42-t7:  22%|██▏       | 11/50 [00:01<00:06,  6.13it/s, Saved at =inf, TrLoss=0.3958]
 Training ATK-alpha-s42-t7:  22%|██▏       | 11/50 [00:01<00:06,  6.13it/s, Saved at =inf, TrLoss=0.3557]
 Training ATK-alpha-s42-t7:  24%|██▍       | 12/50 [00:01<00:05,  6.42it/s, Saved at =inf, TrLoss=0.3557]
 Training ATK-alpha-s42-t7:  24%|██▍       | 12/50 [00:02<00:05,  6.42it/s, Saved at =inf, TrLoss=0.3855]
 Training ATK-alpha-s42-t7:  26%|██▌       | 13/50 [00:02<00:05,  6.64it/s, Saved at =inf, TrLoss=0.3855]
 Training ATK-alpha-s42-t7:  26%|██▌       | 13/50 [00:02<00:05,  6.64it/s, Saved at =inf, TrLoss=0.3427]
 Training ATK-alpha-s42-t7:  28%|██▊       | 14/50 [00:02<00:05,  6.66it/s, Saved at =inf, TrLoss=0.3427]
 Training ATK-alpha-s42-t7:  28%|██▊       | 14/50 [00:02<00:05,  6.66it/s, Saved at =inf, TrLoss=0.3337]
 Training ATK-alpha-s42-t7:  30%|███       | 15/50 [00:02<00:05,  6.88it/s, Saved at =inf, TrLoss=0.3337]
 Training ATK-alpha-s42-t7:  30%|███       | 15/50 [00:02<00:05,  6.88it/s, Saved at =inf, TrLoss=0.3177]
 Training ATK-alpha-s42-t7:  32%|███▏      | 16/50 [00:02<00:05,  6.44it/s, Saved at =inf, TrLoss=0.3177]
 Training ATK-alpha-s42-t7:  32%|███▏      | 16/50 [00:02<00:05,  6.44it/s, Saved at =inf, TrLoss=0.3342]
 Training ATK-alpha-s42-t7:  34%|███▍      | 17/50 [00:02<00:05,  6.36it/s, Saved at =inf, TrLoss=0.3342]
 Training ATK-alpha-s42-t7:  34%|███▍      | 17/50 [00:02<00:05,  6.36it/s, Saved at =inf, TrLoss=0.3099]
 Training ATK-alpha-s42-t7:  36%|███▌      | 18/50 [00:02<00:05,  5.93it/s, Saved at =inf, TrLoss=0.3099]
 Training ATK-alpha-s42-t7:  36%|███▌      | 18/50 [00:02<00:05,  5.93it/s, Saved at =inf, TrLoss=0.3067]
 Training ATK-alpha-s42-t7:  38%|███▊      | 19/50 [00:03<00:04,  6.20it/s, Saved at =inf, TrLoss=0.3067]
 Training ATK-alpha-s42-t7:  38%|███▊      | 19/50 [00:03<00:04,  6.20it/s, Saved at =inf, TrLoss=0.2858]
 Training ATK-alpha-s42-t7:  40%|████      | 20/50 [00:03<00:04,  6.43it/s, Saved at =inf, TrLoss=0.2858]
 Training ATK-alpha-s42-t7:  40%|████      | 20/50 [00:03<00:04,  6.43it/s, Saved at =inf, TrLoss=0.2885]
 Training ATK-alpha-s42-t7:  42%|████▏     | 21/50 [00:03<00:04,  6.62it/s, Saved at =inf, TrLoss=0.2885]
 Training ATK-alpha-s42-t7:  42%|████▏     | 21/50 [00:03<00:04,  6.62it/s, Saved at =inf, TrLoss=0.2859]
 Training ATK-alpha-s42-t7:  44%|████▍     | 22/50 [00:03<00:04,  6.20it/s, Saved at =inf, TrLoss=0.2859]
 Training ATK-alpha-s42-t7:  44%|████▍     | 22/50 [00:03<00:04,  6.20it/s, Saved at =inf, TrLoss=0.2974]
 Training ATK-alpha-s42-t7:  46%|████▌     | 23/50 [00:03<00:04,  6.00it/s, Saved at =inf, TrLoss=0.2974]
 Training ATK-alpha-s42-t7:  46%|████▌     | 23/50 [00:03<00:04,  6.00it/s, Saved at =inf, TrLoss=0.2738]
 Training ATK-alpha-s42-t7:  48%|████▊     | 24/50 [00:03<00:04,  5.43it/s, Saved at =inf, TrLoss=0.2738]
 Training ATK-alpha-s42-t7:  48%|████▊     | 24/50 [00:04<00:04,  5.43it/s, Saved at =inf, TrLoss=0.2814]
 Training ATK-alpha-s42-t7:  50%|█████     | 25/50 [00:04<00:04,  5.32it/s, Saved at =inf, TrLoss=0.2814]
 Training ATK-alpha-s42-t7:  50%|█████     | 25/50 [00:04<00:04,  5.32it/s, Saved at =inf, TrLoss=0.2653]
 Training ATK-alpha-s42-t7:  52%|█████▏    | 26/50 [00:04<00:04,  5.78it/s, Saved at =inf, TrLoss=0.2653]
 Training ATK-alpha-s42-t7:  52%|█████▏    | 26/50 [00:04<00:04,  5.78it/s, Saved at =inf, TrLoss=0.2543]
 Training ATK-alpha-s42-t7:  54%|█████▍    | 27/50 [00:04<00:03,  6.06it/s, Saved at =inf, TrLoss=0.2543]
 Training ATK-alpha-s42-t7:  54%|█████▍    | 27/50 [00:04<00:03,  6.06it/s, Saved at =inf, TrLoss=0.2653]
 Training ATK-alpha-s42-t7:  56%|█████▌    | 28/50 [00:04<00:03,  5.54it/s, Saved at =inf, TrLoss=0.2653]
 Training ATK-alpha-s42-t7:  56%|█████▌    | 28/50 [00:04<00:03,  5.54it/s, Saved at =inf, TrLoss=0.2620]
 Training ATK-alpha-s42-t7:  58%|█████▊    | 29/50 [00:04<00:03,  5.50it/s, Saved at =inf, TrLoss=0.2620]
 Training ATK-alpha-s42-t7:  58%|█████▊    | 29/50 [00:04<00:03,  5.50it/s, Saved at =inf, TrLoss=0.2517]
 Training ATK-alpha-s42-t7:  60%|██████    | 30/50 [00:04<00:03,  5.54it/s, Saved at =inf, TrLoss=0.2517]
 Training ATK-alpha-s42-t7:  60%|██████    | 30/50 [00:05<00:03,  5.54it/s, Saved at =inf, TrLoss=0.2519]
 Training ATK-alpha-s42-t7:  62%|██████▏   | 31/50 [00:05<00:03,  5.80it/s, Saved at =inf, TrLoss=0.2519]
 Training ATK-alpha-s42-t7:  62%|██████▏   | 31/50 [00:05<00:03,  5.80it/s, Saved at =inf, TrLoss=0.2480]
 Training ATK-alpha-s42-t7:  64%|██████▍   | 32/50 [00:05<00:03,  5.28it/s, Saved at =inf, TrLoss=0.2480]
 Training ATK-alpha-s42-t7:  64%|██████▍   | 32/50 [00:05<00:03,  5.28it/s, Saved at =inf, TrLoss=0.2414]
 Training ATK-alpha-s42-t7:  66%|██████▌   | 33/50 [00:05<00:03,  5.07it/s, Saved at =inf, TrLoss=0.2414]
 Training ATK-alpha-s42-t7:  66%|██████▌   | 33/50 [00:05<00:03,  5.07it/s, Saved at =inf, TrLoss=0.2355]
 Training ATK-alpha-s42-t7:  68%|██████▊   | 34/50 [00:05<00:03,  5.29it/s, Saved at =inf, TrLoss=0.2355]
 Training ATK-alpha-s42-t7:  68%|██████▊   | 34/50 [00:05<00:03,  5.29it/s, Saved at =inf, TrLoss=0.2360]
 Training ATK-alpha-s42-t7:  70%|███████   | 35/50 [00:05<00:02,  5.70it/s, Saved at =inf, TrLoss=0.2360]
 Training ATK-alpha-s42-t7:  70%|███████   | 35/50 [00:05<00:02,  5.70it/s, Saved at =inf, TrLoss=0.2358]
 Training ATK-alpha-s42-t7:  72%|███████▏  | 36/50 [00:06<00:02,  6.00it/s, Saved at =inf, TrLoss=0.2358]
 Training ATK-alpha-s42-t7:  72%|███████▏  | 36/50 [00:06<00:02,  6.00it/s, Saved at =inf, TrLoss=0.2343]
 Training ATK-alpha-s42-t7:  74%|███████▍  | 37/50 [00:06<00:02,  6.28it/s, Saved at =inf, TrLoss=0.2343]
 Training ATK-alpha-s42-t7:  74%|███████▍  | 37/50 [00:06<00:02,  6.28it/s, Saved at =inf, TrLoss=0.2295]
 Training ATK-alpha-s42-t7:  76%|███████▌  | 38/50 [00:06<00:01,  6.51it/s, Saved at =inf, TrLoss=0.2295]
 Training ATK-alpha-s42-t7:  76%|███████▌  | 38/50 [00:06<00:01,  6.51it/s, Saved at =inf, TrLoss=0.2354]
 Training ATK-alpha-s42-t7:  78%|███████▊  | 39/50 [00:06<00:01,  6.60it/s, Saved at =inf, TrLoss=0.2354]
 Training ATK-alpha-s42-t7:  78%|███████▊  | 39/50 [00:06<00:01,  6.60it/s, Saved at =inf, TrLoss=0.2246]
 Training ATK-alpha-s42-t7:  80%|████████  | 40/50 [00:06<00:01,  6.68it/s, Saved at =inf, TrLoss=0.2246]
 Training ATK-alpha-s42-t7:  80%|████████  | 40/50 [00:06<00:01,  6.68it/s, Saved at =inf, TrLoss=0.2250]
 Training ATK-alpha-s42-t7:  82%|████████▏ | 41/50 [00:06<00:01,  6.62it/s, Saved at =inf, TrLoss=0.2250]
 Training ATK-alpha-s42-t7:  82%|████████▏ | 41/50 [00:06<00:01,  6.62it/s, Saved at =inf, TrLoss=0.2206]
 Training ATK-alpha-s42-t7:  84%|████████▍ | 42/50 [00:06<00:01,  5.86it/s, Saved at =inf, TrLoss=0.2206]
 Training ATK-alpha-s42-t7:  84%|████████▍ | 42/50 [00:07<00:01,  5.86it/s, Saved at =inf, TrLoss=0.2119]
 Training ATK-alpha-s42-t7:  86%|████████▌ | 43/50 [00:07<00:01,  6.16it/s, Saved at =inf, TrLoss=0.2119]
 Training ATK-alpha-s42-t7:  86%|████████▌ | 43/50 [00:07<00:01,  6.16it/s, Saved at =inf, TrLoss=0.2265]
 Training ATK-alpha-s42-t7:  88%|████████▊ | 44/50 [00:07<00:00,  6.40it/s, Saved at =inf, TrLoss=0.2265]
 Training ATK-alpha-s42-t7:  88%|████████▊ | 44/50 [00:07<00:00,  6.40it/s, Saved at =inf, TrLoss=0.2148]
 Training ATK-alpha-s42-t7:  90%|█████████ | 45/50 [00:07<00:00,  6.24it/s, Saved at =inf, TrLoss=0.2148]
 Training ATK-alpha-s42-t7:  90%|█████████ | 45/50 [00:07<00:00,  6.24it/s, Saved at =inf, TrLoss=0.2078]
 Training ATK-alpha-s42-t7:  92%|█████████▏| 46/50 [00:07<00:00,  6.46it/s, Saved at =inf, TrLoss=0.2078]
 Training ATK-alpha-s42-t7:  92%|█████████▏| 46/50 [00:07<00:00,  6.46it/s, Saved at =inf, TrLoss=0.2062]
 Training ATK-alpha-s42-t7:  94%|█████████▍| 47/50 [00:07<00:00,  6.67it/s, Saved at =inf, TrLoss=0.2062]
 Training ATK-alpha-s42-t7:  94%|█████████▍| 47/50 [00:07<00:00,  6.67it/s, Saved at =inf, TrLoss=0.2068]
 Training ATK-alpha-s42-t7:  96%|█████████▌| 48/50 [00:07<00:00,  6.87it/s, Saved at =inf, TrLoss=0.2068]
 Training ATK-alpha-s42-t7:  96%|█████████▌| 48/50 [00:07<00:00,  6.87it/s, Saved at =inf, TrLoss=0.2059]
 Training ATK-alpha-s42-t7:  98%|█████████▊| 49/50 [00:07<00:00,  6.79it/s, Saved at =inf, TrLoss=0.2059]
 Training ATK-alpha-s42-t7:  98%|█████████▊| 49/50 [00:08<00:00,  6.79it/s, Saved at =inf, TrLoss=0.2014]
 Training ATK-alpha-s42-t7: 100%|██████████| 50/50 [00:08<00:00,  6.86it/s, Saved at =inf, TrLoss=0.2014]
 Training ATK-alpha-s42-t7: 100%|██████████| 50/50 [00:08<00:00,  6.16it/s, Saved at =inf, TrLoss=0.2014]
[15:43:16]   MCC=0.389±0.067, AUC=0.767±0.070, BAcc=0.685±0.076
[15:47:00]   [alpha] 250/2182 targets, 4.9 min
[15:50:07]   [alpha] 500/2182 targets, 8.0 min
[15:53:11]   [alpha] 750/2182 targets, 11.1 min
[15:56:07]   [alpha] 1000/2182 targets, 14.0 min
[15:59:01]   [alpha] 1250/2182 targets, 16.9 min
[16:01:56]   [alpha] 1500/2182 targets, 19.9 min
[16:04:52]   [alpha] 1750/2182 targets, 22.8 min
[16:07:52]   [alpha] 2000/2182 targets, 25.8 min
[16:09:34]   saved common_set_alpha.json (2182 targets, 27.5 min)
