<ps-env>/lib/python3.10/site-packages/networkx/utils/backends.py:563: RuntimeWarning: Error encountered when loading info for backend cugraph: No module named '_nx_cugraph'
  backend_info.update(_get_backends("networkx.backend_info", load_and_call=True))
[12:21:06] Training GDTE on epn30000 (seed=42)...

 Training FV-epn30000-s42-t2:   0%|          | 0/50 [00:00<?, ?it/s]
 Training FV-epn30000-s42-t2:   0%|          | 0/50 [00:00<?, ?it/s, Saved at =inf, TrLoss=0.7820]
 Training FV-epn30000-s42-t2:   2%|▏         | 1/50 [00:01<01:16,  1.56s/it, Saved at =inf, TrLoss=0.7820]
 Training FV-epn30000-s42-t2:   2%|▏         | 1/50 [00:01<01:16,  1.56s/it, Saved at =inf, TrLoss=0.6113]
 Training FV-epn30000-s42-t2:   4%|▍         | 2/50 [00:02<00:57,  1.20s/it, Saved at =inf, TrLoss=0.6113]
 Training FV-epn30000-s42-t2:   4%|▍         | 2/50 [00:02<00:57,  1.20s/it, Saved at =inf, TrLoss=0.4312]
 Training FV-epn30000-s42-t2:   6%|▌         | 3/50 [00:03<00:55,  1.17s/it, Saved at =inf, TrLoss=0.4312]
 Training FV-epn30000-s42-t2:   6%|▌         | 3/50 [00:03<00:55,  1.17s/it, Saved at =inf, TrLoss=0.3078]
 Training FV-epn30000-s42-t2:   8%|▊         | 4/50 [00:04<00:47,  1.04s/it, Saved at =inf, TrLoss=0.3078]
 Training FV-epn30000-s42-t2:   8%|▊         | 4/50 [00:04<00:47,  1.04s/it, Saved at =inf, TrLoss=0.3142]
 Training FV-epn30000-s42-t2:  10%|█         | 5/50 [00:05<00:46,  1.03s/it, Saved at =inf, TrLoss=0.3142]
 Training FV-epn30000-s42-t2:  10%|█         | 5/50 [00:05<00:46,  1.03s/it, Saved at =inf, TrLoss=0.4000]
 Training FV-epn30000-s42-t2:  12%|█▏        | 6/50 [00:06<00:43,  1.02it/s, Saved at =inf, TrLoss=0.4000]
 Training FV-epn30000-s42-t2:  12%|█▏        | 6/50 [00:06<00:43,  1.02it/s, Saved at =inf, TrLoss=0.2546]
 Training FV-epn30000-s42-t2:  14%|█▍        | 7/50 [00:07<00:39,  1.08it/s, Saved at =inf, TrLoss=0.2546]
 Training FV-epn30000-s42-t2:  14%|█▍        | 7/50 [00:07<00:39,  1.08it/s, Saved at =inf, TrLoss=0.3078]
 Training FV-epn30000-s42-t2:  16%|█▌        | 8/50 [00:08<00:38,  1.08it/s, Saved at =inf, TrLoss=0.3078]
 Training FV-epn30000-s42-t2:  16%|█▌        | 8/50 [00:08<00:38,  1.08it/s, Saved at =inf, TrLoss=0.2924]
 Training FV-epn30000-s42-t2:  18%|█▊        | 9/50 [00:08<00:35,  1.16it/s, Saved at =inf, TrLoss=0.2924]
 Training FV-epn30000-s42-t2:  18%|█▊        | 9/50 [00:08<00:35,  1.16it/s, Saved at =inf, TrLoss=0.2384]
 Training FV-epn30000-s42-t2:  20%|██        | 10/50 [00:09<00:33,  1.20it/s, Saved at =inf, TrLoss=0.2384]
 Training FV-epn30000-s42-t2:  20%|██        | 10/50 [00:09<00:33,  1.20it/s, Saved at =inf, TrLoss=0.2660]
 Training FV-epn30000-s42-t2:  22%|██▏       | 11/50 [00:10<00:34,  1.14it/s, Saved at =inf, TrLoss=0.2660]
 Training FV-epn30000-s42-t2:  22%|██▏       | 11/50 [00:10<00:34,  1.14it/s, Saved at =inf, TrLoss=0.2379]
 Training FV-epn30000-s42-t2:  24%|██▍       | 12/50 [00:11<00:34,  1.11it/s, Saved at =inf, TrLoss=0.2379]
 Training FV-epn30000-s42-t2:  24%|██▍       | 12/50 [00:11<00:34,  1.11it/s, Saved at =inf, TrLoss=0.2033]
 Training FV-epn30000-s42-t2:  26%|██▌       | 13/50 [00:12<00:34,  1.07it/s, Saved at =inf, TrLoss=0.2033]
 Training FV-epn30000-s42-t2:  26%|██▌       | 13/50 [00:12<00:34,  1.07it/s, Saved at =inf, TrLoss=0.2169]
 Training FV-epn30000-s42-t2:  28%|██▊       | 14/50 [00:13<00:34,  1.05it/s, Saved at =inf, TrLoss=0.2169]
 Training FV-epn30000-s42-t2:  28%|██▊       | 14/50 [00:13<00:34,  1.05it/s, Saved at =inf, TrLoss=0.2279]
 Training FV-epn30000-s42-t2:  30%|███       | 15/50 [00:14<00:36,  1.06s/it, Saved at =inf, TrLoss=0.2279]
 Training FV-epn30000-s42-t2:  30%|███       | 15/50 [00:14<00:36,  1.06s/it, Saved at =inf, TrLoss=0.2085]
 Training FV-epn30000-s42-t2:  32%|███▏      | 16/50 [00:15<00:34,  1.01s/it, Saved at =inf, TrLoss=0.2085]
 Training FV-epn30000-s42-t2:  32%|███▏      | 16/50 [00:15<00:34,  1.01s/it, Saved at =inf, TrLoss=0.2046]
 Training FV-epn30000-s42-t2:  34%|███▍      | 17/50 [00:16<00:31,  1.03it/s, Saved at =inf, TrLoss=0.2046]
 Training FV-epn30000-s42-t2:  34%|███▍      | 17/50 [00:16<00:31,  1.03it/s, Saved at =inf, TrLoss=0.2152]
 Training FV-epn30000-s42-t2:  36%|███▌      | 18/50 [00:17<00:29,  1.08it/s, Saved at =inf, TrLoss=0.2152]
 Training FV-epn30000-s42-t2:  36%|███▌      | 18/50 [00:17<00:29,  1.08it/s, Saved at =inf, TrLoss=0.2117]
 Training FV-epn30000-s42-t2:  38%|███▊      | 19/50 [00:18<00:28,  1.08it/s, Saved at =inf, TrLoss=0.2117]
 Training FV-epn30000-s42-t2:  38%|███▊      | 19/50 [00:18<00:28,  1.08it/s, Saved at =inf, TrLoss=0.1963]
 Training FV-epn30000-s42-t2:  40%|████      | 20/50 [00:19<00:31,  1.06s/it, Saved at =inf, TrLoss=0.1963]
 Training FV-epn30000-s42-t2:  40%|████      | 20/50 [00:19<00:31,  1.06s/it, Saved at =inf, TrLoss=0.1981]
 Training FV-epn30000-s42-t2:  42%|████▏     | 21/50 [00:21<00:35,  1.23s/it, Saved at =inf, TrLoss=0.1981]
 Training FV-epn30000-s42-t2:  42%|████▏     | 21/50 [00:21<00:35,  1.23s/it, Saved at =inf, TrLoss=0.2049]
 Training FV-epn30000-s42-t2:  44%|████▍     | 22/50 [00:22<00:32,  1.16s/it, Saved at =inf, TrLoss=0.2049]
 Training FV-epn30000-s42-t2:  44%|████▍     | 22/50 [00:22<00:32,  1.16s/it, Saved at =inf, TrLoss=0.1985]
 Training FV-epn30000-s42-t2:  46%|████▌     | 23/50 [00:23<00:29,  1.10s/it, Saved at =inf, TrLoss=0.1985]
 Training FV-epn30000-s42-t2:  46%|████▌     | 23/50 [00:23<00:29,  1.10s/it, Saved at =inf, TrLoss=0.1902]
 Training FV-epn30000-s42-t2:  48%|████▊     | 24/50 [00:24<00:27,  1.04s/it, Saved at =inf, TrLoss=0.1902]
 Training FV-epn30000-s42-t2:  48%|████▊     | 24/50 [00:24<00:27,  1.04s/it, Saved at =inf, TrLoss=0.1924]
 Training FV-epn30000-s42-t2:  50%|█████     | 25/50 [00:25<00:25,  1.00s/it, Saved at =inf, TrLoss=0.1924]
 Training FV-epn30000-s42-t2:  50%|█████     | 25/50 [00:25<00:25,  1.00s/it, Saved at =inf, TrLoss=0.1982]
 Training FV-epn30000-s42-t2:  52%|█████▏    | 26/50 [00:26<00:23,  1.04it/s, Saved at =inf, TrLoss=0.1982]
 Training FV-epn30000-s42-t2:  52%|█████▏    | 26/50 [00:26<00:23,  1.04it/s, Saved at =inf, TrLoss=0.1935]
 Training FV-epn30000-s42-t2:  54%|█████▍    | 27/50 [00:26<00:22,  1.04it/s, Saved at =inf, TrLoss=0.1935]
 Training FV-epn30000-s42-t2:  54%|█████▍    | 27/50 [00:27<00:22,  1.04it/s, Saved at =inf, TrLoss=0.1908]
 Training FV-epn30000-s42-t2:  56%|█████▌    | 28/50 [00:28<00:22,  1.01s/it, Saved at =inf, TrLoss=0.1908]
 Training FV-epn30000-s42-t2:  56%|█████▌    | 28/50 [00:28<00:22,  1.01s/it, Saved at =inf, TrLoss=0.1894]
 Training FV-epn30000-s42-t2:  58%|█████▊    | 29/50 [00:28<00:20,  1.04it/s, Saved at =inf, TrLoss=0.1894]
 Training FV-epn30000-s42-t2:  58%|█████▊    | 29/50 [00:29<00:20,  1.04it/s, Saved at =inf, TrLoss=0.1910]
 Training FV-epn30000-s42-t2:  60%|██████    | 30/50 [00:30<00:20,  1.01s/it, Saved at =inf, TrLoss=0.1910]
 Training FV-epn30000-s42-t2:  60%|██████    | 30/50 [00:30<00:20,  1.01s/it, Saved at =inf, TrLoss=0.1888]
 Training FV-epn30000-s42-t2:  62%|██████▏   | 31/50 [00:31<00:21,  1.12s/it, Saved at =inf, TrLoss=0.1888]
 Training FV-epn30000-s42-t2:  62%|██████▏   | 31/50 [00:31<00:21,  1.12s/it, Saved at =inf, TrLoss=0.1852]
 Training FV-epn30000-s42-t2:  64%|██████▍   | 32/50 [00:32<00:19,  1.08s/it, Saved at =inf, TrLoss=0.1852]
 Training FV-epn30000-s42-t2:  64%|██████▍   | 32/50 [00:32<00:19,  1.08s/it, Saved at =inf, TrLoss=0.1867]
 Training FV-epn30000-s42-t2:  66%|██████▌   | 33/50 [00:33<00:17,  1.04s/it, Saved at =inf, TrLoss=0.1867]
 Training FV-epn30000-s42-t2:  66%|██████▌   | 33/50 [00:33<00:17,  1.04s/it, Saved at =inf, TrLoss=0.1872]
 Training FV-epn30000-s42-t2:  68%|██████▊   | 34/50 [00:34<00:18,  1.15s/it, Saved at =inf, TrLoss=0.1872]
 Training FV-epn30000-s42-t2:  68%|██████▊   | 34/50 [00:34<00:18,  1.15s/it, Saved at =inf, TrLoss=0.1846]
 Training FV-epn30000-s42-t2:  70%|███████   | 35/50 [00:36<00:19,  1.30s/it, Saved at =inf, TrLoss=0.1846]
 Training FV-epn30000-s42-t2:  70%|███████   | 35/50 [00:36<00:19,  1.30s/it, Saved at =inf, TrLoss=0.1829]
 Training FV-epn30000-s42-t2:  72%|███████▏  | 36/50 [00:37<00:19,  1.36s/it, Saved at =inf, TrLoss=0.1829]
 Training FV-epn30000-s42-t2:  72%|███████▏  | 36/50 [00:38<00:19,  1.36s/it, Saved at =inf, TrLoss=0.1840]
 Training FV-epn30000-s42-t2:  74%|███████▍  | 37/50 [00:38<00:15,  1.19s/it, Saved at =inf, TrLoss=0.1840]
 Training FV-epn30000-s42-t2:  74%|███████▍  | 37/50 [00:38<00:15,  1.19s/it, Saved at =inf, TrLoss=0.1828]
 Training FV-epn30000-s42-t2:  76%|███████▌  | 38/50 [00:40<00:14,  1.24s/it, Saved at =inf, TrLoss=0.1828]
 Training FV-epn30000-s42-t2:  76%|███████▌  | 38/50 [00:40<00:14,  1.24s/it, Saved at =inf, TrLoss=0.1808]
 Training FV-epn30000-s42-t2:  78%|███████▊  | 39/50 [00:41<00:14,  1.30s/it, Saved at =inf, TrLoss=0.1808]
 Training FV-epn30000-s42-t2:  78%|███████▊  | 39/50 [00:41<00:14,  1.30s/it, Saved at =inf, TrLoss=0.1803]
 Training FV-epn30000-s42-t2:  80%|████████  | 40/50 [00:42<00:13,  1.31s/it, Saved at =inf, TrLoss=0.1803]
 Training FV-epn30000-s42-t2:  80%|████████  | 40/50 [00:43<00:13,  1.31s/it, Saved at =inf, TrLoss=0.1811]
 Training FV-epn30000-s42-t2:  82%|████████▏ | 41/50 [00:43<00:10,  1.18s/it, Saved at =inf, TrLoss=0.1811]
 Training FV-epn30000-s42-t2:  82%|████████▏ | 41/50 [00:43<00:10,  1.18s/it, Saved at =inf, TrLoss=0.1803]
 Training FV-epn30000-s42-t2:  84%|████████▍ | 42/50 [00:45<00:09,  1.21s/it, Saved at =inf, TrLoss=0.1803]
 Training FV-epn30000-s42-t2:  84%|████████▍ | 42/50 [00:45<00:09,  1.21s/it, Saved at =inf, TrLoss=0.1783]
 Training FV-epn30000-s42-t2:  86%|████████▌ | 43/50 [00:46<00:08,  1.25s/it, Saved at =inf, TrLoss=0.1783]
 Training FV-epn30000-s42-t2:  86%|████████▌ | 43/50 [00:46<00:08,  1.25s/it, Saved at =inf, TrLoss=0.1793]
 Training FV-epn30000-s42-t2:  88%|████████▊ | 44/50 [00:47<00:07,  1.17s/it, Saved at =inf, TrLoss=0.1793]
 Training FV-epn30000-s42-t2:  88%|████████▊ | 44/50 [00:47<00:07,  1.17s/it, Saved at =inf, TrLoss=0.1768]
 Training FV-epn30000-s42-t2:  90%|█████████ | 45/50 [00:48<00:05,  1.20s/it, Saved at =inf, TrLoss=0.1768]
 Training FV-epn30000-s42-t2:  90%|█████████ | 45/50 [00:48<00:05,  1.20s/it, Saved at =inf, TrLoss=0.1752]
 Training FV-epn30000-s42-t2:  92%|█████████▏| 46/50 [00:49<00:04,  1.16s/it, Saved at =inf, TrLoss=0.1752]
 Training FV-epn30000-s42-t2:  92%|█████████▏| 46/50 [00:49<00:04,  1.16s/it, Saved at =inf, TrLoss=0.1761]
 Training FV-epn30000-s42-t2:  94%|█████████▍| 47/50 [00:50<00:03,  1.13s/it, Saved at =inf, TrLoss=0.1761]
 Training FV-epn30000-s42-t2:  94%|█████████▍| 47/50 [00:50<00:03,  1.13s/it, Saved at =inf, TrLoss=0.1744]
 Training FV-epn30000-s42-t2:  96%|█████████▌| 48/50 [00:52<00:02,  1.27s/it, Saved at =inf, TrLoss=0.1744]
 Training FV-epn30000-s42-t2:  96%|█████████▌| 48/50 [00:52<00:02,  1.27s/it, Saved at =inf, TrLoss=0.1740]
 Training FV-epn30000-s42-t2:  98%|█████████▊| 49/50 [00:53<00:01,  1.20s/it, Saved at =inf, TrLoss=0.1740]
 Training FV-epn30000-s42-t2:  98%|█████████▊| 49/50 [00:53<00:01,  1.20s/it, Saved at =inf, TrLoss=0.1731]
 Training FV-epn30000-s42-t2: 100%|██████████| 50/50 [00:54<00:00,  1.28s/it, Saved at =inf, TrLoss=0.1731]
 Training FV-epn30000-s42-t2: 100%|██████████| 50/50 [00:54<00:00,  1.10s/it, Saved at =inf, TrLoss=0.1731]

 Training FV-epn30000-s42-t3:   0%|          | 0/50 [00:00<?, ?it/s]
 Training FV-epn30000-s42-t3:   0%|          | 0/50 [00:00<?, ?it/s, Saved at =inf, TrLoss=0.7243]
 Training FV-epn30000-s42-t3:   2%|▏         | 1/50 [00:00<00:43,  1.12it/s, Saved at =inf, TrLoss=0.7243]
 Training FV-epn30000-s42-t3:   2%|▏         | 1/50 [00:01<00:43,  1.12it/s, Saved at =inf, TrLoss=0.6232]
 Training FV-epn30000-s42-t3:   4%|▍         | 2/50 [00:01<00:42,  1.14it/s, Saved at =inf, TrLoss=0.6232]
 Training FV-epn30000-s42-t3:   4%|▍         | 2/50 [00:01<00:42,  1.14it/s, Saved at =inf, TrLoss=0.4428]
 Training FV-epn30000-s42-t3:   6%|▌         | 3/50 [00:02<00:43,  1.07it/s, Saved at =inf, TrLoss=0.4428]
 Training FV-epn30000-s42-t3:   6%|▌         | 3/50 [00:02<00:43,  1.07it/s, Saved at =inf, TrLoss=0.3753]
 Training FV-epn30000-s42-t3:   8%|▊         | 4/50 [00:03<00:45,  1.02it/s, Saved at =inf, TrLoss=0.3753]
 Training FV-epn30000-s42-t3:   8%|▊         | 4/50 [00:03<00:45,  1.02it/s, Saved at =inf, TrLoss=0.3586]
 Training FV-epn30000-s42-t3:  10%|█         | 5/50 [00:04<00:44,  1.00it/s, Saved at =inf, TrLoss=0.3586]
 Training FV-epn30000-s42-t3:  10%|█         | 5/50 [00:05<00:44,  1.00it/s, Saved at =inf, TrLoss=0.3628]
 Training FV-epn30000-s42-t3:  12%|█▏        | 6/50 [00:05<00:40,  1.08it/s, Saved at =inf, TrLoss=0.3628]
 Training FV-epn30000-s42-t3:  12%|█▏        | 6/50 [00:05<00:40,  1.08it/s, Saved at =inf, TrLoss=0.3270]
 Training FV-epn30000-s42-t3:  14%|█▍        | 7/50 [00:06<00:37,  1.16it/s, Saved at =inf, TrLoss=0.3270]
 Training FV-epn30000-s42-t3:  14%|█▍        | 7/50 [00:06<00:37,  1.16it/s, Saved at =inf, TrLoss=0.3044]
 Training FV-epn30000-s42-t3:  16%|█▌        | 8/50 [00:07<00:34,  1.21it/s, Saved at =inf, TrLoss=0.3044]
 Training FV-epn30000-s42-t3:  16%|█▌        | 8/50 [00:07<00:34,  1.21it/s, Saved at =inf, TrLoss=0.2811]
 Training FV-epn30000-s42-t3:  18%|█▊        | 9/50 [00:07<00:33,  1.21it/s, Saved at =inf, TrLoss=0.2811]
 Training FV-epn30000-s42-t3:  18%|█▊        | 9/50 [00:08<00:33,  1.21it/s, Saved at =inf, TrLoss=0.2691]
 Training FV-epn30000-s42-t3:  20%|██        | 10/50 [00:08<00:35,  1.12it/s, Saved at =inf, TrLoss=0.2691]
 Training FV-epn30000-s42-t3:  20%|██        | 10/50 [00:09<00:35,  1.12it/s, Saved at =inf, TrLoss=0.2447]
 Training FV-epn30000-s42-t3:  22%|██▏       | 11/50 [00:09<00:32,  1.20it/s, Saved at =inf, TrLoss=0.2447]
 Training FV-epn30000-s42-t3:  22%|██▏       | 11/50 [00:09<00:32,  1.20it/s, Saved at =inf, TrLoss=0.2277]
 Training FV-epn30000-s42-t3:  24%|██▍       | 12/50 [00:10<00:31,  1.22it/s, Saved at =inf, TrLoss=0.2277]
 Training FV-epn30000-s42-t3:  24%|██▍       | 12/50 [00:10<00:31,  1.22it/s, Saved at =inf, TrLoss=0.2145]
 Training FV-epn30000-s42-t3:  26%|██▌       | 13/50 [00:11<00:29,  1.26it/s, Saved at =inf, TrLoss=0.2145]
 Training FV-epn30000-s42-t3:  26%|██▌       | 13/50 [00:11<00:29,  1.26it/s, Saved at =inf, TrLoss=0.2092]
 Training FV-epn30000-s42-t3:  28%|██▊       | 14/50 [00:11<00:28,  1.26it/s, Saved at =inf, TrLoss=0.2092]
 Training FV-epn30000-s42-t3:  28%|██▊       | 14/50 [00:12<00:28,  1.26it/s, Saved at =inf, TrLoss=0.2080]
 Training FV-epn30000-s42-t3:  30%|███       | 15/50 [00:13<00:30,  1.15it/s, Saved at =inf, TrLoss=0.2080]
 Training FV-epn30000-s42-t3:  30%|███       | 15/50 [00:13<00:30,  1.15it/s, Saved at =inf, TrLoss=0.2053]
 Training FV-epn30000-s42-t3:  32%|███▏      | 16/50 [00:14<00:34,  1.02s/it, Saved at =inf, TrLoss=0.2053]
 Training FV-epn30000-s42-t3:  32%|███▏      | 16/50 [00:14<00:34,  1.02s/it, Saved at =inf, TrLoss=0.2026]
 Training FV-epn30000-s42-t3:  34%|███▍      | 17/50 [00:15<00:35,  1.08s/it, Saved at =inf, TrLoss=0.2026]
 Training FV-epn30000-s42-t3:  34%|███▍      | 17/50 [00:15<00:35,  1.08s/it, Saved at =inf, TrLoss=0.2003]
 Training FV-epn30000-s42-t3:  36%|███▌      | 18/50 [00:17<00:42,  1.31s/it, Saved at =inf, TrLoss=0.2003]
 Training FV-epn30000-s42-t3:  36%|███▌      | 18/50 [00:17<00:42,  1.31s/it, Saved at =inf, TrLoss=0.1997]
 Training FV-epn30000-s42-t3:  38%|███▊      | 19/50 [00:18<00:37,  1.20s/it, Saved at =inf, TrLoss=0.1997]
 Training FV-epn30000-s42-t3:  38%|███▊      | 19/50 [00:18<00:37,  1.20s/it, Saved at =inf, TrLoss=0.1987]
 Training FV-epn30000-s42-t3:  40%|████      | 20/50 [00:19<00:33,  1.11s/it, Saved at =inf, TrLoss=0.1987]
 Training FV-epn30000-s42-t3:  40%|████      | 20/50 [00:19<00:33,  1.11s/it, Saved at =inf, TrLoss=0.1984]
 Training FV-epn30000-s42-t3:  42%|████▏     | 21/50 [00:20<00:35,  1.23s/it, Saved at =inf, TrLoss=0.1984]
 Training FV-epn30000-s42-t3:  42%|████▏     | 21/50 [00:20<00:35,  1.23s/it, Saved at =inf, TrLoss=0.1976]
 Training FV-epn30000-s42-t3:  44%|████▍     | 22/50 [00:21<00:32,  1.15s/it, Saved at =inf, TrLoss=0.1976]
 Training FV-epn30000-s42-t3:  44%|████▍     | 22/50 [00:21<00:32,  1.15s/it, Saved at =inf, TrLoss=0.1960]
 Training FV-epn30000-s42-t3:  46%|████▌     | 23/50 [00:22<00:27,  1.03s/it, Saved at =inf, TrLoss=0.1960]
 Training FV-epn30000-s42-t3:  46%|████▌     | 23/50 [00:22<00:27,  1.03s/it, Saved at =inf, TrLoss=0.1951]
 Training FV-epn30000-s42-t3:  48%|████▊     | 24/50 [00:23<00:27,  1.05s/it, Saved at =inf, TrLoss=0.1951]
 Training FV-epn30000-s42-t3:  48%|████▊     | 24/50 [00:23<00:27,  1.05s/it, Saved at =inf, TrLoss=0.1931]
 Training FV-epn30000-s42-t3:  50%|█████     | 25/50 [00:25<00:30,  1.23s/it, Saved at =inf, TrLoss=0.1931]
 Training FV-epn30000-s42-t3:  50%|█████     | 25/50 [00:25<00:30,  1.23s/it, Saved at =inf, TrLoss=0.1922]
 Training FV-epn30000-s42-t3:  52%|█████▏    | 26/50 [00:26<00:29,  1.22s/it, Saved at =inf, TrLoss=0.1922]
 Training FV-epn30000-s42-t3:  52%|█████▏    | 26/50 [00:26<00:29,  1.22s/it, Saved at =inf, TrLoss=0.1907]
 Training FV-epn30000-s42-t3:  54%|█████▍    | 27/50 [00:27<00:27,  1.18s/it, Saved at =inf, TrLoss=0.1907]
 Training FV-epn30000-s42-t3:  54%|█████▍    | 27/50 [00:27<00:27,  1.18s/it, Saved at =inf, TrLoss=0.1893]
 Training FV-epn30000-s42-t3:  56%|█████▌    | 28/50 [00:28<00:24,  1.12s/it, Saved at =inf, TrLoss=0.1893]
 Training FV-epn30000-s42-t3:  56%|█████▌    | 28/50 [00:28<00:24,  1.12s/it, Saved at =inf, TrLoss=0.1883]
 Training FV-epn30000-s42-t3:  58%|█████▊    | 29/50 [00:29<00:23,  1.11s/it, Saved at =inf, TrLoss=0.1883]
 Training FV-epn30000-s42-t3:  58%|█████▊    | 29/50 [00:29<00:23,  1.11s/it, Saved at =inf, TrLoss=0.1869]
 Training FV-epn30000-s42-t3:  60%|██████    | 30/50 [00:30<00:21,  1.09s/it, Saved at =inf, TrLoss=0.1869]
 Training FV-epn30000-s42-t3:  60%|██████    | 30/50 [00:30<00:21,  1.09s/it, Saved at =inf, TrLoss=0.1857]
 Training FV-epn30000-s42-t3:  62%|██████▏   | 31/50 [00:31<00:18,  1.01it/s, Saved at =inf, TrLoss=0.1857]
 Training FV-epn30000-s42-t3:  62%|██████▏   | 31/50 [00:31<00:18,  1.01it/s, Saved at =inf, TrLoss=0.1849]
 Training FV-epn30000-s42-t3:  64%|██████▍   | 32/50 [00:32<00:16,  1.09it/s, Saved at =inf, TrLoss=0.1849]
 Training FV-epn30000-s42-t3:  64%|██████▍   | 32/50 [00:32<00:16,  1.09it/s, Saved at =inf, TrLoss=0.1841]
 Training FV-epn30000-s42-t3:  66%|██████▌   | 33/50 [00:32<00:14,  1.16it/s, Saved at =inf, TrLoss=0.1841]
 Training FV-epn30000-s42-t3:  66%|██████▌   | 33/50 [00:33<00:14,  1.16it/s, Saved at =inf, TrLoss=0.1844]
 Training FV-epn30000-s42-t3:  68%|██████▊   | 34/50 [00:33<00:13,  1.19it/s, Saved at =inf, TrLoss=0.1844]
 Training FV-epn30000-s42-t3:  68%|██████▊   | 34/50 [00:33<00:13,  1.19it/s, Saved at =inf, TrLoss=0.1839]
 Training FV-epn30000-s42-t3:  70%|███████   | 35/50 [00:34<00:12,  1.18it/s, Saved at =inf, TrLoss=0.1839]
 Training FV-epn30000-s42-t3:  70%|███████   | 35/50 [00:34<00:12,  1.18it/s, Saved at =inf, TrLoss=0.1829]
 Training FV-epn30000-s42-t3:  72%|███████▏  | 36/50 [00:35<00:11,  1.22it/s, Saved at =inf, TrLoss=0.1829]
 Training FV-epn30000-s42-t3:  72%|███████▏  | 36/50 [00:35<00:11,  1.22it/s, Saved at =inf, TrLoss=0.1814]
 Training FV-epn30000-s42-t3:  74%|███████▍  | 37/50 [00:36<00:10,  1.28it/s, Saved at =inf, TrLoss=0.1814]
 Training FV-epn30000-s42-t3:  74%|███████▍  | 37/50 [00:36<00:10,  1.28it/s, Saved at =inf, TrLoss=0.1808]
 Training FV-epn30000-s42-t3:  76%|███████▌  | 38/50 [00:36<00:08,  1.34it/s, Saved at =inf, TrLoss=0.1808]
 Training FV-epn30000-s42-t3:  76%|███████▌  | 38/50 [00:36<00:08,  1.34it/s, Saved at =inf, TrLoss=0.1817]
 Training FV-epn30000-s42-t3:  78%|███████▊  | 39/50 [00:37<00:07,  1.38it/s, Saved at =inf, TrLoss=0.1817]
 Training FV-epn30000-s42-t3:  78%|███████▊  | 39/50 [00:37<00:07,  1.38it/s, Saved at =inf, TrLoss=0.1806]
 Training FV-epn30000-s42-t3:  80%|████████  | 40/50 [00:38<00:07,  1.38it/s, Saved at =inf, TrLoss=0.1806]
 Training FV-epn30000-s42-t3:  80%|████████  | 40/50 [00:38<00:07,  1.38it/s, Saved at =inf, TrLoss=0.1789]
 Training FV-epn30000-s42-t3:  82%|████████▏ | 41/50 [00:38<00:06,  1.36it/s, Saved at =inf, TrLoss=0.1789]
 Training FV-epn30000-s42-t3:  82%|████████▏ | 41/50 [00:39<00:06,  1.36it/s, Saved at =inf, TrLoss=0.1788]
 Training FV-epn30000-s42-t3:  84%|████████▍ | 42/50 [00:39<00:06,  1.32it/s, Saved at =inf, TrLoss=0.1788]
 Training FV-epn30000-s42-t3:  84%|████████▍ | 42/50 [00:39<00:06,  1.32it/s, Saved at =inf, TrLoss=0.1789]
 Training FV-epn30000-s42-t3:  86%|████████▌ | 43/50 [00:40<00:05,  1.31it/s, Saved at =inf, TrLoss=0.1789]
 Training FV-epn30000-s42-t3:  86%|████████▌ | 43/50 [00:40<00:05,  1.31it/s, Saved at =inf, TrLoss=0.1795]
 Training FV-epn30000-s42-t3:  88%|████████▊ | 44/50 [00:41<00:04,  1.24it/s, Saved at =inf, TrLoss=0.1795]
 Training FV-epn30000-s42-t3:  88%|████████▊ | 44/50 [00:41<00:04,  1.24it/s, Saved at =inf, TrLoss=0.1779]
 Training FV-epn30000-s42-t3:  90%|█████████ | 45/50 [00:42<00:04,  1.05it/s, Saved at =inf, TrLoss=0.1779]
 Training FV-epn30000-s42-t3:  90%|█████████ | 45/50 [00:42<00:04,  1.05it/s, Saved at =inf, TrLoss=0.1751]
 Training FV-epn30000-s42-t3:  92%|█████████▏| 46/50 [00:43<00:03,  1.11it/s, Saved at =inf, TrLoss=0.1751]
 Training FV-epn30000-s42-t3:  92%|█████████▏| 46/50 [00:43<00:03,  1.11it/s, Saved at =inf, TrLoss=0.1744]
 Training FV-epn30000-s42-t3:  94%|█████████▍| 47/50 [00:44<00:02,  1.11it/s, Saved at =inf, TrLoss=0.1744]
 Training FV-epn30000-s42-t3:  94%|█████████▍| 47/50 [00:44<00:02,  1.11it/s, Saved at =inf, TrLoss=0.1743]
 Training FV-epn30000-s42-t3:  96%|█████████▌| 48/50 [00:45<00:01,  1.15it/s, Saved at =inf, TrLoss=0.1743]
 Training FV-epn30000-s42-t3:  96%|█████████▌| 48/50 [00:45<00:01,  1.15it/s, Saved at =inf, TrLoss=0.1731]
 Training FV-epn30000-s42-t3:  98%|█████████▊| 49/50 [00:45<00:00,  1.17it/s, Saved at =inf, TrLoss=0.1731]
 Training FV-epn30000-s42-t3:  98%|█████████▊| 49/50 [00:46<00:00,  1.17it/s, Saved at =inf, TrLoss=0.1731]
 Training FV-epn30000-s42-t3: 100%|██████████| 50/50 [00:46<00:00,  1.15it/s, Saved at =inf, TrLoss=0.1731]
 Training FV-epn30000-s42-t3: 100%|██████████| 50/50 [00:46<00:00,  1.07it/s, Saved at =inf, TrLoss=0.1731]

 Training FV-epn30000-s42-t4:   0%|          | 0/50 [00:00<?, ?it/s]
 Training FV-epn30000-s42-t4:   0%|          | 0/50 [00:00<?, ?it/s, Saved at =inf, TrLoss=0.7125]
 Training FV-epn30000-s42-t4:   2%|▏         | 1/50 [00:00<00:46,  1.04it/s, Saved at =inf, TrLoss=0.7125]
 Training FV-epn30000-s42-t4:   2%|▏         | 1/50 [00:01<00:46,  1.04it/s, Saved at =inf, TrLoss=0.6985]
 Training FV-epn30000-s42-t4:   4%|▍         | 2/50 [00:02<00:48,  1.02s/it, Saved at =inf, TrLoss=0.6985]
 Training FV-epn30000-s42-t4:   4%|▍         | 2/50 [00:02<00:48,  1.02s/it, Saved at =inf, TrLoss=0.4030]
 Training FV-epn30000-s42-t4:   6%|▌         | 3/50 [00:03<00:50,  1.07s/it, Saved at =inf, TrLoss=0.4030]
 Training FV-epn30000-s42-t4:   6%|▌         | 3/50 [00:03<00:50,  1.07s/it, Saved at =inf, TrLoss=0.4069]
 Training FV-epn30000-s42-t4:   8%|▊         | 4/50 [00:04<00:49,  1.07s/it, Saved at =inf, TrLoss=0.4069]
 Training FV-epn30000-s42-t4:   8%|▊         | 4/50 [00:04<00:49,  1.07s/it, Saved at =inf, TrLoss=0.3704]
 Training FV-epn30000-s42-t4:  10%|█         | 5/50 [00:05<00:48,  1.08s/it, Saved at =inf, TrLoss=0.3704]
 Training FV-epn30000-s42-t4:  10%|█         | 5/50 [00:05<00:48,  1.08s/it, Saved at =inf, TrLoss=0.3588]
 Training FV-epn30000-s42-t4:  12%|█▏        | 6/50 [00:06<00:47,  1.07s/it, Saved at =inf, TrLoss=0.3588]
 Training FV-epn30000-s42-t4:  12%|█▏        | 6/50 [00:06<00:47,  1.07s/it, Saved at =inf, TrLoss=0.3544]
 Training FV-epn30000-s42-t4:  14%|█▍        | 7/50 [00:07<00:50,  1.18s/it, Saved at =inf, TrLoss=0.3544]
 Training FV-epn30000-s42-t4:  14%|█▍        | 7/50 [00:07<00:50,  1.18s/it, Saved at =inf, TrLoss=0.3183]
 Training FV-epn30000-s42-t4:  16%|█▌        | 8/50 [00:08<00:45,  1.08s/it, Saved at =inf, TrLoss=0.3183]
 Training FV-epn30000-s42-t4:  16%|█▌        | 8/50 [00:08<00:45,  1.08s/it, Saved at =inf, TrLoss=0.3069]
 Training FV-epn30000-s42-t4:  18%|█▊        | 9/50 [00:09<00:42,  1.04s/it, Saved at =inf, TrLoss=0.3069]
 Training FV-epn30000-s42-t4:  18%|█▊        | 9/50 [00:09<00:42,  1.04s/it, Saved at =inf, TrLoss=0.2873]
 Training FV-epn30000-s42-t4:  20%|██        | 10/50 [00:10<00:40,  1.02s/it, Saved at =inf, TrLoss=0.2873]
 Training FV-epn30000-s42-t4:  20%|██        | 10/50 [00:10<00:40,  1.02s/it, Saved at =inf, TrLoss=0.2705]
 Training FV-epn30000-s42-t4:  22%|██▏       | 11/50 [00:11<00:39,  1.01s/it, Saved at =inf, TrLoss=0.2705]
 Training FV-epn30000-s42-t4:  22%|██▏       | 11/50 [00:11<00:39,  1.01s/it, Saved at =inf, TrLoss=0.2721]
 Training FV-epn30000-s42-t4:  24%|██▍       | 12/50 [00:12<00:41,  1.08s/it, Saved at =inf, TrLoss=0.2721]
 Training FV-epn30000-s42-t4:  24%|██▍       | 12/50 [00:13<00:41,  1.08s/it, Saved at =inf, TrLoss=0.2470]
 Training FV-epn30000-s42-t4:  26%|██▌       | 13/50 [00:13<00:39,  1.07s/it, Saved at =inf, TrLoss=0.2470]
 Training FV-epn30000-s42-t4:  26%|██▌       | 13/50 [00:14<00:39,  1.07s/it, Saved at =inf, TrLoss=0.2368]
 Training FV-epn30000-s42-t4:  28%|██▊       | 14/50 [00:14<00:38,  1.06s/it, Saved at =inf, TrLoss=0.2368]
 Training FV-epn30000-s42-t4:  28%|██▊       | 14/50 [00:15<00:38,  1.06s/it, Saved at =inf, TrLoss=0.2210]
 Training FV-epn30000-s42-t4:  30%|███       | 15/50 [00:16<00:39,  1.13s/it, Saved at =inf, TrLoss=0.2210]
 Training FV-epn30000-s42-t4:  30%|███       | 15/50 [00:16<00:39,  1.13s/it, Saved at =inf, TrLoss=0.2251]
 Training FV-epn30000-s42-t4:  32%|███▏      | 16/50 [00:17<00:39,  1.17s/it, Saved at =inf, TrLoss=0.2251]
 Training FV-epn30000-s42-t4:  32%|███▏      | 16/50 [00:17<00:39,  1.17s/it, Saved at =inf, TrLoss=0.2163]
 Training FV-epn30000-s42-t4:  34%|███▍      | 17/50 [00:18<00:36,  1.11s/it, Saved at =inf, TrLoss=0.2163]
 Training FV-epn30000-s42-t4:  34%|███▍      | 17/50 [00:18<00:36,  1.11s/it, Saved at =inf, TrLoss=0.2200]
 Training FV-epn30000-s42-t4:  36%|███▌      | 18/50 [00:20<00:42,  1.32s/it, Saved at =inf, TrLoss=0.2200]
 Training FV-epn30000-s42-t4:  36%|███▌      | 18/50 [00:20<00:42,  1.32s/it, Saved at =inf, TrLoss=0.2103]
 Training FV-epn30000-s42-t4:  38%|███▊      | 19/50 [00:21<00:44,  1.45s/it, Saved at =inf, TrLoss=0.2103]
 Training FV-epn30000-s42-t4:  38%|███▊      | 19/50 [00:22<00:44,  1.45s/it, Saved at =inf, TrLoss=0.2119]
 Training FV-epn30000-s42-t4:  40%|████      | 20/50 [00:23<00:40,  1.36s/it, Saved at =inf, TrLoss=0.2119]
 Training FV-epn30000-s42-t4:  40%|████      | 20/50 [00:23<00:40,  1.36s/it, Saved at =inf, TrLoss=0.2127]
 Training FV-epn30000-s42-t4:  42%|████▏     | 21/50 [00:24<00:39,  1.36s/it, Saved at =inf, TrLoss=0.2127]
 Training FV-epn30000-s42-t4:  42%|████▏     | 21/50 [00:24<00:39,  1.36s/it, Saved at =inf, TrLoss=0.2064]
 Training FV-epn30000-s42-t4:  44%|████▍     | 22/50 [00:26<00:40,  1.45s/it, Saved at =inf, TrLoss=0.2064]
 Training FV-epn30000-s42-t4:  44%|████▍     | 22/50 [00:26<00:40,  1.45s/it, Saved at =inf, TrLoss=0.2084]
 Training FV-epn30000-s42-t4:  46%|████▌     | 23/50 [00:27<00:35,  1.31s/it, Saved at =inf, TrLoss=0.2084]
 Training FV-epn30000-s42-t4:  46%|████▌     | 23/50 [00:27<00:35,  1.31s/it, Saved at =inf, TrLoss=0.1981]
 Training FV-epn30000-s42-t4:  48%|████▊     | 24/50 [00:28<00:32,  1.24s/it, Saved at =inf, TrLoss=0.1981]
 Training FV-epn30000-s42-t4:  48%|████▊     | 24/50 [00:28<00:32,  1.24s/it, Saved at =inf, TrLoss=0.2009]
 Training FV-epn30000-s42-t4:  50%|█████     | 25/50 [00:29<00:32,  1.32s/it, Saved at =inf, TrLoss=0.2009]
 Training FV-epn30000-s42-t4:  50%|█████     | 25/50 [00:29<00:32,  1.32s/it, Saved at =inf, TrLoss=0.1957]
 Training FV-epn30000-s42-t4:  52%|█████▏    | 26/50 [00:31<00:32,  1.37s/it, Saved at =inf, TrLoss=0.1957]
 Training FV-epn30000-s42-t4:  52%|█████▏    | 26/50 [00:31<00:32,  1.37s/it, Saved at =inf, TrLoss=0.1982]
 Training FV-epn30000-s42-t4:  54%|█████▍    | 27/50 [00:32<00:29,  1.30s/it, Saved at =inf, TrLoss=0.1982]
 Training FV-epn30000-s42-t4:  54%|█████▍    | 27/50 [00:32<00:29,  1.30s/it, Saved at =inf, TrLoss=0.1936]
 Training FV-epn30000-s42-t4:  56%|█████▌    | 28/50 [00:33<00:28,  1.27s/it, Saved at =inf, TrLoss=0.1936]
 Training FV-epn30000-s42-t4:  56%|█████▌    | 28/50 [00:33<00:28,  1.27s/it, Saved at =inf, TrLoss=0.1962]
 Training FV-epn30000-s42-t4:  58%|█████▊    | 29/50 [00:34<00:24,  1.17s/it, Saved at =inf, TrLoss=0.1962]
 Training FV-epn30000-s42-t4:  58%|█████▊    | 29/50 [00:34<00:24,  1.17s/it, Saved at =inf, TrLoss=0.1931]
 Training FV-epn30000-s42-t4:  60%|██████    | 30/50 [00:35<00:21,  1.10s/it, Saved at =inf, TrLoss=0.1931]
 Training FV-epn30000-s42-t4:  60%|██████    | 30/50 [00:35<00:21,  1.10s/it, Saved at =inf, TrLoss=0.1947]
 Training FV-epn30000-s42-t4:  62%|██████▏   | 31/50 [00:36<00:23,  1.23s/it, Saved at =inf, TrLoss=0.1947]
 Training FV-epn30000-s42-t4:  62%|██████▏   | 31/50 [00:37<00:23,  1.23s/it, Saved at =inf, TrLoss=0.1920]
 Training FV-epn30000-s42-t4:  64%|██████▍   | 32/50 [00:38<00:24,  1.38s/it, Saved at =inf, TrLoss=0.1920]
 Training FV-epn30000-s42-t4:  64%|██████▍   | 32/50 [00:38<00:24,  1.38s/it, Saved at =inf, TrLoss=0.1938]
 Training FV-epn30000-s42-t4:  66%|██████▌   | 33/50 [00:39<00:20,  1.23s/it, Saved at =inf, TrLoss=0.1938]
 Training FV-epn30000-s42-t4:  66%|██████▌   | 33/50 [00:39<00:20,  1.23s/it, Saved at =inf, TrLoss=0.1911]
 Training FV-epn30000-s42-t4:  68%|██████▊   | 34/50 [00:40<00:17,  1.11s/it, Saved at =inf, TrLoss=0.1911]
 Training FV-epn30000-s42-t4:  68%|██████▊   | 34/50 [00:40<00:17,  1.11s/it, Saved at =inf, TrLoss=0.1919]
 Training FV-epn30000-s42-t4:  70%|███████   | 35/50 [00:41<00:16,  1.08s/it, Saved at =inf, TrLoss=0.1919]
 Training FV-epn30000-s42-t4:  70%|███████   | 35/50 [00:41<00:16,  1.08s/it, Saved at =inf, TrLoss=0.1896]
 Training FV-epn30000-s42-t4:  72%|███████▏  | 36/50 [00:42<00:14,  1.01s/it, Saved at =inf, TrLoss=0.1896]
 Training FV-epn30000-s42-t4:  72%|███████▏  | 36/50 [00:42<00:14,  1.01s/it, Saved at =inf, TrLoss=0.1898]
 Training FV-epn30000-s42-t4:  74%|███████▍  | 37/50 [00:43<00:12,  1.03it/s, Saved at =inf, TrLoss=0.1898]
 Training FV-epn30000-s42-t4:  74%|███████▍  | 37/50 [00:43<00:12,  1.03it/s, Saved at =inf, TrLoss=0.1885]
 Training FV-epn30000-s42-t4:  76%|███████▌  | 38/50 [00:43<00:11,  1.06it/s, Saved at =inf, TrLoss=0.1885]
 Training FV-epn30000-s42-t4:  76%|███████▌  | 38/50 [00:44<00:11,  1.06it/s, Saved at =inf, TrLoss=0.1895]
 Training FV-epn30000-s42-t4:  78%|███████▊  | 39/50 [00:44<00:10,  1.09it/s, Saved at =inf, TrLoss=0.1895]
 Training FV-epn30000-s42-t4:  78%|███████▊  | 39/50 [00:45<00:10,  1.09it/s, Saved at =inf, TrLoss=0.1875]
 Training FV-epn30000-s42-t4:  80%|████████  | 40/50 [00:45<00:09,  1.06it/s, Saved at =inf, TrLoss=0.1875]
 Training FV-epn30000-s42-t4:  80%|████████  | 40/50 [00:46<00:09,  1.06it/s, Saved at =inf, TrLoss=0.1873]
 Training FV-epn30000-s42-t4:  82%|████████▏ | 41/50 [00:46<00:08,  1.11it/s, Saved at =inf, TrLoss=0.1873]
 Training FV-epn30000-s42-t4:  82%|████████▏ | 41/50 [00:46<00:08,  1.11it/s, Saved at =inf, TrLoss=0.1859]
 Training FV-epn30000-s42-t4:  84%|████████▍ | 42/50 [00:47<00:07,  1.12it/s, Saved at =inf, TrLoss=0.1859]
 Training FV-epn30000-s42-t4:  84%|████████▍ | 42/50 [00:47<00:07,  1.12it/s, Saved at =inf, TrLoss=0.1868]
 Training FV-epn30000-s42-t4:  86%|████████▌ | 43/50 [00:48<00:06,  1.15it/s, Saved at =inf, TrLoss=0.1868]
 Training FV-epn30000-s42-t4:  86%|████████▌ | 43/50 [00:48<00:06,  1.15it/s, Saved at =inf, TrLoss=0.1852]
 Training FV-epn30000-s42-t4:  88%|████████▊ | 44/50 [00:49<00:05,  1.15it/s, Saved at =inf, TrLoss=0.1852]
 Training FV-epn30000-s42-t4:  88%|████████▊ | 44/50 [00:49<00:05,  1.15it/s, Saved at =inf, TrLoss=0.1854]
 Training FV-epn30000-s42-t4:  90%|█████████ | 45/50 [00:50<00:04,  1.12it/s, Saved at =inf, TrLoss=0.1854]
 Training FV-epn30000-s42-t4:  90%|█████████ | 45/50 [00:50<00:04,  1.12it/s, Saved at =inf, TrLoss=0.1840]
 Training FV-epn30000-s42-t4:  92%|█████████▏| 46/50 [00:51<00:03,  1.05it/s, Saved at =inf, TrLoss=0.1840]
 Training FV-epn30000-s42-t4:  92%|█████████▏| 46/50 [00:51<00:03,  1.05it/s, Saved at =inf, TrLoss=0.1847]
 Training FV-epn30000-s42-t4:  94%|█████████▍| 47/50 [00:52<00:02,  1.07it/s, Saved at =inf, TrLoss=0.1847]
 Training FV-epn30000-s42-t4:  94%|█████████▍| 47/50 [00:52<00:02,  1.07it/s, Saved at =inf, TrLoss=0.1837]
 Training FV-epn30000-s42-t4:  96%|█████████▌| 48/50 [00:53<00:01,  1.06it/s, Saved at =inf, TrLoss=0.1837]
 Training FV-epn30000-s42-t4:  96%|█████████▌| 48/50 [00:53<00:01,  1.06it/s, Saved at =inf, TrLoss=0.1835]
 Training FV-epn30000-s42-t4:  98%|█████████▊| 49/50 [00:53<00:00,  1.10it/s, Saved at =inf, TrLoss=0.1835]
 Training FV-epn30000-s42-t4:  98%|█████████▊| 49/50 [00:54<00:00,  1.10it/s, Saved at =inf, TrLoss=0.1830]
 Training FV-epn30000-s42-t4: 100%|██████████| 50/50 [00:54<00:00,  1.08it/s, Saved at =inf, TrLoss=0.1830]
 Training FV-epn30000-s42-t4: 100%|██████████| 50/50 [00:54<00:00,  1.10s/it, Saved at =inf, TrLoss=0.1830]

 Training FV-epn30000-s42-t5:   0%|          | 0/50 [00:00<?, ?it/s]
 Training FV-epn30000-s42-t5:   0%|          | 0/50 [00:00<?, ?it/s, Saved at =inf, TrLoss=0.7349]
 Training FV-epn30000-s42-t5:   2%|▏         | 1/50 [00:01<00:53,  1.10s/it, Saved at =inf, TrLoss=0.7349]
 Training FV-epn30000-s42-t5:   2%|▏         | 1/50 [00:01<00:53,  1.10s/it, Saved at =inf, TrLoss=0.5568]
 Training FV-epn30000-s42-t5:   4%|▍         | 2/50 [00:01<00:44,  1.08it/s, Saved at =inf, TrLoss=0.5568]
 Training FV-epn30000-s42-t5:   4%|▍         | 2/50 [00:02<00:44,  1.08it/s, Saved at =inf, TrLoss=0.5027]
 Training FV-epn30000-s42-t5:   6%|▌         | 3/50 [00:03<00:48,  1.04s/it, Saved at =inf, TrLoss=0.5027]
 Training FV-epn30000-s42-t5:   6%|▌         | 3/50 [00:03<00:48,  1.04s/it, Saved at =inf, TrLoss=0.5428]
 Training FV-epn30000-s42-t5:   8%|▊         | 4/50 [00:04<00:46,  1.01s/it, Saved at =inf, TrLoss=0.5428]
 Training FV-epn30000-s42-t5:   8%|▊         | 4/50 [00:04<00:46,  1.01s/it, Saved at =inf, TrLoss=0.3963]
 Training FV-epn30000-s42-t5:  10%|█         | 5/50 [00:04<00:42,  1.06it/s, Saved at =inf, TrLoss=0.3963]
 Training FV-epn30000-s42-t5:  10%|█         | 5/50 [00:05<00:42,  1.06it/s, Saved at =inf, TrLoss=0.4720]
 Training FV-epn30000-s42-t5:  12%|█▏        | 6/50 [00:05<00:42,  1.04it/s, Saved at =inf, TrLoss=0.4720]
 Training FV-epn30000-s42-t5:  12%|█▏        | 6/50 [00:06<00:42,  1.04it/s, Saved at =inf, TrLoss=0.3980]
 Training FV-epn30000-s42-t5:  14%|█▍        | 7/50 [00:06<00:41,  1.04it/s, Saved at =inf, TrLoss=0.3980]
 Training FV-epn30000-s42-t5:  14%|█▍        | 7/50 [00:07<00:41,  1.04it/s, Saved at =inf, TrLoss=0.3561]
 Training FV-epn30000-s42-t5:  16%|█▌        | 8/50 [00:07<00:40,  1.04it/s, Saved at =inf, TrLoss=0.3561]
 Training FV-epn30000-s42-t5:  16%|█▌        | 8/50 [00:08<00:40,  1.04it/s, Saved at =inf, TrLoss=0.3634]
 Training FV-epn30000-s42-t5:  18%|█▊        | 9/50 [00:08<00:40,  1.02it/s, Saved at =inf, TrLoss=0.3634]
 Training FV-epn30000-s42-t5:  18%|█▊        | 9/50 [00:09<00:40,  1.02it/s, Saved at =inf, TrLoss=0.3489]
 Training FV-epn30000-s42-t5:  20%|██        | 10/50 [00:09<00:39,  1.00it/s, Saved at =inf, TrLoss=0.3489]
 Training FV-epn30000-s42-t5:  20%|██        | 10/50 [00:10<00:39,  1.00it/s, Saved at =inf, TrLoss=0.3171]
 Training FV-epn30000-s42-t5:  22%|██▏       | 11/50 [00:10<00:37,  1.04it/s, Saved at =inf, TrLoss=0.3171]
 Training FV-epn30000-s42-t5:  22%|██▏       | 11/50 [00:11<00:37,  1.04it/s, Saved at =inf, TrLoss=0.2994]
 Training FV-epn30000-s42-t5:  24%|██▍       | 12/50 [00:11<00:35,  1.06it/s, Saved at =inf, TrLoss=0.2994]
 Training FV-epn30000-s42-t5:  24%|██▍       | 12/50 [00:11<00:35,  1.06it/s, Saved at =inf, TrLoss=0.2923]
 Training FV-epn30000-s42-t5:  26%|██▌       | 13/50 [00:12<00:34,  1.08it/s, Saved at =inf, TrLoss=0.2923]
 Training FV-epn30000-s42-t5:  26%|██▌       | 13/50 [00:12<00:34,  1.08it/s, Saved at =inf, TrLoss=0.2735]
 Training FV-epn30000-s42-t5:  28%|██▊       | 14/50 [00:13<00:35,  1.03it/s, Saved at =inf, TrLoss=0.2735]
 Training FV-epn30000-s42-t5:  28%|██▊       | 14/50 [00:13<00:35,  1.03it/s, Saved at =inf, TrLoss=0.2475]
 Training FV-epn30000-s42-t5:  30%|███       | 15/50 [00:14<00:35,  1.01s/it, Saved at =inf, TrLoss=0.2475]
 Training FV-epn30000-s42-t5:  30%|███       | 15/50 [00:14<00:35,  1.01s/it, Saved at =inf, TrLoss=0.2384]
 Training FV-epn30000-s42-t5:  32%|███▏      | 16/50 [00:15<00:35,  1.04s/it, Saved at =inf, TrLoss=0.2384]
 Training FV-epn30000-s42-t5:  32%|███▏      | 16/50 [00:16<00:35,  1.04s/it, Saved at =inf, TrLoss=0.2415]
 Training FV-epn30000-s42-t5:  34%|███▍      | 17/50 [00:17<00:40,  1.21s/it, Saved at =inf, TrLoss=0.2415]
 Training FV-epn30000-s42-t5:  34%|███▍      | 17/50 [00:17<00:40,  1.21s/it, Saved at =inf, TrLoss=0.2336]
 Training FV-epn30000-s42-t5:  36%|███▌      | 18/50 [00:19<00:44,  1.39s/it, Saved at =inf, TrLoss=0.2336]
 Training FV-epn30000-s42-t5:  36%|███▌      | 18/50 [00:19<00:44,  1.39s/it, Saved at =inf, TrLoss=0.2242]
 Training FV-epn30000-s42-t5:  38%|███▊      | 19/50 [00:20<00:44,  1.44s/it, Saved at =inf, TrLoss=0.2242]
 Training FV-epn30000-s42-t5:  38%|███▊      | 19/50 [00:21<00:44,  1.44s/it, Saved at =inf, TrLoss=0.2260]
 Training FV-epn30000-s42-t5:  40%|████      | 20/50 [00:21<00:41,  1.37s/it, Saved at =inf, TrLoss=0.2260]
 Training FV-epn30000-s42-t5:  40%|████      | 20/50 [00:22<00:41,  1.37s/it, Saved at =inf, TrLoss=0.2178]
 Training FV-epn30000-s42-t5:  42%|████▏     | 21/50 [00:23<00:37,  1.29s/it, Saved at =inf, TrLoss=0.2178]
 Training FV-epn30000-s42-t5:  42%|████▏     | 21/50 [00:23<00:37,  1.29s/it, Saved at =inf, TrLoss=0.2129]
 Training FV-epn30000-s42-t5:  44%|████▍     | 22/50 [00:24<00:36,  1.29s/it, Saved at =inf, TrLoss=0.2129]
 Training FV-epn30000-s42-t5:  44%|████▍     | 22/50 [00:24<00:36,  1.29s/it, Saved at =inf, TrLoss=0.2113]
 Training FV-epn30000-s42-t5:  46%|████▌     | 23/50 [00:25<00:34,  1.27s/it, Saved at =inf, TrLoss=0.2113]
 Training FV-epn30000-s42-t5:  46%|████▌     | 23/50 [00:25<00:34,  1.27s/it, Saved at =inf, TrLoss=0.2063]
 Training FV-epn30000-s42-t5:  48%|████▊     | 24/50 [00:26<00:31,  1.21s/it, Saved at =inf, TrLoss=0.2063]
 Training FV-epn30000-s42-t5:  48%|████▊     | 24/50 [00:26<00:31,  1.21s/it, Saved at =inf, TrLoss=0.2090]
 Training FV-epn30000-s42-t5:  50%|█████     | 25/50 [00:27<00:28,  1.15s/it, Saved at =inf, TrLoss=0.2090]
 Training FV-epn30000-s42-t5:  50%|█████     | 25/50 [00:27<00:28,  1.15s/it, Saved at =inf, TrLoss=0.2004]
 Training FV-epn30000-s42-t5:  52%|█████▏    | 26/50 [00:28<00:26,  1.10s/it, Saved at =inf, TrLoss=0.2004]
 Training FV-epn30000-s42-t5:  52%|█████▏    | 26/50 [00:28<00:26,  1.10s/it, Saved at =inf, TrLoss=0.1987]
 Training FV-epn30000-s42-t5:  54%|█████▍    | 27/50 [00:29<00:24,  1.06s/it, Saved at =inf, TrLoss=0.1987]
 Training FV-epn30000-s42-t5:  54%|█████▍    | 27/50 [00:29<00:24,  1.06s/it, Saved at =inf, TrLoss=0.1992]
 Training FV-epn30000-s42-t5:  56%|█████▌    | 28/50 [00:31<00:26,  1.21s/it, Saved at =inf, TrLoss=0.1992]
 Training FV-epn30000-s42-t5:  56%|█████▌    | 28/50 [00:31<00:26,  1.21s/it, Saved at =inf, TrLoss=0.1966]
 Training FV-epn30000-s42-t5:  58%|█████▊    | 29/50 [00:32<00:27,  1.31s/it, Saved at =inf, TrLoss=0.1966]
 Training FV-epn30000-s42-t5:  58%|█████▊    | 29/50 [00:32<00:27,  1.31s/it, Saved at =inf, TrLoss=0.1984]
 Training FV-epn30000-s42-t5:  60%|██████    | 30/50 [00:34<00:27,  1.40s/it, Saved at =inf, TrLoss=0.1984]
 Training FV-epn30000-s42-t5:  60%|██████    | 30/50 [00:34<00:27,  1.40s/it, Saved at =inf, TrLoss=0.1961]
 Training FV-epn30000-s42-t5:  62%|██████▏   | 31/50 [00:35<00:24,  1.29s/it, Saved at =inf, TrLoss=0.1961]
 Training FV-epn30000-s42-t5:  62%|██████▏   | 31/50 [00:35<00:24,  1.29s/it, Saved at =inf, TrLoss=0.1936]
 Training FV-epn30000-s42-t5:  64%|██████▍   | 32/50 [00:36<00:22,  1.27s/it, Saved at =inf, TrLoss=0.1936]
 Training FV-epn30000-s42-t5:  64%|██████▍   | 32/50 [00:36<00:22,  1.27s/it, Saved at =inf, TrLoss=0.1946]
 Training FV-epn30000-s42-t5:  66%|██████▌   | 33/50 [00:37<00:20,  1.22s/it, Saved at =inf, TrLoss=0.1946]
 Training FV-epn30000-s42-t5:  66%|██████▌   | 33/50 [00:38<00:20,  1.22s/it, Saved at =inf, TrLoss=0.1915]
 Training FV-epn30000-s42-t5:  68%|██████▊   | 34/50 [00:39<00:21,  1.35s/it, Saved at =inf, TrLoss=0.1915]
 Training FV-epn30000-s42-t5:  68%|██████▊   | 34/50 [00:39<00:21,  1.35s/it, Saved at =inf, TrLoss=0.1912]
 Training FV-epn30000-s42-t5:  70%|███████   | 35/50 [00:40<00:21,  1.40s/it, Saved at =inf, TrLoss=0.1912]
 Training FV-epn30000-s42-t5:  70%|███████   | 35/50 [00:41<00:21,  1.40s/it, Saved at =inf, TrLoss=0.1904]
 Training FV-epn30000-s42-t5:  72%|███████▏  | 36/50 [00:42<00:21,  1.51s/it, Saved at =inf, TrLoss=0.1904]
 Training FV-epn30000-s42-t5:  72%|███████▏  | 36/50 [00:42<00:21,  1.51s/it, Saved at =inf, TrLoss=0.1894]
 Training FV-epn30000-s42-t5:  74%|███████▍  | 37/50 [00:44<00:19,  1.47s/it, Saved at =inf, TrLoss=0.1894]
 Training FV-epn30000-s42-t5:  74%|███████▍  | 37/50 [00:44<00:19,  1.47s/it, Saved at =inf, TrLoss=0.1903]
 Training FV-epn30000-s42-t5:  76%|███████▌  | 38/50 [00:45<00:16,  1.36s/it, Saved at =inf, TrLoss=0.1903]
 Training FV-epn30000-s42-t5:  76%|███████▌  | 38/50 [00:45<00:16,  1.36s/it, Saved at =inf, TrLoss=0.1885]
 Training FV-epn30000-s42-t5:  78%|███████▊  | 39/50 [00:46<00:15,  1.42s/it, Saved at =inf, TrLoss=0.1885]
 Training FV-epn30000-s42-t5:  78%|███████▊  | 39/50 [00:46<00:15,  1.42s/it, Saved at =inf, TrLoss=0.1879]
 Training FV-epn30000-s42-t5:  80%|████████  | 40/50 [00:47<00:13,  1.34s/it, Saved at =inf, TrLoss=0.1879]
 Training FV-epn30000-s42-t5:  80%|████████  | 40/50 [00:48<00:13,  1.34s/it, Saved at =inf, TrLoss=0.1863]
 Training FV-epn30000-s42-t5:  82%|████████▏ | 41/50 [00:49<00:11,  1.31s/it, Saved at =inf, TrLoss=0.1863]
 Training FV-epn30000-s42-t5:  82%|████████▏ | 41/50 [00:49<00:11,  1.31s/it, Saved at =inf, TrLoss=0.1862]
 Training FV-epn30000-s42-t5:  84%|████████▍ | 42/50 [00:50<00:10,  1.26s/it, Saved at =inf, TrLoss=0.1862]
 Training FV-epn30000-s42-t5:  84%|████████▍ | 42/50 [00:50<00:10,  1.26s/it, Saved at =inf, TrLoss=0.1861]
 Training FV-epn30000-s42-t5:  86%|████████▌ | 43/50 [00:51<00:09,  1.33s/it, Saved at =inf, TrLoss=0.1861]
 Training FV-epn30000-s42-t5:  86%|████████▌ | 43/50 [00:51<00:09,  1.33s/it, Saved at =inf, TrLoss=0.1848]
 Training FV-epn30000-s42-t5:  88%|████████▊ | 44/50 [00:53<00:07,  1.32s/it, Saved at =inf, TrLoss=0.1848]
 Training FV-epn30000-s42-t5:  88%|████████▊ | 44/50 [00:53<00:07,  1.32s/it, Saved at =inf, TrLoss=0.1849]
 Training FV-epn30000-s42-t5:  90%|█████████ | 45/50 [00:54<00:06,  1.38s/it, Saved at =inf, TrLoss=0.1849]
 Training FV-epn30000-s42-t5:  90%|█████████ | 45/50 [00:54<00:06,  1.38s/it, Saved at =inf, TrLoss=0.1830]
 Training FV-epn30000-s42-t5:  92%|█████████▏| 46/50 [00:55<00:05,  1.29s/it, Saved at =inf, TrLoss=0.1830]
 Training FV-epn30000-s42-t5:  92%|█████████▏| 46/50 [00:55<00:05,  1.29s/it, Saved at =inf, TrLoss=0.1834]
 Training FV-epn30000-s42-t5:  94%|█████████▍| 47/50 [00:56<00:03,  1.22s/it, Saved at =inf, TrLoss=0.1834]
 Training FV-epn30000-s42-t5:  94%|█████████▍| 47/50 [00:56<00:03,  1.22s/it, Saved at =inf, TrLoss=0.1822]
 Training FV-epn30000-s42-t5:  96%|█████████▌| 48/50 [00:57<00:02,  1.22s/it, Saved at =inf, TrLoss=0.1822]
 Training FV-epn30000-s42-t5:  96%|█████████▌| 48/50 [00:58<00:02,  1.22s/it, Saved at =inf, TrLoss=0.1821]
 Training FV-epn30000-s42-t5:  98%|█████████▊| 49/50 [00:59<00:01,  1.28s/it, Saved at =inf, TrLoss=0.1821]
 Training FV-epn30000-s42-t5:  98%|█████████▊| 49/50 [00:59<00:01,  1.28s/it, Saved at =inf, TrLoss=0.1812]
 Training FV-epn30000-s42-t5: 100%|██████████| 50/50 [01:00<00:00,  1.35s/it, Saved at =inf, TrLoss=0.1812]
 Training FV-epn30000-s42-t5: 100%|██████████| 50/50 [01:00<00:00,  1.22s/it, Saved at =inf, TrLoss=0.1812]

 Training FV-epn30000-s42-t6:   0%|          | 0/50 [00:00<?, ?it/s]
 Training FV-epn30000-s42-t6:   0%|          | 0/50 [00:00<?, ?it/s, Saved at =inf, TrLoss=0.7254]
 Training FV-epn30000-s42-t6:   2%|▏         | 1/50 [00:00<00:45,  1.07it/s, Saved at =inf, TrLoss=0.7254]
 Training FV-epn30000-s42-t6:   2%|▏         | 1/50 [00:01<00:45,  1.07it/s, Saved at =inf, TrLoss=1.0098]
 Training FV-epn30000-s42-t6:   4%|▍         | 2/50 [00:02<00:48,  1.01s/it, Saved at =inf, TrLoss=1.0098]
 Training FV-epn30000-s42-t6:   4%|▍         | 2/50 [00:02<00:48,  1.01s/it, Saved at =inf, TrLoss=0.5720]
 Training FV-epn30000-s42-t6:   6%|▌         | 3/50 [00:03<00:48,  1.03s/it, Saved at =inf, TrLoss=0.5720]
 Training FV-epn30000-s42-t6:   6%|▌         | 3/50 [00:03<00:48,  1.03s/it, Saved at =inf, TrLoss=0.5512]
 Training FV-epn30000-s42-t6:   8%|▊         | 4/50 [00:04<00:47,  1.04s/it, Saved at =inf, TrLoss=0.5512]
 Training FV-epn30000-s42-t6:   8%|▊         | 4/50 [00:04<00:47,  1.04s/it, Saved at =inf, TrLoss=0.4859]
 Training FV-epn30000-s42-t6:  10%|█         | 5/50 [00:05<00:46,  1.04s/it, Saved at =inf, TrLoss=0.4859]
 Training FV-epn30000-s42-t6:  10%|█         | 5/50 [00:05<00:46,  1.04s/it, Saved at =inf, TrLoss=0.4385]
 Training FV-epn30000-s42-t6:  12%|█▏        | 6/50 [00:06<00:45,  1.02s/it, Saved at =inf, TrLoss=0.4385]
 Training FV-epn30000-s42-t6:  12%|█▏        | 6/50 [00:06<00:45,  1.02s/it, Saved at =inf, TrLoss=0.4055]
 Training FV-epn30000-s42-t6:  14%|█▍        | 7/50 [00:07<00:43,  1.02s/it, Saved at =inf, TrLoss=0.4055]
 Training FV-epn30000-s42-t6:  14%|█▍        | 7/50 [00:07<00:43,  1.02s/it, Saved at =inf, TrLoss=0.3898]
 Training FV-epn30000-s42-t6:  16%|█▌        | 8/50 [00:08<00:45,  1.09s/it, Saved at =inf, TrLoss=0.3898]
 Training FV-epn30000-s42-t6:  16%|█▌        | 8/50 [00:08<00:45,  1.09s/it, Saved at =inf, TrLoss=0.3979]
 Training FV-epn30000-s42-t6:  18%|█▊        | 9/50 [00:09<00:44,  1.08s/it, Saved at =inf, TrLoss=0.3979]
 Training FV-epn30000-s42-t6:  18%|█▊        | 9/50 [00:09<00:44,  1.08s/it, Saved at =inf, TrLoss=0.3759]
 Training FV-epn30000-s42-t6:  20%|██        | 10/50 [00:10<00:42,  1.07s/it, Saved at =inf, TrLoss=0.3759]
 Training FV-epn30000-s42-t6:  20%|██        | 10/50 [00:10<00:42,  1.07s/it, Saved at =inf, TrLoss=0.3541]
 Training FV-epn30000-s42-t6:  22%|██▏       | 11/50 [00:11<00:41,  1.06s/it, Saved at =inf, TrLoss=0.3541]
 Training FV-epn30000-s42-t6:  22%|██▏       | 11/50 [00:11<00:41,  1.06s/it, Saved at =inf, TrLoss=0.3104]
 Training FV-epn30000-s42-t6:  24%|██▍       | 12/50 [00:12<00:40,  1.05s/it, Saved at =inf, TrLoss=0.3104]
 Training FV-epn30000-s42-t6:  24%|██▍       | 12/50 [00:12<00:40,  1.05s/it, Saved at =inf, TrLoss=0.2913]
 Training FV-epn30000-s42-t6:  26%|██▌       | 13/50 [00:13<00:39,  1.06s/it, Saved at =inf, TrLoss=0.2913]
 Training FV-epn30000-s42-t6:  26%|██▌       | 13/50 [00:13<00:39,  1.06s/it, Saved at =inf, TrLoss=0.2561]
 Training FV-epn30000-s42-t6:  28%|██▊       | 14/50 [00:14<00:38,  1.06s/it, Saved at =inf, TrLoss=0.2561]
 Training FV-epn30000-s42-t6:  28%|██▊       | 14/50 [00:15<00:38,  1.06s/it, Saved at =inf, TrLoss=0.2537]
 Training FV-epn30000-s42-t6:  30%|███       | 15/50 [00:15<00:37,  1.07s/it, Saved at =inf, TrLoss=0.2537]
 Training FV-epn30000-s42-t6:  30%|███       | 15/50 [00:16<00:37,  1.07s/it, Saved at =inf, TrLoss=0.2966]
 Training FV-epn30000-s42-t6:  32%|███▏      | 16/50 [00:16<00:36,  1.08s/it, Saved at =inf, TrLoss=0.2966]
 Training FV-epn30000-s42-t6:  32%|███▏      | 16/50 [00:17<00:36,  1.08s/it, Saved at =inf, TrLoss=0.2694]
 Training FV-epn30000-s42-t6:  34%|███▍      | 17/50 [00:17<00:35,  1.08s/it, Saved at =inf, TrLoss=0.2694]
 Training FV-epn30000-s42-t6:  34%|███▍      | 17/50 [00:18<00:35,  1.08s/it, Saved at =inf, TrLoss=0.2388]
 Training FV-epn30000-s42-t6:  36%|███▌      | 18/50 [00:19<00:34,  1.07s/it, Saved at =inf, TrLoss=0.2388]
 Training FV-epn30000-s42-t6:  36%|███▌      | 18/50 [00:19<00:34,  1.07s/it, Saved at =inf, TrLoss=0.2352]
 Training FV-epn30000-s42-t6:  38%|███▊      | 19/50 [00:20<00:33,  1.08s/it, Saved at =inf, TrLoss=0.2352]
 Training FV-epn30000-s42-t6:  38%|███▊      | 19/50 [00:20<00:33,  1.08s/it, Saved at =inf, TrLoss=0.2266]
 Training FV-epn30000-s42-t6:  40%|████      | 20/50 [00:21<00:32,  1.07s/it, Saved at =inf, TrLoss=0.2266]
 Training FV-epn30000-s42-t6:  40%|████      | 20/50 [00:21<00:32,  1.07s/it, Saved at =inf, TrLoss=0.2244]
 Training FV-epn30000-s42-t6:  42%|████▏     | 21/50 [00:22<00:31,  1.07s/it, Saved at =inf, TrLoss=0.2244]
 Training FV-epn30000-s42-t6:  42%|████▏     | 21/50 [00:22<00:31,  1.07s/it, Saved at =inf, TrLoss=0.2320]
 Training FV-epn30000-s42-t6:  44%|████▍     | 22/50 [00:23<00:29,  1.06s/it, Saved at =inf, TrLoss=0.2320]
 Training FV-epn30000-s42-t6:  44%|████▍     | 22/50 [00:23<00:29,  1.06s/it, Saved at =inf, TrLoss=0.2195]
 Training FV-epn30000-s42-t6:  46%|████▌     | 23/50 [00:24<00:28,  1.05s/it, Saved at =inf, TrLoss=0.2195]
 Training FV-epn30000-s42-t6:  46%|████▌     | 23/50 [00:24<00:28,  1.05s/it, Saved at =inf, TrLoss=0.2253]
 Training FV-epn30000-s42-t6:  48%|████▊     | 24/50 [00:25<00:27,  1.05s/it, Saved at =inf, TrLoss=0.2253]
 Training FV-epn30000-s42-t6:  48%|████▊     | 24/50 [00:25<00:27,  1.05s/it, Saved at =inf, TrLoss=0.2121]
 Training FV-epn30000-s42-t6:  50%|█████     | 25/50 [00:26<00:26,  1.06s/it, Saved at =inf, TrLoss=0.2121]
 Training FV-epn30000-s42-t6:  50%|█████     | 25/50 [00:26<00:26,  1.06s/it, Saved at =inf, TrLoss=0.2091]
 Training FV-epn30000-s42-t6:  52%|█████▏    | 26/50 [00:27<00:25,  1.05s/it, Saved at =inf, TrLoss=0.2091]
 Training FV-epn30000-s42-t6:  52%|█████▏    | 26/50 [00:27<00:25,  1.05s/it, Saved at =inf, TrLoss=0.2092]
 Training FV-epn30000-s42-t6:  54%|█████▍    | 27/50 [00:28<00:24,  1.07s/it, Saved at =inf, TrLoss=0.2092]
 Training FV-epn30000-s42-t6:  54%|█████▍    | 27/50 [00:28<00:24,  1.07s/it, Saved at =inf, TrLoss=0.2029]
 Training FV-epn30000-s42-t6:  56%|█████▌    | 28/50 [00:29<00:24,  1.13s/it, Saved at =inf, TrLoss=0.2029]
 Training FV-epn30000-s42-t6:  56%|█████▌    | 28/50 [00:30<00:24,  1.13s/it, Saved at =inf, TrLoss=0.2080]
 Training FV-epn30000-s42-t6:  58%|█████▊    | 29/50 [00:31<00:24,  1.16s/it, Saved at =inf, TrLoss=0.2080]
 Training FV-epn30000-s42-t6:  58%|█████▊    | 29/50 [00:31<00:24,  1.16s/it, Saved at =inf, TrLoss=0.2045]
 Training FV-epn30000-s42-t6:  60%|██████    | 30/50 [00:32<00:22,  1.11s/it, Saved at =inf, TrLoss=0.2045]
 Training FV-epn30000-s42-t6:  60%|██████    | 30/50 [00:32<00:22,  1.11s/it, Saved at =inf, TrLoss=0.2000]
 Training FV-epn30000-s42-t6:  62%|██████▏   | 31/50 [00:33<00:21,  1.13s/it, Saved at =inf, TrLoss=0.2000]
 Training FV-epn30000-s42-t6:  62%|██████▏   | 31/50 [00:33<00:21,  1.13s/it, Saved at =inf, TrLoss=0.2017]
 Training FV-epn30000-s42-t6:  64%|██████▍   | 32/50 [00:34<00:20,  1.12s/it, Saved at =inf, TrLoss=0.2017]
 Training FV-epn30000-s42-t6:  64%|██████▍   | 32/50 [00:34<00:20,  1.12s/it, Saved at =inf, TrLoss=0.1957]
 Training FV-epn30000-s42-t6:  66%|██████▌   | 33/50 [00:35<00:19,  1.13s/it, Saved at =inf, TrLoss=0.1957]
 Training FV-epn30000-s42-t6:  66%|██████▌   | 33/50 [00:35<00:19,  1.13s/it, Saved at =inf, TrLoss=0.1968]
 Training FV-epn30000-s42-t6:  68%|██████▊   | 34/50 [00:36<00:18,  1.14s/it, Saved at =inf, TrLoss=0.1968]
 Training FV-epn30000-s42-t6:  68%|██████▊   | 34/50 [00:36<00:18,  1.14s/it, Saved at =inf, TrLoss=0.1984]
 Training FV-epn30000-s42-t6:  70%|███████   | 35/50 [00:37<00:16,  1.12s/it, Saved at =inf, TrLoss=0.1984]
 Training FV-epn30000-s42-t6:  70%|███████   | 35/50 [00:38<00:16,  1.12s/it, Saved at =inf, TrLoss=0.1952]
 Training FV-epn30000-s42-t6:  72%|███████▏  | 36/50 [00:38<00:15,  1.10s/it, Saved at =inf, TrLoss=0.1952]
 Training FV-epn30000-s42-t6:  72%|███████▏  | 36/50 [00:39<00:15,  1.10s/it, Saved at =inf, TrLoss=0.1960]
 Training FV-epn30000-s42-t6:  74%|███████▍  | 37/50 [00:39<00:14,  1.10s/it, Saved at =inf, TrLoss=0.1960]
 Training FV-epn30000-s42-t6:  74%|███████▍  | 37/50 [00:40<00:14,  1.10s/it, Saved at =inf, TrLoss=0.1944]
 Training FV-epn30000-s42-t6:  76%|███████▌  | 38/50 [00:40<00:13,  1.09s/it, Saved at =inf, TrLoss=0.1944]
 Training FV-epn30000-s42-t6:  76%|███████▌  | 38/50 [00:41<00:13,  1.09s/it, Saved at =inf, TrLoss=0.1922]
 Training FV-epn30000-s42-t6:  78%|███████▊  | 39/50 [00:42<00:11,  1.07s/it, Saved at =inf, TrLoss=0.1922]
 Training FV-epn30000-s42-t6:  78%|███████▊  | 39/50 [00:42<00:11,  1.07s/it, Saved at =inf, TrLoss=0.1936]
 Training FV-epn30000-s42-t6:  80%|████████  | 40/50 [00:43<00:10,  1.06s/it, Saved at =inf, TrLoss=0.1936]
 Training FV-epn30000-s42-t6:  80%|████████  | 40/50 [00:43<00:10,  1.06s/it, Saved at =inf, TrLoss=0.1913]
 Training FV-epn30000-s42-t6:  82%|████████▏ | 41/50 [00:44<00:09,  1.05s/it, Saved at =inf, TrLoss=0.1913]
 Training FV-epn30000-s42-t6:  82%|████████▏ | 41/50 [00:44<00:09,  1.05s/it, Saved at =inf, TrLoss=0.1916]
 Training FV-epn30000-s42-t6:  84%|████████▍ | 42/50 [00:45<00:08,  1.06s/it, Saved at =inf, TrLoss=0.1916]
 Training FV-epn30000-s42-t6:  84%|████████▍ | 42/50 [00:45<00:08,  1.06s/it, Saved at =inf, TrLoss=0.1911]
 Training FV-epn30000-s42-t6:  86%|████████▌ | 43/50 [00:46<00:07,  1.06s/it, Saved at =inf, TrLoss=0.1911]
 Training FV-epn30000-s42-t6:  86%|████████▌ | 43/50 [00:46<00:07,  1.06s/it, Saved at =inf, TrLoss=0.1890]
 Training FV-epn30000-s42-t6:  88%|████████▊ | 44/50 [00:47<00:06,  1.07s/it, Saved at =inf, TrLoss=0.1890]
 Training FV-epn30000-s42-t6:  88%|████████▊ | 44/50 [00:47<00:06,  1.07s/it, Saved at =inf, TrLoss=0.1891]
 Training FV-epn30000-s42-t6:  90%|█████████ | 45/50 [00:48<00:05,  1.06s/it, Saved at =inf, TrLoss=0.1891]
 Training FV-epn30000-s42-t6:  90%|█████████ | 45/50 [00:48<00:05,  1.06s/it, Saved at =inf, TrLoss=0.1883]
 Training FV-epn30000-s42-t6:  92%|█████████▏| 46/50 [00:49<00:04,  1.06s/it, Saved at =inf, TrLoss=0.1883]
 Training FV-epn30000-s42-t6:  92%|█████████▏| 46/50 [00:49<00:04,  1.06s/it, Saved at =inf, TrLoss=0.1880]
 Training FV-epn30000-s42-t6:  94%|█████████▍| 47/50 [00:50<00:03,  1.06s/it, Saved at =inf, TrLoss=0.1880]
 Training FV-epn30000-s42-t6:  94%|█████████▍| 47/50 [00:50<00:03,  1.06s/it, Saved at =inf, TrLoss=0.1888]
 Training FV-epn30000-s42-t6:  96%|█████████▌| 48/50 [00:51<00:02,  1.06s/it, Saved at =inf, TrLoss=0.1888]
 Training FV-epn30000-s42-t6:  96%|█████████▌| 48/50 [00:51<00:02,  1.06s/it, Saved at =inf, TrLoss=0.1876]
 Training FV-epn30000-s42-t6:  98%|█████████▊| 49/50 [00:52<00:01,  1.09s/it, Saved at =inf, TrLoss=0.1876]
 Training FV-epn30000-s42-t6:  98%|█████████▊| 49/50 [00:53<00:01,  1.09s/it, Saved at =inf, TrLoss=0.1874]
 Training FV-epn30000-s42-t6: 100%|██████████| 50/50 [00:53<00:00,  1.09s/it, Saved at =inf, TrLoss=0.1874]
 Training FV-epn30000-s42-t6: 100%|██████████| 50/50 [00:53<00:00,  1.08s/it, Saved at =inf, TrLoss=0.1874]

 Training FV-epn30000-s42-t7:   0%|          | 0/50 [00:00<?, ?it/s]
 Training FV-epn30000-s42-t7:   0%|          | 0/50 [00:00<?, ?it/s, Saved at =inf, TrLoss=0.7761]
 Training FV-epn30000-s42-t7:   2%|▏         | 1/50 [00:00<00:47,  1.02it/s, Saved at =inf, TrLoss=0.7761]
 Training FV-epn30000-s42-t7:   2%|▏         | 1/50 [00:01<00:47,  1.02it/s, Saved at =inf, TrLoss=0.8104]
 Training FV-epn30000-s42-t7:   4%|▍         | 2/50 [00:01<00:46,  1.03it/s, Saved at =inf, TrLoss=0.8104]
 Training FV-epn30000-s42-t7:   4%|▍         | 2/50 [00:02<00:46,  1.03it/s, Saved at =inf, TrLoss=0.5836]
 Training FV-epn30000-s42-t7:   6%|▌         | 3/50 [00:03<00:50,  1.06s/it, Saved at =inf, TrLoss=0.5836]
 Training FV-epn30000-s42-t7:   6%|▌         | 3/50 [00:03<00:50,  1.06s/it, Saved at =inf, TrLoss=0.5071]
 Training FV-epn30000-s42-t7:   8%|▊         | 4/50 [00:04<00:49,  1.07s/it, Saved at =inf, TrLoss=0.5071]
 Training FV-epn30000-s42-t7:   8%|▊         | 4/50 [00:04<00:49,  1.07s/it, Saved at =inf, TrLoss=0.4245]
 Training FV-epn30000-s42-t7:  10%|█         | 5/50 [00:05<00:47,  1.05s/it, Saved at =inf, TrLoss=0.4245]
 Training FV-epn30000-s42-t7:  10%|█         | 5/50 [00:05<00:47,  1.05s/it, Saved at =inf, TrLoss=0.3987]
 Training FV-epn30000-s42-t7:  12%|█▏        | 6/50 [00:06<00:48,  1.10s/it, Saved at =inf, TrLoss=0.3987]
 Training FV-epn30000-s42-t7:  12%|█▏        | 6/50 [00:06<00:48,  1.10s/it, Saved at =inf, TrLoss=0.4137]
 Training FV-epn30000-s42-t7:  14%|█▍        | 7/50 [00:07<00:46,  1.09s/it, Saved at =inf, TrLoss=0.4137]
 Training FV-epn30000-s42-t7:  14%|█▍        | 7/50 [00:07<00:46,  1.09s/it, Saved at =inf, TrLoss=0.4119]
 Training FV-epn30000-s42-t7:  16%|█▌        | 8/50 [00:08<00:45,  1.07s/it, Saved at =inf, TrLoss=0.4119]
 Training FV-epn30000-s42-t7:  16%|█▌        | 8/50 [00:08<00:45,  1.07s/it, Saved at =inf, TrLoss=0.3853]
 Training FV-epn30000-s42-t7:  18%|█▊        | 9/50 [00:09<00:43,  1.07s/it, Saved at =inf, TrLoss=0.3853]
 Training FV-epn30000-s42-t7:  18%|█▊        | 9/50 [00:09<00:43,  1.07s/it, Saved at =inf, TrLoss=0.3527]
 Training FV-epn30000-s42-t7:  20%|██        | 10/50 [00:10<00:44,  1.12s/it, Saved at =inf, TrLoss=0.3527]
 Training FV-epn30000-s42-t7:  20%|██        | 10/50 [00:11<00:44,  1.12s/it, Saved at =inf, TrLoss=0.3196]
 Training FV-epn30000-s42-t7:  22%|██▏       | 11/50 [00:12<00:45,  1.16s/it, Saved at =inf, TrLoss=0.3196]
 Training FV-epn30000-s42-t7:  22%|██▏       | 11/50 [00:12<00:45,  1.16s/it, Saved at =inf, TrLoss=0.3220]
 Training FV-epn30000-s42-t7:  24%|██▍       | 12/50 [00:13<00:47,  1.26s/it, Saved at =inf, TrLoss=0.3220]
 Training FV-epn30000-s42-t7:  24%|██▍       | 12/50 [00:13<00:47,  1.26s/it, Saved at =inf, TrLoss=0.3246]
 Training FV-epn30000-s42-t7:  26%|██▌       | 13/50 [00:15<00:56,  1.52s/it, Saved at =inf, TrLoss=0.3246]
 Training FV-epn30000-s42-t7:  26%|██▌       | 13/50 [00:16<00:56,  1.52s/it, Saved at =inf, TrLoss=0.2740]
 Training FV-epn30000-s42-t7:  28%|██▊       | 14/50 [00:17<00:53,  1.47s/it, Saved at =inf, TrLoss=0.2740]
 Training FV-epn30000-s42-t7:  28%|██▊       | 14/50 [00:17<00:53,  1.47s/it, Saved at =inf, TrLoss=0.2534]
 Training FV-epn30000-s42-t7:  30%|███       | 15/50 [00:18<00:48,  1.37s/it, Saved at =inf, TrLoss=0.2534]
 Training FV-epn30000-s42-t7:  30%|███       | 15/50 [00:18<00:48,  1.37s/it, Saved at =inf, TrLoss=0.2442]
 Training FV-epn30000-s42-t7:  32%|███▏      | 16/50 [00:19<00:45,  1.33s/it, Saved at =inf, TrLoss=0.2442]
 Training FV-epn30000-s42-t7:  32%|███▏      | 16/50 [00:19<00:45,  1.33s/it, Saved at =inf, TrLoss=0.2314]
 Training FV-epn30000-s42-t7:  34%|███▍      | 17/50 [00:20<00:42,  1.27s/it, Saved at =inf, TrLoss=0.2314]
 Training FV-epn30000-s42-t7:  34%|███▍      | 17/50 [00:20<00:42,  1.27s/it, Saved at =inf, TrLoss=0.2383]
 Training FV-epn30000-s42-t7:  36%|███▌      | 18/50 [00:21<00:37,  1.18s/it, Saved at =inf, TrLoss=0.2383]
 Training FV-epn30000-s42-t7:  36%|███▌      | 18/50 [00:21<00:37,  1.18s/it, Saved at =inf, TrLoss=0.2277]
 Training FV-epn30000-s42-t7:  38%|███▊      | 19/50 [00:22<00:37,  1.21s/it, Saved at =inf, TrLoss=0.2277]
 Training FV-epn30000-s42-t7:  38%|███▊      | 19/50 [00:23<00:37,  1.21s/it, Saved at =inf, TrLoss=0.2355]
 Training FV-epn30000-s42-t7:  40%|████      | 20/50 [00:24<00:37,  1.24s/it, Saved at =inf, TrLoss=0.2355]
 Training FV-epn30000-s42-t7:  40%|████      | 20/50 [00:24<00:37,  1.24s/it, Saved at =inf, TrLoss=0.2214]
 Training FV-epn30000-s42-t7:  42%|████▏     | 21/50 [00:25<00:35,  1.24s/it, Saved at =inf, TrLoss=0.2214]
 Training FV-epn30000-s42-t7:  42%|████▏     | 21/50 [00:25<00:35,  1.24s/it, Saved at =inf, TrLoss=0.2260]
 Training FV-epn30000-s42-t7:  44%|████▍     | 22/50 [00:26<00:32,  1.18s/it, Saved at =inf, TrLoss=0.2260]
 Training FV-epn30000-s42-t7:  44%|████▍     | 22/50 [00:26<00:32,  1.18s/it, Saved at =inf, TrLoss=0.2137]
 Training FV-epn30000-s42-t7:  46%|████▌     | 23/50 [00:27<00:30,  1.14s/it, Saved at =inf, TrLoss=0.2137]
 Training FV-epn30000-s42-t7:  46%|████▌     | 23/50 [00:27<00:30,  1.14s/it, Saved at =inf, TrLoss=0.2147]
 Training FV-epn30000-s42-t7:  48%|████▊     | 24/50 [00:28<00:30,  1.15s/it, Saved at =inf, TrLoss=0.2147]
 Training FV-epn30000-s42-t7:  48%|████▊     | 24/50 [00:29<00:30,  1.15s/it, Saved at =inf, TrLoss=0.2072]
 Training FV-epn30000-s42-t7:  50%|█████     | 25/50 [00:29<00:28,  1.13s/it, Saved at =inf, TrLoss=0.2072]
 Training FV-epn30000-s42-t7:  50%|█████     | 25/50 [00:30<00:28,  1.13s/it, Saved at =inf, TrLoss=0.2068]
 Training FV-epn30000-s42-t7:  52%|█████▏    | 26/50 [00:30<00:26,  1.11s/it, Saved at =inf, TrLoss=0.2068]
 Training FV-epn30000-s42-t7:  52%|█████▏    | 26/50 [00:31<00:26,  1.11s/it, Saved at =inf, TrLoss=0.2039]
 Training FV-epn30000-s42-t7:  54%|█████▍    | 27/50 [00:31<00:25,  1.11s/it, Saved at =inf, TrLoss=0.2039]
 Training FV-epn30000-s42-t7:  54%|█████▍    | 27/50 [00:32<00:25,  1.11s/it, Saved at =inf, TrLoss=0.2017]
 Training FV-epn30000-s42-t7:  56%|█████▌    | 28/50 [00:33<00:26,  1.23s/it, Saved at =inf, TrLoss=0.2017]
 Training FV-epn30000-s42-t7:  56%|█████▌    | 28/50 [00:33<00:26,  1.23s/it, Saved at =inf, TrLoss=0.2017]
 Training FV-epn30000-s42-t7:  58%|█████▊    | 29/50 [00:35<00:31,  1.49s/it, Saved at =inf, TrLoss=0.2017]
 Training FV-epn30000-s42-t7:  58%|█████▊    | 29/50 [00:35<00:31,  1.49s/it, Saved at =inf, TrLoss=0.1974]
 Training FV-epn30000-s42-t7:  60%|██████    | 30/50 [00:37<00:32,  1.63s/it, Saved at =inf, TrLoss=0.1974]
 Training FV-epn30000-s42-t7:  60%|██████    | 30/50 [00:37<00:32,  1.63s/it, Saved at =inf, TrLoss=0.1990]
 Training FV-epn30000-s42-t7:  62%|██████▏   | 31/50 [00:38<00:29,  1.54s/it, Saved at =inf, TrLoss=0.1990]
 Training FV-epn30000-s42-t7:  62%|██████▏   | 31/50 [00:39<00:29,  1.54s/it, Saved at =inf, TrLoss=0.1958]
 Training FV-epn30000-s42-t7:  64%|██████▍   | 32/50 [00:40<00:26,  1.46s/it, Saved at =inf, TrLoss=0.1958]
 Training FV-epn30000-s42-t7:  64%|██████▍   | 32/50 [00:40<00:26,  1.46s/it, Saved at =inf, TrLoss=0.1951]
 Training FV-epn30000-s42-t7:  66%|██████▌   | 33/50 [00:41<00:23,  1.40s/it, Saved at =inf, TrLoss=0.1951]
 Training FV-epn30000-s42-t7:  66%|██████▌   | 33/50 [00:41<00:23,  1.40s/it, Saved at =inf, TrLoss=0.1944]
 Training FV-epn30000-s42-t7:  68%|██████▊   | 34/50 [00:42<00:21,  1.33s/it, Saved at =inf, TrLoss=0.1944]
 Training FV-epn30000-s42-t7:  68%|██████▊   | 34/50 [00:42<00:21,  1.33s/it, Saved at =inf, TrLoss=0.1930]
 Training FV-epn30000-s42-t7:  70%|███████   | 35/50 [00:43<00:19,  1.32s/it, Saved at =inf, TrLoss=0.1930]
 Training FV-epn30000-s42-t7:  70%|███████   | 35/50 [00:44<00:19,  1.32s/it, Saved at =inf, TrLoss=0.1934]
 Training FV-epn30000-s42-t7:  72%|███████▏  | 36/50 [00:44<00:18,  1.29s/it, Saved at =inf, TrLoss=0.1934]
 Training FV-epn30000-s42-t7:  72%|███████▏  | 36/50 [00:45<00:18,  1.29s/it, Saved at =inf, TrLoss=0.1908]
 Training FV-epn30000-s42-t7:  74%|███████▍  | 37/50 [00:47<00:19,  1.53s/it, Saved at =inf, TrLoss=0.1908]
 Training FV-epn30000-s42-t7:  74%|███████▍  | 37/50 [00:47<00:19,  1.53s/it, Saved at =inf, TrLoss=0.1918]
 Training FV-epn30000-s42-t7:  76%|███████▌  | 38/50 [00:48<00:17,  1.43s/it, Saved at =inf, TrLoss=0.1918]
 Training FV-epn30000-s42-t7:  76%|███████▌  | 38/50 [00:48<00:17,  1.43s/it, Saved at =inf, TrLoss=0.1900]
 Training FV-epn30000-s42-t7:  78%|███████▊  | 39/50 [00:49<00:14,  1.36s/it, Saved at =inf, TrLoss=0.1900]
 Training FV-epn30000-s42-t7:  78%|███████▊  | 39/50 [00:49<00:14,  1.36s/it, Saved at =inf, TrLoss=0.1899]
 Training FV-epn30000-s42-t7:  80%|████████  | 40/50 [00:50<00:14,  1.41s/it, Saved at =inf, TrLoss=0.1899]
 Training FV-epn30000-s42-t7:  80%|████████  | 40/50 [00:51<00:14,  1.41s/it, Saved at =inf, TrLoss=0.1882]
 Training FV-epn30000-s42-t7:  82%|████████▏ | 41/50 [00:52<00:13,  1.54s/it, Saved at =inf, TrLoss=0.1882]
 Training FV-epn30000-s42-t7:  82%|████████▏ | 41/50 [00:53<00:13,  1.54s/it, Saved at =inf, TrLoss=0.1876]
 Training FV-epn30000-s42-t7:  84%|████████▍ | 42/50 [00:54<00:13,  1.72s/it, Saved at =inf, TrLoss=0.1876]
 Training FV-epn30000-s42-t7:  84%|████████▍ | 42/50 [00:55<00:13,  1.72s/it, Saved at =inf, TrLoss=0.1866]
 Training FV-epn30000-s42-t7:  86%|████████▌ | 43/50 [00:56<00:12,  1.72s/it, Saved at =inf, TrLoss=0.1866]
 Training FV-epn30000-s42-t7:  86%|████████▌ | 43/50 [00:57<00:12,  1.72s/it, Saved at =inf, TrLoss=0.1857]
 Training FV-epn30000-s42-t7:  88%|████████▊ | 44/50 [00:58<00:10,  1.78s/it, Saved at =inf, TrLoss=0.1857]
 Training FV-epn30000-s42-t7:  88%|████████▊ | 44/50 [00:58<00:10,  1.78s/it, Saved at =inf, TrLoss=0.1851]
 Training FV-epn30000-s42-t7:  90%|█████████ | 45/50 [01:00<00:08,  1.68s/it, Saved at =inf, TrLoss=0.1851]
 Training FV-epn30000-s42-t7:  90%|█████████ | 45/50 [01:00<00:08,  1.68s/it, Saved at =inf, TrLoss=0.1839]
 Training FV-epn30000-s42-t7:  92%|█████████▏| 46/50 [01:01<00:06,  1.55s/it, Saved at =inf, TrLoss=0.1839]
 Training FV-epn30000-s42-t7:  92%|█████████▏| 46/50 [01:01<00:06,  1.55s/it, Saved at =inf, TrLoss=0.1842]
 Training FV-epn30000-s42-t7:  94%|█████████▍| 47/50 [01:02<00:04,  1.54s/it, Saved at =inf, TrLoss=0.1842]
 Training FV-epn30000-s42-t7:  94%|█████████▍| 47/50 [01:03<00:04,  1.54s/it, Saved at =inf, TrLoss=0.1830]
 Training FV-epn30000-s42-t7:  96%|█████████▌| 48/50 [01:04<00:02,  1.44s/it, Saved at =inf, TrLoss=0.1830]
 Training FV-epn30000-s42-t7:  96%|█████████▌| 48/50 [01:04<00:02,  1.44s/it, Saved at =inf, TrLoss=0.1830]
 Training FV-epn30000-s42-t7:  98%|█████████▊| 49/50 [01:05<00:01,  1.40s/it, Saved at =inf, TrLoss=0.1830]
 Training FV-epn30000-s42-t7:  98%|█████████▊| 49/50 [01:05<00:01,  1.40s/it, Saved at =inf, TrLoss=0.1819]
 Training FV-epn30000-s42-t7: 100%|██████████| 50/50 [01:06<00:00,  1.34s/it, Saved at =inf, TrLoss=0.1819]
 Training FV-epn30000-s42-t7: 100%|██████████| 50/50 [01:06<00:00,  1.33s/it, Saved at =inf, TrLoss=0.1819]

 Training FV-epn30000-s42-t8:   0%|          | 0/50 [00:00<?, ?it/s]
 Training FV-epn30000-s42-t8:   0%|          | 0/50 [00:00<?, ?it/s, Saved at =inf, TrLoss=0.7864]
 Training FV-epn30000-s42-t8:   2%|▏         | 1/50 [00:01<01:15,  1.55s/it, Saved at =inf, TrLoss=0.7864]
 Training FV-epn30000-s42-t8:   2%|▏         | 1/50 [00:02<01:15,  1.55s/it, Saved at =inf, TrLoss=0.8044]
 Training FV-epn30000-s42-t8:   4%|▍         | 2/50 [00:03<01:19,  1.65s/it, Saved at =inf, TrLoss=0.8044]
 Training FV-epn30000-s42-t8:   4%|▍         | 2/50 [00:03<01:19,  1.65s/it, Saved at =inf, TrLoss=0.5194]
 Training FV-epn30000-s42-t8:   6%|▌         | 3/50 [00:04<01:13,  1.56s/it, Saved at =inf, TrLoss=0.5194]
 Training FV-epn30000-s42-t8:   6%|▌         | 3/50 [00:05<01:13,  1.56s/it, Saved at =inf, TrLoss=0.4681]
 Training FV-epn30000-s42-t8:   8%|▊         | 4/50 [00:06<01:20,  1.76s/it, Saved at =inf, TrLoss=0.4681]
 Training FV-epn30000-s42-t8:   8%|▊         | 4/50 [00:07<01:20,  1.76s/it, Saved at =inf, TrLoss=0.4349]
 Training FV-epn30000-s42-t8:  10%|█         | 5/50 [00:08<01:16,  1.71s/it, Saved at =inf, TrLoss=0.4349]
 Training FV-epn30000-s42-t8:  10%|█         | 5/50 [00:08<01:16,  1.71s/it, Saved at =inf, TrLoss=0.4345]
 Training FV-epn30000-s42-t8:  12%|█▏        | 6/50 [00:09<01:08,  1.56s/it, Saved at =inf, TrLoss=0.4345]
 Training FV-epn30000-s42-t8:  12%|█▏        | 6/50 [00:10<01:08,  1.56s/it, Saved at =inf, TrLoss=0.4284]
 Training FV-epn30000-s42-t8:  14%|█▍        | 7/50 [00:11<01:15,  1.74s/it, Saved at =inf, TrLoss=0.4284]
 Training FV-epn30000-s42-t8:  14%|█▍        | 7/50 [00:12<01:15,  1.74s/it, Saved at =inf, TrLoss=0.4161]
 Training FV-epn30000-s42-t8:  16%|█▌        | 8/50 [00:13<01:18,  1.86s/it, Saved at =inf, TrLoss=0.4161]
 Training FV-epn30000-s42-t8:  16%|█▌        | 8/50 [00:14<01:18,  1.86s/it, Saved at =inf, TrLoss=0.3910]
 Training FV-epn30000-s42-t8:  18%|█▊        | 9/50 [00:15<01:11,  1.74s/it, Saved at =inf, TrLoss=0.3910]
 Training FV-epn30000-s42-t8:  18%|█▊        | 9/50 [00:15<01:11,  1.74s/it, Saved at =inf, TrLoss=0.3819]
 Training FV-epn30000-s42-t8:  20%|██        | 10/50 [00:17<01:09,  1.74s/it, Saved at =inf, TrLoss=0.3819]
 Training FV-epn30000-s42-t8:  20%|██        | 10/50 [00:17<01:09,  1.74s/it, Saved at =inf, TrLoss=0.3692]
 Training FV-epn30000-s42-t8:  22%|██▏       | 11/50 [00:18<01:06,  1.70s/it, Saved at =inf, TrLoss=0.3692]
 Training FV-epn30000-s42-t8:  22%|██▏       | 11/50 [00:19<01:06,  1.70s/it, Saved at =inf, TrLoss=0.3565]
 Training FV-epn30000-s42-t8:  24%|██▍       | 12/50 [00:20<01:00,  1.59s/it, Saved at =inf, TrLoss=0.3565]
 Training FV-epn30000-s42-t8:  24%|██▍       | 12/50 [00:20<01:00,  1.59s/it, Saved at =inf, TrLoss=0.3382]
 Training FV-epn30000-s42-t8:  26%|██▌       | 13/50 [00:21<00:56,  1.54s/it, Saved at =inf, TrLoss=0.3382]
 Training FV-epn30000-s42-t8:  26%|██▌       | 13/50 [00:21<00:56,  1.54s/it, Saved at =inf, TrLoss=0.3237]
 Training FV-epn30000-s42-t8:  28%|██▊       | 14/50 [00:22<00:52,  1.46s/it, Saved at =inf, TrLoss=0.3237]
 Training FV-epn30000-s42-t8:  28%|██▊       | 14/50 [00:23<00:52,  1.46s/it, Saved at =inf, TrLoss=0.3118]
 Training FV-epn30000-s42-t8:  30%|███       | 15/50 [00:24<00:49,  1.41s/it, Saved at =inf, TrLoss=0.3118]
 Training FV-epn30000-s42-t8:  30%|███       | 15/50 [00:24<00:49,  1.41s/it, Saved at =inf, TrLoss=0.2681]
 Training FV-epn30000-s42-t8:  32%|███▏      | 16/50 [00:25<00:47,  1.39s/it, Saved at =inf, TrLoss=0.2681]
 Training FV-epn30000-s42-t8:  32%|███▏      | 16/50 [00:25<00:47,  1.39s/it, Saved at =inf, TrLoss=0.2822]
 Training FV-epn30000-s42-t8:  34%|███▍      | 17/50 [00:26<00:46,  1.40s/it, Saved at =inf, TrLoss=0.2822]
 Training FV-epn30000-s42-t8:  34%|███▍      | 17/50 [00:27<00:46,  1.40s/it, Saved at =inf, TrLoss=0.2824]
 Training FV-epn30000-s42-t8:  36%|███▌      | 18/50 [00:28<00:47,  1.48s/it, Saved at =inf, TrLoss=0.2824]
 Training FV-epn30000-s42-t8:  36%|███▌      | 18/50 [00:29<00:47,  1.48s/it, Saved at =inf, TrLoss=0.2562]
 Training FV-epn30000-s42-t8:  38%|███▊      | 19/50 [00:30<00:48,  1.57s/it, Saved at =inf, TrLoss=0.2562]
 Training FV-epn30000-s42-t8:  38%|███▊      | 19/50 [00:30<00:48,  1.57s/it, Saved at =inf, TrLoss=0.2687]
 Training FV-epn30000-s42-t8:  40%|████      | 20/50 [00:32<00:49,  1.65s/it, Saved at =inf, TrLoss=0.2687]
 Training FV-epn30000-s42-t8:  40%|████      | 20/50 [00:32<00:49,  1.65s/it, Saved at =inf, TrLoss=0.2339]
 Training FV-epn30000-s42-t8:  42%|████▏     | 21/50 [00:33<00:46,  1.61s/it, Saved at =inf, TrLoss=0.2339]
 Training FV-epn30000-s42-t8:  42%|████▏     | 21/50 [00:34<00:46,  1.61s/it, Saved at =inf, TrLoss=0.2456]
 Training FV-epn30000-s42-t8:  44%|████▍     | 22/50 [00:35<00:46,  1.66s/it, Saved at =inf, TrLoss=0.2456]
 Training FV-epn30000-s42-t8:  44%|████▍     | 22/50 [00:35<00:46,  1.66s/it, Saved at =inf, TrLoss=0.2300]
 Training FV-epn30000-s42-t8:  46%|████▌     | 23/50 [00:37<00:44,  1.64s/it, Saved at =inf, TrLoss=0.2300]
 Training FV-epn30000-s42-t8:  46%|████▌     | 23/50 [00:37<00:44,  1.64s/it, Saved at =inf, TrLoss=0.2343]
 Training FV-epn30000-s42-t8:  48%|████▊     | 24/50 [00:38<00:42,  1.62s/it, Saved at =inf, TrLoss=0.2343]
 Training FV-epn30000-s42-t8:  48%|████▊     | 24/50 [00:39<00:42,  1.62s/it, Saved at =inf, TrLoss=0.2319]
 Training FV-epn30000-s42-t8:  50%|█████     | 25/50 [00:39<00:37,  1.52s/it, Saved at =inf, TrLoss=0.2319]
 Training FV-epn30000-s42-t8:  50%|█████     | 25/50 [00:40<00:37,  1.52s/it, Saved at =inf, TrLoss=0.2232]
 Training FV-epn30000-s42-t8:  52%|█████▏    | 26/50 [00:41<00:35,  1.49s/it, Saved at =inf, TrLoss=0.2232]
 Training FV-epn30000-s42-t8:  52%|█████▏    | 26/50 [00:41<00:35,  1.49s/it, Saved at =inf, TrLoss=0.2270]
 Training FV-epn30000-s42-t8:  54%|█████▍    | 27/50 [00:42<00:35,  1.55s/it, Saved at =inf, TrLoss=0.2270]
 Training FV-epn30000-s42-t8:  54%|█████▍    | 27/50 [00:43<00:35,  1.55s/it, Saved at =inf, TrLoss=0.2173]
 Training FV-epn30000-s42-t8:  56%|█████▌    | 28/50 [00:44<00:34,  1.58s/it, Saved at =inf, TrLoss=0.2173]
 Training FV-epn30000-s42-t8:  56%|█████▌    | 28/50 [00:45<00:34,  1.58s/it, Saved at =inf, TrLoss=0.2149]
 Training FV-epn30000-s42-t8:  58%|█████▊    | 29/50 [00:46<00:35,  1.68s/it, Saved at =inf, TrLoss=0.2149]
 Training FV-epn30000-s42-t8:  58%|█████▊    | 29/50 [00:47<00:35,  1.68s/it, Saved at =inf, TrLoss=0.2157]
 Training FV-epn30000-s42-t8:  60%|██████    | 30/50 [00:48<00:35,  1.78s/it, Saved at =inf, TrLoss=0.2157]
 Training FV-epn30000-s42-t8:  60%|██████    | 30/50 [00:49<00:35,  1.78s/it, Saved at =inf, TrLoss=0.2075]
 Training FV-epn30000-s42-t8:  62%|██████▏   | 31/50 [00:49<00:30,  1.62s/it, Saved at =inf, TrLoss=0.2075]
 Training FV-epn30000-s42-t8:  62%|██████▏   | 31/50 [00:50<00:30,  1.62s/it, Saved at =inf, TrLoss=0.2108]
 Training FV-epn30000-s42-t8:  64%|██████▍   | 32/50 [00:51<00:28,  1.61s/it, Saved at =inf, TrLoss=0.2108]
 Training FV-epn30000-s42-t8:  64%|██████▍   | 32/50 [00:51<00:28,  1.61s/it, Saved at =inf, TrLoss=0.2076]
 Training FV-epn30000-s42-t8:  66%|██████▌   | 33/50 [00:52<00:26,  1.56s/it, Saved at =inf, TrLoss=0.2076]
 Training FV-epn30000-s42-t8:  66%|██████▌   | 33/50 [00:53<00:26,  1.56s/it, Saved at =inf, TrLoss=0.2066]
 Training FV-epn30000-s42-t8:  68%|██████▊   | 34/50 [00:54<00:23,  1.48s/it, Saved at =inf, TrLoss=0.2066]
 Training FV-epn30000-s42-t8:  68%|██████▊   | 34/50 [00:54<00:23,  1.48s/it, Saved at =inf, TrLoss=0.2067]
 Training FV-epn30000-s42-t8:  70%|███████   | 35/50 [00:55<00:22,  1.49s/it, Saved at =inf, TrLoss=0.2067]
 Training FV-epn30000-s42-t8:  70%|███████   | 35/50 [00:56<00:22,  1.49s/it, Saved at =inf, TrLoss=0.2023]
 Training FV-epn30000-s42-t8:  72%|███████▏  | 36/50 [00:57<00:22,  1.57s/it, Saved at =inf, TrLoss=0.2023]
 Training FV-epn30000-s42-t8:  72%|███████▏  | 36/50 [00:57<00:22,  1.57s/it, Saved at =inf, TrLoss=0.2044]
 Training FV-epn30000-s42-t8:  74%|███████▍  | 37/50 [00:58<00:19,  1.53s/it, Saved at =inf, TrLoss=0.2044]
 Training FV-epn30000-s42-t8:  74%|███████▍  | 37/50 [00:59<00:19,  1.53s/it, Saved at =inf, TrLoss=0.2011]
 Training FV-epn30000-s42-t8:  76%|███████▌  | 38/50 [01:00<00:18,  1.51s/it, Saved at =inf, TrLoss=0.2011]
 Training FV-epn30000-s42-t8:  76%|███████▌  | 38/50 [01:00<00:18,  1.51s/it, Saved at =inf, TrLoss=0.2011]
 Training FV-epn30000-s42-t8:  78%|███████▊  | 39/50 [01:02<00:18,  1.70s/it, Saved at =inf, TrLoss=0.2011]
 Training FV-epn30000-s42-t8:  78%|███████▊  | 39/50 [01:02<00:18,  1.70s/it, Saved at =inf, TrLoss=0.2006]
 Training FV-epn30000-s42-t8:  80%|████████  | 40/50 [01:04<00:17,  1.76s/it, Saved at =inf, TrLoss=0.2006]
 Training FV-epn30000-s42-t8:  80%|████████  | 40/50 [01:04<00:17,  1.76s/it, Saved at =inf, TrLoss=0.1978]
 Training FV-epn30000-s42-t8:  82%|████████▏ | 41/50 [01:05<00:15,  1.71s/it, Saved at =inf, TrLoss=0.1978]
 Training FV-epn30000-s42-t8:  82%|████████▏ | 41/50 [01:06<00:15,  1.71s/it, Saved at =inf, TrLoss=0.1980]
 Training FV-epn30000-s42-t8:  84%|████████▍ | 42/50 [01:07<00:13,  1.69s/it, Saved at =inf, TrLoss=0.1980]
 Training FV-epn30000-s42-t8:  84%|████████▍ | 42/50 [01:08<00:13,  1.69s/it, Saved at =inf, TrLoss=0.1956]
 Training FV-epn30000-s42-t8:  86%|████████▌ | 43/50 [01:09<00:11,  1.69s/it, Saved at =inf, TrLoss=0.1956]
 Training FV-epn30000-s42-t8:  86%|████████▌ | 43/50 [01:09<00:11,  1.69s/it, Saved at =inf, TrLoss=0.1963]
 Training FV-epn30000-s42-t8:  88%|████████▊ | 44/50 [01:10<00:09,  1.62s/it, Saved at =inf, TrLoss=0.1963]
 Training FV-epn30000-s42-t8:  88%|████████▊ | 44/50 [01:11<00:09,  1.62s/it, Saved at =inf, TrLoss=0.1950]
 Training FV-epn30000-s42-t8:  90%|█████████ | 45/50 [01:12<00:08,  1.68s/it, Saved at =inf, TrLoss=0.1950]
 Training FV-epn30000-s42-t8:  90%|█████████ | 45/50 [01:13<00:08,  1.68s/it, Saved at =inf, TrLoss=0.1944]
 Training FV-epn30000-s42-t8:  92%|█████████▏| 46/50 [01:13<00:06,  1.59s/it, Saved at =inf, TrLoss=0.1944]
 Training FV-epn30000-s42-t8:  92%|█████████▏| 46/50 [01:14<00:06,  1.59s/it, Saved at =inf, TrLoss=0.1948]
 Training FV-epn30000-s42-t8:  94%|█████████▍| 47/50 [01:15<00:04,  1.58s/it, Saved at =inf, TrLoss=0.1948]
 Training FV-epn30000-s42-t8:  94%|█████████▍| 47/50 [01:15<00:04,  1.58s/it, Saved at =inf, TrLoss=0.1929]
 Training FV-epn30000-s42-t8:  96%|█████████▌| 48/50 [01:17<00:03,  1.67s/it, Saved at =inf, TrLoss=0.1929]
 Training FV-epn30000-s42-t8:  96%|█████████▌| 48/50 [01:17<00:03,  1.67s/it, Saved at =inf, TrLoss=0.1931]
 Training FV-epn30000-s42-t8:  98%|█████████▊| 49/50 [01:18<00:01,  1.59s/it, Saved at =inf, TrLoss=0.1931]
 Training FV-epn30000-s42-t8:  98%|█████████▊| 49/50 [01:19<00:01,  1.59s/it, Saved at =inf, TrLoss=0.1916]
 Training FV-epn30000-s42-t8: 100%|██████████| 50/50 [01:20<00:00,  1.69s/it, Saved at =inf, TrLoss=0.1916]
 Training FV-epn30000-s42-t8: 100%|██████████| 50/50 [01:20<00:00,  1.61s/it, Saved at =inf, TrLoss=0.1916]

 Training FV-epn30000-s42-t9:   0%|          | 0/50 [00:00<?, ?it/s]
 Training FV-epn30000-s42-t9:   0%|          | 0/50 [00:00<?, ?it/s, Saved at =inf, TrLoss=0.7559]
 Training FV-epn30000-s42-t9:   2%|▏         | 1/50 [00:01<01:01,  1.26s/it, Saved at =inf, TrLoss=0.7559]
 Training FV-epn30000-s42-t9:   2%|▏         | 1/50 [00:01<01:01,  1.26s/it, Saved at =inf, TrLoss=0.7512]
 Training FV-epn30000-s42-t9:   4%|▍         | 2/50 [00:02<01:01,  1.29s/it, Saved at =inf, TrLoss=0.7512]
 Training FV-epn30000-s42-t9:   4%|▍         | 2/50 [00:03<01:01,  1.29s/it, Saved at =inf, TrLoss=0.5245]
 Training FV-epn30000-s42-t9:   6%|▌         | 3/50 [00:03<01:01,  1.32s/it, Saved at =inf, TrLoss=0.5245]
 Training FV-epn30000-s42-t9:   6%|▌         | 3/50 [00:04<01:01,  1.32s/it, Saved at =inf, TrLoss=0.4851]
 Training FV-epn30000-s42-t9:   8%|▊         | 4/50 [00:05<01:00,  1.32s/it, Saved at =inf, TrLoss=0.4851]
 Training FV-epn30000-s42-t9:   8%|▊         | 4/50 [00:05<01:00,  1.32s/it, Saved at =inf, TrLoss=0.4390]
 Training FV-epn30000-s42-t9:  10%|█         | 5/50 [00:07<01:07,  1.50s/it, Saved at =inf, TrLoss=0.4390]
 Training FV-epn30000-s42-t9:  10%|█         | 5/50 [00:07<01:07,  1.50s/it, Saved at =inf, TrLoss=0.4320]
 Training FV-epn30000-s42-t9:  12%|█▏        | 6/50 [00:08<01:07,  1.53s/it, Saved at =inf, TrLoss=0.4320]
 Training FV-epn30000-s42-t9:  12%|█▏        | 6/50 [00:09<01:07,  1.53s/it, Saved at =inf, TrLoss=0.4368]
 Training FV-epn30000-s42-t9:  14%|█▍        | 7/50 [00:10<01:05,  1.53s/it, Saved at =inf, TrLoss=0.4368]
 Training FV-epn30000-s42-t9:  14%|█▍        | 7/50 [00:10<01:05,  1.53s/it, Saved at =inf, TrLoss=0.4234]
 Training FV-epn30000-s42-t9:  16%|█▌        | 8/50 [00:11<01:02,  1.49s/it, Saved at =inf, TrLoss=0.4234]
 Training FV-epn30000-s42-t9:  16%|█▌        | 8/50 [00:12<01:02,  1.49s/it, Saved at =inf, TrLoss=0.3873]
 Training FV-epn30000-s42-t9:  18%|█▊        | 9/50 [00:12<00:59,  1.45s/it, Saved at =inf, TrLoss=0.3873]
 Training FV-epn30000-s42-t9:  18%|█▊        | 9/50 [00:13<00:59,  1.45s/it, Saved at =inf, TrLoss=0.3809]
 Training FV-epn30000-s42-t9:  20%|██        | 10/50 [00:14<01:03,  1.58s/it, Saved at =inf, TrLoss=0.3809]
 Training FV-epn30000-s42-t9:  20%|██        | 10/50 [00:15<01:03,  1.58s/it, Saved at =inf, TrLoss=0.3593]
 Training FV-epn30000-s42-t9:  22%|██▏       | 11/50 [00:16<01:04,  1.66s/it, Saved at =inf, TrLoss=0.3593]
 Training FV-epn30000-s42-t9:  22%|██▏       | 11/50 [00:17<01:04,  1.66s/it, Saved at =inf, TrLoss=0.3193]
 Training FV-epn30000-s42-t9:  24%|██▍       | 12/50 [00:18<01:02,  1.65s/it, Saved at =inf, TrLoss=0.3193]
 Training FV-epn30000-s42-t9:  24%|██▍       | 12/50 [00:18<01:02,  1.65s/it, Saved at =inf, TrLoss=0.3284]
 Training FV-epn30000-s42-t9:  26%|██▌       | 13/50 [00:20<01:04,  1.74s/it, Saved at =inf, TrLoss=0.3284]
 Training FV-epn30000-s42-t9:  26%|██▌       | 13/50 [00:20<01:04,  1.74s/it, Saved at =inf, TrLoss=0.2821]
 Training FV-epn30000-s42-t9:  28%|██▊       | 14/50 [00:21<01:01,  1.71s/it, Saved at =inf, TrLoss=0.2821]
 Training FV-epn30000-s42-t9:  28%|██▊       | 14/50 [00:22<01:01,  1.71s/it, Saved at =inf, TrLoss=0.2732]
 Training FV-epn30000-s42-t9:  30%|███       | 15/50 [00:23<00:57,  1.65s/it, Saved at =inf, TrLoss=0.2732]
 Training FV-epn30000-s42-t9:  30%|███       | 15/50 [00:23<00:57,  1.65s/it, Saved at =inf, TrLoss=0.2821]
 Training FV-epn30000-s42-t9:  32%|███▏      | 16/50 [00:24<00:55,  1.64s/it, Saved at =inf, TrLoss=0.2821]
 Training FV-epn30000-s42-t9:  32%|███▏      | 16/50 [00:25<00:55,  1.64s/it, Saved at =inf, TrLoss=0.2634]
 Training FV-epn30000-s42-t9:  34%|███▍      | 17/50 [00:27<00:58,  1.76s/it, Saved at =inf, TrLoss=0.2634]
 Training FV-epn30000-s42-t9:  34%|███▍      | 17/50 [00:27<00:58,  1.76s/it, Saved at =inf, TrLoss=0.2495]
 Training FV-epn30000-s42-t9:  36%|███▌      | 18/50 [00:28<00:55,  1.75s/it, Saved at =inf, TrLoss=0.2495]
 Training FV-epn30000-s42-t9:  36%|███▌      | 18/50 [00:29<00:55,  1.75s/it, Saved at =inf, TrLoss=0.2438]
 Training FV-epn30000-s42-t9:  38%|███▊      | 19/50 [00:30<00:52,  1.70s/it, Saved at =inf, TrLoss=0.2438]
 Training FV-epn30000-s42-t9:  38%|███▊      | 19/50 [00:30<00:52,  1.70s/it, Saved at =inf, TrLoss=0.2322]
 Training FV-epn30000-s42-t9:  40%|████      | 20/50 [00:31<00:50,  1.68s/it, Saved at =inf, TrLoss=0.2322]
 Training FV-epn30000-s42-t9:  40%|████      | 20/50 [00:32<00:50,  1.68s/it, Saved at =inf, TrLoss=0.2455]
 Training FV-epn30000-s42-t9:  42%|████▏     | 21/50 [00:34<00:51,  1.79s/it, Saved at =inf, TrLoss=0.2455]
 Training FV-epn30000-s42-t9:  42%|████▏     | 21/50 [00:34<00:51,  1.79s/it, Saved at =inf, TrLoss=0.2316]
 Training FV-epn30000-s42-t9:  44%|████▍     | 22/50 [00:35<00:49,  1.78s/it, Saved at =inf, TrLoss=0.2316]
 Training FV-epn30000-s42-t9:  44%|████▍     | 22/50 [00:36<00:49,  1.78s/it, Saved at =inf, TrLoss=0.2327]
 Training FV-epn30000-s42-t9:  46%|████▌     | 23/50 [00:37<00:47,  1.77s/it, Saved at =inf, TrLoss=0.2327]
 Training FV-epn30000-s42-t9:  46%|████▌     | 23/50 [00:38<00:47,  1.77s/it, Saved at =inf, TrLoss=0.2263]
 Training FV-epn30000-s42-t9:  48%|████▊     | 24/50 [00:38<00:42,  1.65s/it, Saved at =inf, TrLoss=0.2263]
 Training FV-epn30000-s42-t9:  48%|████▊     | 24/50 [00:39<00:42,  1.65s/it, Saved at =inf, TrLoss=0.2176]
 Training FV-epn30000-s42-t9:  50%|█████     | 25/50 [00:41<00:45,  1.83s/it, Saved at =inf, TrLoss=0.2176]
 Training FV-epn30000-s42-t9:  50%|█████     | 25/50 [00:41<00:45,  1.83s/it, Saved at =inf, TrLoss=0.2228]
 Training FV-epn30000-s42-t9:  52%|█████▏    | 26/50 [00:42<00:41,  1.72s/it, Saved at =inf, TrLoss=0.2228]
 Training FV-epn30000-s42-t9:  52%|█████▏    | 26/50 [00:43<00:41,  1.72s/it, Saved at =inf, TrLoss=0.2157]
 Training FV-epn30000-s42-t9:  54%|█████▍    | 27/50 [00:44<00:37,  1.64s/it, Saved at =inf, TrLoss=0.2157]
 Training FV-epn30000-s42-t9:  54%|█████▍    | 27/50 [00:44<00:37,  1.64s/it, Saved at =inf, TrLoss=0.2183]
 Training FV-epn30000-s42-t9:  56%|█████▌    | 28/50 [00:45<00:35,  1.61s/it, Saved at =inf, TrLoss=0.2183]
 Training FV-epn30000-s42-t9:  56%|█████▌    | 28/50 [00:46<00:35,  1.61s/it, Saved at =inf, TrLoss=0.2120]
 Training FV-epn30000-s42-t9:  58%|█████▊    | 29/50 [00:47<00:36,  1.74s/it, Saved at =inf, TrLoss=0.2120]
 Training FV-epn30000-s42-t9:  58%|█████▊    | 29/50 [00:48<00:36,  1.74s/it, Saved at =inf, TrLoss=0.2079]
 Training FV-epn30000-s42-t9:  60%|██████    | 30/50 [00:49<00:33,  1.70s/it, Saved at =inf, TrLoss=0.2079]
 Training FV-epn30000-s42-t9:  60%|██████    | 30/50 [00:49<00:33,  1.70s/it, Saved at =inf, TrLoss=0.2090]
 Training FV-epn30000-s42-t9:  62%|██████▏   | 31/50 [00:50<00:30,  1.61s/it, Saved at =inf, TrLoss=0.2090]
 Training FV-epn30000-s42-t9:  62%|██████▏   | 31/50 [00:51<00:30,  1.61s/it, Saved at =inf, TrLoss=0.2045]
 Training FV-epn30000-s42-t9:  64%|██████▍   | 32/50 [00:52<00:31,  1.75s/it, Saved at =inf, TrLoss=0.2045]
 Training FV-epn30000-s42-t9:  64%|██████▍   | 32/50 [00:53<00:31,  1.75s/it, Saved at =inf, TrLoss=0.2066]
 Training FV-epn30000-s42-t9:  66%|██████▌   | 33/50 [00:54<00:28,  1.67s/it, Saved at =inf, TrLoss=0.2066]
 Training FV-epn30000-s42-t9:  66%|██████▌   | 33/50 [00:54<00:28,  1.67s/it, Saved at =inf, TrLoss=0.2024]
 Training FV-epn30000-s42-t9:  68%|██████▊   | 34/50 [00:55<00:25,  1.61s/it, Saved at =inf, TrLoss=0.2024]
 Training FV-epn30000-s42-t9:  68%|██████▊   | 34/50 [00:56<00:25,  1.61s/it, Saved at =inf, TrLoss=0.2007]
 Training FV-epn30000-s42-t9:  70%|███████   | 35/50 [00:57<00:24,  1.62s/it, Saved at =inf, TrLoss=0.2007]
 Training FV-epn30000-s42-t9:  70%|███████   | 35/50 [00:57<00:24,  1.62s/it, Saved at =inf, TrLoss=0.1995]
 Training FV-epn30000-s42-t9:  72%|███████▏  | 36/50 [00:58<00:22,  1.61s/it, Saved at =inf, TrLoss=0.1995]
 Training FV-epn30000-s42-t9:  72%|███████▏  | 36/50 [00:59<00:22,  1.61s/it, Saved at =inf, TrLoss=0.1972]
 Training FV-epn30000-s42-t9:  74%|███████▍  | 37/50 [01:00<00:22,  1.73s/it, Saved at =inf, TrLoss=0.1972]
 Training FV-epn30000-s42-t9:  74%|███████▍  | 37/50 [01:01<00:22,  1.73s/it, Saved at =inf, TrLoss=0.1986]
 Training FV-epn30000-s42-t9:  76%|███████▌  | 38/50 [01:02<00:20,  1.67s/it, Saved at =inf, TrLoss=0.1986]
 Training FV-epn30000-s42-t9:  76%|███████▌  | 38/50 [01:03<00:20,  1.67s/it, Saved at =inf, TrLoss=0.1956]
 Training FV-epn30000-s42-t9:  78%|███████▊  | 39/50 [01:03<00:17,  1.57s/it, Saved at =inf, TrLoss=0.1956]
 Training FV-epn30000-s42-t9:  78%|███████▊  | 39/50 [01:04<00:17,  1.57s/it, Saved at =inf, TrLoss=0.1956]
 Training FV-epn30000-s42-t9:  80%|████████  | 40/50 [01:05<00:15,  1.51s/it, Saved at =inf, TrLoss=0.1956]
 Training FV-epn30000-s42-t9:  80%|████████  | 40/50 [01:05<00:15,  1.51s/it, Saved at =inf, TrLoss=0.1932]
 Training FV-epn30000-s42-t9:  82%|████████▏ | 41/50 [01:06<00:13,  1.53s/it, Saved at =inf, TrLoss=0.1932]
 Training FV-epn30000-s42-t9:  82%|████████▏ | 41/50 [01:07<00:13,  1.53s/it, Saved at =inf, TrLoss=0.1934]
 Training FV-epn30000-s42-t9:  84%|████████▍ | 42/50 [01:08<00:11,  1.45s/it, Saved at =inf, TrLoss=0.1934]
 Training FV-epn30000-s42-t9:  84%|████████▍ | 42/50 [01:08<00:11,  1.45s/it, Saved at =inf, TrLoss=0.1931]
 Training FV-epn30000-s42-t9:  86%|████████▌ | 43/50 [01:10<00:11,  1.71s/it, Saved at =inf, TrLoss=0.1931]
 Training FV-epn30000-s42-t9:  86%|████████▌ | 43/50 [01:10<00:11,  1.71s/it, Saved at =inf, TrLoss=0.1928]
 Training FV-epn30000-s42-t9:  88%|████████▊ | 44/50 [01:11<00:09,  1.60s/it, Saved at =inf, TrLoss=0.1928]
 Training FV-epn30000-s42-t9:  88%|████████▊ | 44/50 [01:12<00:09,  1.60s/it, Saved at =inf, TrLoss=0.1919]
 Training FV-epn30000-s42-t9:  90%|█████████ | 45/50 [01:13<00:08,  1.65s/it, Saved at =inf, TrLoss=0.1919]
 Training FV-epn30000-s42-t9:  90%|█████████ | 45/50 [01:13<00:08,  1.65s/it, Saved at =inf, TrLoss=0.1913]
 Training FV-epn30000-s42-t9:  92%|█████████▏| 46/50 [01:14<00:06,  1.58s/it, Saved at =inf, TrLoss=0.1913]
 Training FV-epn30000-s42-t9:  92%|█████████▏| 46/50 [01:15<00:06,  1.58s/it, Saved at =inf, TrLoss=0.1910]
 Training FV-epn30000-s42-t9:  94%|█████████▍| 47/50 [01:16<00:04,  1.54s/it, Saved at =inf, TrLoss=0.1910]
 Training FV-epn30000-s42-t9:  94%|█████████▍| 47/50 [01:16<00:04,  1.54s/it, Saved at =inf, TrLoss=0.1905]
 Training FV-epn30000-s42-t9:  96%|█████████▌| 48/50 [01:17<00:02,  1.47s/it, Saved at =inf, TrLoss=0.1905]
 Training FV-epn30000-s42-t9:  96%|█████████▌| 48/50 [01:18<00:02,  1.47s/it, Saved at =inf, TrLoss=0.1897]
 Training FV-epn30000-s42-t9:  98%|█████████▊| 49/50 [01:19<00:01,  1.48s/it, Saved at =inf, TrLoss=0.1897]
 Training FV-epn30000-s42-t9:  98%|█████████▊| 49/50 [01:19<00:01,  1.48s/it, Saved at =inf, TrLoss=0.1889]
 Training FV-epn30000-s42-t9: 100%|██████████| 50/50 [01:20<00:00,  1.54s/it, Saved at =inf, TrLoss=0.1889]
 Training FV-epn30000-s42-t9: 100%|██████████| 50/50 [01:20<00:00,  1.62s/it, Saved at =inf, TrLoss=0.1889]

 Training ATK-epn30000-s42-t7:   0%|          | 0/50 [00:00<?, ?it/s]
 Training ATK-epn30000-s42-t7:   0%|          | 0/50 [00:00<?, ?it/s, Saved at =inf, TrLoss=0.7761]
 Training ATK-epn30000-s42-t7:   2%|▏         | 1/50 [00:01<00:54,  1.11s/it, Saved at =inf, TrLoss=0.7761]
 Training ATK-epn30000-s42-t7:   2%|▏         | 1/50 [00:01<00:54,  1.11s/it, Saved at =inf, TrLoss=0.8104]
 Training ATK-epn30000-s42-t7:   4%|▍         | 2/50 [00:02<00:47,  1.01it/s, Saved at =inf, TrLoss=0.8104]
 Training ATK-epn30000-s42-t7:   4%|▍         | 2/50 [00:02<00:47,  1.01it/s, Saved at =inf, TrLoss=0.5836]
 Training ATK-epn30000-s42-t7:   6%|▌         | 3/50 [00:03<00:49,  1.06s/it, Saved at =inf, TrLoss=0.5836]
 Training ATK-epn30000-s42-t7:   6%|▌         | 3/50 [00:03<00:49,  1.06s/it, Saved at =inf, TrLoss=0.5071]
 Training ATK-epn30000-s42-t7:   8%|▊         | 4/50 [00:04<00:47,  1.03s/it, Saved at =inf, TrLoss=0.5071]
 Training ATK-epn30000-s42-t7:   8%|▊         | 4/50 [00:04<00:47,  1.03s/it, Saved at =inf, TrLoss=0.4245]
 Training ATK-epn30000-s42-t7:  10%|█         | 5/50 [00:05<00:46,  1.03s/it, Saved at =inf, TrLoss=0.4245]
 Training ATK-epn30000-s42-t7:  10%|█         | 5/50 [00:05<00:46,  1.03s/it, Saved at =inf, TrLoss=0.3987]
 Training ATK-epn30000-s42-t7:  12%|█▏        | 6/50 [00:06<00:43,  1.01it/s, Saved at =inf, TrLoss=0.3987]
 Training ATK-epn30000-s42-t7:  12%|█▏        | 6/50 [00:06<00:43,  1.01it/s, Saved at =inf, TrLoss=0.4137]
 Training ATK-epn30000-s42-t7:  14%|█▍        | 7/50 [00:07<00:42,  1.02it/s, Saved at =inf, TrLoss=0.4137]
 Training ATK-epn30000-s42-t7:  14%|█▍        | 7/50 [00:07<00:42,  1.02it/s, Saved at =inf, TrLoss=0.4119]
 Training ATK-epn30000-s42-t7:  16%|█▌        | 8/50 [00:08<00:40,  1.03it/s, Saved at =inf, TrLoss=0.4119]
 Training ATK-epn30000-s42-t7:  16%|█▌        | 8/50 [00:08<00:40,  1.03it/s, Saved at =inf, TrLoss=0.3853]
 Training ATK-epn30000-s42-t7:  18%|█▊        | 9/50 [00:09<00:40,  1.01it/s, Saved at =inf, TrLoss=0.3853]
 Training ATK-epn30000-s42-t7:  18%|█▊        | 9/50 [00:09<00:40,  1.01it/s, Saved at =inf, TrLoss=0.3527]
 Training ATK-epn30000-s42-t7:  20%|██        | 10/50 [00:10<00:39,  1.01it/s, Saved at =inf, TrLoss=0.3527]
 Training ATK-epn30000-s42-t7:  20%|██        | 10/50 [00:10<00:39,  1.01it/s, Saved at =inf, TrLoss=0.3196]
 Training ATK-epn30000-s42-t7:  22%|██▏       | 11/50 [00:11<00:39,  1.02s/it, Saved at =inf, TrLoss=0.3196]
 Training ATK-epn30000-s42-t7:  22%|██▏       | 11/50 [00:11<00:39,  1.02s/it, Saved at =inf, TrLoss=0.3220]
 Training ATK-epn30000-s42-t7:  24%|██▍       | 12/50 [00:12<00:37,  1.01it/s, Saved at =inf, TrLoss=0.3220]
 Training ATK-epn30000-s42-t7:  24%|██▍       | 12/50 [00:12<00:37,  1.01it/s, Saved at =inf, TrLoss=0.3246]
 Training ATK-epn30000-s42-t7:  26%|██▌       | 13/50 [00:13<00:37,  1.01s/it, Saved at =inf, TrLoss=0.3246]
 Training ATK-epn30000-s42-t7:  26%|██▌       | 13/50 [00:13<00:37,  1.01s/it, Saved at =inf, TrLoss=0.2740]
 Training ATK-epn30000-s42-t7:  28%|██▊       | 14/50 [00:14<00:35,  1.02it/s, Saved at =inf, TrLoss=0.2740]
 Training ATK-epn30000-s42-t7:  28%|██▊       | 14/50 [00:14<00:35,  1.02it/s, Saved at =inf, TrLoss=0.2534]
 Training ATK-epn30000-s42-t7:  30%|███       | 15/50 [00:14<00:32,  1.08it/s, Saved at =inf, TrLoss=0.2534]
 Training ATK-epn30000-s42-t7:  30%|███       | 15/50 [00:15<00:32,  1.08it/s, Saved at =inf, TrLoss=0.2442]
 Training ATK-epn30000-s42-t7:  32%|███▏      | 16/50 [00:15<00:31,  1.07it/s, Saved at =inf, TrLoss=0.2442]
 Training ATK-epn30000-s42-t7:  32%|███▏      | 16/50 [00:16<00:31,  1.07it/s, Saved at =inf, TrLoss=0.2314]
 Training ATK-epn30000-s42-t7:  34%|███▍      | 17/50 [00:16<00:30,  1.08it/s, Saved at =inf, TrLoss=0.2314]
 Training ATK-epn30000-s42-t7:  34%|███▍      | 17/50 [00:17<00:30,  1.08it/s, Saved at =inf, TrLoss=0.2383]
 Training ATK-epn30000-s42-t7:  36%|███▌      | 18/50 [00:17<00:29,  1.07it/s, Saved at =inf, TrLoss=0.2383]
 Training ATK-epn30000-s42-t7:  36%|███▌      | 18/50 [00:17<00:29,  1.07it/s, Saved at =inf, TrLoss=0.2277]
 Training ATK-epn30000-s42-t7:  38%|███▊      | 19/50 [00:18<00:29,  1.06it/s, Saved at =inf, TrLoss=0.2277]
 Training ATK-epn30000-s42-t7:  38%|███▊      | 19/50 [00:18<00:29,  1.06it/s, Saved at =inf, TrLoss=0.2355]
 Training ATK-epn30000-s42-t7:  40%|████      | 20/50 [00:19<00:27,  1.10it/s, Saved at =inf, TrLoss=0.2355]
 Training ATK-epn30000-s42-t7:  40%|████      | 20/50 [00:19<00:27,  1.10it/s, Saved at =inf, TrLoss=0.2214]
 Training ATK-epn30000-s42-t7:  42%|████▏     | 21/50 [00:20<00:27,  1.04it/s, Saved at =inf, TrLoss=0.2214]
 Training ATK-epn30000-s42-t7:  42%|████▏     | 21/50 [00:20<00:27,  1.04it/s, Saved at =inf, TrLoss=0.2260]
 Training ATK-epn30000-s42-t7:  44%|████▍     | 22/50 [00:21<00:26,  1.04it/s, Saved at =inf, TrLoss=0.2260]
 Training ATK-epn30000-s42-t7:  44%|████▍     | 22/50 [00:21<00:26,  1.04it/s, Saved at =inf, TrLoss=0.2137]
 Training ATK-epn30000-s42-t7:  46%|████▌     | 23/50 [00:22<00:25,  1.05it/s, Saved at =inf, TrLoss=0.2137]
 Training ATK-epn30000-s42-t7:  46%|████▌     | 23/50 [00:22<00:25,  1.05it/s, Saved at =inf, TrLoss=0.2147]
 Training ATK-epn30000-s42-t7:  48%|████▊     | 24/50 [00:23<00:28,  1.08s/it, Saved at =inf, TrLoss=0.2147]
 Training ATK-epn30000-s42-t7:  48%|████▊     | 24/50 [00:24<00:28,  1.08s/it, Saved at =inf, TrLoss=0.2072]
 Training ATK-epn30000-s42-t7:  50%|█████     | 25/50 [00:24<00:27,  1.08s/it, Saved at =inf, TrLoss=0.2072]
 Training ATK-epn30000-s42-t7:  50%|█████     | 25/50 [00:25<00:27,  1.08s/it, Saved at =inf, TrLoss=0.2068]
 Training ATK-epn30000-s42-t7:  52%|█████▏    | 26/50 [00:25<00:25,  1.07s/it, Saved at =inf, TrLoss=0.2068]
 Training ATK-epn30000-s42-t7:  52%|█████▏    | 26/50 [00:26<00:25,  1.07s/it, Saved at =inf, TrLoss=0.2039]
 Training ATK-epn30000-s42-t7:  54%|█████▍    | 27/50 [00:26<00:23,  1.04s/it, Saved at =inf, TrLoss=0.2039]
 Training ATK-epn30000-s42-t7:  54%|█████▍    | 27/50 [00:27<00:23,  1.04s/it, Saved at =inf, TrLoss=0.2017]
 Training ATK-epn30000-s42-t7:  56%|█████▌    | 28/50 [00:27<00:22,  1.03s/it, Saved at =inf, TrLoss=0.2017]
 Training ATK-epn30000-s42-t7:  56%|█████▌    | 28/50 [00:28<00:22,  1.03s/it, Saved at =inf, TrLoss=0.2017]
 Training ATK-epn30000-s42-t7:  58%|█████▊    | 29/50 [00:28<00:21,  1.05s/it, Saved at =inf, TrLoss=0.2017]
 Training ATK-epn30000-s42-t7:  58%|█████▊    | 29/50 [00:29<00:21,  1.05s/it, Saved at =inf, TrLoss=0.1974]
 Training ATK-epn30000-s42-t7:  60%|██████    | 30/50 [00:30<00:22,  1.13s/it, Saved at =inf, TrLoss=0.1974]
 Training ATK-epn30000-s42-t7:  60%|██████    | 30/50 [00:30<00:22,  1.13s/it, Saved at =inf, TrLoss=0.1990]
 Training ATK-epn30000-s42-t7:  62%|██████▏   | 31/50 [00:31<00:21,  1.13s/it, Saved at =inf, TrLoss=0.1990]
 Training ATK-epn30000-s42-t7:  62%|██████▏   | 31/50 [00:31<00:21,  1.13s/it, Saved at =inf, TrLoss=0.1958]
 Training ATK-epn30000-s42-t7:  64%|██████▍   | 32/50 [00:32<00:20,  1.14s/it, Saved at =inf, TrLoss=0.1958]
 Training ATK-epn30000-s42-t7:  64%|██████▍   | 32/50 [00:32<00:20,  1.14s/it, Saved at =inf, TrLoss=0.1951]
 Training ATK-epn30000-s42-t7:  66%|██████▌   | 33/50 [00:33<00:19,  1.14s/it, Saved at =inf, TrLoss=0.1951]
 Training ATK-epn30000-s42-t7:  66%|██████▌   | 33/50 [00:34<00:19,  1.14s/it, Saved at =inf, TrLoss=0.1944]
 Training ATK-epn30000-s42-t7:  68%|██████▊   | 34/50 [00:34<00:18,  1.14s/it, Saved at =inf, TrLoss=0.1944]
 Training ATK-epn30000-s42-t7:  68%|██████▊   | 34/50 [00:35<00:18,  1.14s/it, Saved at =inf, TrLoss=0.1930]
 Training ATK-epn30000-s42-t7:  70%|███████   | 35/50 [00:35<00:17,  1.14s/it, Saved at =inf, TrLoss=0.1930]
 Training ATK-epn30000-s42-t7:  70%|███████   | 35/50 [00:36<00:17,  1.14s/it, Saved at =inf, TrLoss=0.1934]
 Training ATK-epn30000-s42-t7:  72%|███████▏  | 36/50 [00:37<00:16,  1.18s/it, Saved at =inf, TrLoss=0.1934]
 Training ATK-epn30000-s42-t7:  72%|███████▏  | 36/50 [00:37<00:16,  1.18s/it, Saved at =inf, TrLoss=0.1908]
 Training ATK-epn30000-s42-t7:  74%|███████▍  | 37/50 [00:38<00:16,  1.23s/it, Saved at =inf, TrLoss=0.1908]
 Training ATK-epn30000-s42-t7:  74%|███████▍  | 37/50 [00:39<00:16,  1.23s/it, Saved at =inf, TrLoss=0.1918]
 Training ATK-epn30000-s42-t7:  76%|███████▌  | 38/50 [00:39<00:14,  1.22s/it, Saved at =inf, TrLoss=0.1918]
 Training ATK-epn30000-s42-t7:  76%|███████▌  | 38/50 [00:40<00:14,  1.22s/it, Saved at =inf, TrLoss=0.1900]
 Training ATK-epn30000-s42-t7:  78%|███████▊  | 39/50 [00:41<00:13,  1.22s/it, Saved at =inf, TrLoss=0.1900]
 Training ATK-epn30000-s42-t7:  78%|███████▊  | 39/50 [00:41<00:13,  1.22s/it, Saved at =inf, TrLoss=0.1899]
 Training ATK-epn30000-s42-t7:  80%|████████  | 40/50 [00:42<00:11,  1.18s/it, Saved at =inf, TrLoss=0.1899]
 Training ATK-epn30000-s42-t7:  80%|████████  | 40/50 [00:42<00:11,  1.18s/it, Saved at =inf, TrLoss=0.1882]
 Training ATK-epn30000-s42-t7:  82%|████████▏ | 41/50 [00:43<00:10,  1.18s/it, Saved at =inf, TrLoss=0.1882]
 Training ATK-epn30000-s42-t7:  82%|████████▏ | 41/50 [00:43<00:10,  1.18s/it, Saved at =inf, TrLoss=0.1876]
 Training ATK-epn30000-s42-t7:  84%|████████▍ | 42/50 [00:44<00:09,  1.22s/it, Saved at =inf, TrLoss=0.1876]
 Training ATK-epn30000-s42-t7:  84%|████████▍ | 42/50 [00:45<00:09,  1.22s/it, Saved at =inf, TrLoss=0.1866]
 Training ATK-epn30000-s42-t7:  86%|████████▌ | 43/50 [00:46<00:09,  1.29s/it, Saved at =inf, TrLoss=0.1866]
 Training ATK-epn30000-s42-t7:  86%|████████▌ | 43/50 [00:46<00:09,  1.29s/it, Saved at =inf, TrLoss=0.1857]
 Training ATK-epn30000-s42-t7:  88%|████████▊ | 44/50 [00:47<00:07,  1.31s/it, Saved at =inf, TrLoss=0.1857]
 Training ATK-epn30000-s42-t7:  88%|████████▊ | 44/50 [00:47<00:07,  1.31s/it, Saved at =inf, TrLoss=0.1851]
 Training ATK-epn30000-s42-t7:  90%|█████████ | 45/50 [00:48<00:06,  1.27s/it, Saved at =inf, TrLoss=0.1851]
 Training ATK-epn30000-s42-t7:  90%|█████████ | 45/50 [00:49<00:06,  1.27s/it, Saved at =inf, TrLoss=0.1839]
 Training ATK-epn30000-s42-t7:  92%|█████████▏| 46/50 [00:50<00:05,  1.36s/it, Saved at =inf, TrLoss=0.1839]
 Training ATK-epn30000-s42-t7:  92%|█████████▏| 46/50 [00:50<00:05,  1.36s/it, Saved at =inf, TrLoss=0.1842]
 Training ATK-epn30000-s42-t7:  94%|█████████▍| 47/50 [00:51<00:04,  1.44s/it, Saved at =inf, TrLoss=0.1842]
 Training ATK-epn30000-s42-t7:  94%|█████████▍| 47/50 [00:52<00:04,  1.44s/it, Saved at =inf, TrLoss=0.1830]
 Training ATK-epn30000-s42-t7:  96%|█████████▌| 48/50 [00:53<00:02,  1.38s/it, Saved at =inf, TrLoss=0.1830]
 Training ATK-epn30000-s42-t7:  96%|█████████▌| 48/50 [00:53<00:02,  1.38s/it, Saved at =inf, TrLoss=0.1830]
 Training ATK-epn30000-s42-t7:  98%|█████████▊| 49/50 [00:54<00:01,  1.44s/it, Saved at =inf, TrLoss=0.1830]
 Training ATK-epn30000-s42-t7:  98%|█████████▊| 49/50 [00:54<00:01,  1.44s/it, Saved at =inf, TrLoss=0.1819]
 Training ATK-epn30000-s42-t7: 100%|██████████| 50/50 [00:55<00:00,  1.43s/it, Saved at =inf, TrLoss=0.1819]
 Training ATK-epn30000-s42-t7: 100%|██████████| 50/50 [00:55<00:00,  1.12s/it, Saved at =inf, TrLoss=0.1819]
[12:31:16]   MCC=0.499±0.132, AUC=0.837±0.052, BAcc=0.769±0.054
RESULT epn30000 {'auc': None, 'mcc': None, 'keys': ['trainer', 'model', 'device', 'edges', 'labels', 'index_list', 'perf', 'performance', 'fixed_perf']}
DONE
