<ps-env>/lib/python3.10/site-packages/networkx/utils/backends.py:563: RuntimeWarning: Error encountered when loading info for backend cugraph: No module named '_nx_cugraph'
  backend_info.update(_get_backends("networkx.backend_info", load_and_call=True))
[17:21:26] 
============================================================
  LEAKAGE-FREE FLIP TABLE — edg60000
============================================================
[17:21:26] Training GDTE on edg60000 (seed=42)...

 Training FV-edg60000-s42-t2:   0%|          | 0/50 [00:00<?, ?it/s]
 Training FV-edg60000-s42-t2:   0%|          | 0/50 [00:00<?, ?it/s, Saved at =inf, TrLoss=0.7507]
 Training FV-edg60000-s42-t2:   2%|▏         | 1/50 [00:00<00:31,  1.54it/s, Saved at =inf, TrLoss=0.7507]
 Training FV-edg60000-s42-t2:   2%|▏         | 1/50 [00:00<00:31,  1.54it/s, Saved at =inf, TrLoss=0.5324]
 Training FV-edg60000-s42-t2:   4%|▍         | 2/50 [00:00<00:21,  2.21it/s, Saved at =inf, TrLoss=0.5324]
 Training FV-edg60000-s42-t2:   4%|▍         | 2/50 [00:01<00:21,  2.21it/s, Saved at =inf, TrLoss=0.3985]
 Training FV-edg60000-s42-t2:   6%|▌         | 3/50 [00:01<00:18,  2.56it/s, Saved at =inf, TrLoss=0.3985]
 Training FV-edg60000-s42-t2:   6%|▌         | 3/50 [00:01<00:18,  2.56it/s, Saved at =inf, TrLoss=0.2881]
 Training FV-edg60000-s42-t2:   8%|▊         | 4/50 [00:01<00:16,  2.77it/s, Saved at =inf, TrLoss=0.2881]
 Training FV-edg60000-s42-t2:   8%|▊         | 4/50 [00:01<00:16,  2.77it/s, Saved at =inf, TrLoss=0.2761]
 Training FV-edg60000-s42-t2:  10%|█         | 5/50 [00:01<00:15,  2.91it/s, Saved at =inf, TrLoss=0.2761]
 Training FV-edg60000-s42-t2:  10%|█         | 5/50 [00:02<00:15,  2.91it/s, Saved at =inf, TrLoss=0.2549]
 Training FV-edg60000-s42-t2:  12%|█▏        | 6/50 [00:02<00:14,  3.00it/s, Saved at =inf, TrLoss=0.2549]
 Training FV-edg60000-s42-t2:  12%|█▏        | 6/50 [00:02<00:14,  3.00it/s, Saved at =inf, TrLoss=0.2420]
 Training FV-edg60000-s42-t2:  14%|█▍        | 7/50 [00:02<00:14,  3.06it/s, Saved at =inf, TrLoss=0.2420]
 Training FV-edg60000-s42-t2:  14%|█▍        | 7/50 [00:02<00:14,  3.06it/s, Saved at =inf, TrLoss=0.2338]
 Training FV-edg60000-s42-t2:  16%|█▌        | 8/50 [00:02<00:13,  3.10it/s, Saved at =inf, TrLoss=0.2338]
 Training FV-edg60000-s42-t2:  16%|█▌        | 8/50 [00:03<00:13,  3.10it/s, Saved at =inf, TrLoss=0.2250]
 Training FV-edg60000-s42-t2:  18%|█▊        | 9/50 [00:03<00:13,  3.12it/s, Saved at =inf, TrLoss=0.2250]
 Training FV-edg60000-s42-t2:  18%|█▊        | 9/50 [00:03<00:13,  3.12it/s, Saved at =inf, TrLoss=0.2376]
 Training FV-edg60000-s42-t2:  20%|██        | 10/50 [00:03<00:12,  3.14it/s, Saved at =inf, TrLoss=0.2376]
 Training FV-edg60000-s42-t2:  20%|██        | 10/50 [00:03<00:12,  3.14it/s, Saved at =inf, TrLoss=0.2015]
 Training FV-edg60000-s42-t2:  22%|██▏       | 11/50 [00:03<00:12,  3.15it/s, Saved at =inf, TrLoss=0.2015]
 Training FV-edg60000-s42-t2:  22%|██▏       | 11/50 [00:04<00:12,  3.15it/s, Saved at =inf, TrLoss=0.2008]
 Training FV-edg60000-s42-t2:  24%|██▍       | 12/50 [00:04<00:12,  3.16it/s, Saved at =inf, TrLoss=0.2008]
 Training FV-edg60000-s42-t2:  24%|██▍       | 12/50 [00:04<00:12,  3.16it/s, Saved at =inf, TrLoss=0.1846]
 Training FV-edg60000-s42-t2:  26%|██▌       | 13/50 [00:04<00:11,  3.16it/s, Saved at =inf, TrLoss=0.1846]
 Training FV-edg60000-s42-t2:  26%|██▌       | 13/50 [00:04<00:11,  3.16it/s, Saved at =inf, TrLoss=0.1921]
 Training FV-edg60000-s42-t2:  28%|██▊       | 14/50 [00:04<00:11,  3.16it/s, Saved at =inf, TrLoss=0.1921]
 Training FV-edg60000-s42-t2:  28%|██▊       | 14/50 [00:04<00:11,  3.16it/s, Saved at =inf, TrLoss=0.1806]
 Training FV-edg60000-s42-t2:  30%|███       | 15/50 [00:05<00:11,  3.16it/s, Saved at =inf, TrLoss=0.1806]
 Training FV-edg60000-s42-t2:  30%|███       | 15/50 [00:05<00:11,  3.16it/s, Saved at =inf, TrLoss=0.1841]
 Training FV-edg60000-s42-t2:  32%|███▏      | 16/50 [00:05<00:10,  3.17it/s, Saved at =inf, TrLoss=0.1841]
 Training FV-edg60000-s42-t2:  32%|███▏      | 16/50 [00:05<00:10,  3.17it/s, Saved at =inf, TrLoss=0.1792]
 Training FV-edg60000-s42-t2:  34%|███▍      | 17/50 [00:05<00:10,  3.17it/s, Saved at =inf, TrLoss=0.1792]
 Training FV-edg60000-s42-t2:  34%|███▍      | 17/50 [00:05<00:10,  3.17it/s, Saved at =inf, TrLoss=0.1830]
 Training FV-edg60000-s42-t2:  36%|███▌      | 18/50 [00:06<00:10,  3.17it/s, Saved at =inf, TrLoss=0.1830]
 Training FV-edg60000-s42-t2:  36%|███▌      | 18/50 [00:06<00:10,  3.17it/s, Saved at =inf, TrLoss=0.1712]
 Training FV-edg60000-s42-t2:  38%|███▊      | 19/50 [00:06<00:09,  3.18it/s, Saved at =inf, TrLoss=0.1712]
 Training FV-edg60000-s42-t2:  38%|███▊      | 19/50 [00:06<00:09,  3.18it/s, Saved at =inf, TrLoss=0.1668]
 Training FV-edg60000-s42-t2:  40%|████      | 20/50 [00:06<00:09,  3.18it/s, Saved at =inf, TrLoss=0.1668]
 Training FV-edg60000-s42-t2:  40%|████      | 20/50 [00:06<00:09,  3.18it/s, Saved at =inf, TrLoss=0.1652]
 Training FV-edg60000-s42-t2:  42%|████▏     | 21/50 [00:06<00:09,  3.18it/s, Saved at =inf, TrLoss=0.1652]
 Training FV-edg60000-s42-t2:  42%|████▏     | 21/50 [00:07<00:09,  3.18it/s, Saved at =inf, TrLoss=0.1637]
 Training FV-edg60000-s42-t2:  44%|████▍     | 22/50 [00:07<00:08,  3.18it/s, Saved at =inf, TrLoss=0.1637]
 Training FV-edg60000-s42-t2:  44%|████▍     | 22/50 [00:07<00:08,  3.18it/s, Saved at =inf, TrLoss=0.1608]
 Training FV-edg60000-s42-t2:  46%|████▌     | 23/50 [00:07<00:08,  3.18it/s, Saved at =inf, TrLoss=0.1608]
 Training FV-edg60000-s42-t2:  46%|████▌     | 23/50 [00:07<00:08,  3.18it/s, Saved at =inf, TrLoss=0.1572]
 Training FV-edg60000-s42-t2:  48%|████▊     | 24/50 [00:07<00:08,  3.18it/s, Saved at =inf, TrLoss=0.1572]
 Training FV-edg60000-s42-t2:  48%|████▊     | 24/50 [00:08<00:08,  3.18it/s, Saved at =inf, TrLoss=0.1585]
 Training FV-edg60000-s42-t2:  50%|█████     | 25/50 [00:08<00:07,  3.18it/s, Saved at =inf, TrLoss=0.1585]
 Training FV-edg60000-s42-t2:  50%|█████     | 25/50 [00:08<00:07,  3.18it/s, Saved at =inf, TrLoss=0.1574]
 Training FV-edg60000-s42-t2:  52%|█████▏    | 26/50 [00:08<00:07,  3.18it/s, Saved at =inf, TrLoss=0.1574]
 Training FV-edg60000-s42-t2:  52%|█████▏    | 26/50 [00:08<00:07,  3.18it/s, Saved at =inf, TrLoss=0.1523]
 Training FV-edg60000-s42-t2:  54%|█████▍    | 27/50 [00:08<00:07,  3.18it/s, Saved at =inf, TrLoss=0.1523]
 Training FV-edg60000-s42-t2:  54%|█████▍    | 27/50 [00:09<00:07,  3.18it/s, Saved at =inf, TrLoss=0.1542]
 Training FV-edg60000-s42-t2:  56%|█████▌    | 28/50 [00:09<00:06,  3.18it/s, Saved at =inf, TrLoss=0.1542]
 Training FV-edg60000-s42-t2:  56%|█████▌    | 28/50 [00:09<00:06,  3.18it/s, Saved at =inf, TrLoss=0.1484]
 Training FV-edg60000-s42-t2:  58%|█████▊    | 29/50 [00:09<00:06,  3.18it/s, Saved at =inf, TrLoss=0.1484]
 Training FV-edg60000-s42-t2:  58%|█████▊    | 29/50 [00:09<00:06,  3.18it/s, Saved at =inf, TrLoss=0.1516]
 Training FV-edg60000-s42-t2:  60%|██████    | 30/50 [00:09<00:06,  3.18it/s, Saved at =inf, TrLoss=0.1516]
 Training FV-edg60000-s42-t2:  60%|██████    | 30/50 [00:09<00:06,  3.18it/s, Saved at =inf, TrLoss=0.1479]
 Training FV-edg60000-s42-t2:  62%|██████▏   | 31/50 [00:10<00:05,  3.18it/s, Saved at =inf, TrLoss=0.1479]
 Training FV-edg60000-s42-t2:  62%|██████▏   | 31/50 [00:10<00:05,  3.18it/s, Saved at =inf, TrLoss=0.1494]
 Training FV-edg60000-s42-t2:  64%|██████▍   | 32/50 [00:10<00:05,  3.18it/s, Saved at =inf, TrLoss=0.1494]
 Training FV-edg60000-s42-t2:  64%|██████▍   | 32/50 [00:10<00:05,  3.18it/s, Saved at =inf, TrLoss=0.1500]
 Training FV-edg60000-s42-t2:  66%|██████▌   | 33/50 [00:10<00:05,  3.18it/s, Saved at =inf, TrLoss=0.1500]
 Training FV-edg60000-s42-t2:  66%|██████▌   | 33/50 [00:10<00:05,  3.18it/s, Saved at =inf, TrLoss=0.1455]
 Training FV-edg60000-s42-t2:  68%|██████▊   | 34/50 [00:11<00:05,  3.18it/s, Saved at =inf, TrLoss=0.1455]
 Training FV-edg60000-s42-t2:  68%|██████▊   | 34/50 [00:11<00:05,  3.18it/s, Saved at =inf, TrLoss=0.1499]
 Training FV-edg60000-s42-t2:  70%|███████   | 35/50 [00:11<00:04,  3.18it/s, Saved at =inf, TrLoss=0.1499]
 Training FV-edg60000-s42-t2:  70%|███████   | 35/50 [00:11<00:04,  3.18it/s, Saved at =inf, TrLoss=0.1427]
 Training FV-edg60000-s42-t2:  72%|███████▏  | 36/50 [00:11<00:04,  3.18it/s, Saved at =inf, TrLoss=0.1427]
 Training FV-edg60000-s42-t2:  72%|███████▏  | 36/50 [00:11<00:04,  3.18it/s, Saved at =inf, TrLoss=0.1463]
 Training FV-edg60000-s42-t2:  74%|███████▍  | 37/50 [00:11<00:04,  3.18it/s, Saved at =inf, TrLoss=0.1463]
 Training FV-edg60000-s42-t2:  74%|███████▍  | 37/50 [00:12<00:04,  3.18it/s, Saved at =inf, TrLoss=0.1442]
 Training FV-edg60000-s42-t2:  76%|███████▌  | 38/50 [00:12<00:03,  3.18it/s, Saved at =inf, TrLoss=0.1442]
 Training FV-edg60000-s42-t2:  76%|███████▌  | 38/50 [00:12<00:03,  3.18it/s, Saved at =inf, TrLoss=0.1399]
 Training FV-edg60000-s42-t2:  78%|███████▊  | 39/50 [00:12<00:03,  3.18it/s, Saved at =inf, TrLoss=0.1399]
 Training FV-edg60000-s42-t2:  78%|███████▊  | 39/50 [00:12<00:03,  3.18it/s, Saved at =inf, TrLoss=0.1430]
 Training FV-edg60000-s42-t2:  80%|████████  | 40/50 [00:12<00:03,  3.17it/s, Saved at =inf, TrLoss=0.1430]
 Training FV-edg60000-s42-t2:  80%|████████  | 40/50 [00:13<00:03,  3.17it/s, Saved at =inf, TrLoss=0.1383]
 Training FV-edg60000-s42-t2:  82%|████████▏ | 41/50 [00:13<00:02,  3.16it/s, Saved at =inf, TrLoss=0.1383]
 Training FV-edg60000-s42-t2:  82%|████████▏ | 41/50 [00:13<00:02,  3.16it/s, Saved at =inf, TrLoss=0.1395]
 Training FV-edg60000-s42-t2:  84%|████████▍ | 42/50 [00:13<00:02,  3.15it/s, Saved at =inf, TrLoss=0.1395]
 Training FV-edg60000-s42-t2:  84%|████████▍ | 42/50 [00:13<00:02,  3.15it/s, Saved at =inf, TrLoss=0.1395]
 Training FV-edg60000-s42-t2:  86%|████████▌ | 43/50 [00:13<00:02,  3.15it/s, Saved at =inf, TrLoss=0.1395]
 Training FV-edg60000-s42-t2:  86%|████████▌ | 43/50 [00:14<00:02,  3.15it/s, Saved at =inf, TrLoss=0.1362]
 Training FV-edg60000-s42-t2:  88%|████████▊ | 44/50 [00:14<00:01,  3.15it/s, Saved at =inf, TrLoss=0.1362]
 Training FV-edg60000-s42-t2:  88%|████████▊ | 44/50 [00:14<00:01,  3.15it/s, Saved at =inf, TrLoss=0.1360]
 Training FV-edg60000-s42-t2:  90%|█████████ | 45/50 [00:14<00:01,  3.15it/s, Saved at =inf, TrLoss=0.1360]
 Training FV-edg60000-s42-t2:  90%|█████████ | 45/50 [00:14<00:01,  3.15it/s, Saved at =inf, TrLoss=0.1349]
 Training FV-edg60000-s42-t2:  92%|█████████▏| 46/50 [00:14<00:01,  3.15it/s, Saved at =inf, TrLoss=0.1349]
 Training FV-edg60000-s42-t2:  92%|█████████▏| 46/50 [00:15<00:01,  3.15it/s, Saved at =inf, TrLoss=0.1354]
 Training FV-edg60000-s42-t2:  94%|█████████▍| 47/50 [00:15<00:00,  3.16it/s, Saved at =inf, TrLoss=0.1354]
 Training FV-edg60000-s42-t2:  94%|█████████▍| 47/50 [00:15<00:00,  3.16it/s, Saved at =inf, TrLoss=0.1362]
 Training FV-edg60000-s42-t2:  96%|█████████▌| 48/50 [00:15<00:00,  3.16it/s, Saved at =inf, TrLoss=0.1362]
 Training FV-edg60000-s42-t2:  96%|█████████▌| 48/50 [00:15<00:00,  3.16it/s, Saved at =inf, TrLoss=0.1340]
 Training FV-edg60000-s42-t2:  98%|█████████▊| 49/50 [00:15<00:00,  3.16it/s, Saved at =inf, TrLoss=0.1340]
 Training FV-edg60000-s42-t2:  98%|█████████▊| 49/50 [00:15<00:00,  3.16it/s, Saved at =inf, TrLoss=0.1340]
 Training FV-edg60000-s42-t2: 100%|██████████| 50/50 [00:16<00:00,  3.14it/s, Saved at =inf, TrLoss=0.1340]
 Training FV-edg60000-s42-t2: 100%|██████████| 50/50 [00:16<00:00,  3.11it/s, Saved at =inf, TrLoss=0.1340]

 Training FV-edg60000-s42-t3:   0%|          | 0/50 [00:00<?, ?it/s]
 Training FV-edg60000-s42-t3:   0%|          | 0/50 [00:00<?, ?it/s, Saved at =inf, TrLoss=0.7662]
 Training FV-edg60000-s42-t3:   2%|▏         | 1/50 [00:00<00:21,  2.29it/s, Saved at =inf, TrLoss=0.7662]
 Training FV-edg60000-s42-t3:   2%|▏         | 1/50 [00:00<00:21,  2.29it/s, Saved at =inf, TrLoss=0.6739]
 Training FV-edg60000-s42-t3:   4%|▍         | 2/50 [00:00<00:20,  2.32it/s, Saved at =inf, TrLoss=0.6739]
 Training FV-edg60000-s42-t3:   4%|▍         | 2/50 [00:01<00:20,  2.32it/s, Saved at =inf, TrLoss=0.4805]
 Training FV-edg60000-s42-t3:   6%|▌         | 3/50 [00:01<00:20,  2.33it/s, Saved at =inf, TrLoss=0.4805]
 Training FV-edg60000-s42-t3:   6%|▌         | 3/50 [00:01<00:20,  2.33it/s, Saved at =inf, TrLoss=0.3806]
 Training FV-edg60000-s42-t3:   8%|▊         | 4/50 [00:01<00:19,  2.33it/s, Saved at =inf, TrLoss=0.3806]
 Training FV-edg60000-s42-t3:   8%|▊         | 4/50 [00:02<00:19,  2.33it/s, Saved at =inf, TrLoss=0.2954]
 Training FV-edg60000-s42-t3:  10%|█         | 5/50 [00:02<00:19,  2.34it/s, Saved at =inf, TrLoss=0.2954]
 Training FV-edg60000-s42-t3:  10%|█         | 5/50 [00:02<00:19,  2.34it/s, Saved at =inf, TrLoss=0.2889]
 Training FV-edg60000-s42-t3:  12%|█▏        | 6/50 [00:02<00:18,  2.35it/s, Saved at =inf, TrLoss=0.2889]
 Training FV-edg60000-s42-t3:  12%|█▏        | 6/50 [00:02<00:18,  2.35it/s, Saved at =inf, TrLoss=0.2918]
 Training FV-edg60000-s42-t3:  14%|█▍        | 7/50 [00:02<00:18,  2.35it/s, Saved at =inf, TrLoss=0.2918]
 Training FV-edg60000-s42-t3:  14%|█▍        | 7/50 [00:03<00:18,  2.35it/s, Saved at =inf, TrLoss=0.2935]
 Training FV-edg60000-s42-t3:  16%|█▌        | 8/50 [00:03<00:17,  2.35it/s, Saved at =inf, TrLoss=0.2935]
 Training FV-edg60000-s42-t3:  16%|█▌        | 8/50 [00:03<00:17,  2.35it/s, Saved at =inf, TrLoss=0.2592]
 Training FV-edg60000-s42-t3:  18%|█▊        | 9/50 [00:03<00:17,  2.35it/s, Saved at =inf, TrLoss=0.2592]
 Training FV-edg60000-s42-t3:  18%|█▊        | 9/50 [00:04<00:17,  2.35it/s, Saved at =inf, TrLoss=0.2399]
 Training FV-edg60000-s42-t3:  20%|██        | 10/50 [00:04<00:16,  2.35it/s, Saved at =inf, TrLoss=0.2399]
 Training FV-edg60000-s42-t3:  20%|██        | 10/50 [00:04<00:16,  2.35it/s, Saved at =inf, TrLoss=0.2216]
 Training FV-edg60000-s42-t3:  22%|██▏       | 11/50 [00:04<00:16,  2.35it/s, Saved at =inf, TrLoss=0.2216]
 Training FV-edg60000-s42-t3:  22%|██▏       | 11/50 [00:05<00:16,  2.35it/s, Saved at =inf, TrLoss=0.2082]
 Training FV-edg60000-s42-t3:  24%|██▍       | 12/50 [00:05<00:16,  2.34it/s, Saved at =inf, TrLoss=0.2082]
 Training FV-edg60000-s42-t3:  24%|██▍       | 12/50 [00:05<00:16,  2.34it/s, Saved at =inf, TrLoss=0.2162]
 Training FV-edg60000-s42-t3:  26%|██▌       | 13/50 [00:05<00:15,  2.35it/s, Saved at =inf, TrLoss=0.2162]
 Training FV-edg60000-s42-t3:  26%|██▌       | 13/50 [00:05<00:15,  2.35it/s, Saved at =inf, TrLoss=0.2121]
 Training FV-edg60000-s42-t3:  28%|██▊       | 14/50 [00:05<00:15,  2.35it/s, Saved at =inf, TrLoss=0.2121]
 Training FV-edg60000-s42-t3:  28%|██▊       | 14/50 [00:06<00:15,  2.35it/s, Saved at =inf, TrLoss=0.1967]
 Training FV-edg60000-s42-t3:  30%|███       | 15/50 [00:06<00:14,  2.35it/s, Saved at =inf, TrLoss=0.1967]
 Training FV-edg60000-s42-t3:  30%|███       | 15/50 [00:06<00:14,  2.35it/s, Saved at =inf, TrLoss=0.1988]
 Training FV-edg60000-s42-t3:  32%|███▏      | 16/50 [00:06<00:14,  2.35it/s, Saved at =inf, TrLoss=0.1988]
 Training FV-edg60000-s42-t3:  32%|███▏      | 16/50 [00:07<00:14,  2.35it/s, Saved at =inf, TrLoss=0.1914]
 Training FV-edg60000-s42-t3:  34%|███▍      | 17/50 [00:07<00:14,  2.35it/s, Saved at =inf, TrLoss=0.1914]
 Training FV-edg60000-s42-t3:  34%|███▍      | 17/50 [00:07<00:14,  2.35it/s, Saved at =inf, TrLoss=0.1931]
 Training FV-edg60000-s42-t3:  36%|███▌      | 18/50 [00:07<00:13,  2.36it/s, Saved at =inf, TrLoss=0.1931]
 Training FV-edg60000-s42-t3:  36%|███▌      | 18/50 [00:07<00:13,  2.36it/s, Saved at =inf, TrLoss=0.1848]
 Training FV-edg60000-s42-t3:  38%|███▊      | 19/50 [00:08<00:13,  2.36it/s, Saved at =inf, TrLoss=0.1848]
 Training FV-edg60000-s42-t3:  38%|███▊      | 19/50 [00:08<00:13,  2.36it/s, Saved at =inf, TrLoss=0.1861]
 Training FV-edg60000-s42-t3:  40%|████      | 20/50 [00:08<00:12,  2.36it/s, Saved at =inf, TrLoss=0.1861]
 Training FV-edg60000-s42-t3:  40%|████      | 20/50 [00:08<00:12,  2.36it/s, Saved at =inf, TrLoss=0.1810]
 Training FV-edg60000-s42-t3:  42%|████▏     | 21/50 [00:08<00:12,  2.36it/s, Saved at =inf, TrLoss=0.1810]
 Training FV-edg60000-s42-t3:  42%|████▏     | 21/50 [00:09<00:12,  2.36it/s, Saved at =inf, TrLoss=0.1805]
 Training FV-edg60000-s42-t3:  44%|████▍     | 22/50 [00:09<00:11,  2.36it/s, Saved at =inf, TrLoss=0.1805]
 Training FV-edg60000-s42-t3:  44%|████▍     | 22/50 [00:09<00:11,  2.36it/s, Saved at =inf, TrLoss=0.1762]
 Training FV-edg60000-s42-t3:  46%|████▌     | 23/50 [00:09<00:11,  2.36it/s, Saved at =inf, TrLoss=0.1762]
 Training FV-edg60000-s42-t3:  46%|████▌     | 23/50 [00:10<00:11,  2.36it/s, Saved at =inf, TrLoss=0.1766]
 Training FV-edg60000-s42-t3:  48%|████▊     | 24/50 [00:10<00:11,  2.36it/s, Saved at =inf, TrLoss=0.1766]
 Training FV-edg60000-s42-t3:  48%|████▊     | 24/50 [00:10<00:11,  2.36it/s, Saved at =inf, TrLoss=0.1717]
 Training FV-edg60000-s42-t3:  50%|█████     | 25/50 [00:10<00:10,  2.36it/s, Saved at =inf, TrLoss=0.1717]
 Training FV-edg60000-s42-t3:  50%|█████     | 25/50 [00:10<00:10,  2.36it/s, Saved at =inf, TrLoss=0.1750]
 Training FV-edg60000-s42-t3:  52%|█████▏    | 26/50 [00:11<00:10,  2.36it/s, Saved at =inf, TrLoss=0.1750]
 Training FV-edg60000-s42-t3:  52%|█████▏    | 26/50 [00:11<00:10,  2.36it/s, Saved at =inf, TrLoss=0.1687]
 Training FV-edg60000-s42-t3:  54%|█████▍    | 27/50 [00:11<00:09,  2.36it/s, Saved at =inf, TrLoss=0.1687]
 Training FV-edg60000-s42-t3:  54%|█████▍    | 27/50 [00:11<00:09,  2.36it/s, Saved at =inf, TrLoss=0.1725]
 Training FV-edg60000-s42-t3:  56%|█████▌    | 28/50 [00:11<00:09,  2.36it/s, Saved at =inf, TrLoss=0.1725]
 Training FV-edg60000-s42-t3:  56%|█████▌    | 28/50 [00:12<00:09,  2.36it/s, Saved at =inf, TrLoss=0.1665]
 Training FV-edg60000-s42-t3:  58%|█████▊    | 29/50 [00:12<00:08,  2.36it/s, Saved at =inf, TrLoss=0.1665]
 Training FV-edg60000-s42-t3:  58%|█████▊    | 29/50 [00:12<00:08,  2.36it/s, Saved at =inf, TrLoss=0.1658]
 Training FV-edg60000-s42-t3:  60%|██████    | 30/50 [00:12<00:08,  2.36it/s, Saved at =inf, TrLoss=0.1658]
 Training FV-edg60000-s42-t3:  60%|██████    | 30/50 [00:13<00:08,  2.36it/s, Saved at =inf, TrLoss=0.1626]
 Training FV-edg60000-s42-t3:  62%|██████▏   | 31/50 [00:13<00:08,  2.36it/s, Saved at =inf, TrLoss=0.1626]
 Training FV-edg60000-s42-t3:  62%|██████▏   | 31/50 [00:13<00:08,  2.36it/s, Saved at =inf, TrLoss=0.1639]
 Training FV-edg60000-s42-t3:  64%|██████▍   | 32/50 [00:13<00:07,  2.36it/s, Saved at =inf, TrLoss=0.1639]
 Training FV-edg60000-s42-t3:  64%|██████▍   | 32/50 [00:13<00:07,  2.36it/s, Saved at =inf, TrLoss=0.1593]
 Training FV-edg60000-s42-t3:  66%|██████▌   | 33/50 [00:14<00:07,  2.36it/s, Saved at =inf, TrLoss=0.1593]
 Training FV-edg60000-s42-t3:  66%|██████▌   | 33/50 [00:14<00:07,  2.36it/s, Saved at =inf, TrLoss=0.1630]
 Training FV-edg60000-s42-t3:  68%|██████▊   | 34/50 [00:14<00:06,  2.36it/s, Saved at =inf, TrLoss=0.1630]
 Training FV-edg60000-s42-t3:  68%|██████▊   | 34/50 [00:14<00:06,  2.36it/s, Saved at =inf, TrLoss=0.1599]
 Training FV-edg60000-s42-t3:  70%|███████   | 35/50 [00:14<00:06,  2.35it/s, Saved at =inf, TrLoss=0.1599]
 Training FV-edg60000-s42-t3:  70%|███████   | 35/50 [00:15<00:06,  2.35it/s, Saved at =inf, TrLoss=0.1549]
 Training FV-edg60000-s42-t3:  72%|███████▏  | 36/50 [00:15<00:05,  2.35it/s, Saved at =inf, TrLoss=0.1549]
 Training FV-edg60000-s42-t3:  72%|███████▏  | 36/50 [00:15<00:05,  2.35it/s, Saved at =inf, TrLoss=0.1601]
 Training FV-edg60000-s42-t3:  74%|███████▍  | 37/50 [00:15<00:05,  2.35it/s, Saved at =inf, TrLoss=0.1601]
 Training FV-edg60000-s42-t3:  74%|███████▍  | 37/50 [00:16<00:05,  2.35it/s, Saved at =inf, TrLoss=0.1543]
 Training FV-edg60000-s42-t3:  76%|███████▌  | 38/50 [00:16<00:05,  2.34it/s, Saved at =inf, TrLoss=0.1543]
 Training FV-edg60000-s42-t3:  76%|███████▌  | 38/50 [00:16<00:05,  2.34it/s, Saved at =inf, TrLoss=0.1551]
 Training FV-edg60000-s42-t3:  78%|███████▊  | 39/50 [00:16<00:04,  2.35it/s, Saved at =inf, TrLoss=0.1551]
 Training FV-edg60000-s42-t3:  78%|███████▊  | 39/50 [00:16<00:04,  2.35it/s, Saved at =inf, TrLoss=0.1544]
 Training FV-edg60000-s42-t3:  80%|████████  | 40/50 [00:17<00:04,  2.35it/s, Saved at =inf, TrLoss=0.1544]
 Training FV-edg60000-s42-t3:  80%|████████  | 40/50 [00:17<00:04,  2.35it/s, Saved at =inf, TrLoss=0.1497]
 Training FV-edg60000-s42-t3:  82%|████████▏ | 41/50 [00:17<00:03,  2.35it/s, Saved at =inf, TrLoss=0.1497]
 Training FV-edg60000-s42-t3:  82%|████████▏ | 41/50 [00:17<00:03,  2.35it/s, Saved at =inf, TrLoss=0.1515]
 Training FV-edg60000-s42-t3:  84%|████████▍ | 42/50 [00:17<00:03,  2.35it/s, Saved at =inf, TrLoss=0.1515]
 Training FV-edg60000-s42-t3:  84%|████████▍ | 42/50 [00:18<00:03,  2.35it/s, Saved at =inf, TrLoss=0.1498]
 Training FV-edg60000-s42-t3:  86%|████████▌ | 43/50 [00:18<00:02,  2.35it/s, Saved at =inf, TrLoss=0.1498]
 Training FV-edg60000-s42-t3:  86%|████████▌ | 43/50 [00:18<00:02,  2.35it/s, Saved at =inf, TrLoss=0.1462]
 Training FV-edg60000-s42-t3:  88%|████████▊ | 44/50 [00:18<00:02,  2.35it/s, Saved at =inf, TrLoss=0.1462]
 Training FV-edg60000-s42-t3:  88%|████████▊ | 44/50 [00:19<00:02,  2.35it/s, Saved at =inf, TrLoss=0.1450]
 Training FV-edg60000-s42-t3:  90%|█████████ | 45/50 [00:19<00:02,  2.36it/s, Saved at =inf, TrLoss=0.1450]
 Training FV-edg60000-s42-t3:  90%|█████████ | 45/50 [00:19<00:02,  2.36it/s, Saved at =inf, TrLoss=0.1468]
 Training FV-edg60000-s42-t3:  92%|█████████▏| 46/50 [00:19<00:01,  2.32it/s, Saved at =inf, TrLoss=0.1468]
 Training FV-edg60000-s42-t3:  92%|█████████▏| 46/50 [00:19<00:01,  2.32it/s, Saved at =inf, TrLoss=0.1445]
 Training FV-edg60000-s42-t3:  94%|█████████▍| 47/50 [00:20<00:01,  2.33it/s, Saved at =inf, TrLoss=0.1445]
 Training FV-edg60000-s42-t3:  94%|█████████▍| 47/50 [00:20<00:01,  2.33it/s, Saved at =inf, TrLoss=0.1451]
 Training FV-edg60000-s42-t3:  96%|█████████▌| 48/50 [00:20<00:00,  2.34it/s, Saved at =inf, TrLoss=0.1451]
 Training FV-edg60000-s42-t3:  96%|█████████▌| 48/50 [00:20<00:00,  2.34it/s, Saved at =inf, TrLoss=0.1461]
 Training FV-edg60000-s42-t3:  98%|█████████▊| 49/50 [00:20<00:00,  2.34it/s, Saved at =inf, TrLoss=0.1461]
 Training FV-edg60000-s42-t3:  98%|█████████▊| 49/50 [00:21<00:00,  2.34it/s, Saved at =inf, TrLoss=0.1469]
 Training FV-edg60000-s42-t3: 100%|██████████| 50/50 [00:21<00:00,  2.34it/s, Saved at =inf, TrLoss=0.1469]
 Training FV-edg60000-s42-t3: 100%|██████████| 50/50 [00:21<00:00,  2.35it/s, Saved at =inf, TrLoss=0.1469]

 Training FV-edg60000-s42-t4:   0%|          | 0/50 [00:00<?, ?it/s]
 Training FV-edg60000-s42-t4:   0%|          | 0/50 [00:00<?, ?it/s, Saved at =inf, TrLoss=0.8310]
 Training FV-edg60000-s42-t4:   2%|▏         | 1/50 [00:00<00:27,  1.76it/s, Saved at =inf, TrLoss=0.8310]
 Training FV-edg60000-s42-t4:   2%|▏         | 1/50 [00:00<00:27,  1.76it/s, Saved at =inf, TrLoss=0.6026]
 Training FV-edg60000-s42-t4:   4%|▍         | 2/50 [00:01<00:26,  1.78it/s, Saved at =inf, TrLoss=0.6026]
 Training FV-edg60000-s42-t4:   4%|▍         | 2/50 [00:01<00:26,  1.78it/s, Saved at =inf, TrLoss=0.4694]
 Training FV-edg60000-s42-t4:   6%|▌         | 3/50 [00:01<00:26,  1.79it/s, Saved at =inf, TrLoss=0.4694]
 Training FV-edg60000-s42-t4:   6%|▌         | 3/50 [00:02<00:26,  1.79it/s, Saved at =inf, TrLoss=0.3578]
 Training FV-edg60000-s42-t4:   8%|▊         | 4/50 [00:02<00:25,  1.79it/s, Saved at =inf, TrLoss=0.3578]
 Training FV-edg60000-s42-t4:   8%|▊         | 4/50 [00:02<00:25,  1.79it/s, Saved at =inf, TrLoss=0.3762]
 Training FV-edg60000-s42-t4:  10%|█         | 5/50 [00:02<00:25,  1.79it/s, Saved at =inf, TrLoss=0.3762]
 Training FV-edg60000-s42-t4:  10%|█         | 5/50 [00:03<00:25,  1.79it/s, Saved at =inf, TrLoss=0.3587]
 Training FV-edg60000-s42-t4:  12%|█▏        | 6/50 [00:03<00:24,  1.79it/s, Saved at =inf, TrLoss=0.3587]
 Training FV-edg60000-s42-t4:  12%|█▏        | 6/50 [00:03<00:24,  1.79it/s, Saved at =inf, TrLoss=0.3062]
 Training FV-edg60000-s42-t4:  14%|█▍        | 7/50 [00:03<00:24,  1.79it/s, Saved at =inf, TrLoss=0.3062]
 Training FV-edg60000-s42-t4:  14%|█▍        | 7/50 [00:04<00:24,  1.79it/s, Saved at =inf, TrLoss=0.2941]
 Training FV-edg60000-s42-t4:  16%|█▌        | 8/50 [00:04<00:23,  1.79it/s, Saved at =inf, TrLoss=0.2941]
 Training FV-edg60000-s42-t4:  16%|█▌        | 8/50 [00:04<00:23,  1.79it/s, Saved at =inf, TrLoss=0.2870]
 Training FV-edg60000-s42-t4:  18%|█▊        | 9/50 [00:05<00:22,  1.79it/s, Saved at =inf, TrLoss=0.2870]
 Training FV-edg60000-s42-t4:  18%|█▊        | 9/50 [00:05<00:22,  1.79it/s, Saved at =inf, TrLoss=0.2604]
 Training FV-edg60000-s42-t4:  20%|██        | 10/50 [00:05<00:22,  1.79it/s, Saved at =inf, TrLoss=0.2604]
 Training FV-edg60000-s42-t4:  20%|██        | 10/50 [00:06<00:22,  1.79it/s, Saved at =inf, TrLoss=0.2705]
 Training FV-edg60000-s42-t4:  22%|██▏       | 11/50 [00:06<00:21,  1.79it/s, Saved at =inf, TrLoss=0.2705]
 Training FV-edg60000-s42-t4:  22%|██▏       | 11/50 [00:06<00:21,  1.79it/s, Saved at =inf, TrLoss=0.2566]
 Training FV-edg60000-s42-t4:  24%|██▍       | 12/50 [00:06<00:21,  1.79it/s, Saved at =inf, TrLoss=0.2566]
 Training FV-edg60000-s42-t4:  24%|██▍       | 12/50 [00:07<00:21,  1.79it/s, Saved at =inf, TrLoss=0.2396]
 Training FV-edg60000-s42-t4:  26%|██▌       | 13/50 [00:07<00:20,  1.79it/s, Saved at =inf, TrLoss=0.2396]
 Training FV-edg60000-s42-t4:  26%|██▌       | 13/50 [00:07<00:20,  1.79it/s, Saved at =inf, TrLoss=0.2418]
 Training FV-edg60000-s42-t4:  28%|██▊       | 14/50 [00:07<00:20,  1.80it/s, Saved at =inf, TrLoss=0.2418]
 Training FV-edg60000-s42-t4:  28%|██▊       | 14/50 [00:08<00:20,  1.80it/s, Saved at =inf, TrLoss=0.2355]
 Training FV-edg60000-s42-t4:  30%|███       | 15/50 [00:08<00:19,  1.80it/s, Saved at =inf, TrLoss=0.2355]
 Training FV-edg60000-s42-t4:  30%|███       | 15/50 [00:08<00:19,  1.80it/s, Saved at =inf, TrLoss=0.2271]
 Training FV-edg60000-s42-t4:  32%|███▏      | 16/50 [00:08<00:18,  1.80it/s, Saved at =inf, TrLoss=0.2271]
 Training FV-edg60000-s42-t4:  32%|███▏      | 16/50 [00:09<00:18,  1.80it/s, Saved at =inf, TrLoss=0.2234]
 Training FV-edg60000-s42-t4:  34%|███▍      | 17/50 [00:09<00:18,  1.80it/s, Saved at =inf, TrLoss=0.2234]
 Training FV-edg60000-s42-t4:  34%|███▍      | 17/50 [00:09<00:18,  1.80it/s, Saved at =inf, TrLoss=0.2155]
 Training FV-edg60000-s42-t4:  36%|███▌      | 18/50 [00:10<00:17,  1.80it/s, Saved at =inf, TrLoss=0.2155]
 Training FV-edg60000-s42-t4:  36%|███▌      | 18/50 [00:10<00:17,  1.80it/s, Saved at =inf, TrLoss=0.2079]
 Training FV-edg60000-s42-t4:  38%|███▊      | 19/50 [00:10<00:17,  1.80it/s, Saved at =inf, TrLoss=0.2079]
 Training FV-edg60000-s42-t4:  38%|███▊      | 19/50 [00:11<00:17,  1.80it/s, Saved at =inf, TrLoss=0.2083]
 Training FV-edg60000-s42-t4:  40%|████      | 20/50 [00:11<00:16,  1.80it/s, Saved at =inf, TrLoss=0.2083]
 Training FV-edg60000-s42-t4:  40%|████      | 20/50 [00:11<00:16,  1.80it/s, Saved at =inf, TrLoss=0.2029]
 Training FV-edg60000-s42-t4:  42%|████▏     | 21/50 [00:11<00:16,  1.80it/s, Saved at =inf, TrLoss=0.2029]
 Training FV-edg60000-s42-t4:  42%|████▏     | 21/50 [00:12<00:16,  1.80it/s, Saved at =inf, TrLoss=0.1978]
 Training FV-edg60000-s42-t4:  44%|████▍     | 22/50 [00:12<00:15,  1.80it/s, Saved at =inf, TrLoss=0.1978]
 Training FV-edg60000-s42-t4:  44%|████▍     | 22/50 [00:12<00:15,  1.80it/s, Saved at =inf, TrLoss=0.1977]
 Training FV-edg60000-s42-t4:  46%|████▌     | 23/50 [00:12<00:15,  1.80it/s, Saved at =inf, TrLoss=0.1977]
 Training FV-edg60000-s42-t4:  46%|████▌     | 23/50 [00:13<00:15,  1.80it/s, Saved at =inf, TrLoss=0.1935]
 Training FV-edg60000-s42-t4:  48%|████▊     | 24/50 [00:13<00:14,  1.80it/s, Saved at =inf, TrLoss=0.1935]
 Training FV-edg60000-s42-t4:  48%|████▊     | 24/50 [00:13<00:14,  1.80it/s, Saved at =inf, TrLoss=0.1906]
 Training FV-edg60000-s42-t4:  50%|█████     | 25/50 [00:13<00:13,  1.80it/s, Saved at =inf, TrLoss=0.1906]
 Training FV-edg60000-s42-t4:  50%|█████     | 25/50 [00:14<00:13,  1.80it/s, Saved at =inf, TrLoss=0.1888]
 Training FV-edg60000-s42-t4:  52%|█████▏    | 26/50 [00:14<00:13,  1.80it/s, Saved at =inf, TrLoss=0.1888]
 Training FV-edg60000-s42-t4:  52%|█████▏    | 26/50 [00:14<00:13,  1.80it/s, Saved at =inf, TrLoss=0.1855]
 Training FV-edg60000-s42-t4:  54%|█████▍    | 27/50 [00:15<00:12,  1.80it/s, Saved at =inf, TrLoss=0.1855]
 Training FV-edg60000-s42-t4:  54%|█████▍    | 27/50 [00:15<00:12,  1.80it/s, Saved at =inf, TrLoss=0.1846]
 Training FV-edg60000-s42-t4:  56%|█████▌    | 28/50 [00:15<00:12,  1.80it/s, Saved at =inf, TrLoss=0.1846]
 Training FV-edg60000-s42-t4:  56%|█████▌    | 28/50 [00:16<00:12,  1.80it/s, Saved at =inf, TrLoss=0.1814]
 Training FV-edg60000-s42-t4:  58%|█████▊    | 29/50 [00:16<00:11,  1.80it/s, Saved at =inf, TrLoss=0.1814]
 Training FV-edg60000-s42-t4:  58%|█████▊    | 29/50 [00:16<00:11,  1.80it/s, Saved at =inf, TrLoss=0.1787]
 Training FV-edg60000-s42-t4:  60%|██████    | 30/50 [00:16<00:11,  1.80it/s, Saved at =inf, TrLoss=0.1787]
 Training FV-edg60000-s42-t4:  60%|██████    | 30/50 [00:17<00:11,  1.80it/s, Saved at =inf, TrLoss=0.1770]
 Training FV-edg60000-s42-t4:  62%|██████▏   | 31/50 [00:17<00:10,  1.80it/s, Saved at =inf, TrLoss=0.1770]
 Training FV-edg60000-s42-t4:  62%|██████▏   | 31/50 [00:17<00:10,  1.80it/s, Saved at =inf, TrLoss=0.1765]
 Training FV-edg60000-s42-t4:  64%|██████▍   | 32/50 [00:17<00:09,  1.80it/s, Saved at =inf, TrLoss=0.1765]
 Training FV-edg60000-s42-t4:  64%|██████▍   | 32/50 [00:18<00:09,  1.80it/s, Saved at =inf, TrLoss=0.1739]
 Training FV-edg60000-s42-t4:  66%|██████▌   | 33/50 [00:18<00:09,  1.80it/s, Saved at =inf, TrLoss=0.1739]
 Training FV-edg60000-s42-t4:  66%|██████▌   | 33/50 [00:18<00:09,  1.80it/s, Saved at =inf, TrLoss=0.1756]
 Training FV-edg60000-s42-t4:  68%|██████▊   | 34/50 [00:18<00:08,  1.80it/s, Saved at =inf, TrLoss=0.1756]
 Training FV-edg60000-s42-t4:  68%|██████▊   | 34/50 [00:19<00:08,  1.80it/s, Saved at =inf, TrLoss=0.1723]
 Training FV-edg60000-s42-t4:  70%|███████   | 35/50 [00:19<00:08,  1.80it/s, Saved at =inf, TrLoss=0.1723]
 Training FV-edg60000-s42-t4:  70%|███████   | 35/50 [00:19<00:08,  1.80it/s, Saved at =inf, TrLoss=0.1697]
 Training FV-edg60000-s42-t4:  72%|███████▏  | 36/50 [00:20<00:07,  1.80it/s, Saved at =inf, TrLoss=0.1697]
 Training FV-edg60000-s42-t4:  72%|███████▏  | 36/50 [00:20<00:07,  1.80it/s, Saved at =inf, TrLoss=0.1692]
 Training FV-edg60000-s42-t4:  74%|███████▍  | 37/50 [00:20<00:07,  1.80it/s, Saved at =inf, TrLoss=0.1692]
 Training FV-edg60000-s42-t4:  74%|███████▍  | 37/50 [00:21<00:07,  1.80it/s, Saved at =inf, TrLoss=0.1672]
 Training FV-edg60000-s42-t4:  76%|███████▌  | 38/50 [00:21<00:06,  1.80it/s, Saved at =inf, TrLoss=0.1672]
 Training FV-edg60000-s42-t4:  76%|███████▌  | 38/50 [00:21<00:06,  1.80it/s, Saved at =inf, TrLoss=0.1662]
 Training FV-edg60000-s42-t4:  78%|███████▊  | 39/50 [00:21<00:06,  1.80it/s, Saved at =inf, TrLoss=0.1662]
 Training FV-edg60000-s42-t4:  78%|███████▊  | 39/50 [00:22<00:06,  1.80it/s, Saved at =inf, TrLoss=0.1655]
 Training FV-edg60000-s42-t4:  80%|████████  | 40/50 [00:22<00:05,  1.80it/s, Saved at =inf, TrLoss=0.1655]
 Training FV-edg60000-s42-t4:  80%|████████  | 40/50 [00:22<00:05,  1.80it/s, Saved at =inf, TrLoss=0.1632]
 Training FV-edg60000-s42-t4:  82%|████████▏ | 41/50 [00:22<00:04,  1.80it/s, Saved at =inf, TrLoss=0.1632]
 Training FV-edg60000-s42-t4:  82%|████████▏ | 41/50 [00:23<00:04,  1.80it/s, Saved at =inf, TrLoss=0.1622]
 Training FV-edg60000-s42-t4:  84%|████████▍ | 42/50 [00:23<00:04,  1.80it/s, Saved at =inf, TrLoss=0.1622]
 Training FV-edg60000-s42-t4:  84%|████████▍ | 42/50 [00:23<00:04,  1.80it/s, Saved at =inf, TrLoss=0.1608]
 Training FV-edg60000-s42-t4:  86%|████████▌ | 43/50 [00:23<00:03,  1.80it/s, Saved at =inf, TrLoss=0.1608]
 Training FV-edg60000-s42-t4:  86%|████████▌ | 43/50 [00:24<00:03,  1.80it/s, Saved at =inf, TrLoss=0.1578]
 Training FV-edg60000-s42-t4:  88%|████████▊ | 44/50 [00:24<00:03,  1.80it/s, Saved at =inf, TrLoss=0.1578]
 Training FV-edg60000-s42-t4:  88%|████████▊ | 44/50 [00:24<00:03,  1.80it/s, Saved at =inf, TrLoss=0.1580]
 Training FV-edg60000-s42-t4:  90%|█████████ | 45/50 [00:25<00:02,  1.80it/s, Saved at =inf, TrLoss=0.1580]
 Training FV-edg60000-s42-t4:  90%|█████████ | 45/50 [00:25<00:02,  1.80it/s, Saved at =inf, TrLoss=0.1590]
 Training FV-edg60000-s42-t4:  92%|█████████▏| 46/50 [00:25<00:02,  1.80it/s, Saved at =inf, TrLoss=0.1590]
 Training FV-edg60000-s42-t4:  92%|█████████▏| 46/50 [00:26<00:02,  1.80it/s, Saved at =inf, TrLoss=0.1572]
 Training FV-edg60000-s42-t4:  94%|█████████▍| 47/50 [00:26<00:01,  1.80it/s, Saved at =inf, TrLoss=0.1572]
 Training FV-edg60000-s42-t4:  94%|█████████▍| 47/50 [00:26<00:01,  1.80it/s, Saved at =inf, TrLoss=0.1576]
 Training FV-edg60000-s42-t4:  96%|█████████▌| 48/50 [00:26<00:01,  1.80it/s, Saved at =inf, TrLoss=0.1576]
 Training FV-edg60000-s42-t4:  96%|█████████▌| 48/50 [00:27<00:01,  1.80it/s, Saved at =inf, TrLoss=0.1549]
 Training FV-edg60000-s42-t4:  98%|█████████▊| 49/50 [00:27<00:00,  1.80it/s, Saved at =inf, TrLoss=0.1549]
 Training FV-edg60000-s42-t4:  98%|█████████▊| 49/50 [00:27<00:00,  1.80it/s, Saved at =inf, TrLoss=0.1550]
 Training FV-edg60000-s42-t4: 100%|██████████| 50/50 [00:27<00:00,  1.80it/s, Saved at =inf, TrLoss=0.1550]
 Training FV-edg60000-s42-t4: 100%|██████████| 50/50 [00:27<00:00,  1.80it/s, Saved at =inf, TrLoss=0.1550]

 Training FV-edg60000-s42-t5:   0%|          | 0/50 [00:00<?, ?it/s]
 Training FV-edg60000-s42-t5:   0%|          | 0/50 [00:00<?, ?it/s, Saved at =inf, TrLoss=0.6600]
 Training FV-edg60000-s42-t5:   2%|▏         | 1/50 [00:00<00:35,  1.39it/s, Saved at =inf, TrLoss=0.6600]
 Training FV-edg60000-s42-t5:   2%|▏         | 1/50 [00:01<00:35,  1.39it/s, Saved at =inf, TrLoss=0.4491]
 Training FV-edg60000-s42-t5:   4%|▍         | 2/50 [00:01<00:34,  1.41it/s, Saved at =inf, TrLoss=0.4491]
 Training FV-edg60000-s42-t5:   4%|▍         | 2/50 [00:01<00:34,  1.41it/s, Saved at =inf, TrLoss=0.5407]
 Training FV-edg60000-s42-t5:   6%|▌         | 3/50 [00:02<00:33,  1.42it/s, Saved at =inf, TrLoss=0.5407]
 Training FV-edg60000-s42-t5:   6%|▌         | 3/50 [00:02<00:33,  1.42it/s, Saved at =inf, TrLoss=0.5704]
 Training FV-edg60000-s42-t5:   8%|▊         | 4/50 [00:02<00:32,  1.42it/s, Saved at =inf, TrLoss=0.5704]
 Training FV-edg60000-s42-t5:   8%|▊         | 4/50 [00:03<00:32,  1.42it/s, Saved at =inf, TrLoss=0.4187]
 Training FV-edg60000-s42-t5:  10%|█         | 5/50 [00:03<00:31,  1.43it/s, Saved at =inf, TrLoss=0.4187]
 Training FV-edg60000-s42-t5:  10%|█         | 5/50 [00:04<00:31,  1.43it/s, Saved at =inf, TrLoss=0.3519]
 Training FV-edg60000-s42-t5:  12%|█▏        | 6/50 [00:04<00:30,  1.42it/s, Saved at =inf, TrLoss=0.3519]
 Training FV-edg60000-s42-t5:  12%|█▏        | 6/50 [00:04<00:30,  1.42it/s, Saved at =inf, TrLoss=0.3964]
 Training FV-edg60000-s42-t5:  14%|█▍        | 7/50 [00:04<00:30,  1.43it/s, Saved at =inf, TrLoss=0.3964]
 Training FV-edg60000-s42-t5:  14%|█▍        | 7/50 [00:05<00:30,  1.43it/s, Saved at =inf, TrLoss=0.3826]
 Training FV-edg60000-s42-t5:  16%|█▌        | 8/50 [00:05<00:29,  1.43it/s, Saved at =inf, TrLoss=0.3826]
 Training FV-edg60000-s42-t5:  16%|█▌        | 8/50 [00:06<00:29,  1.43it/s, Saved at =inf, TrLoss=0.3359]
 Training FV-edg60000-s42-t5:  18%|█▊        | 9/50 [00:06<00:28,  1.43it/s, Saved at =inf, TrLoss=0.3359]
 Training FV-edg60000-s42-t5:  18%|█▊        | 9/50 [00:06<00:28,  1.43it/s, Saved at =inf, TrLoss=0.3237]
 Training FV-edg60000-s42-t5:  20%|██        | 10/50 [00:07<00:27,  1.43it/s, Saved at =inf, TrLoss=0.3237]
 Training FV-edg60000-s42-t5:  20%|██        | 10/50 [00:07<00:27,  1.43it/s, Saved at =inf, TrLoss=0.3265]
 Training FV-edg60000-s42-t5:  22%|██▏       | 11/50 [00:07<00:27,  1.43it/s, Saved at =inf, TrLoss=0.3265]
 Training FV-edg60000-s42-t5:  22%|██▏       | 11/50 [00:08<00:27,  1.43it/s, Saved at =inf, TrLoss=0.3073]
 Training FV-edg60000-s42-t5:  24%|██▍       | 12/50 [00:08<00:26,  1.43it/s, Saved at =inf, TrLoss=0.3073]
 Training FV-edg60000-s42-t5:  24%|██▍       | 12/50 [00:08<00:26,  1.43it/s, Saved at =inf, TrLoss=0.2779]
 Training FV-edg60000-s42-t5:  26%|██▌       | 13/50 [00:09<00:25,  1.43it/s, Saved at =inf, TrLoss=0.2779]
 Training FV-edg60000-s42-t5:  26%|██▌       | 13/50 [00:09<00:25,  1.43it/s, Saved at =inf, TrLoss=0.2664]
 Training FV-edg60000-s42-t5:  28%|██▊       | 14/50 [00:09<00:25,  1.43it/s, Saved at =inf, TrLoss=0.2664]
 Training FV-edg60000-s42-t5:  28%|██▊       | 14/50 [00:10<00:25,  1.43it/s, Saved at =inf, TrLoss=0.2739]
 Training FV-edg60000-s42-t5:  30%|███       | 15/50 [00:10<00:24,  1.43it/s, Saved at =inf, TrLoss=0.2739]
 Training FV-edg60000-s42-t5:  30%|███       | 15/50 [00:11<00:24,  1.43it/s, Saved at =inf, TrLoss=0.2695]
 Training FV-edg60000-s42-t5:  32%|███▏      | 16/50 [00:11<00:23,  1.43it/s, Saved at =inf, TrLoss=0.2695]
 Training FV-edg60000-s42-t5:  32%|███▏      | 16/50 [00:11<00:23,  1.43it/s, Saved at =inf, TrLoss=0.2472]
 Training FV-edg60000-s42-t5:  34%|███▍      | 17/50 [00:11<00:23,  1.43it/s, Saved at =inf, TrLoss=0.2472]
 Training FV-edg60000-s42-t5:  34%|███▍      | 17/50 [00:12<00:23,  1.43it/s, Saved at =inf, TrLoss=0.2426]
 Training FV-edg60000-s42-t5:  36%|███▌      | 18/50 [00:12<00:22,  1.43it/s, Saved at =inf, TrLoss=0.2426]
 Training FV-edg60000-s42-t5:  36%|███▌      | 18/50 [00:13<00:22,  1.43it/s, Saved at =inf, TrLoss=0.2489]
 Training FV-edg60000-s42-t5:  38%|███▊      | 19/50 [00:13<00:21,  1.43it/s, Saved at =inf, TrLoss=0.2489]
 Training FV-edg60000-s42-t5:  38%|███▊      | 19/50 [00:13<00:21,  1.43it/s, Saved at =inf, TrLoss=0.2370]
 Training FV-edg60000-s42-t5:  40%|████      | 20/50 [00:14<00:20,  1.43it/s, Saved at =inf, TrLoss=0.2370]
 Training FV-edg60000-s42-t5:  40%|████      | 20/50 [00:14<00:20,  1.43it/s, Saved at =inf, TrLoss=0.2325]
 Training FV-edg60000-s42-t5:  42%|████▏     | 21/50 [00:14<00:20,  1.43it/s, Saved at =inf, TrLoss=0.2325]
 Training FV-edg60000-s42-t5:  42%|████▏     | 21/50 [00:15<00:20,  1.43it/s, Saved at =inf, TrLoss=0.2366]
 Training FV-edg60000-s42-t5:  44%|████▍     | 22/50 [00:15<00:19,  1.43it/s, Saved at =inf, TrLoss=0.2366]
 Training FV-edg60000-s42-t5:  44%|████▍     | 22/50 [00:15<00:19,  1.43it/s, Saved at =inf, TrLoss=0.2234]
 Training FV-edg60000-s42-t5:  46%|████▌     | 23/50 [00:16<00:18,  1.43it/s, Saved at =inf, TrLoss=0.2234]
 Training FV-edg60000-s42-t5:  46%|████▌     | 23/50 [00:16<00:18,  1.43it/s, Saved at =inf, TrLoss=0.2162]
 Training FV-edg60000-s42-t5:  48%|████▊     | 24/50 [00:16<00:18,  1.43it/s, Saved at =inf, TrLoss=0.2162]
 Training FV-edg60000-s42-t5:  48%|████▊     | 24/50 [00:17<00:18,  1.43it/s, Saved at =inf, TrLoss=0.2202]
 Training FV-edg60000-s42-t5:  50%|█████     | 25/50 [00:17<00:17,  1.43it/s, Saved at =inf, TrLoss=0.2202]
 Training FV-edg60000-s42-t5:  50%|█████     | 25/50 [00:18<00:17,  1.43it/s, Saved at =inf, TrLoss=0.2175]
 Training FV-edg60000-s42-t5:  52%|█████▏    | 26/50 [00:18<00:16,  1.43it/s, Saved at =inf, TrLoss=0.2175]
 Training FV-edg60000-s42-t5:  52%|█████▏    | 26/50 [00:18<00:16,  1.43it/s, Saved at =inf, TrLoss=0.2104]
 Training FV-edg60000-s42-t5:  54%|█████▍    | 27/50 [00:18<00:16,  1.43it/s, Saved at =inf, TrLoss=0.2104]
 Training FV-edg60000-s42-t5:  54%|█████▍    | 27/50 [00:19<00:16,  1.43it/s, Saved at =inf, TrLoss=0.2116]
 Training FV-edg60000-s42-t5:  56%|█████▌    | 28/50 [00:19<00:15,  1.43it/s, Saved at =inf, TrLoss=0.2116]
 Training FV-edg60000-s42-t5:  56%|█████▌    | 28/50 [00:20<00:15,  1.43it/s, Saved at =inf, TrLoss=0.2095]
 Training FV-edg60000-s42-t5:  58%|█████▊    | 29/50 [00:20<00:14,  1.43it/s, Saved at =inf, TrLoss=0.2095]
 Training FV-edg60000-s42-t5:  58%|█████▊    | 29/50 [00:20<00:14,  1.43it/s, Saved at =inf, TrLoss=0.2017]
 Training FV-edg60000-s42-t5:  60%|██████    | 30/50 [00:21<00:14,  1.43it/s, Saved at =inf, TrLoss=0.2017]
 Training FV-edg60000-s42-t5:  60%|██████    | 30/50 [00:21<00:14,  1.43it/s, Saved at =inf, TrLoss=0.2026]
 Training FV-edg60000-s42-t5:  62%|██████▏   | 31/50 [00:21<00:13,  1.43it/s, Saved at =inf, TrLoss=0.2026]
 Training FV-edg60000-s42-t5:  62%|██████▏   | 31/50 [00:22<00:13,  1.43it/s, Saved at =inf, TrLoss=0.2033]
 Training FV-edg60000-s42-t5:  64%|██████▍   | 32/50 [00:22<00:12,  1.43it/s, Saved at =inf, TrLoss=0.2033]
 Training FV-edg60000-s42-t5:  64%|██████▍   | 32/50 [00:22<00:12,  1.43it/s, Saved at =inf, TrLoss=0.1963]
 Training FV-edg60000-s42-t5:  66%|██████▌   | 33/50 [00:23<00:11,  1.43it/s, Saved at =inf, TrLoss=0.1963]
 Training FV-edg60000-s42-t5:  66%|██████▌   | 33/50 [00:23<00:11,  1.43it/s, Saved at =inf, TrLoss=0.1966]
 Training FV-edg60000-s42-t5:  68%|██████▊   | 34/50 [00:23<00:11,  1.43it/s, Saved at =inf, TrLoss=0.1966]
 Training FV-edg60000-s42-t5:  68%|██████▊   | 34/50 [00:24<00:11,  1.43it/s, Saved at =inf, TrLoss=0.1961]
 Training FV-edg60000-s42-t5:  70%|███████   | 35/50 [00:24<00:10,  1.43it/s, Saved at =inf, TrLoss=0.1961]
 Training FV-edg60000-s42-t5:  70%|███████   | 35/50 [00:25<00:10,  1.43it/s, Saved at =inf, TrLoss=0.1907]
 Training FV-edg60000-s42-t5:  72%|███████▏  | 36/50 [00:25<00:09,  1.43it/s, Saved at =inf, TrLoss=0.1907]
 Training FV-edg60000-s42-t5:  72%|███████▏  | 36/50 [00:25<00:09,  1.43it/s, Saved at =inf, TrLoss=0.1931]
 Training FV-edg60000-s42-t5:  74%|███████▍  | 37/50 [00:25<00:09,  1.43it/s, Saved at =inf, TrLoss=0.1931]
 Training FV-edg60000-s42-t5:  74%|███████▍  | 37/50 [00:26<00:09,  1.43it/s, Saved at =inf, TrLoss=0.1895]
 Training FV-edg60000-s42-t5:  76%|███████▌  | 38/50 [00:26<00:08,  1.43it/s, Saved at =inf, TrLoss=0.1895]
 Training FV-edg60000-s42-t5:  76%|███████▌  | 38/50 [00:27<00:08,  1.43it/s, Saved at =inf, TrLoss=0.1876]
 Training FV-edg60000-s42-t5:  78%|███████▊  | 39/50 [00:27<00:07,  1.43it/s, Saved at =inf, TrLoss=0.1876]
 Training FV-edg60000-s42-t5:  78%|███████▊  | 39/50 [00:27<00:07,  1.43it/s, Saved at =inf, TrLoss=0.1880]
 Training FV-edg60000-s42-t5:  80%|████████  | 40/50 [00:28<00:07,  1.43it/s, Saved at =inf, TrLoss=0.1880]
 Training FV-edg60000-s42-t5:  80%|████████  | 40/50 [00:28<00:07,  1.43it/s, Saved at =inf, TrLoss=0.1850]
 Training FV-edg60000-s42-t5:  82%|████████▏ | 41/50 [00:28<00:06,  1.43it/s, Saved at =inf, TrLoss=0.1850]
 Training FV-edg60000-s42-t5:  82%|████████▏ | 41/50 [00:29<00:06,  1.43it/s, Saved at =inf, TrLoss=0.1839]
 Training FV-edg60000-s42-t5:  84%|████████▍ | 42/50 [00:29<00:05,  1.43it/s, Saved at =inf, TrLoss=0.1839]
 Training FV-edg60000-s42-t5:  84%|████████▍ | 42/50 [00:29<00:05,  1.43it/s, Saved at =inf, TrLoss=0.1821]
 Training FV-edg60000-s42-t5:  86%|████████▌ | 43/50 [00:30<00:04,  1.43it/s, Saved at =inf, TrLoss=0.1821]
 Training FV-edg60000-s42-t5:  86%|████████▌ | 43/50 [00:30<00:04,  1.43it/s, Saved at =inf, TrLoss=0.1797]
 Training FV-edg60000-s42-t5:  88%|████████▊ | 44/50 [00:30<00:04,  1.43it/s, Saved at =inf, TrLoss=0.1797]
 Training FV-edg60000-s42-t5:  88%|████████▊ | 44/50 [00:31<00:04,  1.43it/s, Saved at =inf, TrLoss=0.1791]
 Training FV-edg60000-s42-t5:  90%|█████████ | 45/50 [00:31<00:03,  1.43it/s, Saved at =inf, TrLoss=0.1791]
 Training FV-edg60000-s42-t5:  90%|█████████ | 45/50 [00:32<00:03,  1.43it/s, Saved at =inf, TrLoss=0.1764]
 Training FV-edg60000-s42-t5:  92%|█████████▏| 46/50 [00:32<00:02,  1.43it/s, Saved at =inf, TrLoss=0.1764]
 Training FV-edg60000-s42-t5:  92%|█████████▏| 46/50 [00:32<00:02,  1.43it/s, Saved at =inf, TrLoss=0.1757]
 Training FV-edg60000-s42-t5:  94%|█████████▍| 47/50 [00:32<00:02,  1.43it/s, Saved at =inf, TrLoss=0.1757]
 Training FV-edg60000-s42-t5:  94%|█████████▍| 47/50 [00:33<00:02,  1.43it/s, Saved at =inf, TrLoss=0.1744]
 Training FV-edg60000-s42-t5:  96%|█████████▌| 48/50 [00:33<00:01,  1.43it/s, Saved at =inf, TrLoss=0.1744]
 Training FV-edg60000-s42-t5:  96%|█████████▌| 48/50 [00:34<00:01,  1.43it/s, Saved at =inf, TrLoss=0.1722]
 Training FV-edg60000-s42-t5:  98%|█████████▊| 49/50 [00:34<00:00,  1.43it/s, Saved at =inf, TrLoss=0.1722]
 Training FV-edg60000-s42-t5:  98%|█████████▊| 49/50 [00:34<00:00,  1.43it/s, Saved at =inf, TrLoss=0.1710]
 Training FV-edg60000-s42-t5: 100%|██████████| 50/50 [00:35<00:00,  1.43it/s, Saved at =inf, TrLoss=0.1710]
 Training FV-edg60000-s42-t5: 100%|██████████| 50/50 [00:35<00:00,  1.43it/s, Saved at =inf, TrLoss=0.1710]

 Training FV-edg60000-s42-t6:   0%|          | 0/50 [00:00<?, ?it/s]
 Training FV-edg60000-s42-t6:   0%|          | 0/50 [00:00<?, ?it/s, Saved at =inf, TrLoss=0.7295]
 Training FV-edg60000-s42-t6:   2%|▏         | 1/50 [00:00<00:43,  1.14it/s, Saved at =inf, TrLoss=0.7295]
 Training FV-edg60000-s42-t6:   2%|▏         | 1/50 [00:01<00:43,  1.14it/s, Saved at =inf, TrLoss=0.8433]
 Training FV-edg60000-s42-t6:   4%|▍         | 2/50 [00:01<00:41,  1.15it/s, Saved at =inf, TrLoss=0.8433]
 Training FV-edg60000-s42-t6:   4%|▍         | 2/50 [00:02<00:41,  1.15it/s, Saved at =inf, TrLoss=0.5518]
 Training FV-edg60000-s42-t6:   6%|▌         | 3/50 [00:02<00:40,  1.16it/s, Saved at =inf, TrLoss=0.5518]
 Training FV-edg60000-s42-t6:   6%|▌         | 3/50 [00:03<00:40,  1.16it/s, Saved at =inf, TrLoss=0.5055]
 Training FV-edg60000-s42-t6:   8%|▊         | 4/50 [00:03<00:39,  1.16it/s, Saved at =inf, TrLoss=0.5055]
 Training FV-edg60000-s42-t6:   8%|▊         | 4/50 [00:04<00:39,  1.16it/s, Saved at =inf, TrLoss=0.4596]
 Training FV-edg60000-s42-t6:  10%|█         | 5/50 [00:04<00:38,  1.16it/s, Saved at =inf, TrLoss=0.4596]
 Training FV-edg60000-s42-t6:  10%|█         | 5/50 [00:05<00:38,  1.16it/s, Saved at =inf, TrLoss=0.4069]
 Training FV-edg60000-s42-t6:  12%|█▏        | 6/50 [00:05<00:37,  1.16it/s, Saved at =inf, TrLoss=0.4069]
 Training FV-edg60000-s42-t6:  12%|█▏        | 6/50 [00:05<00:37,  1.16it/s, Saved at =inf, TrLoss=0.3939]
 Training FV-edg60000-s42-t6:  14%|█▍        | 7/50 [00:06<00:37,  1.16it/s, Saved at =inf, TrLoss=0.3939]
 Training FV-edg60000-s42-t6:  14%|█▍        | 7/50 [00:06<00:37,  1.16it/s, Saved at =inf, TrLoss=0.3936]
 Training FV-edg60000-s42-t6:  16%|█▌        | 8/50 [00:06<00:36,  1.16it/s, Saved at =inf, TrLoss=0.3936]
 Training FV-edg60000-s42-t6:  16%|█▌        | 8/50 [00:07<00:36,  1.16it/s, Saved at =inf, TrLoss=0.3633]
 Training FV-edg60000-s42-t6:  18%|█▊        | 9/50 [00:07<00:35,  1.16it/s, Saved at =inf, TrLoss=0.3633]
 Training FV-edg60000-s42-t6:  18%|█▊        | 9/50 [00:08<00:35,  1.16it/s, Saved at =inf, TrLoss=0.3419]
 Training FV-edg60000-s42-t6:  20%|██        | 10/50 [00:08<00:34,  1.16it/s, Saved at =inf, TrLoss=0.3419]
 Training FV-edg60000-s42-t6:  20%|██        | 10/50 [00:09<00:34,  1.16it/s, Saved at =inf, TrLoss=0.3001]
 Training FV-edg60000-s42-t6:  22%|██▏       | 11/50 [00:09<00:33,  1.16it/s, Saved at =inf, TrLoss=0.3001]
 Training FV-edg60000-s42-t6:  22%|██▏       | 11/50 [00:10<00:33,  1.16it/s, Saved at =inf, TrLoss=0.2844]
 Training FV-edg60000-s42-t6:  24%|██▍       | 12/50 [00:10<00:32,  1.16it/s, Saved at =inf, TrLoss=0.2844]
 Training FV-edg60000-s42-t6:  24%|██▍       | 12/50 [00:11<00:32,  1.16it/s, Saved at =inf, TrLoss=0.2776]
 Training FV-edg60000-s42-t6:  26%|██▌       | 13/50 [00:11<00:31,  1.16it/s, Saved at =inf, TrLoss=0.2776]
 Training FV-edg60000-s42-t6:  26%|██▌       | 13/50 [00:11<00:31,  1.16it/s, Saved at =inf, TrLoss=0.2754]
 Training FV-edg60000-s42-t6:  28%|██▊       | 14/50 [00:12<00:30,  1.16it/s, Saved at =inf, TrLoss=0.2754]
 Training FV-edg60000-s42-t6:  28%|██▊       | 14/50 [00:12<00:30,  1.16it/s, Saved at =inf, TrLoss=0.2359]
 Training FV-edg60000-s42-t6:  30%|███       | 15/50 [00:12<00:30,  1.16it/s, Saved at =inf, TrLoss=0.2359]
 Training FV-edg60000-s42-t6:  30%|███       | 15/50 [00:13<00:30,  1.16it/s, Saved at =inf, TrLoss=0.2345]
 Training FV-edg60000-s42-t6:  32%|███▏      | 16/50 [00:13<00:29,  1.16it/s, Saved at =inf, TrLoss=0.2345]
 Training FV-edg60000-s42-t6:  32%|███▏      | 16/50 [00:14<00:29,  1.16it/s, Saved at =inf, TrLoss=0.2239]
 Training FV-edg60000-s42-t6:  34%|███▍      | 17/50 [00:14<00:28,  1.16it/s, Saved at =inf, TrLoss=0.2239]
 Training FV-edg60000-s42-t6:  34%|███▍      | 17/50 [00:15<00:28,  1.16it/s, Saved at =inf, TrLoss=0.2206]
 Training FV-edg60000-s42-t6:  36%|███▌      | 18/50 [00:15<00:27,  1.16it/s, Saved at =inf, TrLoss=0.2206]
 Training FV-edg60000-s42-t6:  36%|███▌      | 18/50 [00:16<00:27,  1.16it/s, Saved at =inf, TrLoss=0.2219]
 Training FV-edg60000-s42-t6:  38%|███▊      | 19/50 [00:16<00:26,  1.16it/s, Saved at =inf, TrLoss=0.2219]
 Training FV-edg60000-s42-t6:  38%|███▊      | 19/50 [00:17<00:26,  1.16it/s, Saved at =inf, TrLoss=0.2062]
 Training FV-edg60000-s42-t6:  40%|████      | 20/50 [00:17<00:25,  1.16it/s, Saved at =inf, TrLoss=0.2062]
 Training FV-edg60000-s42-t6:  40%|████      | 20/50 [00:17<00:25,  1.16it/s, Saved at =inf, TrLoss=0.2097]
 Training FV-edg60000-s42-t6:  42%|████▏     | 21/50 [00:18<00:24,  1.16it/s, Saved at =inf, TrLoss=0.2097]
 Training FV-edg60000-s42-t6:  42%|████▏     | 21/50 [00:18<00:24,  1.16it/s, Saved at =inf, TrLoss=0.1990]
 Training FV-edg60000-s42-t6:  44%|████▍     | 22/50 [00:18<00:24,  1.16it/s, Saved at =inf, TrLoss=0.1990]
 Training FV-edg60000-s42-t6:  44%|████▍     | 22/50 [00:19<00:24,  1.16it/s, Saved at =inf, TrLoss=0.1939]
 Training FV-edg60000-s42-t6:  46%|████▌     | 23/50 [00:19<00:23,  1.16it/s, Saved at =inf, TrLoss=0.1939]
 Training FV-edg60000-s42-t6:  46%|████▌     | 23/50 [00:20<00:23,  1.16it/s, Saved at =inf, TrLoss=0.1988]
 Training FV-edg60000-s42-t6:  48%|████▊     | 24/50 [00:20<00:22,  1.16it/s, Saved at =inf, TrLoss=0.1988]
 Training FV-edg60000-s42-t6:  48%|████▊     | 24/50 [00:21<00:22,  1.16it/s, Saved at =inf, TrLoss=0.1922]
 Training FV-edg60000-s42-t6:  50%|█████     | 25/50 [00:21<00:21,  1.16it/s, Saved at =inf, TrLoss=0.1922]
 Training FV-edg60000-s42-t6:  50%|█████     | 25/50 [00:22<00:21,  1.16it/s, Saved at =inf, TrLoss=0.1824]
 Training FV-edg60000-s42-t6:  52%|█████▏    | 26/50 [00:22<00:20,  1.16it/s, Saved at =inf, TrLoss=0.1824]
 Training FV-edg60000-s42-t6:  52%|█████▏    | 26/50 [00:23<00:20,  1.16it/s, Saved at =inf, TrLoss=0.1858]
 Training FV-edg60000-s42-t6:  54%|█████▍    | 27/50 [00:23<00:19,  1.16it/s, Saved at =inf, TrLoss=0.1858]
 Training FV-edg60000-s42-t6:  54%|█████▍    | 27/50 [00:23<00:19,  1.16it/s, Saved at =inf, TrLoss=0.1834]
 Training FV-edg60000-s42-t6:  56%|█████▌    | 28/50 [00:24<00:18,  1.16it/s, Saved at =inf, TrLoss=0.1834]
 Training FV-edg60000-s42-t6:  56%|█████▌    | 28/50 [00:24<00:18,  1.16it/s, Saved at =inf, TrLoss=0.1834]
 Training FV-edg60000-s42-t6:  58%|█████▊    | 29/50 [00:24<00:18,  1.16it/s, Saved at =inf, TrLoss=0.1834]
 Training FV-edg60000-s42-t6:  58%|█████▊    | 29/50 [00:25<00:18,  1.16it/s, Saved at =inf, TrLoss=0.1803]
 Training FV-edg60000-s42-t6:  60%|██████    | 30/50 [00:25<00:17,  1.16it/s, Saved at =inf, TrLoss=0.1803]
 Training FV-edg60000-s42-t6:  60%|██████    | 30/50 [00:26<00:17,  1.16it/s, Saved at =inf, TrLoss=0.1784]
 Training FV-edg60000-s42-t6:  62%|██████▏   | 31/50 [00:26<00:16,  1.16it/s, Saved at =inf, TrLoss=0.1784]
 Training FV-edg60000-s42-t6:  62%|██████▏   | 31/50 [00:27<00:16,  1.16it/s, Saved at =inf, TrLoss=0.1795]
 Training FV-edg60000-s42-t6:  64%|██████▍   | 32/50 [00:27<00:15,  1.16it/s, Saved at =inf, TrLoss=0.1795]
 Training FV-edg60000-s42-t6:  64%|██████▍   | 32/50 [00:28<00:15,  1.16it/s, Saved at =inf, TrLoss=0.1758]
 Training FV-edg60000-s42-t6:  66%|██████▌   | 33/50 [00:28<00:14,  1.16it/s, Saved at =inf, TrLoss=0.1758]
 Training FV-edg60000-s42-t6:  66%|██████▌   | 33/50 [00:29<00:14,  1.16it/s, Saved at =inf, TrLoss=0.1759]
 Training FV-edg60000-s42-t6:  68%|██████▊   | 34/50 [00:29<00:13,  1.16it/s, Saved at =inf, TrLoss=0.1759]
 Training FV-edg60000-s42-t6:  68%|██████▊   | 34/50 [00:29<00:13,  1.16it/s, Saved at =inf, TrLoss=0.1737]
 Training FV-edg60000-s42-t6:  70%|███████   | 35/50 [00:30<00:12,  1.16it/s, Saved at =inf, TrLoss=0.1737]
 Training FV-edg60000-s42-t6:  70%|███████   | 35/50 [00:30<00:12,  1.16it/s, Saved at =inf, TrLoss=0.1708]
 Training FV-edg60000-s42-t6:  72%|███████▏  | 36/50 [00:30<00:12,  1.16it/s, Saved at =inf, TrLoss=0.1708]
 Training FV-edg60000-s42-t6:  72%|███████▏  | 36/50 [00:31<00:12,  1.16it/s, Saved at =inf, TrLoss=0.1731]
 Training FV-edg60000-s42-t6:  74%|███████▍  | 37/50 [00:31<00:11,  1.16it/s, Saved at =inf, TrLoss=0.1731]
 Training FV-edg60000-s42-t6:  74%|███████▍  | 37/50 [00:32<00:11,  1.16it/s, Saved at =inf, TrLoss=0.1719]
 Training FV-edg60000-s42-t6:  76%|███████▌  | 38/50 [00:32<00:10,  1.16it/s, Saved at =inf, TrLoss=0.1719]
 Training FV-edg60000-s42-t6:  76%|███████▌  | 38/50 [00:33<00:10,  1.16it/s, Saved at =inf, TrLoss=0.1705]
 Training FV-edg60000-s42-t6:  78%|███████▊  | 39/50 [00:33<00:09,  1.16it/s, Saved at =inf, TrLoss=0.1705]
 Training FV-edg60000-s42-t6:  78%|███████▊  | 39/50 [00:34<00:09,  1.16it/s, Saved at =inf, TrLoss=0.1703]
 Training FV-edg60000-s42-t6:  80%|████████  | 40/50 [00:34<00:08,  1.16it/s, Saved at =inf, TrLoss=0.1703]
 Training FV-edg60000-s42-t6:  80%|████████  | 40/50 [00:35<00:08,  1.16it/s, Saved at =inf, TrLoss=0.1700]
 Training FV-edg60000-s42-t6:  82%|████████▏ | 41/50 [00:35<00:07,  1.16it/s, Saved at =inf, TrLoss=0.1700]
 Training FV-edg60000-s42-t6:  82%|████████▏ | 41/50 [00:35<00:07,  1.16it/s, Saved at =inf, TrLoss=0.1678]
 Training FV-edg60000-s42-t6:  84%|████████▍ | 42/50 [00:36<00:06,  1.16it/s, Saved at =inf, TrLoss=0.1678]
 Training FV-edg60000-s42-t6:  84%|████████▍ | 42/50 [00:36<00:06,  1.16it/s, Saved at =inf, TrLoss=0.1654]
 Training FV-edg60000-s42-t6:  86%|████████▌ | 43/50 [00:36<00:06,  1.16it/s, Saved at =inf, TrLoss=0.1654]
 Training FV-edg60000-s42-t6:  86%|████████▌ | 43/50 [00:37<00:06,  1.16it/s, Saved at =inf, TrLoss=0.1660]
 Training FV-edg60000-s42-t6:  88%|████████▊ | 44/50 [00:37<00:05,  1.16it/s, Saved at =inf, TrLoss=0.1660]
 Training FV-edg60000-s42-t6:  88%|████████▊ | 44/50 [00:38<00:05,  1.16it/s, Saved at =inf, TrLoss=0.1644]
 Training FV-edg60000-s42-t6:  90%|█████████ | 45/50 [00:38<00:04,  1.16it/s, Saved at =inf, TrLoss=0.1644]
 Training FV-edg60000-s42-t6:  90%|█████████ | 45/50 [00:39<00:04,  1.16it/s, Saved at =inf, TrLoss=0.1636]
 Training FV-edg60000-s42-t6:  92%|█████████▏| 46/50 [00:39<00:03,  1.16it/s, Saved at =inf, TrLoss=0.1636]
 Training FV-edg60000-s42-t6:  92%|█████████▏| 46/50 [00:40<00:03,  1.16it/s, Saved at =inf, TrLoss=0.1644]
 Training FV-edg60000-s42-t6:  94%|█████████▍| 47/50 [00:40<00:02,  1.16it/s, Saved at =inf, TrLoss=0.1644]
 Training FV-edg60000-s42-t6:  94%|█████████▍| 47/50 [00:41<00:02,  1.16it/s, Saved at =inf, TrLoss=0.1633]
 Training FV-edg60000-s42-t6:  96%|█████████▌| 48/50 [00:41<00:01,  1.16it/s, Saved at =inf, TrLoss=0.1633]
 Training FV-edg60000-s42-t6:  96%|█████████▌| 48/50 [00:41<00:01,  1.16it/s, Saved at =inf, TrLoss=0.1624]
 Training FV-edg60000-s42-t6:  98%|█████████▊| 49/50 [00:42<00:00,  1.16it/s, Saved at =inf, TrLoss=0.1624]
 Training FV-edg60000-s42-t6:  98%|█████████▊| 49/50 [00:42<00:00,  1.16it/s, Saved at =inf, TrLoss=0.1644]
 Training FV-edg60000-s42-t6: 100%|██████████| 50/50 [00:43<00:00,  1.16it/s, Saved at =inf, TrLoss=0.1644]
 Training FV-edg60000-s42-t6: 100%|██████████| 50/50 [00:43<00:00,  1.16it/s, Saved at =inf, TrLoss=0.1644]

 Training FV-edg60000-s42-t7:   0%|          | 0/50 [00:00<?, ?it/s]
 Training FV-edg60000-s42-t7:   0%|          | 0/50 [00:00<?, ?it/s, Saved at =inf, TrLoss=0.7977]
 Training FV-edg60000-s42-t7:   2%|▏         | 1/50 [00:01<00:51,  1.05s/it, Saved at =inf, TrLoss=0.7977]
 Training FV-edg60000-s42-t7:   2%|▏         | 1/50 [00:01<00:51,  1.05s/it, Saved at =inf, TrLoss=0.6679]
 Training FV-edg60000-s42-t7:   4%|▍         | 2/50 [00:02<00:49,  1.04s/it, Saved at =inf, TrLoss=0.6679]
 Training FV-edg60000-s42-t7:   4%|▍         | 2/50 [00:02<00:49,  1.04s/it, Saved at =inf, TrLoss=0.5054]
 Training FV-edg60000-s42-t7:   6%|▌         | 3/50 [00:03<00:48,  1.04s/it, Saved at =inf, TrLoss=0.5054]
 Training FV-edg60000-s42-t7:   6%|▌         | 3/50 [00:03<00:48,  1.04s/it, Saved at =inf, TrLoss=0.5064]
 Training FV-edg60000-s42-t7:   8%|▊         | 4/50 [00:04<00:47,  1.03s/it, Saved at =inf, TrLoss=0.5064]
 Training FV-edg60000-s42-t7:   8%|▊         | 4/50 [00:04<00:47,  1.03s/it, Saved at =inf, TrLoss=0.4466]
 Training FV-edg60000-s42-t7:  10%|█         | 5/50 [00:05<00:46,  1.03s/it, Saved at =inf, TrLoss=0.4466]
 Training FV-edg60000-s42-t7:  10%|█         | 5/50 [00:06<00:46,  1.03s/it, Saved at =inf, TrLoss=0.4310]
 Training FV-edg60000-s42-t7:  12%|█▏        | 6/50 [00:06<00:45,  1.03s/it, Saved at =inf, TrLoss=0.4310]
 Training FV-edg60000-s42-t7:  12%|█▏        | 6/50 [00:07<00:45,  1.03s/it, Saved at =inf, TrLoss=0.3612]
 Training FV-edg60000-s42-t7:  14%|█▍        | 7/50 [00:07<00:44,  1.03s/it, Saved at =inf, TrLoss=0.3612]
 Training FV-edg60000-s42-t7:  14%|█▍        | 7/50 [00:08<00:44,  1.03s/it, Saved at =inf, TrLoss=0.3662]
 Training FV-edg60000-s42-t7:  16%|█▌        | 8/50 [00:08<00:43,  1.03s/it, Saved at =inf, TrLoss=0.3662]
 Training FV-edg60000-s42-t7:  16%|█▌        | 8/50 [00:09<00:43,  1.03s/it, Saved at =inf, TrLoss=0.3322]
 Training FV-edg60000-s42-t7:  18%|█▊        | 9/50 [00:09<00:42,  1.03s/it, Saved at =inf, TrLoss=0.3322]
 Training FV-edg60000-s42-t7:  18%|█▊        | 9/50 [00:10<00:42,  1.03s/it, Saved at =inf, TrLoss=0.3216]
 Training FV-edg60000-s42-t7:  20%|██        | 10/50 [00:10<00:41,  1.03s/it, Saved at =inf, TrLoss=0.3216]
 Training FV-edg60000-s42-t7:  20%|██        | 10/50 [00:11<00:41,  1.03s/it, Saved at =inf, TrLoss=0.3169]
 Training FV-edg60000-s42-t7:  22%|██▏       | 11/50 [00:11<00:40,  1.03s/it, Saved at =inf, TrLoss=0.3169]
 Training FV-edg60000-s42-t7:  22%|██▏       | 11/50 [00:12<00:40,  1.03s/it, Saved at =inf, TrLoss=0.2830]
 Training FV-edg60000-s42-t7:  24%|██▍       | 12/50 [00:12<00:39,  1.03s/it, Saved at =inf, TrLoss=0.2830]
 Training FV-edg60000-s42-t7:  24%|██▍       | 12/50 [00:13<00:39,  1.03s/it, Saved at =inf, TrLoss=0.2928]
 Training FV-edg60000-s42-t7:  26%|██▌       | 13/50 [00:13<00:38,  1.03s/it, Saved at =inf, TrLoss=0.2928]
 Training FV-edg60000-s42-t7:  26%|██▌       | 13/50 [00:14<00:38,  1.03s/it, Saved at =inf, TrLoss=0.2778]
 Training FV-edg60000-s42-t7:  28%|██▊       | 14/50 [00:14<00:37,  1.03s/it, Saved at =inf, TrLoss=0.2778]
 Training FV-edg60000-s42-t7:  28%|██▊       | 14/50 [00:15<00:37,  1.03s/it, Saved at =inf, TrLoss=0.2782]
 Training FV-edg60000-s42-t7:  30%|███       | 15/50 [00:15<00:36,  1.03s/it, Saved at =inf, TrLoss=0.2782]
 Training FV-edg60000-s42-t7:  30%|███       | 15/50 [00:16<00:36,  1.03s/it, Saved at =inf, TrLoss=0.2634]
 Training FV-edg60000-s42-t7:  32%|███▏      | 16/50 [00:16<00:35,  1.03s/it, Saved at =inf, TrLoss=0.2634]
 Training FV-edg60000-s42-t7:  32%|███▏      | 16/50 [00:17<00:35,  1.03s/it, Saved at =inf, TrLoss=0.2509]
 Training FV-edg60000-s42-t7:  34%|███▍      | 17/50 [00:17<00:33,  1.03s/it, Saved at =inf, TrLoss=0.2509]
 Training FV-edg60000-s42-t7:  34%|███▍      | 17/50 [00:18<00:33,  1.03s/it, Saved at =inf, TrLoss=0.2469]
 Training FV-edg60000-s42-t7:  36%|███▌      | 18/50 [00:18<00:32,  1.03s/it, Saved at =inf, TrLoss=0.2469]
 Training FV-edg60000-s42-t7:  36%|███▌      | 18/50 [00:19<00:32,  1.03s/it, Saved at =inf, TrLoss=0.2342]
 Training FV-edg60000-s42-t7:  38%|███▊      | 19/50 [00:19<00:31,  1.03s/it, Saved at =inf, TrLoss=0.2342]
 Training FV-edg60000-s42-t7:  38%|███▊      | 19/50 [00:20<00:31,  1.03s/it, Saved at =inf, TrLoss=0.2370]
 Training FV-edg60000-s42-t7:  40%|████      | 20/50 [00:20<00:30,  1.03s/it, Saved at =inf, TrLoss=0.2370]
 Training FV-edg60000-s42-t7:  40%|████      | 20/50 [00:21<00:30,  1.03s/it, Saved at =inf, TrLoss=0.2249]
 Training FV-edg60000-s42-t7:  42%|████▏     | 21/50 [00:21<00:29,  1.03s/it, Saved at =inf, TrLoss=0.2249]
 Training FV-edg60000-s42-t7:  42%|████▏     | 21/50 [00:22<00:29,  1.03s/it, Saved at =inf, TrLoss=0.2238]
 Training FV-edg60000-s42-t7:  44%|████▍     | 22/50 [00:22<00:28,  1.03s/it, Saved at =inf, TrLoss=0.2238]
 Training FV-edg60000-s42-t7:  44%|████▍     | 22/50 [00:23<00:28,  1.03s/it, Saved at =inf, TrLoss=0.2125]
 Training FV-edg60000-s42-t7:  46%|████▌     | 23/50 [00:23<00:27,  1.03s/it, Saved at =inf, TrLoss=0.2125]
 Training FV-edg60000-s42-t7:  46%|████▌     | 23/50 [00:24<00:27,  1.03s/it, Saved at =inf, TrLoss=0.2128]
 Training FV-edg60000-s42-t7:  48%|████▊     | 24/50 [00:24<00:26,  1.03s/it, Saved at =inf, TrLoss=0.2128]
 Training FV-edg60000-s42-t7:  48%|████▊     | 24/50 [00:25<00:26,  1.03s/it, Saved at =inf, TrLoss=0.2075]
 Training FV-edg60000-s42-t7:  50%|█████     | 25/50 [00:25<00:25,  1.03s/it, Saved at =inf, TrLoss=0.2075]
 Training FV-edg60000-s42-t7:  50%|█████     | 25/50 [00:26<00:25,  1.03s/it, Saved at =inf, TrLoss=0.2053]
 Training FV-edg60000-s42-t7:  52%|█████▏    | 26/50 [00:26<00:24,  1.03s/it, Saved at =inf, TrLoss=0.2053]
 Training FV-edg60000-s42-t7:  52%|█████▏    | 26/50 [00:27<00:24,  1.03s/it, Saved at =inf, TrLoss=0.2061]
 Training FV-edg60000-s42-t7:  54%|█████▍    | 27/50 [00:27<00:23,  1.03s/it, Saved at =inf, TrLoss=0.2061]
 Training FV-edg60000-s42-t7:  54%|█████▍    | 27/50 [00:28<00:23,  1.03s/it, Saved at =inf, TrLoss=0.1982]
 Training FV-edg60000-s42-t7:  56%|█████▌    | 28/50 [00:28<00:22,  1.03s/it, Saved at =inf, TrLoss=0.1982]
 Training FV-edg60000-s42-t7:  56%|█████▌    | 28/50 [00:29<00:22,  1.03s/it, Saved at =inf, TrLoss=0.1986]
 Training FV-edg60000-s42-t7:  58%|█████▊    | 29/50 [00:29<00:21,  1.03s/it, Saved at =inf, TrLoss=0.1986]
 Training FV-edg60000-s42-t7:  58%|█████▊    | 29/50 [00:30<00:21,  1.03s/it, Saved at =inf, TrLoss=0.1932]
 Training FV-edg60000-s42-t7:  60%|██████    | 30/50 [00:30<00:20,  1.03s/it, Saved at =inf, TrLoss=0.1932]
 Training FV-edg60000-s42-t7:  60%|██████    | 30/50 [00:31<00:20,  1.03s/it, Saved at =inf, TrLoss=0.1921]
 Training FV-edg60000-s42-t7:  62%|██████▏   | 31/50 [00:31<00:19,  1.03s/it, Saved at =inf, TrLoss=0.1921]
 Training FV-edg60000-s42-t7:  62%|██████▏   | 31/50 [00:32<00:19,  1.03s/it, Saved at =inf, TrLoss=0.1931]
 Training FV-edg60000-s42-t7:  64%|██████▍   | 32/50 [00:33<00:18,  1.03s/it, Saved at =inf, TrLoss=0.1931]
 Training FV-edg60000-s42-t7:  64%|██████▍   | 32/50 [00:33<00:18,  1.03s/it, Saved at =inf, TrLoss=0.1858]
 Training FV-edg60000-s42-t7:  66%|██████▌   | 33/50 [00:34<00:17,  1.03s/it, Saved at =inf, TrLoss=0.1858]
 Training FV-edg60000-s42-t7:  66%|██████▌   | 33/50 [00:34<00:17,  1.03s/it, Saved at =inf, TrLoss=0.1870]
 Training FV-edg60000-s42-t7:  68%|██████▊   | 34/50 [00:35<00:16,  1.03s/it, Saved at =inf, TrLoss=0.1870]
 Training FV-edg60000-s42-t7:  68%|██████▊   | 34/50 [00:35<00:16,  1.03s/it, Saved at =inf, TrLoss=0.1858]
 Training FV-edg60000-s42-t7:  70%|███████   | 35/50 [00:36<00:15,  1.03s/it, Saved at =inf, TrLoss=0.1858]
 Training FV-edg60000-s42-t7:  70%|███████   | 35/50 [00:36<00:15,  1.03s/it, Saved at =inf, TrLoss=0.1803]
 Training FV-edg60000-s42-t7:  72%|███████▏  | 36/50 [00:37<00:14,  1.03s/it, Saved at =inf, TrLoss=0.1803]
 Training FV-edg60000-s42-t7:  72%|███████▏  | 36/50 [00:37<00:14,  1.03s/it, Saved at =inf, TrLoss=0.1821]
 Training FV-edg60000-s42-t7:  74%|███████▍  | 37/50 [00:38<00:13,  1.03s/it, Saved at =inf, TrLoss=0.1821]
 Training FV-edg60000-s42-t7:  74%|███████▍  | 37/50 [00:38<00:13,  1.03s/it, Saved at =inf, TrLoss=0.1786]
 Training FV-edg60000-s42-t7:  76%|███████▌  | 38/50 [00:39<00:12,  1.03s/it, Saved at =inf, TrLoss=0.1786]
 Training FV-edg60000-s42-t7:  76%|███████▌  | 38/50 [00:40<00:12,  1.03s/it, Saved at =inf, TrLoss=0.1789]
 Training FV-edg60000-s42-t7:  78%|███████▊  | 39/50 [00:40<00:11,  1.03s/it, Saved at =inf, TrLoss=0.1789]
 Training FV-edg60000-s42-t7:  78%|███████▊  | 39/50 [00:41<00:11,  1.03s/it, Saved at =inf, TrLoss=0.1785]
 Training FV-edg60000-s42-t7:  80%|████████  | 40/50 [00:41<00:10,  1.03s/it, Saved at =inf, TrLoss=0.1785]
 Training FV-edg60000-s42-t7:  80%|████████  | 40/50 [00:42<00:10,  1.03s/it, Saved at =inf, TrLoss=0.1763]
 Training FV-edg60000-s42-t7:  82%|████████▏ | 41/50 [00:42<00:09,  1.03s/it, Saved at =inf, TrLoss=0.1763]
 Training FV-edg60000-s42-t7:  82%|████████▏ | 41/50 [00:43<00:09,  1.03s/it, Saved at =inf, TrLoss=0.1746]
 Training FV-edg60000-s42-t7:  84%|████████▍ | 42/50 [00:43<00:08,  1.03s/it, Saved at =inf, TrLoss=0.1746]
 Training FV-edg60000-s42-t7:  84%|████████▍ | 42/50 [00:44<00:08,  1.03s/it, Saved at =inf, TrLoss=0.1728]
 Training FV-edg60000-s42-t7:  86%|████████▌ | 43/50 [00:44<00:07,  1.03s/it, Saved at =inf, TrLoss=0.1728]
 Training FV-edg60000-s42-t7:  86%|████████▌ | 43/50 [00:45<00:07,  1.03s/it, Saved at =inf, TrLoss=0.1710]
 Training FV-edg60000-s42-t7:  88%|████████▊ | 44/50 [00:45<00:06,  1.03s/it, Saved at =inf, TrLoss=0.1710]
 Training FV-edg60000-s42-t7:  88%|████████▊ | 44/50 [00:46<00:06,  1.03s/it, Saved at =inf, TrLoss=0.1705]
 Training FV-edg60000-s42-t7:  90%|█████████ | 45/50 [00:46<00:05,  1.03s/it, Saved at =inf, TrLoss=0.1705]
 Training FV-edg60000-s42-t7:  90%|█████████ | 45/50 [00:47<00:05,  1.03s/it, Saved at =inf, TrLoss=0.1689]
 Training FV-edg60000-s42-t7:  92%|█████████▏| 46/50 [00:47<00:04,  1.03s/it, Saved at =inf, TrLoss=0.1689]
 Training FV-edg60000-s42-t7:  92%|█████████▏| 46/50 [00:48<00:04,  1.03s/it, Saved at =inf, TrLoss=0.1695]
 Training FV-edg60000-s42-t7:  94%|█████████▍| 47/50 [00:48<00:03,  1.03s/it, Saved at =inf, TrLoss=0.1695]
 Training FV-edg60000-s42-t7:  94%|█████████▍| 47/50 [00:49<00:03,  1.03s/it, Saved at =inf, TrLoss=0.1698]
 Training FV-edg60000-s42-t7:  96%|█████████▌| 48/50 [00:49<00:02,  1.03s/it, Saved at =inf, TrLoss=0.1698]
 Training FV-edg60000-s42-t7:  96%|█████████▌| 48/50 [00:50<00:02,  1.03s/it, Saved at =inf, TrLoss=0.1729]
 Training FV-edg60000-s42-t7:  98%|█████████▊| 49/50 [00:50<00:01,  1.03s/it, Saved at =inf, TrLoss=0.1729]
 Training FV-edg60000-s42-t7:  98%|█████████▊| 49/50 [00:51<00:01,  1.03s/it, Saved at =inf, TrLoss=0.1838]
 Training FV-edg60000-s42-t7: 100%|██████████| 50/50 [00:51<00:00,  1.03s/it, Saved at =inf, TrLoss=0.1838]
 Training FV-edg60000-s42-t7: 100%|██████████| 50/50 [00:51<00:00,  1.03s/it, Saved at =inf, TrLoss=0.1838]

 Training FV-edg60000-s42-t8:   0%|          | 0/50 [00:00<?, ?it/s]
 Training FV-edg60000-s42-t8:   0%|          | 0/50 [00:01<?, ?it/s, Saved at =inf, TrLoss=0.7934]
 Training FV-edg60000-s42-t8:   2%|▏         | 1/50 [00:01<01:01,  1.25s/it, Saved at =inf, TrLoss=0.7934]
 Training FV-edg60000-s42-t8:   2%|▏         | 1/50 [00:02<01:01,  1.25s/it, Saved at =inf, TrLoss=0.6268]
 Training FV-edg60000-s42-t8:   4%|▍         | 2/50 [00:02<00:58,  1.23s/it, Saved at =inf, TrLoss=0.6268]
 Training FV-edg60000-s42-t8:   4%|▍         | 2/50 [00:03<00:58,  1.23s/it, Saved at =inf, TrLoss=0.5125]
 Training FV-edg60000-s42-t8:   6%|▌         | 3/50 [00:03<00:57,  1.22s/it, Saved at =inf, TrLoss=0.5125]
 Training FV-edg60000-s42-t8:   6%|▌         | 3/50 [00:04<00:57,  1.22s/it, Saved at =inf, TrLoss=0.4680]
 Training FV-edg60000-s42-t8:   8%|▊         | 4/50 [00:04<00:56,  1.22s/it, Saved at =inf, TrLoss=0.4680]
 Training FV-edg60000-s42-t8:   8%|▊         | 4/50 [00:05<00:56,  1.22s/it, Saved at =inf, TrLoss=0.4653]
 Training FV-edg60000-s42-t8:  10%|█         | 5/50 [00:06<00:54,  1.22s/it, Saved at =inf, TrLoss=0.4653]
 Training FV-edg60000-s42-t8:  10%|█         | 5/50 [00:07<00:54,  1.22s/it, Saved at =inf, TrLoss=0.4254]
 Training FV-edg60000-s42-t8:  12%|█▏        | 6/50 [00:07<00:53,  1.21s/it, Saved at =inf, TrLoss=0.4254]
 Training FV-edg60000-s42-t8:  12%|█▏        | 6/50 [00:08<00:53,  1.21s/it, Saved at =inf, TrLoss=0.3951]
 Training FV-edg60000-s42-t8:  14%|█▍        | 7/50 [00:08<00:52,  1.21s/it, Saved at =inf, TrLoss=0.3951]
 Training FV-edg60000-s42-t8:  14%|█▍        | 7/50 [00:09<00:52,  1.21s/it, Saved at =inf, TrLoss=0.3443]
 Training FV-edg60000-s42-t8:  16%|█▌        | 8/50 [00:09<00:50,  1.21s/it, Saved at =inf, TrLoss=0.3443]
 Training FV-edg60000-s42-t8:  16%|█▌        | 8/50 [00:10<00:50,  1.21s/it, Saved at =inf, TrLoss=0.3332]
 Training FV-edg60000-s42-t8:  18%|█▊        | 9/50 [00:10<00:49,  1.21s/it, Saved at =inf, TrLoss=0.3332]
 Training FV-edg60000-s42-t8:  18%|█▊        | 9/50 [00:11<00:49,  1.21s/it, Saved at =inf, TrLoss=0.3473]
 Training FV-edg60000-s42-t8:  20%|██        | 10/50 [00:12<00:48,  1.21s/it, Saved at =inf, TrLoss=0.3473]
 Training FV-edg60000-s42-t8:  20%|██        | 10/50 [00:13<00:48,  1.21s/it, Saved at =inf, TrLoss=0.3186]
 Training FV-edg60000-s42-t8:  22%|██▏       | 11/50 [00:13<00:47,  1.21s/it, Saved at =inf, TrLoss=0.3186]
 Training FV-edg60000-s42-t8:  22%|██▏       | 11/50 [00:14<00:47,  1.21s/it, Saved at =inf, TrLoss=0.2862]
 Training FV-edg60000-s42-t8:  24%|██▍       | 12/50 [00:14<00:46,  1.21s/it, Saved at =inf, TrLoss=0.2862]
 Training FV-edg60000-s42-t8:  24%|██▍       | 12/50 [00:15<00:46,  1.21s/it, Saved at =inf, TrLoss=0.2990]
 Training FV-edg60000-s42-t8:  26%|██▌       | 13/50 [00:15<00:44,  1.21s/it, Saved at =inf, TrLoss=0.2990]
 Training FV-edg60000-s42-t8:  26%|██▌       | 13/50 [00:16<00:44,  1.21s/it, Saved at =inf, TrLoss=0.2724]
 Training FV-edg60000-s42-t8:  28%|██▊       | 14/50 [00:17<00:43,  1.21s/it, Saved at =inf, TrLoss=0.2724]
 Training FV-edg60000-s42-t8:  28%|██▊       | 14/50 [00:18<00:43,  1.21s/it, Saved at =inf, TrLoss=0.2728]
 Training FV-edg60000-s42-t8:  30%|███       | 15/50 [00:18<00:42,  1.21s/it, Saved at =inf, TrLoss=0.2728]
 Training FV-edg60000-s42-t8:  30%|███       | 15/50 [00:19<00:42,  1.21s/it, Saved at =inf, TrLoss=0.2555]
 Training FV-edg60000-s42-t8:  32%|███▏      | 16/50 [00:19<00:41,  1.21s/it, Saved at =inf, TrLoss=0.2555]
 Training FV-edg60000-s42-t8:  32%|███▏      | 16/50 [00:20<00:41,  1.21s/it, Saved at =inf, TrLoss=0.2542]
 Training FV-edg60000-s42-t8:  34%|███▍      | 17/50 [00:20<00:40,  1.21s/it, Saved at =inf, TrLoss=0.2542]
 Training FV-edg60000-s42-t8:  34%|███▍      | 17/50 [00:21<00:40,  1.21s/it, Saved at =inf, TrLoss=0.2398]
 Training FV-edg60000-s42-t8:  36%|███▌      | 18/50 [00:21<00:38,  1.21s/it, Saved at =inf, TrLoss=0.2398]
 Training FV-edg60000-s42-t8:  36%|███▌      | 18/50 [00:22<00:38,  1.21s/it, Saved at =inf, TrLoss=0.2417]
 Training FV-edg60000-s42-t8:  38%|███▊      | 19/50 [00:23<00:37,  1.21s/it, Saved at =inf, TrLoss=0.2417]
 Training FV-edg60000-s42-t8:  38%|███▊      | 19/50 [00:24<00:37,  1.21s/it, Saved at =inf, TrLoss=0.2261]
 Training FV-edg60000-s42-t8:  40%|████      | 20/50 [00:24<00:36,  1.21s/it, Saved at =inf, TrLoss=0.2261]
 Training FV-edg60000-s42-t8:  40%|████      | 20/50 [00:25<00:36,  1.21s/it, Saved at =inf, TrLoss=0.2337]
 Training FV-edg60000-s42-t8:  42%|████▏     | 21/50 [00:25<00:35,  1.21s/it, Saved at =inf, TrLoss=0.2337]
 Training FV-edg60000-s42-t8:  42%|████▏     | 21/50 [00:26<00:35,  1.21s/it, Saved at =inf, TrLoss=0.2180]
 Training FV-edg60000-s42-t8:  44%|████▍     | 22/50 [00:26<00:33,  1.21s/it, Saved at =inf, TrLoss=0.2180]
 Training FV-edg60000-s42-t8:  44%|████▍     | 22/50 [00:27<00:33,  1.21s/it, Saved at =inf, TrLoss=0.2216]
 Training FV-edg60000-s42-t8:  46%|████▌     | 23/50 [00:27<00:32,  1.21s/it, Saved at =inf, TrLoss=0.2216]
 Training FV-edg60000-s42-t8:  46%|████▌     | 23/50 [00:28<00:32,  1.21s/it, Saved at =inf, TrLoss=0.2169]
 Training FV-edg60000-s42-t8:  48%|████▊     | 24/50 [00:29<00:31,  1.21s/it, Saved at =inf, TrLoss=0.2169]
 Training FV-edg60000-s42-t8:  48%|████▊     | 24/50 [00:30<00:31,  1.21s/it, Saved at =inf, TrLoss=0.2099]
 Training FV-edg60000-s42-t8:  50%|█████     | 25/50 [00:30<00:30,  1.21s/it, Saved at =inf, TrLoss=0.2099]
 Training FV-edg60000-s42-t8:  50%|█████     | 25/50 [00:31<00:30,  1.21s/it, Saved at =inf, TrLoss=0.2139]
 Training FV-edg60000-s42-t8:  52%|█████▏    | 26/50 [00:31<00:29,  1.21s/it, Saved at =inf, TrLoss=0.2139]
 Training FV-edg60000-s42-t8:  52%|█████▏    | 26/50 [00:32<00:29,  1.21s/it, Saved at =inf, TrLoss=0.2027]
 Training FV-edg60000-s42-t8:  54%|█████▍    | 27/50 [00:32<00:27,  1.21s/it, Saved at =inf, TrLoss=0.2027]
 Training FV-edg60000-s42-t8:  54%|█████▍    | 27/50 [00:33<00:27,  1.21s/it, Saved at =inf, TrLoss=0.2101]
 Training FV-edg60000-s42-t8:  56%|█████▌    | 28/50 [00:33<00:26,  1.21s/it, Saved at =inf, TrLoss=0.2101]
 Training FV-edg60000-s42-t8:  56%|█████▌    | 28/50 [00:34<00:26,  1.21s/it, Saved at =inf, TrLoss=0.2024]
 Training FV-edg60000-s42-t8:  58%|█████▊    | 29/50 [00:35<00:25,  1.21s/it, Saved at =inf, TrLoss=0.2024]
 Training FV-edg60000-s42-t8:  58%|█████▊    | 29/50 [00:36<00:25,  1.21s/it, Saved at =inf, TrLoss=0.1945]
 Training FV-edg60000-s42-t8:  60%|██████    | 30/50 [00:36<00:24,  1.21s/it, Saved at =inf, TrLoss=0.1945]
 Training FV-edg60000-s42-t8:  60%|██████    | 30/50 [00:37<00:24,  1.21s/it, Saved at =inf, TrLoss=0.2004]
 Training FV-edg60000-s42-t8:  62%|██████▏   | 31/50 [00:37<00:23,  1.21s/it, Saved at =inf, TrLoss=0.2004]
 Training FV-edg60000-s42-t8:  62%|██████▏   | 31/50 [00:38<00:23,  1.21s/it, Saved at =inf, TrLoss=0.1909]
 Training FV-edg60000-s42-t8:  64%|██████▍   | 32/50 [00:38<00:21,  1.21s/it, Saved at =inf, TrLoss=0.1909]
 Training FV-edg60000-s42-t8:  64%|██████▍   | 32/50 [00:39<00:21,  1.21s/it, Saved at =inf, TrLoss=0.1939]
 Training FV-edg60000-s42-t8:  66%|██████▌   | 33/50 [00:40<00:20,  1.21s/it, Saved at =inf, TrLoss=0.1939]
 Training FV-edg60000-s42-t8:  66%|██████▌   | 33/50 [00:41<00:20,  1.21s/it, Saved at =inf, TrLoss=0.1907]
 Training FV-edg60000-s42-t8:  68%|██████▊   | 34/50 [00:41<00:19,  1.21s/it, Saved at =inf, TrLoss=0.1907]
 Training FV-edg60000-s42-t8:  68%|██████▊   | 34/50 [00:42<00:19,  1.21s/it, Saved at =inf, TrLoss=0.1857]
 Training FV-edg60000-s42-t8:  70%|███████   | 35/50 [00:42<00:18,  1.21s/it, Saved at =inf, TrLoss=0.1857]
 Training FV-edg60000-s42-t8:  70%|███████   | 35/50 [00:43<00:18,  1.21s/it, Saved at =inf, TrLoss=0.1858]
 Training FV-edg60000-s42-t8:  72%|███████▏  | 36/50 [00:43<00:16,  1.21s/it, Saved at =inf, TrLoss=0.1858]
 Training FV-edg60000-s42-t8:  72%|███████▏  | 36/50 [00:44<00:16,  1.21s/it, Saved at =inf, TrLoss=0.1822]
 Training FV-edg60000-s42-t8:  74%|███████▍  | 37/50 [00:44<00:15,  1.21s/it, Saved at =inf, TrLoss=0.1822]
 Training FV-edg60000-s42-t8:  74%|███████▍  | 37/50 [00:45<00:15,  1.21s/it, Saved at =inf, TrLoss=0.1826]
 Training FV-edg60000-s42-t8:  76%|███████▌  | 38/50 [00:46<00:14,  1.21s/it, Saved at =inf, TrLoss=0.1826]
 Training FV-edg60000-s42-t8:  76%|███████▌  | 38/50 [00:47<00:14,  1.21s/it, Saved at =inf, TrLoss=0.1802]
 Training FV-edg60000-s42-t8:  78%|███████▊  | 39/50 [00:47<00:13,  1.21s/it, Saved at =inf, TrLoss=0.1802]
 Training FV-edg60000-s42-t8:  78%|███████▊  | 39/50 [00:48<00:13,  1.21s/it, Saved at =inf, TrLoss=0.1795]
 Training FV-edg60000-s42-t8:  80%|████████  | 40/50 [00:48<00:12,  1.21s/it, Saved at =inf, TrLoss=0.1795]
 Training FV-edg60000-s42-t8:  80%|████████  | 40/50 [00:49<00:12,  1.21s/it, Saved at =inf, TrLoss=0.1796]
 Training FV-edg60000-s42-t8:  82%|████████▏ | 41/50 [00:49<00:10,  1.21s/it, Saved at =inf, TrLoss=0.1796]
 Training FV-edg60000-s42-t8:  82%|████████▏ | 41/50 [00:50<00:10,  1.21s/it, Saved at =inf, TrLoss=0.1756]
 Training FV-edg60000-s42-t8:  84%|████████▍ | 42/50 [00:50<00:09,  1.21s/it, Saved at =inf, TrLoss=0.1756]
 Training FV-edg60000-s42-t8:  84%|████████▍ | 42/50 [00:51<00:09,  1.21s/it, Saved at =inf, TrLoss=0.1754]
 Training FV-edg60000-s42-t8:  86%|████████▌ | 43/50 [00:52<00:08,  1.21s/it, Saved at =inf, TrLoss=0.1754]
 Training FV-edg60000-s42-t8:  86%|████████▌ | 43/50 [00:53<00:08,  1.21s/it, Saved at =inf, TrLoss=0.1761]
 Training FV-edg60000-s42-t8:  88%|████████▊ | 44/50 [00:53<00:07,  1.21s/it, Saved at =inf, TrLoss=0.1761]
 Training FV-edg60000-s42-t8:  88%|████████▊ | 44/50 [00:54<00:07,  1.21s/it, Saved at =inf, TrLoss=0.1736]
 Training FV-edg60000-s42-t8:  90%|█████████ | 45/50 [00:54<00:06,  1.21s/it, Saved at =inf, TrLoss=0.1736]
 Training FV-edg60000-s42-t8:  90%|█████████ | 45/50 [00:55<00:06,  1.21s/it, Saved at =inf, TrLoss=0.1714]
 Training FV-edg60000-s42-t8:  92%|█████████▏| 46/50 [00:55<00:04,  1.21s/it, Saved at =inf, TrLoss=0.1714]
 Training FV-edg60000-s42-t8:  92%|█████████▏| 46/50 [00:56<00:04,  1.21s/it, Saved at =inf, TrLoss=0.1744]
 Training FV-edg60000-s42-t8:  94%|█████████▍| 47/50 [00:57<00:03,  1.21s/it, Saved at =inf, TrLoss=0.1744]
 Training FV-edg60000-s42-t8:  94%|█████████▍| 47/50 [00:58<00:03,  1.21s/it, Saved at =inf, TrLoss=0.1728]
 Training FV-edg60000-s42-t8:  96%|█████████▌| 48/50 [00:58<00:02,  1.21s/it, Saved at =inf, TrLoss=0.1728]
 Training FV-edg60000-s42-t8:  96%|█████████▌| 48/50 [00:59<00:02,  1.21s/it, Saved at =inf, TrLoss=0.1696]
 Training FV-edg60000-s42-t8:  98%|█████████▊| 49/50 [00:59<00:01,  1.21s/it, Saved at =inf, TrLoss=0.1696]
 Training FV-edg60000-s42-t8:  98%|█████████▊| 49/50 [01:00<00:01,  1.21s/it, Saved at =inf, TrLoss=0.1718]
 Training FV-edg60000-s42-t8: 100%|██████████| 50/50 [01:00<00:00,  1.21s/it, Saved at =inf, TrLoss=0.1718]
 Training FV-edg60000-s42-t8: 100%|██████████| 50/50 [01:00<00:00,  1.21s/it, Saved at =inf, TrLoss=0.1718]

 Training FV-edg60000-s42-t9:   0%|          | 0/50 [00:00<?, ?it/s]
 Training FV-edg60000-s42-t9:   0%|          | 0/50 [00:01<?, ?it/s, Saved at =inf, TrLoss=0.7555]
 Training FV-edg60000-s42-t9:   2%|▏         | 1/50 [00:01<01:11,  1.45s/it, Saved at =inf, TrLoss=0.7555]
 Training FV-edg60000-s42-t9:   2%|▏         | 1/50 [00:02<01:11,  1.45s/it, Saved at =inf, TrLoss=0.6026]
 Training FV-edg60000-s42-t9:   4%|▍         | 2/50 [00:02<01:09,  1.44s/it, Saved at =inf, TrLoss=0.6026]
 Training FV-edg60000-s42-t9:   4%|▍         | 2/50 [00:04<01:09,  1.44s/it, Saved at =inf, TrLoss=0.5170]
 Training FV-edg60000-s42-t9:   6%|▌         | 3/50 [00:04<01:07,  1.43s/it, Saved at =inf, TrLoss=0.5170]
 Training FV-edg60000-s42-t9:   6%|▌         | 3/50 [00:05<01:07,  1.43s/it, Saved at =inf, TrLoss=0.4938]
 Training FV-edg60000-s42-t9:   8%|▊         | 4/50 [00:05<01:05,  1.43s/it, Saved at =inf, TrLoss=0.4938]
 Training FV-edg60000-s42-t9:   8%|▊         | 4/50 [00:06<01:05,  1.43s/it, Saved at =inf, TrLoss=0.4661]
 Training FV-edg60000-s42-t9:  10%|█         | 5/50 [00:07<01:04,  1.43s/it, Saved at =inf, TrLoss=0.4661]
 Training FV-edg60000-s42-t9:  10%|█         | 5/50 [00:08<01:04,  1.43s/it, Saved at =inf, TrLoss=0.4419]
 Training FV-edg60000-s42-t9:  12%|█▏        | 6/50 [00:08<01:02,  1.43s/it, Saved at =inf, TrLoss=0.4419]
 Training FV-edg60000-s42-t9:  12%|█▏        | 6/50 [00:09<01:02,  1.43s/it, Saved at =inf, TrLoss=0.4113]
 Training FV-edg60000-s42-t9:  14%|█▍        | 7/50 [00:10<01:01,  1.43s/it, Saved at =inf, TrLoss=0.4113]
 Training FV-edg60000-s42-t9:  14%|█▍        | 7/50 [00:11<01:01,  1.43s/it, Saved at =inf, TrLoss=0.3821]
 Training FV-edg60000-s42-t9:  16%|█▌        | 8/50 [00:11<01:00,  1.43s/it, Saved at =inf, TrLoss=0.3821]
 Training FV-edg60000-s42-t9:  16%|█▌        | 8/50 [00:12<01:00,  1.43s/it, Saved at =inf, TrLoss=0.3580]
 Training FV-edg60000-s42-t9:  18%|█▊        | 9/50 [00:12<00:58,  1.43s/it, Saved at =inf, TrLoss=0.3580]
 Training FV-edg60000-s42-t9:  18%|█▊        | 9/50 [00:14<00:58,  1.43s/it, Saved at =inf, TrLoss=0.3311]
 Training FV-edg60000-s42-t9:  20%|██        | 10/50 [00:14<00:57,  1.43s/it, Saved at =inf, TrLoss=0.3311]
 Training FV-edg60000-s42-t9:  20%|██        | 10/50 [00:15<00:57,  1.43s/it, Saved at =inf, TrLoss=0.3218]
 Training FV-edg60000-s42-t9:  22%|██▏       | 11/50 [00:15<00:55,  1.43s/it, Saved at =inf, TrLoss=0.3218]
 Training FV-edg60000-s42-t9:  22%|██▏       | 11/50 [00:16<00:55,  1.43s/it, Saved at =inf, TrLoss=0.3155]
 Training FV-edg60000-s42-t9:  24%|██▍       | 12/50 [00:17<00:54,  1.43s/it, Saved at =inf, TrLoss=0.3155]
 Training FV-edg60000-s42-t9:  24%|██▍       | 12/50 [00:18<00:54,  1.43s/it, Saved at =inf, TrLoss=0.3292]
 Training FV-edg60000-s42-t9:  26%|██▌       | 13/50 [00:18<00:52,  1.43s/it, Saved at =inf, TrLoss=0.3292]
 Training FV-edg60000-s42-t9:  26%|██▌       | 13/50 [00:19<00:52,  1.43s/it, Saved at =inf, TrLoss=0.2890]
 Training FV-edg60000-s42-t9:  28%|██▊       | 14/50 [00:20<00:51,  1.43s/it, Saved at =inf, TrLoss=0.2890]
 Training FV-edg60000-s42-t9:  28%|██▊       | 14/50 [00:21<00:51,  1.43s/it, Saved at =inf, TrLoss=0.2822]
 Training FV-edg60000-s42-t9:  30%|███       | 15/50 [00:21<00:49,  1.43s/it, Saved at =inf, TrLoss=0.2822]
 Training FV-edg60000-s42-t9:  30%|███       | 15/50 [00:22<00:49,  1.43s/it, Saved at =inf, TrLoss=0.2665]
 Training FV-edg60000-s42-t9:  32%|███▏      | 16/50 [00:22<00:48,  1.43s/it, Saved at =inf, TrLoss=0.2665]
 Training FV-edg60000-s42-t9:  32%|███▏      | 16/50 [00:24<00:48,  1.43s/it, Saved at =inf, TrLoss=0.2650]
 Training FV-edg60000-s42-t9:  34%|███▍      | 17/50 [00:24<00:47,  1.43s/it, Saved at =inf, TrLoss=0.2650]
 Training FV-edg60000-s42-t9:  34%|███▍      | 17/50 [00:25<00:47,  1.43s/it, Saved at =inf, TrLoss=0.2479]
 Training FV-edg60000-s42-t9:  36%|███▌      | 18/50 [00:25<00:45,  1.43s/it, Saved at =inf, TrLoss=0.2479]
 Training FV-edg60000-s42-t9:  36%|███▌      | 18/50 [00:26<00:45,  1.43s/it, Saved at =inf, TrLoss=0.2519]
 Training FV-edg60000-s42-t9:  38%|███▊      | 19/50 [00:27<00:44,  1.43s/it, Saved at =inf, TrLoss=0.2519]
 Training FV-edg60000-s42-t9:  38%|███▊      | 19/50 [00:28<00:44,  1.43s/it, Saved at =inf, TrLoss=0.2398]
 Training FV-edg60000-s42-t9:  40%|████      | 20/50 [00:28<00:42,  1.43s/it, Saved at =inf, TrLoss=0.2398]
 Training FV-edg60000-s42-t9:  40%|████      | 20/50 [00:29<00:42,  1.43s/it, Saved at =inf, TrLoss=0.2349]
 Training FV-edg60000-s42-t9:  42%|████▏     | 21/50 [00:30<00:41,  1.43s/it, Saved at =inf, TrLoss=0.2349]
 Training FV-edg60000-s42-t9:  42%|████▏     | 21/50 [00:31<00:41,  1.43s/it, Saved at =inf, TrLoss=0.2281]
 Training FV-edg60000-s42-t9:  44%|████▍     | 22/50 [00:31<00:39,  1.43s/it, Saved at =inf, TrLoss=0.2281]
 Training FV-edg60000-s42-t9:  44%|████▍     | 22/50 [00:32<00:39,  1.43s/it, Saved at =inf, TrLoss=0.2221]
 Training FV-edg60000-s42-t9:  46%|████▌     | 23/50 [00:32<00:38,  1.43s/it, Saved at =inf, TrLoss=0.2221]
 Training FV-edg60000-s42-t9:  46%|████▌     | 23/50 [00:34<00:38,  1.43s/it, Saved at =inf, TrLoss=0.2205]
 Training FV-edg60000-s42-t9:  48%|████▊     | 24/50 [00:34<00:37,  1.43s/it, Saved at =inf, TrLoss=0.2205]
 Training FV-edg60000-s42-t9:  48%|████▊     | 24/50 [00:35<00:37,  1.43s/it, Saved at =inf, TrLoss=0.2178]
 Training FV-edg60000-s42-t9:  50%|█████     | 25/50 [00:35<00:35,  1.43s/it, Saved at =inf, TrLoss=0.2178]
 Training FV-edg60000-s42-t9:  50%|█████     | 25/50 [00:36<00:35,  1.43s/it, Saved at =inf, TrLoss=0.2183]
 Training FV-edg60000-s42-t9:  52%|█████▏    | 26/50 [00:37<00:34,  1.43s/it, Saved at =inf, TrLoss=0.2183]
 Training FV-edg60000-s42-t9:  52%|█████▏    | 26/50 [00:38<00:34,  1.43s/it, Saved at =inf, TrLoss=0.2071]
 Training FV-edg60000-s42-t9:  54%|█████▍    | 27/50 [00:38<00:32,  1.43s/it, Saved at =inf, TrLoss=0.2071]
 Training FV-edg60000-s42-t9:  54%|█████▍    | 27/50 [00:39<00:32,  1.43s/it, Saved at =inf, TrLoss=0.2137]
 Training FV-edg60000-s42-t9:  56%|█████▌    | 28/50 [00:40<00:31,  1.43s/it, Saved at =inf, TrLoss=0.2137]
 Training FV-edg60000-s42-t9:  56%|█████▌    | 28/50 [00:41<00:31,  1.43s/it, Saved at =inf, TrLoss=0.2036]
 Training FV-edg60000-s42-t9:  58%|█████▊    | 29/50 [00:41<00:29,  1.43s/it, Saved at =inf, TrLoss=0.2036]
 Training FV-edg60000-s42-t9:  58%|█████▊    | 29/50 [00:42<00:29,  1.43s/it, Saved at =inf, TrLoss=0.2093]
 Training FV-edg60000-s42-t9:  60%|██████    | 30/50 [00:42<00:28,  1.43s/it, Saved at =inf, TrLoss=0.2093]
 Training FV-edg60000-s42-t9:  60%|██████    | 30/50 [00:44<00:28,  1.43s/it, Saved at =inf, TrLoss=0.1979]
 Training FV-edg60000-s42-t9:  62%|██████▏   | 31/50 [00:44<00:27,  1.43s/it, Saved at =inf, TrLoss=0.1979]
 Training FV-edg60000-s42-t9:  62%|██████▏   | 31/50 [00:45<00:27,  1.43s/it, Saved at =inf, TrLoss=0.2046]
 Training FV-edg60000-s42-t9:  64%|██████▍   | 32/50 [00:45<00:25,  1.43s/it, Saved at =inf, TrLoss=0.2046]
 Training FV-edg60000-s42-t9:  64%|██████▍   | 32/50 [00:46<00:25,  1.43s/it, Saved at =inf, TrLoss=0.1955]
 Training FV-edg60000-s42-t9:  66%|██████▌   | 33/50 [00:47<00:24,  1.43s/it, Saved at =inf, TrLoss=0.1955]
 Training FV-edg60000-s42-t9:  66%|██████▌   | 33/50 [00:48<00:24,  1.43s/it, Saved at =inf, TrLoss=0.2000]
 Training FV-edg60000-s42-t9:  68%|██████▊   | 34/50 [00:48<00:22,  1.43s/it, Saved at =inf, TrLoss=0.2000]
 Training FV-edg60000-s42-t9:  68%|██████▊   | 34/50 [00:49<00:22,  1.43s/it, Saved at =inf, TrLoss=0.1944]
 Training FV-edg60000-s42-t9:  70%|███████   | 35/50 [00:50<00:21,  1.43s/it, Saved at =inf, TrLoss=0.1944]
 Training FV-edg60000-s42-t9:  70%|███████   | 35/50 [00:51<00:21,  1.43s/it, Saved at =inf, TrLoss=0.1931]
 Training FV-edg60000-s42-t9:  72%|███████▏  | 36/50 [00:51<00:19,  1.43s/it, Saved at =inf, TrLoss=0.1931]
 Training FV-edg60000-s42-t9:  72%|███████▏  | 36/50 [00:52<00:19,  1.43s/it, Saved at =inf, TrLoss=0.1907]
 Training FV-edg60000-s42-t9:  74%|███████▍  | 37/50 [00:52<00:18,  1.43s/it, Saved at =inf, TrLoss=0.1907]
 Training FV-edg60000-s42-t9:  74%|███████▍  | 37/50 [00:54<00:18,  1.43s/it, Saved at =inf, TrLoss=0.1896]
 Training FV-edg60000-s42-t9:  76%|███████▌  | 38/50 [00:54<00:17,  1.43s/it, Saved at =inf, TrLoss=0.1896]
 Training FV-edg60000-s42-t9:  76%|███████▌  | 38/50 [00:55<00:17,  1.43s/it, Saved at =inf, TrLoss=0.1886]
 Training FV-edg60000-s42-t9:  78%|███████▊  | 39/50 [00:55<00:15,  1.43s/it, Saved at =inf, TrLoss=0.1886]
 Training FV-edg60000-s42-t9:  78%|███████▊  | 39/50 [00:56<00:15,  1.43s/it, Saved at =inf, TrLoss=0.1871]
 Training FV-edg60000-s42-t9:  80%|████████  | 40/50 [00:57<00:14,  1.43s/it, Saved at =inf, TrLoss=0.1871]
 Training FV-edg60000-s42-t9:  80%|████████  | 40/50 [00:58<00:14,  1.43s/it, Saved at =inf, TrLoss=0.1864]
 Training FV-edg60000-s42-t9:  82%|████████▏ | 41/50 [00:58<00:12,  1.43s/it, Saved at =inf, TrLoss=0.1864]
 Training FV-edg60000-s42-t9:  82%|████████▏ | 41/50 [00:59<00:12,  1.43s/it, Saved at =inf, TrLoss=0.1828]
 Training FV-edg60000-s42-t9:  84%|████████▍ | 42/50 [01:00<00:11,  1.43s/it, Saved at =inf, TrLoss=0.1828]
 Training FV-edg60000-s42-t9:  84%|████████▍ | 42/50 [01:01<00:11,  1.43s/it, Saved at =inf, TrLoss=0.1830]
 Training FV-edg60000-s42-t9:  86%|████████▌ | 43/50 [01:01<00:09,  1.43s/it, Saved at =inf, TrLoss=0.1830]
 Training FV-edg60000-s42-t9:  86%|████████▌ | 43/50 [01:02<00:09,  1.43s/it, Saved at =inf, TrLoss=0.1792]
 Training FV-edg60000-s42-t9:  88%|████████▊ | 44/50 [01:02<00:08,  1.43s/it, Saved at =inf, TrLoss=0.1792]
 Training FV-edg60000-s42-t9:  88%|████████▊ | 44/50 [01:04<00:08,  1.43s/it, Saved at =inf, TrLoss=0.1808]
 Training FV-edg60000-s42-t9:  90%|█████████ | 45/50 [01:04<00:07,  1.43s/it, Saved at =inf, TrLoss=0.1808]
 Training FV-edg60000-s42-t9:  90%|█████████ | 45/50 [01:05<00:07,  1.43s/it, Saved at =inf, TrLoss=0.1775]
 Training FV-edg60000-s42-t9:  92%|█████████▏| 46/50 [01:05<00:05,  1.43s/it, Saved at =inf, TrLoss=0.1775]
 Training FV-edg60000-s42-t9:  92%|█████████▏| 46/50 [01:06<00:05,  1.43s/it, Saved at =inf, TrLoss=0.1792]
 Training FV-edg60000-s42-t9:  94%|█████████▍| 47/50 [01:07<00:04,  1.43s/it, Saved at =inf, TrLoss=0.1792]
 Training FV-edg60000-s42-t9:  94%|█████████▍| 47/50 [01:08<00:04,  1.43s/it, Saved at =inf, TrLoss=0.1775]
 Training FV-edg60000-s42-t9:  96%|█████████▌| 48/50 [01:08<00:02,  1.43s/it, Saved at =inf, TrLoss=0.1775]
 Training FV-edg60000-s42-t9:  96%|█████████▌| 48/50 [01:09<00:02,  1.43s/it, Saved at =inf, TrLoss=0.1761]
 Training FV-edg60000-s42-t9:  98%|█████████▊| 49/50 [01:10<00:01,  1.43s/it, Saved at =inf, TrLoss=0.1761]
 Training FV-edg60000-s42-t9:  98%|█████████▊| 49/50 [01:11<00:01,  1.43s/it, Saved at =inf, TrLoss=0.1771]
 Training FV-edg60000-s42-t9: 100%|██████████| 50/50 [01:11<00:00,  1.43s/it, Saved at =inf, TrLoss=0.1771]
 Training FV-edg60000-s42-t9: 100%|██████████| 50/50 [01:11<00:00,  1.43s/it, Saved at =inf, TrLoss=0.1771]

 Training ATK-edg60000-s42-t7:   0%|          | 0/50 [00:00<?, ?it/s]
 Training ATK-edg60000-s42-t7:   0%|          | 0/50 [00:00<?, ?it/s, Saved at =inf, TrLoss=0.7977]
 Training ATK-edg60000-s42-t7:   2%|▏         | 1/50 [00:01<00:51,  1.05s/it, Saved at =inf, TrLoss=0.7977]
 Training ATK-edg60000-s42-t7:   2%|▏         | 1/50 [00:01<00:51,  1.05s/it, Saved at =inf, TrLoss=0.6679]
 Training ATK-edg60000-s42-t7:   4%|▍         | 2/50 [00:02<00:50,  1.04s/it, Saved at =inf, TrLoss=0.6679]
 Training ATK-edg60000-s42-t7:   4%|▍         | 2/50 [00:02<00:50,  1.04s/it, Saved at =inf, TrLoss=0.5053]
 Training ATK-edg60000-s42-t7:   6%|▌         | 3/50 [00:03<00:48,  1.04s/it, Saved at =inf, TrLoss=0.5053]
 Training ATK-edg60000-s42-t7:   6%|▌         | 3/50 [00:03<00:48,  1.04s/it, Saved at =inf, TrLoss=0.5065]
 Training ATK-edg60000-s42-t7:   8%|▊         | 4/50 [00:04<00:47,  1.04s/it, Saved at =inf, TrLoss=0.5065]
 Training ATK-edg60000-s42-t7:   8%|▊         | 4/50 [00:04<00:47,  1.04s/it, Saved at =inf, TrLoss=0.4466]
 Training ATK-edg60000-s42-t7:  10%|█         | 5/50 [00:05<00:46,  1.03s/it, Saved at =inf, TrLoss=0.4466]
 Training ATK-edg60000-s42-t7:  10%|█         | 5/50 [00:06<00:46,  1.03s/it, Saved at =inf, TrLoss=0.4310]
 Training ATK-edg60000-s42-t7:  12%|█▏        | 6/50 [00:06<00:45,  1.03s/it, Saved at =inf, TrLoss=0.4310]
 Training ATK-edg60000-s42-t7:  12%|█▏        | 6/50 [00:07<00:45,  1.03s/it, Saved at =inf, TrLoss=0.3612]
 Training ATK-edg60000-s42-t7:  14%|█▍        | 7/50 [00:07<00:44,  1.03s/it, Saved at =inf, TrLoss=0.3612]
 Training ATK-edg60000-s42-t7:  14%|█▍        | 7/50 [00:08<00:44,  1.03s/it, Saved at =inf, TrLoss=0.3662]
 Training ATK-edg60000-s42-t7:  16%|█▌        | 8/50 [00:08<00:43,  1.03s/it, Saved at =inf, TrLoss=0.3662]
 Training ATK-edg60000-s42-t7:  16%|█▌        | 8/50 [00:09<00:43,  1.03s/it, Saved at =inf, TrLoss=0.3323]
 Training ATK-edg60000-s42-t7:  18%|█▊        | 9/50 [00:09<00:42,  1.03s/it, Saved at =inf, TrLoss=0.3323]
 Training ATK-edg60000-s42-t7:  18%|█▊        | 9/50 [00:10<00:42,  1.03s/it, Saved at =inf, TrLoss=0.3216]
 Training ATK-edg60000-s42-t7:  20%|██        | 10/50 [00:10<00:41,  1.03s/it, Saved at =inf, TrLoss=0.3216]
 Training ATK-edg60000-s42-t7:  20%|██        | 10/50 [00:11<00:41,  1.03s/it, Saved at =inf, TrLoss=0.3170]
 Training ATK-edg60000-s42-t7:  22%|██▏       | 11/50 [00:11<00:40,  1.03s/it, Saved at =inf, TrLoss=0.3170]
 Training ATK-edg60000-s42-t7:  22%|██▏       | 11/50 [00:12<00:40,  1.03s/it, Saved at =inf, TrLoss=0.2830]
 Training ATK-edg60000-s42-t7:  24%|██▍       | 12/50 [00:12<00:39,  1.03s/it, Saved at =inf, TrLoss=0.2830]
 Training ATK-edg60000-s42-t7:  24%|██▍       | 12/50 [00:13<00:39,  1.03s/it, Saved at =inf, TrLoss=0.2928]
 Training ATK-edg60000-s42-t7:  26%|██▌       | 13/50 [00:13<00:38,  1.03s/it, Saved at =inf, TrLoss=0.2928]
 Training ATK-edg60000-s42-t7:  26%|██▌       | 13/50 [00:14<00:38,  1.03s/it, Saved at =inf, TrLoss=0.2778]
 Training ATK-edg60000-s42-t7:  28%|██▊       | 14/50 [00:14<00:37,  1.03s/it, Saved at =inf, TrLoss=0.2778]
 Training ATK-edg60000-s42-t7:  28%|██▊       | 14/50 [00:15<00:37,  1.03s/it, Saved at =inf, TrLoss=0.2782]
 Training ATK-edg60000-s42-t7:  30%|███       | 15/50 [00:15<00:36,  1.03s/it, Saved at =inf, TrLoss=0.2782]
 Training ATK-edg60000-s42-t7:  30%|███       | 15/50 [00:16<00:36,  1.03s/it, Saved at =inf, TrLoss=0.2635]
 Training ATK-edg60000-s42-t7:  32%|███▏      | 16/50 [00:16<00:35,  1.03s/it, Saved at =inf, TrLoss=0.2635]
 Training ATK-edg60000-s42-t7:  32%|███▏      | 16/50 [00:17<00:35,  1.03s/it, Saved at =inf, TrLoss=0.2509]
 Training ATK-edg60000-s42-t7:  34%|███▍      | 17/50 [00:17<00:34,  1.03s/it, Saved at =inf, TrLoss=0.2509]
 Training ATK-edg60000-s42-t7:  34%|███▍      | 17/50 [00:18<00:34,  1.03s/it, Saved at =inf, TrLoss=0.2470]
 Training ATK-edg60000-s42-t7:  36%|███▌      | 18/50 [00:18<00:32,  1.03s/it, Saved at =inf, TrLoss=0.2470]
 Training ATK-edg60000-s42-t7:  36%|███▌      | 18/50 [00:19<00:32,  1.03s/it, Saved at =inf, TrLoss=0.2344]
 Training ATK-edg60000-s42-t7:  38%|███▊      | 19/50 [00:19<00:31,  1.03s/it, Saved at =inf, TrLoss=0.2344]
 Training ATK-edg60000-s42-t7:  38%|███▊      | 19/50 [00:20<00:31,  1.03s/it, Saved at =inf, TrLoss=0.2372]
 Training ATK-edg60000-s42-t7:  40%|████      | 20/50 [00:20<00:30,  1.03s/it, Saved at =inf, TrLoss=0.2372]
 Training ATK-edg60000-s42-t7:  40%|████      | 20/50 [00:21<00:30,  1.03s/it, Saved at =inf, TrLoss=0.2250]
 Training ATK-edg60000-s42-t7:  42%|████▏     | 21/50 [00:21<00:29,  1.03s/it, Saved at =inf, TrLoss=0.2250]
 Training ATK-edg60000-s42-t7:  42%|████▏     | 21/50 [00:22<00:29,  1.03s/it, Saved at =inf, TrLoss=0.2244]
 Training ATK-edg60000-s42-t7:  44%|████▍     | 22/50 [00:22<00:28,  1.03s/it, Saved at =inf, TrLoss=0.2244]
 Training ATK-edg60000-s42-t7:  44%|████▍     | 22/50 [00:23<00:28,  1.03s/it, Saved at =inf, TrLoss=0.2125]
 Training ATK-edg60000-s42-t7:  46%|████▌     | 23/50 [00:23<00:27,  1.03s/it, Saved at =inf, TrLoss=0.2125]
 Training ATK-edg60000-s42-t7:  46%|████▌     | 23/50 [00:24<00:27,  1.03s/it, Saved at =inf, TrLoss=0.2142]
 Training ATK-edg60000-s42-t7:  48%|████▊     | 24/50 [00:24<00:26,  1.03s/it, Saved at =inf, TrLoss=0.2142]
 Training ATK-edg60000-s42-t7:  48%|████▊     | 24/50 [00:25<00:26,  1.03s/it, Saved at =inf, TrLoss=0.2072]
 Training ATK-edg60000-s42-t7:  50%|█████     | 25/50 [00:25<00:25,  1.03s/it, Saved at =inf, TrLoss=0.2072]
 Training ATK-edg60000-s42-t7:  50%|█████     | 25/50 [00:26<00:25,  1.03s/it, Saved at =inf, TrLoss=0.2065]
 Training ATK-edg60000-s42-t7:  52%|█████▏    | 26/50 [00:26<00:24,  1.03s/it, Saved at =inf, TrLoss=0.2065]
 Training ATK-edg60000-s42-t7:  52%|█████▏    | 26/50 [00:27<00:24,  1.03s/it, Saved at =inf, TrLoss=0.2065]
 Training ATK-edg60000-s42-t7:  54%|█████▍    | 27/50 [00:27<00:23,  1.03s/it, Saved at =inf, TrLoss=0.2065]
 Training ATK-edg60000-s42-t7:  54%|█████▍    | 27/50 [00:28<00:23,  1.03s/it, Saved at =inf, TrLoss=0.1984]
 Training ATK-edg60000-s42-t7:  56%|█████▌    | 28/50 [00:28<00:22,  1.03s/it, Saved at =inf, TrLoss=0.1984]
 Training ATK-edg60000-s42-t7:  56%|█████▌    | 28/50 [00:29<00:22,  1.03s/it, Saved at =inf, TrLoss=0.2001]
 Training ATK-edg60000-s42-t7:  58%|█████▊    | 29/50 [00:29<00:21,  1.03s/it, Saved at =inf, TrLoss=0.2001]
 Training ATK-edg60000-s42-t7:  58%|█████▊    | 29/50 [00:30<00:21,  1.03s/it, Saved at =inf, TrLoss=0.1930]
 Training ATK-edg60000-s42-t7:  60%|██████    | 30/50 [00:30<00:20,  1.03s/it, Saved at =inf, TrLoss=0.1930]
 Training ATK-edg60000-s42-t7:  60%|██████    | 30/50 [00:31<00:20,  1.03s/it, Saved at =inf, TrLoss=0.1935]
 Training ATK-edg60000-s42-t7:  62%|██████▏   | 31/50 [00:31<00:19,  1.03s/it, Saved at =inf, TrLoss=0.1935]
 Training ATK-edg60000-s42-t7:  62%|██████▏   | 31/50 [00:32<00:19,  1.03s/it, Saved at =inf, TrLoss=0.1932]
 Training ATK-edg60000-s42-t7:  64%|██████▍   | 32/50 [00:33<00:18,  1.03s/it, Saved at =inf, TrLoss=0.1932]
 Training ATK-edg60000-s42-t7:  64%|██████▍   | 32/50 [00:33<00:18,  1.03s/it, Saved at =inf, TrLoss=0.1862]
 Training ATK-edg60000-s42-t7:  66%|██████▌   | 33/50 [00:34<00:17,  1.03s/it, Saved at =inf, TrLoss=0.1862]
 Training ATK-edg60000-s42-t7:  66%|██████▌   | 33/50 [00:34<00:17,  1.03s/it, Saved at =inf, TrLoss=0.1882]
 Training ATK-edg60000-s42-t7:  68%|██████▊   | 34/50 [00:35<00:16,  1.03s/it, Saved at =inf, TrLoss=0.1882]
 Training ATK-edg60000-s42-t7:  68%|██████▊   | 34/50 [00:35<00:16,  1.03s/it, Saved at =inf, TrLoss=0.1851]
 Training ATK-edg60000-s42-t7:  70%|███████   | 35/50 [00:36<00:15,  1.03s/it, Saved at =inf, TrLoss=0.1851]
 Training ATK-edg60000-s42-t7:  70%|███████   | 35/50 [00:36<00:15,  1.03s/it, Saved at =inf, TrLoss=0.1809]
 Training ATK-edg60000-s42-t7:  72%|███████▏  | 36/50 [00:37<00:14,  1.03s/it, Saved at =inf, TrLoss=0.1809]
 Training ATK-edg60000-s42-t7:  72%|███████▏  | 36/50 [00:37<00:14,  1.03s/it, Saved at =inf, TrLoss=0.1819]
 Training ATK-edg60000-s42-t7:  74%|███████▍  | 37/50 [00:38<00:13,  1.03s/it, Saved at =inf, TrLoss=0.1819]
 Training ATK-edg60000-s42-t7:  74%|███████▍  | 37/50 [00:39<00:13,  1.03s/it, Saved at =inf, TrLoss=0.1785]
 Training ATK-edg60000-s42-t7:  76%|███████▌  | 38/50 [00:39<00:12,  1.03s/it, Saved at =inf, TrLoss=0.1785]
 Training ATK-edg60000-s42-t7:  76%|███████▌  | 38/50 [00:40<00:12,  1.03s/it, Saved at =inf, TrLoss=0.1794]
 Training ATK-edg60000-s42-t7:  78%|███████▊  | 39/50 [00:40<00:11,  1.03s/it, Saved at =inf, TrLoss=0.1794]
 Training ATK-edg60000-s42-t7:  78%|███████▊  | 39/50 [00:41<00:11,  1.03s/it, Saved at =inf, TrLoss=0.1782]
 Training ATK-edg60000-s42-t7:  80%|████████  | 40/50 [00:41<00:10,  1.03s/it, Saved at =inf, TrLoss=0.1782]
 Training ATK-edg60000-s42-t7:  80%|████████  | 40/50 [00:42<00:10,  1.03s/it, Saved at =inf, TrLoss=0.1762]
 Training ATK-edg60000-s42-t7:  82%|████████▏ | 41/50 [00:42<00:09,  1.03s/it, Saved at =inf, TrLoss=0.1762]
 Training ATK-edg60000-s42-t7:  82%|████████▏ | 41/50 [00:43<00:09,  1.03s/it, Saved at =inf, TrLoss=0.1756]
 Training ATK-edg60000-s42-t7:  84%|████████▍ | 42/50 [00:43<00:08,  1.03s/it, Saved at =inf, TrLoss=0.1756]
 Training ATK-edg60000-s42-t7:  84%|████████▍ | 42/50 [00:44<00:08,  1.03s/it, Saved at =inf, TrLoss=0.1740]
 Training ATK-edg60000-s42-t7:  86%|████████▌ | 43/50 [00:44<00:07,  1.03s/it, Saved at =inf, TrLoss=0.1740]
 Training ATK-edg60000-s42-t7:  86%|████████▌ | 43/50 [00:45<00:07,  1.03s/it, Saved at =inf, TrLoss=0.1716]
 Training ATK-edg60000-s42-t7:  88%|████████▊ | 44/50 [00:45<00:06,  1.03s/it, Saved at =inf, TrLoss=0.1716]
 Training ATK-edg60000-s42-t7:  88%|████████▊ | 44/50 [00:46<00:06,  1.03s/it, Saved at =inf, TrLoss=0.1711]
 Training ATK-edg60000-s42-t7:  90%|█████████ | 45/50 [00:46<00:05,  1.03s/it, Saved at =inf, TrLoss=0.1711]
 Training ATK-edg60000-s42-t7:  90%|█████████ | 45/50 [00:47<00:05,  1.03s/it, Saved at =inf, TrLoss=0.1701]
 Training ATK-edg60000-s42-t7:  92%|█████████▏| 46/50 [00:47<00:04,  1.03s/it, Saved at =inf, TrLoss=0.1701]
 Training ATK-edg60000-s42-t7:  92%|█████████▏| 46/50 [00:48<00:04,  1.03s/it, Saved at =inf, TrLoss=0.1716]
 Training ATK-edg60000-s42-t7:  94%|█████████▍| 47/50 [00:48<00:03,  1.03s/it, Saved at =inf, TrLoss=0.1716]
 Training ATK-edg60000-s42-t7:  94%|█████████▍| 47/50 [00:49<00:03,  1.03s/it, Saved at =inf, TrLoss=0.1734]
 Training ATK-edg60000-s42-t7:  96%|█████████▌| 48/50 [00:49<00:02,  1.03s/it, Saved at =inf, TrLoss=0.1734]
 Training ATK-edg60000-s42-t7:  96%|█████████▌| 48/50 [00:50<00:02,  1.03s/it, Saved at =inf, TrLoss=0.1788]
 Training ATK-edg60000-s42-t7:  98%|█████████▊| 49/50 [00:50<00:01,  1.03s/it, Saved at =inf, TrLoss=0.1788]
 Training ATK-edg60000-s42-t7:  98%|█████████▊| 49/50 [00:51<00:01,  1.03s/it, Saved at =inf, TrLoss=0.1819]
 Training ATK-edg60000-s42-t7: 100%|██████████| 50/50 [00:51<00:00,  1.03s/it, Saved at =inf, TrLoss=0.1819]
 Training ATK-edg60000-s42-t7: 100%|██████████| 50/50 [00:51<00:00,  1.03s/it, Saved at =inf, TrLoss=0.1819]
[17:28:04]   MCC=0.600±0.066, AUC=0.901±0.022, BAcc=0.815±0.037
[17:31:47]   moderate B=1: n=25  flip_total=0.0%  flip_preexist=0.0%  (dR -0.0358 / -0.0202)
[17:35:15]   moderate B=3: n=25  flip_total=0.0%  flip_preexist=0.0%  (dR -0.064 / -0.0084)
[17:38:42]   moderate B=5: n=25  flip_total=0.0%  flip_preexist=0.0%  (dR -0.0874 / -0.0073)
[17:42:09]   high     B=1: n=25  flip_total=0.0%  flip_preexist=0.0%  (dR -0.0316 / -0.0075)
[17:45:43]   high     B=3: n=25  flip_total=0.0%  flip_preexist=0.0%  (dR -0.0677 / -0.0113)
[17:49:10]   high     B=5: n=25  flip_total=0.0%  flip_preexist=0.0%  (dR -0.0928 / -0.0139)
[17:49:10] 
Wrote paper/results/unified/loo_flip_edgfull_modhigh.json
