Total 24186 interactions from 2010-11-07 23:00:00 to 2016-01-21 23:00:00
Total 1901 days
In snapshot 0 Time:2011-05-17 02:24:00 #Edges=2208
In snapshot 1 Time:2011-11-23 03:48:00 #Edges=5005
In snapshot 2 Time:2012-05-31 07:12:00 #Edges=3105
In snapshot 3 Time:2012-12-07 08:36:00 #Edges=4127
In snapshot 4 Time:2013-06-15 12:00:00 #Edges=4003
In snapshot 5 Time:2013-12-22 13:24:00 #Edges=2562
In snapshot 6 Time:2014-06-30 16:48:00 #Edges=1623
In snapshot 7 Time:2015-01-06 18:12:00 #Edges=1189
In snapshot 8 Time:2015-07-15 21:36:00 #Edges=216
In snapshot 9 Time:2016-01-21 23:00:00 #Edges=147
--------------- Getting training and testing snapshots starts ---------------
Snapshot index [2208, 7213, 10318, 14445, 18448, 21010, 22633, 23822, 24038, 24185] 22633
1189 edges at snapshot t+1
Trust and distrust distribution: 743 139
Observed single-timeslot test edges: 882
--------------- Getting training and testing snapshots ends ---------------

Training started.


Loss:   0%|          | 0/50 [00:00<?, ?it/s]
TrustGuard (Loss=0.719):   0%|          | 0/50 [00:00<?, ?it/s]mcc, auc, acc_balanced, precision, f1_micro, f1_macro 

0.0749 0.7178 0.5433 0.4540 0.3390 0.3354
mcc, auc, acc_balanced, precision, f1_micro, f1_macro 

0.0749 0.7178 0.5433 0.4540 0.3390 0.3354

TrustGuard (Loss=0.719):   2%|▏         | 1/50 [00:00<00:28,  1.75it/s]
TrustGuard (Loss=0.6266):   2%|▏         | 1/50 [00:00<00:28,  1.75it/s]mcc, auc, acc_balanced, precision, f1_micro, f1_macro 

0.4080 0.7357 0.6626 0.5353 0.8651 0.6922
mcc, auc, acc_balanced, precision, f1_micro, f1_macro 

0.4080 0.7357 0.6626 0.5353 0.8651 0.6922

TrustGuard (Loss=0.6266):   4%|▍         | 2/50 [00:00<00:15,  3.02it/s]
TrustGuard (Loss=0.5838):   4%|▍         | 2/50 [00:00<00:15,  3.02it/s]mcc, auc, acc_balanced, precision, f1_micro, f1_macro 

0.3730 0.7409 0.6892 0.5274 0.8311 0.6864
mcc, auc, acc_balanced, precision, f1_micro, f1_macro 

0.3730 0.7409 0.6892 0.5274 0.8311 0.6864

TrustGuard (Loss=0.5838):   6%|▌         | 3/50 [00:00<00:11,  4.02it/s]
TrustGuard (Loss=0.5428):   6%|▌         | 3/50 [00:00<00:11,  4.02it/s]mcc, auc, acc_balanced, precision, f1_micro, f1_macro 

0.4067 0.7547 0.7063 0.5460 0.8401 0.7033
mcc, auc, acc_balanced, precision, f1_micro, f1_macro 

0.4067 0.7547 0.7063 0.5460 0.8401 0.7033

TrustGuard (Loss=0.5428):   8%|▊         | 4/50 [00:01<00:10,  4.20it/s]
TrustGuard (Loss=0.5129):   8%|▊         | 4/50 [00:01<00:10,  4.20it/s]mcc, auc, acc_balanced, precision, f1_micro, f1_macro 

0.4419 0.7628 0.6732 0.5586 0.8730 0.7069
mcc, auc, acc_balanced, precision, f1_micro, f1_macro 

0.4419 0.7628 0.6732 0.5586 0.8730 0.7069

TrustGuard (Loss=0.5129):  10%|█         | 5/50 [00:01<00:09,  4.64it/s]
TrustGuard (Loss=0.487):  10%|█         | 5/50 [00:01<00:09,  4.64it/s] mcc, auc, acc_balanced, precision, f1_micro, f1_macro 

0.4286 0.7783 0.7078 0.5670 0.8526 0.7140
mcc, auc, acc_balanced, precision, f1_micro, f1_macro 

0.4286 0.7783 0.7078 0.5670 0.8526 0.7140

TrustGuard (Loss=0.487):  12%|█▏        | 6/50 [00:01<00:08,  5.19it/s]
TrustGuard (Loss=0.4594):  12%|█▏        | 6/50 [00:01<00:08,  5.19it/s]mcc, auc, acc_balanced, precision, f1_micro, f1_macro 

0.4147 0.7894 0.7144 0.5693 0.8390 0.7070
mcc, auc, acc_balanced, precision, f1_micro, f1_macro 

0.4147 0.7894 0.7144 0.5693 0.8390 0.7070

TrustGuard (Loss=0.4594):  14%|█▍        | 7/50 [00:01<00:08,  5.03it/s]
TrustGuard (Loss=0.4371):  14%|█▍        | 7/50 [00:01<00:08,  5.03it/s]mcc, auc, acc_balanced, precision, f1_micro, f1_macro 

0.4455 0.7865 0.7074 0.5571 0.8617 0.7213
mcc, auc, acc_balanced, precision, f1_micro, f1_macro 

0.4455 0.7865 0.7074 0.5571 0.8617 0.7213

TrustGuard (Loss=0.4371):  16%|█▌        | 8/50 [00:01<00:08,  4.69it/s]
TrustGuard (Loss=0.4201):  16%|█▌        | 8/50 [00:01<00:08,  4.69it/s]mcc, auc, acc_balanced, precision, f1_micro, f1_macro 

0.3285 0.7863 0.7076 0.5454 0.7438 0.6397
mcc, auc, acc_balanced, precision, f1_micro, f1_macro 

0.3285 0.7863 0.7076 0.5454 0.7438 0.6397

TrustGuard (Loss=0.4201):  18%|█▊        | 9/50 [00:02<00:08,  5.06it/s]
TrustGuard (Loss=0.4054):  18%|█▊        | 9/50 [00:02<00:08,  5.06it/s]mcc, auc, acc_balanced, precision, f1_micro, f1_macro 

0.3939 0.7760 0.7083 0.5354 0.8288 0.6960
mcc, auc, acc_balanced, precision, f1_micro, f1_macro 

0.3939 0.7760 0.7083 0.5354 0.8288 0.6960

TrustGuard (Loss=0.4054):  20%|██        | 10/50 [00:02<00:07,  5.54it/s]
TrustGuard (Loss=0.39):  20%|██        | 10/50 [00:02<00:07,  5.54it/s]  mcc, auc, acc_balanced, precision, f1_micro, f1_macro 

0.3165 0.7745 0.6920 0.5323 0.7619 0.6437
mcc, auc, acc_balanced, precision, f1_micro, f1_macro 

0.3165 0.7745 0.6920 0.5323 0.7619 0.6437

TrustGuard (Loss=0.39):  22%|██▏       | 11/50 [00:02<00:08,  4.74it/s]
TrustGuard (Loss=0.367):  22%|██▏       | 11/50 [00:02<00:08,  4.74it/s]mcc, auc, acc_balanced, precision, f1_micro, f1_macro 

0.3144 0.7735 0.6956 0.5290 0.7483 0.6373
mcc, auc, acc_balanced, precision, f1_micro, f1_macro 

0.3144 0.7735 0.6956 0.5290 0.7483 0.6373

TrustGuard (Loss=0.367):  24%|██▍       | 12/50 [00:02<00:07,  4.86it/s]
TrustGuard (Loss=0.3542):  24%|██▍       | 12/50 [00:02<00:07,  4.86it/s]mcc, auc, acc_balanced, precision, f1_micro, f1_macro 

0.4158 0.7673 0.7166 0.5270 0.8379 0.7074
mcc, auc, acc_balanced, precision, f1_micro, f1_macro 

0.4158 0.7673 0.7166 0.5270 0.8379 0.7074

TrustGuard (Loss=0.3542):  26%|██▌       | 13/50 [00:02<00:07,  4.90it/s]
TrustGuard (Loss=0.3475):  26%|██▌       | 13/50 [00:02<00:07,  4.90it/s]mcc, auc, acc_balanced, precision, f1_micro, f1_macro 

0.3353 0.7730 0.7026 0.5304 0.7698 0.6536
mcc, auc, acc_balanced, precision, f1_micro, f1_macro 

0.3353 0.7730 0.7026 0.5304 0.7698 0.6536

TrustGuard (Loss=0.3475):  28%|██▊       | 14/50 [00:03<00:07,  5.13it/s]
TrustGuard (Loss=0.327):  28%|██▊       | 14/50 [00:03<00:07,  5.13it/s] mcc, auc, acc_balanced, precision, f1_micro, f1_macro 

0.3514 0.7768 0.7093 0.5349 0.7812 0.6639
mcc, auc, acc_balanced, precision, f1_micro, f1_macro 

0.3514 0.7768 0.7093 0.5349 0.7812 0.6639

TrustGuard (Loss=0.327):  30%|███       | 15/50 [00:03<00:06,  5.18it/s]
TrustGuard (Loss=0.3157):  30%|███       | 15/50 [00:03<00:06,  5.18it/s]mcc, auc, acc_balanced, precision, f1_micro, f1_macro 

0.4612 0.7767 0.7265 0.5412 0.8594 0.7305
mcc, auc, acc_balanced, precision, f1_micro, f1_macro 

0.4612 0.7767 0.7265 0.5412 0.8594 0.7305

TrustGuard (Loss=0.3157):  32%|███▏      | 16/50 [00:03<00:06,  5.63it/s]
TrustGuard (Loss=0.3119):  32%|███▏      | 16/50 [00:03<00:06,  5.63it/s]mcc, auc, acc_balanced, precision, f1_micro, f1_macro 

0.3560 0.7891 0.7097 0.5441 0.7868 0.6678
mcc, auc, acc_balanced, precision, f1_micro, f1_macro 

0.3560 0.7891 0.7097 0.5441 0.7868 0.6678

TrustGuard (Loss=0.3119):  34%|███▍      | 17/50 [00:03<00:05,  5.64it/s]
TrustGuard (Loss=0.2959):  34%|███▍      | 17/50 [00:03<00:05,  5.64it/s]mcc, auc, acc_balanced, precision, f1_micro, f1_macro 

0.4171 0.7945 0.7227 0.5507 0.8333 0.7071
mcc, auc, acc_balanced, precision, f1_micro, f1_macro 

0.4171 0.7945 0.7227 0.5507 0.8333 0.7071

TrustGuard (Loss=0.2959):  36%|███▌      | 18/50 [00:03<00:07,  4.39it/s]
TrustGuard (Loss=0.2826):  36%|███▌      | 18/50 [00:03<00:07,  4.39it/s]mcc, auc, acc_balanced, precision, f1_micro, f1_macro 

0.3925 0.8011 0.6885 0.5569 0.8447 0.6958
mcc, auc, acc_balanced, precision, f1_micro, f1_macro 

0.3925 0.8011 0.6885 0.5569 0.8447 0.6958

TrustGuard (Loss=0.2826):  38%|███▊      | 19/50 [00:04<00:07,  4.12it/s]
TrustGuard (Loss=0.2772):  38%|███▊      | 19/50 [00:04<00:07,  4.12it/s]mcc, auc, acc_balanced, precision, f1_micro, f1_macro 

0.3708 0.8127 0.7199 0.5524 0.7891 0.6741
mcc, auc, acc_balanced, precision, f1_micro, f1_macro 

0.3708 0.8127 0.7199 0.5524 0.7891 0.6741

TrustGuard (Loss=0.2772):  40%|████      | 20/50 [00:04<00:07,  4.11it/s]
TrustGuard (Loss=0.2837):  40%|████      | 20/50 [00:04<00:07,  4.11it/s]mcc, auc, acc_balanced, precision, f1_micro, f1_macro 

0.4349 0.8096 0.6592 0.5666 0.8741 0.6962
mcc, auc, acc_balanced, precision, f1_micro, f1_macro 

0.4349 0.8096 0.6592 0.5666 0.8741 0.6962

TrustGuard (Loss=0.2837):  42%|████▏     | 21/50 [00:04<00:06,  4.27it/s]
TrustGuard (Loss=0.3282):  42%|████▏     | 21/50 [00:04<00:06,  4.27it/s]mcc, auc, acc_balanced, precision, f1_micro, f1_macro 

0.3769 0.8224 0.7147 0.5703 0.8050 0.6824
mcc, auc, acc_balanced, precision, f1_micro, f1_macro 

0.3769 0.8224 0.7147 0.5703 0.8050 0.6824

TrustGuard (Loss=0.3282):  44%|████▍     | 22/50 [00:04<00:05,  4.87it/s]
TrustGuard (Loss=0.2651):  44%|████▍     | 22/50 [00:04<00:05,  4.87it/s]mcc, auc, acc_balanced, precision, f1_micro, f1_macro 

0.4019 0.8264 0.7408 0.5765 0.7948 0.6874
mcc, auc, acc_balanced, precision, f1_micro, f1_macro 

0.4019 0.8264 0.7408 0.5765 0.7948 0.6874

TrustGuard (Loss=0.2651):  46%|████▌     | 23/50 [00:05<00:06,  4.44it/s]
TrustGuard (Loss=0.2722):  46%|████▌     | 23/50 [00:05<00:06,  4.44it/s]mcc, auc, acc_balanced, precision, f1_micro, f1_macro 

0.4461 0.8263 0.6738 0.5869 0.8741 0.7084
mcc, auc, acc_balanced, precision, f1_micro, f1_macro 

0.4461 0.8263 0.6738 0.5869 0.8741 0.7084

TrustGuard (Loss=0.2722):  48%|████▊     | 24/50 [00:05<00:06,  4.27it/s]
TrustGuard (Loss=0.2747):  48%|████▊     | 24/50 [00:05<00:06,  4.27it/s]mcc, auc, acc_balanced, precision, f1_micro, f1_macro 

0.4387 0.8321 0.6777 0.5955 0.8707 0.7085
mcc, auc, acc_balanced, precision, f1_micro, f1_macro 

0.4387 0.8321 0.6777 0.5955 0.8707 0.7085

TrustGuard (Loss=0.2747):  50%|█████     | 25/50 [00:05<00:06,  4.14it/s]
TrustGuard (Loss=0.2562):  50%|█████     | 25/50 [00:05<00:06,  4.14it/s]mcc, auc, acc_balanced, precision, f1_micro, f1_macro 

0.4212 0.8388 0.7482 0.6007 0.8073 0.6996
mcc, auc, acc_balanced, precision, f1_micro, f1_macro 

0.4212 0.8388 0.7482 0.6007 0.8073 0.6996

TrustGuard (Loss=0.2562):  52%|█████▏    | 26/50 [00:05<00:05,  4.15it/s]
TrustGuard (Loss=0.2572):  52%|█████▏    | 26/50 [00:05<00:05,  4.15it/s]mcc, auc, acc_balanced, precision, f1_micro, f1_macro 

0.4636 0.8425 0.7537 0.6086 0.8413 0.7288
mcc, auc, acc_balanced, precision, f1_micro, f1_macro 

0.4636 0.8425 0.7537 0.6086 0.8413 0.7288

TrustGuard (Loss=0.2572):  54%|█████▍    | 27/50 [00:06<00:05,  4.10it/s]
TrustGuard (Loss=0.2439):  54%|█████▍    | 27/50 [00:06<00:05,  4.10it/s]mcc, auc, acc_balanced, precision, f1_micro, f1_macro 

0.4557 0.8437 0.6855 0.6141 0.8741 0.7173
mcc, auc, acc_balanced, precision, f1_micro, f1_macro 

0.4557 0.8437 0.6855 0.6141 0.8741 0.7173

TrustGuard (Loss=0.2439):  56%|█████▌    | 28/50 [00:06<00:05,  4.18it/s]
TrustGuard (Loss=0.2424):  56%|█████▌    | 28/50 [00:06<00:05,  4.18it/s]mcc, auc, acc_balanced, precision, f1_micro, f1_macro 

0.4787 0.8463 0.6918 0.6194 0.8798 0.7269
mcc, auc, acc_balanced, precision, f1_micro, f1_macro 

0.4787 0.8463 0.6918 0.6194 0.8798 0.7269

TrustGuard (Loss=0.2424):  58%|█████▊    | 29/50 [00:06<00:05,  3.90it/s]
TrustGuard (Loss=0.2416):  58%|█████▊    | 29/50 [00:06<00:05,  3.90it/s]mcc, auc, acc_balanced, precision, f1_micro, f1_macro 

0.4879 0.8506 0.7460 0.6238 0.8628 0.7439
mcc, auc, acc_balanced, precision, f1_micro, f1_macro 

0.4879 0.8506 0.7460 0.6238 0.8628 0.7439

TrustGuard (Loss=0.2416):  60%|██████    | 30/50 [00:06<00:05,  3.92it/s]
TrustGuard (Loss=0.2276):  60%|██████    | 30/50 [00:06<00:05,  3.92it/s]mcc, auc, acc_balanced, precision, f1_micro, f1_macro 

0.4561 0.8510 0.7533 0.6238 0.8356 0.7239
mcc, auc, acc_balanced, precision, f1_micro, f1_macro 

0.4561 0.8510 0.7533 0.6238 0.8356 0.7239

TrustGuard (Loss=0.2276):  62%|██████▏   | 31/50 [00:07<00:05,  3.63it/s]
TrustGuard (Loss=0.2372):  62%|██████▏   | 31/50 [00:07<00:05,  3.63it/s]mcc, auc, acc_balanced, precision, f1_micro, f1_macro 

0.4874 0.8526 0.7184 0.6281 0.8753 0.7402
mcc, auc, acc_balanced, precision, f1_micro, f1_macro 

0.4874 0.8526 0.7184 0.6281 0.8753 0.7402

TrustGuard (Loss=0.2372):  64%|██████▍   | 32/50 [00:07<00:05,  3.43it/s]
TrustGuard (Loss=0.2208):  64%|██████▍   | 32/50 [00:07<00:05,  3.43it/s]mcc, auc, acc_balanced, precision, f1_micro, f1_macro 

0.4830 0.8518 0.6925 0.6287 0.8810 0.7284
mcc, auc, acc_balanced, precision, f1_micro, f1_macro 

0.4830 0.8518 0.6925 0.6287 0.8810 0.7284

TrustGuard (Loss=0.2208):  66%|██████▌   | 33/50 [00:07<00:05,  3.36it/s]
TrustGuard (Loss=0.2306):  66%|██████▌   | 33/50 [00:07<00:05,  3.36it/s]mcc, auc, acc_balanced, precision, f1_micro, f1_macro 

0.4762 0.8530 0.7208 0.6283 0.8696 0.7364
mcc, auc, acc_balanced, precision, f1_micro, f1_macro 

0.4762 0.8530 0.7208 0.6283 0.8696 0.7364

TrustGuard (Loss=0.2306):  68%|██████▊   | 34/50 [00:08<00:05,  3.20it/s]
TrustGuard (Loss=0.2142):  68%|██████▊   | 34/50 [00:08<00:05,  3.20it/s]mcc, auc, acc_balanced, precision, f1_micro, f1_macro 

0.4626 0.8509 0.7553 0.6241 0.8390 0.7276
mcc, auc, acc_balanced, precision, f1_micro, f1_macro 

0.4626 0.8509 0.7553 0.6241 0.8390 0.7276

TrustGuard (Loss=0.2142):  70%|███████   | 35/50 [00:08<00:04,  3.24it/s]
TrustGuard (Loss=0.2244):  70%|███████   | 35/50 [00:08<00:04,  3.24it/s]mcc, auc, acc_balanced, precision, f1_micro, f1_macro 

0.4886 0.8515 0.7258 0.6276 0.8730 0.7424
mcc, auc, acc_balanced, precision, f1_micro, f1_macro 

0.4886 0.8515 0.7258 0.6276 0.8730 0.7424

TrustGuard (Loss=0.2089):  70%|███████   | 35/50 [00:08<00:04,  3.24it/s]mcc, auc, acc_balanced, precision, f1_micro, f1_macro 

0.4749 0.8494 0.6963 0.6280 0.8776 0.7280
mcc, auc, acc_balanced, precision, f1_micro, f1_macro 

0.4749 0.8494 0.6963 0.6280 0.8776 0.7280

TrustGuard (Loss=0.2089):  74%|███████▍  | 37/50 [00:08<00:02,  4.39it/s]
TrustGuard (Loss=0.2166):  74%|███████▍  | 37/50 [00:08<00:02,  4.39it/s]mcc, auc, acc_balanced, precision, f1_micro, f1_macro 

0.5054 0.8477 0.7292 0.6245 0.8787 0.7498
mcc, auc, acc_balanced, precision, f1_micro, f1_macro 

0.5054 0.8477 0.7292 0.6245 0.8787 0.7498

TrustGuard (Loss=0.2166):  76%|███████▌  | 38/50 [00:08<00:02,  4.34it/s]
TrustGuard (Loss=0.2035):  76%|███████▌  | 38/50 [00:09<00:02,  4.34it/s]mcc, auc, acc_balanced, precision, f1_micro, f1_macro 

0.4717 0.8443 0.7542 0.6191 0.8469 0.7338
mcc, auc, acc_balanced, precision, f1_micro, f1_macro 

0.4717 0.8443 0.7542 0.6191 0.8469 0.7338

TrustGuard (Loss=0.2035):  78%|███████▊  | 39/50 [00:09<00:02,  4.14it/s]
TrustGuard (Loss=0.2097):  78%|███████▊  | 39/50 [00:09<00:02,  4.14it/s]mcc, auc, acc_balanced, precision, f1_micro, f1_macro 

0.4799 0.8428 0.7193 0.6182 0.8719 0.7376
mcc, auc, acc_balanced, precision, f1_micro, f1_macro 

0.4799 0.8428 0.7193 0.6182 0.8719 0.7376

TrustGuard (Loss=0.2097):  80%|████████  | 40/50 [00:09<00:02,  4.07it/s]
TrustGuard (Loss=0.198):  80%|████████  | 40/50 [00:09<00:02,  4.07it/s] mcc, auc, acc_balanced, precision, f1_micro, f1_macro 

0.4853 0.8410 0.7006 0.6165 0.8798 0.7330
mcc, auc, acc_balanced, precision, f1_micro, f1_macro 

0.4853 0.8410 0.7006 0.6165 0.8798 0.7330

TrustGuard (Loss=0.198):  82%|████████▏ | 41/50 [00:09<00:02,  4.00it/s]
TrustGuard (Loss=0.2026):  82%|████████▏ | 41/50 [00:09<00:02,  4.00it/s]mcc, auc, acc_balanced, precision, f1_micro, f1_macro 

0.4875 0.8389 0.7325 0.6103 0.8696 0.7431
mcc, auc, acc_balanced, precision, f1_micro, f1_macro 

0.4875 0.8389 0.7325 0.6103 0.8696 0.7431

TrustGuard (Loss=0.2026):  84%|████████▍ | 42/50 [00:09<00:02,  3.99it/s]
TrustGuard (Loss=0.1926):  84%|████████▍ | 42/50 [00:10<00:02,  3.99it/s]mcc, auc, acc_balanced, precision, f1_micro, f1_macro 

0.4552 0.8362 0.7395 0.6055 0.8469 0.7267
mcc, auc, acc_balanced, precision, f1_micro, f1_macro 

0.4552 0.8362 0.7395 0.6055 0.8469 0.7267

TrustGuard (Loss=0.1926):  86%|████████▌ | 43/50 [00:10<00:01,  4.31it/s]
TrustGuard (Loss=0.1961):  86%|████████▌ | 43/50 [00:10<00:01,  4.31it/s]mcc, auc, acc_balanced, precision, f1_micro, f1_macro 

0.4702 0.8351 0.7172 0.6060 0.8685 0.7332
mcc, auc, acc_balanced, precision, f1_micro, f1_macro 

0.4702 0.8351 0.7172 0.6060 0.8685 0.7332

TrustGuard (Loss=0.1961):  88%|████████▊ | 44/50 [00:10<00:01,  4.53it/s]
TrustGuard (Loss=0.1886):  88%|████████▊ | 44/50 [00:10<00:01,  4.53it/s]mcc, auc, acc_balanced, precision, f1_micro, f1_macro 

0.4725 0.8331 0.7082 0.6036 0.8730 0.7318
mcc, auc, acc_balanced, precision, f1_micro, f1_macro 

0.4725 0.8331 0.7082 0.6036 0.8730 0.7318

TrustGuard (Loss=0.1886):  90%|█████████ | 45/50 [00:10<00:01,  4.86it/s]
TrustGuard (Loss=0.1896):  90%|█████████ | 45/50 [00:10<00:01,  4.86it/s]mcc, auc, acc_balanced, precision, f1_micro, f1_macro 

0.4346 0.8302 0.7258 0.5988 0.8435 0.7168
mcc, auc, acc_balanced, precision, f1_micro, f1_macro 

0.4346 0.8302 0.7258 0.5988 0.8435 0.7168

TrustGuard (Loss=0.1896):  92%|█████████▏| 46/50 [00:10<00:00,  4.71it/s]
TrustGuard (Loss=0.1853):  92%|█████████▏| 46/50 [00:10<00:00,  4.71it/s]mcc, auc, acc_balanced, precision, f1_micro, f1_macro 

0.4395 0.8283 0.7272 0.5977 0.8458 0.7194
mcc, auc, acc_balanced, precision, f1_micro, f1_macro 

0.4395 0.8283 0.7272 0.5977 0.8458 0.7194

TrustGuard (Loss=0.1853):  94%|█████████▍| 47/50 [00:10<00:00,  5.32it/s]
TrustGuard (Loss=0.1823):  94%|█████████▍| 47/50 [00:10<00:00,  5.32it/s]mcc, auc, acc_balanced, precision, f1_micro, f1_macro 

0.4683 0.8289 0.7098 0.6023 0.8707 0.7307
mcc, auc, acc_balanced, precision, f1_micro, f1_macro 

0.4683 0.8289 0.7098 0.6023 0.8707 0.7307

TrustGuard (Loss=0.1823):  96%|█████████▌| 48/50 [00:11<00:00,  5.49it/s]
TrustGuard (Loss=0.1823):  96%|█████████▌| 48/50 [00:11<00:00,  5.49it/s]mcc, auc, acc_balanced, precision, f1_micro, f1_macro 

0.4755 0.8273 0.7298 0.6021 0.8651 0.7374
mcc, auc, acc_balanced, precision, f1_micro, f1_macro 

0.4755 0.8273 0.7298 0.6021 0.8651 0.7374

TrustGuard (Loss=0.1823):  98%|█████████▊| 49/50 [00:11<00:00,  5.26it/s]
TrustGuard (Loss=0.1762):  98%|█████████▊| 49/50 [00:11<00:00,  5.26it/s]mcc, auc, acc_balanced, precision, f1_micro, f1_macro 

0.4343 0.8249 0.7297 0.6011 0.8401 0.7161
mcc, auc, acc_balanced, precision, f1_micro, f1_macro 

0.4343 0.8249 0.7297 0.6011 0.8401 0.7161

TrustGuard (Loss=0.1762): 100%|██████████| 50/50 [00:11<00:00,  5.48it/s]
TrustGuard (Loss=0.1762): 100%|██████████| 50/50 [00:11<00:00,  4.38it/s]
alpha label-delta {'0': '3.03e-01', '1': '3.63e-01', '2': '3.31e-01', '3': '3.23e-01', '4': '3.40e-01', '5': '3.31e-01', '6': '3.28e-01', 'appended': '1.99e-08'}
alpha flip {'n_eligible': 25, 'flip_total_pct': 96.0, 'flip_prop_pct': 88.0, 'k_total': 24, 'k_prop': 22, 'mean_dR_total': -0.2864293846487999}
saved paper/results/unified/p0b_trustguard_alpha.json
