<ps-env>/lib/python3.10/site-packages/networkx/utils/backends.py:563: RuntimeWarning: Error encountered when loading info for backend cugraph: No module named '_nx_cugraph'
  backend_info.update(_get_backends("networkx.backend_info", load_and_call=True))
[06:32:35] 
============================================================
  REPUTATION BASELINES (paired) — otc
============================================================
[06:32:35] Training GDTE on otc (seed=42)...

 Training FV-otc-s42-t2:   0%|          | 0/50 [00:00<?, ?it/s]
 Training FV-otc-s42-t2:   0%|          | 0/50 [00:00<?, ?it/s, Saved at =inf, TrLoss=0.7166]
 Training FV-otc-s42-t2:   2%|▏         | 1/50 [00:00<00:19,  2.56it/s, Saved at =inf, TrLoss=0.7166]
 Training FV-otc-s42-t2:   2%|▏         | 1/50 [00:00<00:19,  2.56it/s, Saved at =inf, TrLoss=0.5475]
 Training FV-otc-s42-t2:   2%|▏         | 1/50 [00:00<00:19,  2.56it/s, Saved at =inf, TrLoss=0.4565]
 Training FV-otc-s42-t2:   6%|▌         | 3/50 [00:00<00:07,  6.66it/s, Saved at =inf, TrLoss=0.4565]
 Training FV-otc-s42-t2:   6%|▌         | 3/50 [00:00<00:07,  6.66it/s, Saved at =inf, TrLoss=0.4664]
 Training FV-otc-s42-t2:   6%|▌         | 3/50 [00:00<00:07,  6.66it/s, Saved at =inf, TrLoss=0.3041]
 Training FV-otc-s42-t2:  10%|█         | 5/50 [00:00<00:04,  9.41it/s, Saved at =inf, TrLoss=0.3041]
 Training FV-otc-s42-t2:  10%|█         | 5/50 [00:00<00:04,  9.41it/s, Saved at =inf, TrLoss=0.2621]
 Training FV-otc-s42-t2:  10%|█         | 5/50 [00:00<00:04,  9.41it/s, Saved at =inf, TrLoss=0.2439]
 Training FV-otc-s42-t2:  14%|█▍        | 7/50 [00:00<00:03, 11.28it/s, Saved at =inf, TrLoss=0.2439]
 Training FV-otc-s42-t2:  14%|█▍        | 7/50 [00:00<00:03, 11.28it/s, Saved at =inf, TrLoss=0.2127]
 Training FV-otc-s42-t2:  14%|█▍        | 7/50 [00:00<00:03, 11.28it/s, Saved at =inf, TrLoss=0.2005]
 Training FV-otc-s42-t2:  18%|█▊        | 9/50 [00:00<00:03, 12.54it/s, Saved at =inf, TrLoss=0.2005]
 Training FV-otc-s42-t2:  18%|█▊        | 9/50 [00:00<00:03, 12.54it/s, Saved at =inf, TrLoss=0.1819]
 Training FV-otc-s42-t2:  18%|█▊        | 9/50 [00:01<00:03, 12.54it/s, Saved at =inf, TrLoss=0.1937]
 Training FV-otc-s42-t2:  22%|██▏       | 11/50 [00:01<00:02, 13.40it/s, Saved at =inf, TrLoss=0.1937]
 Training FV-otc-s42-t2:  22%|██▏       | 11/50 [00:01<00:02, 13.40it/s, Saved at =inf, TrLoss=0.1659]
 Training FV-otc-s42-t2:  22%|██▏       | 11/50 [00:01<00:02, 13.40it/s, Saved at =inf, TrLoss=0.1853]
 Training FV-otc-s42-t2:  26%|██▌       | 13/50 [00:01<00:02, 14.00it/s, Saved at =inf, TrLoss=0.1853]
 Training FV-otc-s42-t2:  26%|██▌       | 13/50 [00:01<00:02, 14.00it/s, Saved at =inf, TrLoss=0.1716]
 Training FV-otc-s42-t2:  26%|██▌       | 13/50 [00:01<00:02, 14.00it/s, Saved at =inf, TrLoss=0.1648]
 Training FV-otc-s42-t2:  30%|███       | 15/50 [00:01<00:02, 14.46it/s, Saved at =inf, TrLoss=0.1648]
 Training FV-otc-s42-t2:  30%|███       | 15/50 [00:01<00:02, 14.46it/s, Saved at =inf, TrLoss=0.1360]
 Training FV-otc-s42-t2:  30%|███       | 15/50 [00:01<00:02, 14.46it/s, Saved at =inf, TrLoss=0.1428]
 Training FV-otc-s42-t2:  34%|███▍      | 17/50 [00:01<00:02, 14.73it/s, Saved at =inf, TrLoss=0.1428]
 Training FV-otc-s42-t2:  34%|███▍      | 17/50 [00:01<00:02, 14.73it/s, Saved at =inf, TrLoss=0.1449]
 Training FV-otc-s42-t2:  34%|███▍      | 17/50 [00:01<00:02, 14.73it/s, Saved at =inf, TrLoss=0.1301]
 Training FV-otc-s42-t2:  38%|███▊      | 19/50 [00:01<00:02, 14.92it/s, Saved at =inf, TrLoss=0.1301]
 Training FV-otc-s42-t2:  38%|███▊      | 19/50 [00:01<00:02, 14.92it/s, Saved at =inf, TrLoss=0.1274]
 Training FV-otc-s42-t2:  38%|███▊      | 19/50 [00:01<00:02, 14.92it/s, Saved at =inf, TrLoss=0.1132]
 Training FV-otc-s42-t2:  42%|████▏     | 21/50 [00:01<00:01, 15.08it/s, Saved at =inf, TrLoss=0.1132]
 Training FV-otc-s42-t2:  42%|████▏     | 21/50 [00:01<00:01, 15.08it/s, Saved at =inf, TrLoss=0.1381]
 Training FV-otc-s42-t2:  42%|████▏     | 21/50 [00:01<00:01, 15.08it/s, Saved at =inf, TrLoss=0.1426]
 Training FV-otc-s42-t2:  46%|████▌     | 23/50 [00:01<00:01, 15.16it/s, Saved at =inf, TrLoss=0.1426]
 Training FV-otc-s42-t2:  46%|████▌     | 23/50 [00:01<00:01, 15.16it/s, Saved at =inf, TrLoss=0.1545]
 Training FV-otc-s42-t2:  46%|████▌     | 23/50 [00:01<00:01, 15.16it/s, Saved at =inf, TrLoss=0.1197]
 Training FV-otc-s42-t2:  50%|█████     | 25/50 [00:01<00:01, 15.23it/s, Saved at =inf, TrLoss=0.1197]
 Training FV-otc-s42-t2:  50%|█████     | 25/50 [00:01<00:01, 15.23it/s, Saved at =inf, TrLoss=0.1561]
 Training FV-otc-s42-t2:  50%|█████     | 25/50 [00:02<00:01, 15.23it/s, Saved at =inf, TrLoss=0.1100]
 Training FV-otc-s42-t2:  54%|█████▍    | 27/50 [00:02<00:01, 15.25it/s, Saved at =inf, TrLoss=0.1100]
 Training FV-otc-s42-t2:  54%|█████▍    | 27/50 [00:02<00:01, 15.25it/s, Saved at =inf, TrLoss=0.1477]
 Training FV-otc-s42-t2:  54%|█████▍    | 27/50 [00:02<00:01, 15.25it/s, Saved at =inf, TrLoss=0.1211]
 Training FV-otc-s42-t2:  58%|█████▊    | 29/50 [00:02<00:01, 15.28it/s, Saved at =inf, TrLoss=0.1211]
 Training FV-otc-s42-t2:  58%|█████▊    | 29/50 [00:02<00:01, 15.28it/s, Saved at =inf, TrLoss=0.1001]
 Training FV-otc-s42-t2:  58%|█████▊    | 29/50 [00:02<00:01, 15.28it/s, Saved at =inf, TrLoss=0.0955]
 Training FV-otc-s42-t2:  62%|██████▏   | 31/50 [00:02<00:01, 15.30it/s, Saved at =inf, TrLoss=0.0955]
 Training FV-otc-s42-t2:  62%|██████▏   | 31/50 [00:02<00:01, 15.30it/s, Saved at =inf, TrLoss=0.0998]
 Training FV-otc-s42-t2:  62%|██████▏   | 31/50 [00:02<00:01, 15.30it/s, Saved at =inf, TrLoss=0.0999]
 Training FV-otc-s42-t2:  66%|██████▌   | 33/50 [00:02<00:01, 15.33it/s, Saved at =inf, TrLoss=0.0999]
 Training FV-otc-s42-t2:  66%|██████▌   | 33/50 [00:02<00:01, 15.33it/s, Saved at =inf, TrLoss=0.1059]
 Training FV-otc-s42-t2:  66%|██████▌   | 33/50 [00:02<00:01, 15.33it/s, Saved at =inf, TrLoss=0.0817]
 Training FV-otc-s42-t2:  70%|███████   | 35/50 [00:02<00:00, 15.34it/s, Saved at =inf, TrLoss=0.0817]
 Training FV-otc-s42-t2:  70%|███████   | 35/50 [00:02<00:00, 15.34it/s, Saved at =inf, TrLoss=0.0888]
 Training FV-otc-s42-t2:  70%|███████   | 35/50 [00:02<00:00, 15.34it/s, Saved at =inf, TrLoss=0.0775]
 Training FV-otc-s42-t2:  74%|███████▍  | 37/50 [00:02<00:00, 15.35it/s, Saved at =inf, TrLoss=0.0775]
 Training FV-otc-s42-t2:  74%|███████▍  | 37/50 [00:02<00:00, 15.35it/s, Saved at =inf, TrLoss=0.0803]
 Training FV-otc-s42-t2:  74%|███████▍  | 37/50 [00:02<00:00, 15.35it/s, Saved at =inf, TrLoss=0.0659]
 Training FV-otc-s42-t2:  78%|███████▊  | 39/50 [00:02<00:00, 15.35it/s, Saved at =inf, TrLoss=0.0659]
 Training FV-otc-s42-t2:  78%|███████▊  | 39/50 [00:02<00:00, 15.35it/s, Saved at =inf, TrLoss=0.0807]
 Training FV-otc-s42-t2:  78%|███████▊  | 39/50 [00:02<00:00, 15.35it/s, Saved at =inf, TrLoss=0.0765]
 Training FV-otc-s42-t2:  82%|████████▏ | 41/50 [00:02<00:00, 15.36it/s, Saved at =inf, TrLoss=0.0765]
 Training FV-otc-s42-t2:  82%|████████▏ | 41/50 [00:03<00:00, 15.36it/s, Saved at =inf, TrLoss=0.0715]
 Training FV-otc-s42-t2:  82%|████████▏ | 41/50 [00:03<00:00, 15.36it/s, Saved at =inf, TrLoss=0.0706]
 Training FV-otc-s42-t2:  86%|████████▌ | 43/50 [00:03<00:00, 15.36it/s, Saved at =inf, TrLoss=0.0706]
 Training FV-otc-s42-t2:  86%|████████▌ | 43/50 [00:03<00:00, 15.36it/s, Saved at =inf, TrLoss=0.0752]
 Training FV-otc-s42-t2:  86%|████████▌ | 43/50 [00:03<00:00, 15.36it/s, Saved at =inf, TrLoss=0.0783]
 Training FV-otc-s42-t2:  90%|█████████ | 45/50 [00:03<00:00, 15.37it/s, Saved at =inf, TrLoss=0.0783]
 Training FV-otc-s42-t2:  90%|█████████ | 45/50 [00:03<00:00, 15.37it/s, Saved at =inf, TrLoss=0.0620]
 Training FV-otc-s42-t2:  90%|█████████ | 45/50 [00:03<00:00, 15.37it/s, Saved at =inf, TrLoss=0.0691]
 Training FV-otc-s42-t2:  94%|█████████▍| 47/50 [00:03<00:00, 15.39it/s, Saved at =inf, TrLoss=0.0691]
 Training FV-otc-s42-t2:  94%|█████████▍| 47/50 [00:03<00:00, 15.39it/s, Saved at =inf, TrLoss=0.0604]
 Training FV-otc-s42-t2:  94%|█████████▍| 47/50 [00:03<00:00, 15.39it/s, Saved at =inf, TrLoss=0.1090]
 Training FV-otc-s42-t2:  98%|█████████▊| 49/50 [00:03<00:00, 16.03it/s, Saved at =inf, TrLoss=0.1090]
 Training FV-otc-s42-t2:  98%|█████████▊| 49/50 [00:03<00:00, 16.03it/s, Saved at =inf, TrLoss=0.0814]
 Training FV-otc-s42-t2: 100%|██████████| 50/50 [00:03<00:00, 14.11it/s, Saved at =inf, TrLoss=0.0814]

 Training FV-otc-s42-t3:   0%|          | 0/50 [00:00<?, ?it/s]
 Training FV-otc-s42-t3:   0%|          | 0/50 [00:00<?, ?it/s, Saved at =inf, TrLoss=0.7878]
 Training FV-otc-s42-t3:   2%|▏         | 1/50 [00:00<00:05,  9.68it/s, Saved at =inf, TrLoss=0.7878]
 Training FV-otc-s42-t3:   2%|▏         | 1/50 [00:00<00:05,  9.68it/s, Saved at =inf, TrLoss=0.8257]
 Training FV-otc-s42-t3:   2%|▏         | 1/50 [00:00<00:05,  9.68it/s, Saved at =inf, TrLoss=0.5418]
 Training FV-otc-s42-t3:   6%|▌         | 3/50 [00:00<00:04, 10.03it/s, Saved at =inf, TrLoss=0.5418]
 Training FV-otc-s42-t3:   6%|▌         | 3/50 [00:00<00:04, 10.03it/s, Saved at =inf, TrLoss=0.5495]
 Training FV-otc-s42-t3:   6%|▌         | 3/50 [00:00<00:04, 10.03it/s, Saved at =inf, TrLoss=0.4595]
 Training FV-otc-s42-t3:  10%|█         | 5/50 [00:00<00:04, 10.35it/s, Saved at =inf, TrLoss=0.4595]
 Training FV-otc-s42-t3:  10%|█         | 5/50 [00:00<00:04, 10.35it/s, Saved at =inf, TrLoss=0.4075]
 Training FV-otc-s42-t3:  10%|█         | 5/50 [00:00<00:04, 10.35it/s, Saved at =inf, TrLoss=0.3605]
 Training FV-otc-s42-t3:  14%|█▍        | 7/50 [00:00<00:04, 10.36it/s, Saved at =inf, TrLoss=0.3605]
 Training FV-otc-s42-t3:  14%|█▍        | 7/50 [00:00<00:04, 10.36it/s, Saved at =inf, TrLoss=0.3026]
 Training FV-otc-s42-t3:  14%|█▍        | 7/50 [00:00<00:04, 10.36it/s, Saved at =inf, TrLoss=0.2979]
 Training FV-otc-s42-t3:  18%|█▊        | 9/50 [00:00<00:03, 10.37it/s, Saved at =inf, TrLoss=0.2979]
 Training FV-otc-s42-t3:  18%|█▊        | 9/50 [00:00<00:03, 10.37it/s, Saved at =inf, TrLoss=0.2708]
 Training FV-otc-s42-t3:  18%|█▊        | 9/50 [00:01<00:03, 10.37it/s, Saved at =inf, TrLoss=0.2568]
 Training FV-otc-s42-t3:  22%|██▏       | 11/50 [00:01<00:03, 10.49it/s, Saved at =inf, TrLoss=0.2568]
 Training FV-otc-s42-t3:  22%|██▏       | 11/50 [00:01<00:03, 10.49it/s, Saved at =inf, TrLoss=0.2341]
 Training FV-otc-s42-t3:  22%|██▏       | 11/50 [00:01<00:03, 10.49it/s, Saved at =inf, TrLoss=0.1972]
 Training FV-otc-s42-t3:  26%|██▌       | 13/50 [00:01<00:03, 10.43it/s, Saved at =inf, TrLoss=0.1972]
 Training FV-otc-s42-t3:  26%|██▌       | 13/50 [00:01<00:03, 10.43it/s, Saved at =inf, TrLoss=0.2004]
 Training FV-otc-s42-t3:  26%|██▌       | 13/50 [00:01<00:03, 10.43it/s, Saved at =inf, TrLoss=0.2121]
 Training FV-otc-s42-t3:  30%|███       | 15/50 [00:01<00:03, 10.34it/s, Saved at =inf, TrLoss=0.2121]
 Training FV-otc-s42-t3:  30%|███       | 15/50 [00:01<00:03, 10.34it/s, Saved at =inf, TrLoss=0.1767]
 Training FV-otc-s42-t3:  30%|███       | 15/50 [00:01<00:03, 10.34it/s, Saved at =inf, TrLoss=0.1722]
 Training FV-otc-s42-t3:  34%|███▍      | 17/50 [00:01<00:03, 10.43it/s, Saved at =inf, TrLoss=0.1722]
 Training FV-otc-s42-t3:  34%|███▍      | 17/50 [00:01<00:03, 10.43it/s, Saved at =inf, TrLoss=0.1718]
 Training FV-otc-s42-t3:  34%|███▍      | 17/50 [00:01<00:03, 10.43it/s, Saved at =inf, TrLoss=0.1734]
 Training FV-otc-s42-t3:  38%|███▊      | 19/50 [00:01<00:02, 10.37it/s, Saved at =inf, TrLoss=0.1734]
 Training FV-otc-s42-t3:  38%|███▊      | 19/50 [00:01<00:02, 10.37it/s, Saved at =inf, TrLoss=0.1734]
 Training FV-otc-s42-t3:  38%|███▊      | 19/50 [00:01<00:02, 10.37it/s, Saved at =inf, TrLoss=0.1637]
 Training FV-otc-s42-t3:  42%|████▏     | 21/50 [00:02<00:02, 10.48it/s, Saved at =inf, TrLoss=0.1637]
 Training FV-otc-s42-t3:  42%|████▏     | 21/50 [00:02<00:02, 10.48it/s, Saved at =inf, TrLoss=0.1857]
 Training FV-otc-s42-t3:  42%|████▏     | 21/50 [00:02<00:02, 10.48it/s, Saved at =inf, TrLoss=0.1904]
 Training FV-otc-s42-t3:  46%|████▌     | 23/50 [00:02<00:02, 10.40it/s, Saved at =inf, TrLoss=0.1904]
 Training FV-otc-s42-t3:  46%|████▌     | 23/50 [00:02<00:02, 10.40it/s, Saved at =inf, TrLoss=0.1766]
 Training FV-otc-s42-t3:  46%|████▌     | 23/50 [00:02<00:02, 10.40it/s, Saved at =inf, TrLoss=0.1657]
 Training FV-otc-s42-t3:  50%|█████     | 25/50 [00:02<00:02, 10.40it/s, Saved at =inf, TrLoss=0.1657]
 Training FV-otc-s42-t3:  50%|█████     | 25/50 [00:02<00:02, 10.40it/s, Saved at =inf, TrLoss=0.1610]
 Training FV-otc-s42-t3:  50%|█████     | 25/50 [00:02<00:02, 10.40it/s, Saved at =inf, TrLoss=0.1493]
 Training FV-otc-s42-t3:  54%|█████▍    | 27/50 [00:02<00:02, 10.44it/s, Saved at =inf, TrLoss=0.1493]
 Training FV-otc-s42-t3:  54%|█████▍    | 27/50 [00:02<00:02, 10.44it/s, Saved at =inf, TrLoss=0.1511]
 Training FV-otc-s42-t3:  54%|█████▍    | 27/50 [00:02<00:02, 10.44it/s, Saved at =inf, TrLoss=0.1431]
 Training FV-otc-s42-t3:  58%|█████▊    | 29/50 [00:02<00:02, 10.43it/s, Saved at =inf, TrLoss=0.1431]
 Training FV-otc-s42-t3:  58%|█████▊    | 29/50 [00:02<00:02, 10.43it/s, Saved at =inf, TrLoss=0.1442]
 Training FV-otc-s42-t3:  58%|█████▊    | 29/50 [00:02<00:02, 10.43it/s, Saved at =inf, TrLoss=0.1567]
 Training FV-otc-s42-t3:  62%|██████▏   | 31/50 [00:02<00:01, 10.42it/s, Saved at =inf, TrLoss=0.1567]
 Training FV-otc-s42-t3:  62%|██████▏   | 31/50 [00:03<00:01, 10.42it/s, Saved at =inf, TrLoss=0.1396]
 Training FV-otc-s42-t3:  62%|██████▏   | 31/50 [00:03<00:01, 10.42it/s, Saved at =inf, TrLoss=0.1311]
 Training FV-otc-s42-t3:  66%|██████▌   | 33/50 [00:03<00:01, 10.50it/s, Saved at =inf, TrLoss=0.1311]
 Training FV-otc-s42-t3:  66%|██████▌   | 33/50 [00:03<00:01, 10.50it/s, Saved at =inf, TrLoss=0.1433]
 Training FV-otc-s42-t3:  66%|██████▌   | 33/50 [00:03<00:01, 10.50it/s, Saved at =inf, TrLoss=0.1330]
 Training FV-otc-s42-t3:  70%|███████   | 35/50 [00:03<00:01, 10.44it/s, Saved at =inf, TrLoss=0.1330]
 Training FV-otc-s42-t3:  70%|███████   | 35/50 [00:03<00:01, 10.44it/s, Saved at =inf, TrLoss=0.1199]
 Training FV-otc-s42-t3:  70%|███████   | 35/50 [00:03<00:01, 10.44it/s, Saved at =inf, TrLoss=0.1277]
 Training FV-otc-s42-t3:  74%|███████▍  | 37/50 [00:03<00:01, 10.43it/s, Saved at =inf, TrLoss=0.1277]
 Training FV-otc-s42-t3:  74%|███████▍  | 37/50 [00:03<00:01, 10.43it/s, Saved at =inf, TrLoss=0.1376]
 Training FV-otc-s42-t3:  74%|███████▍  | 37/50 [00:03<00:01, 10.43it/s, Saved at =inf, TrLoss=0.1160]
 Training FV-otc-s42-t3:  78%|███████▊  | 39/50 [00:03<00:01, 10.47it/s, Saved at =inf, TrLoss=0.1160]
 Training FV-otc-s42-t3:  78%|███████▊  | 39/50 [00:03<00:01, 10.47it/s, Saved at =inf, TrLoss=0.1142]
 Training FV-otc-s42-t3:  78%|███████▊  | 39/50 [00:03<00:01, 10.47it/s, Saved at =inf, TrLoss=0.1374]
 Training FV-otc-s42-t3:  82%|████████▏ | 41/50 [00:03<00:00, 10.84it/s, Saved at =inf, TrLoss=0.1374]
 Training FV-otc-s42-t3:  82%|████████▏ | 41/50 [00:03<00:00, 10.84it/s, Saved at =inf, TrLoss=0.1077]
 Training FV-otc-s42-t3:  82%|████████▏ | 41/50 [00:04<00:00, 10.84it/s, Saved at =inf, TrLoss=0.1375]
 Training FV-otc-s42-t3:  86%|████████▌ | 43/50 [00:04<00:00, 11.72it/s, Saved at =inf, TrLoss=0.1375]
 Training FV-otc-s42-t3:  86%|████████▌ | 43/50 [00:04<00:00, 11.72it/s, Saved at =inf, TrLoss=0.1207]
 Training FV-otc-s42-t3:  86%|████████▌ | 43/50 [00:04<00:00, 11.72it/s, Saved at =inf, TrLoss=0.1450]
 Training FV-otc-s42-t3:  90%|█████████ | 45/50 [00:04<00:00, 11.54it/s, Saved at =inf, TrLoss=0.1450]
 Training FV-otc-s42-t3:  90%|█████████ | 45/50 [00:04<00:00, 11.54it/s, Saved at =inf, TrLoss=0.1028]
 Training FV-otc-s42-t3:  90%|█████████ | 45/50 [00:04<00:00, 11.54it/s, Saved at =inf, TrLoss=0.1372]
 Training FV-otc-s42-t3:  94%|█████████▍| 47/50 [00:04<00:00, 10.76it/s, Saved at =inf, TrLoss=0.1372]
 Training FV-otc-s42-t3:  94%|█████████▍| 47/50 [00:04<00:00, 10.76it/s, Saved at =inf, TrLoss=0.1060]
 Training FV-otc-s42-t3:  94%|█████████▍| 47/50 [00:04<00:00, 10.76it/s, Saved at =inf, TrLoss=0.1639]
 Training FV-otc-s42-t3:  98%|█████████▊| 49/50 [00:04<00:00, 10.18it/s, Saved at =inf, TrLoss=0.1639]
 Training FV-otc-s42-t3:  98%|█████████▊| 49/50 [00:04<00:00, 10.18it/s, Saved at =inf, TrLoss=0.1138]
 Training FV-otc-s42-t3: 100%|██████████| 50/50 [00:04<00:00, 10.47it/s, Saved at =inf, TrLoss=0.1138]

 Training FV-otc-s42-t4:   0%|          | 0/50 [00:00<?, ?it/s]
 Training FV-otc-s42-t4:   0%|          | 0/50 [00:00<?, ?it/s, Saved at =inf, TrLoss=0.6963]
 Training FV-otc-s42-t4:   2%|▏         | 1/50 [00:00<00:06,  7.42it/s, Saved at =inf, TrLoss=0.6963]
 Training FV-otc-s42-t4:   2%|▏         | 1/50 [00:00<00:06,  7.42it/s, Saved at =inf, TrLoss=0.8827]
 Training FV-otc-s42-t4:   4%|▍         | 2/50 [00:00<00:06,  7.54it/s, Saved at =inf, TrLoss=0.8827]
 Training FV-otc-s42-t4:   4%|▍         | 2/50 [00:00<00:06,  7.54it/s, Saved at =inf, TrLoss=0.6009]
 Training FV-otc-s42-t4:   6%|▌         | 3/50 [00:00<00:06,  7.74it/s, Saved at =inf, TrLoss=0.6009]
 Training FV-otc-s42-t4:   6%|▌         | 3/50 [00:00<00:06,  7.74it/s, Saved at =inf, TrLoss=0.5355]
 Training FV-otc-s42-t4:   8%|▊         | 4/50 [00:00<00:05,  7.99it/s, Saved at =inf, TrLoss=0.5355]
 Training FV-otc-s42-t4:   8%|▊         | 4/50 [00:00<00:05,  7.99it/s, Saved at =inf, TrLoss=0.4425]
 Training FV-otc-s42-t4:  10%|█         | 5/50 [00:00<00:05,  7.97it/s, Saved at =inf, TrLoss=0.4425]
 Training FV-otc-s42-t4:  10%|█         | 5/50 [00:00<00:05,  7.97it/s, Saved at =inf, TrLoss=0.4332]
 Training FV-otc-s42-t4:  12%|█▏        | 6/50 [00:00<00:05,  7.91it/s, Saved at =inf, TrLoss=0.4332]
 Training FV-otc-s42-t4:  12%|█▏        | 6/50 [00:00<00:05,  7.91it/s, Saved at =inf, TrLoss=0.3929]
 Training FV-otc-s42-t4:  14%|█▍        | 7/50 [00:00<00:05,  7.88it/s, Saved at =inf, TrLoss=0.3929]
 Training FV-otc-s42-t4:  14%|█▍        | 7/50 [00:00<00:05,  7.88it/s, Saved at =inf, TrLoss=0.3765]
 Training FV-otc-s42-t4:  16%|█▌        | 8/50 [00:01<00:05,  8.02it/s, Saved at =inf, TrLoss=0.3765]
 Training FV-otc-s42-t4:  16%|█▌        | 8/50 [00:01<00:05,  8.02it/s, Saved at =inf, TrLoss=0.3488]
 Training FV-otc-s42-t4:  18%|█▊        | 9/50 [00:01<00:05,  7.94it/s, Saved at =inf, TrLoss=0.3488]
 Training FV-otc-s42-t4:  18%|█▊        | 9/50 [00:01<00:05,  7.94it/s, Saved at =inf, TrLoss=0.3053]
 Training FV-otc-s42-t4:  20%|██        | 10/50 [00:01<00:05,  7.96it/s, Saved at =inf, TrLoss=0.3053]
 Training FV-otc-s42-t4:  20%|██        | 10/50 [00:01<00:05,  7.96it/s, Saved at =inf, TrLoss=0.2828]
 Training FV-otc-s42-t4:  22%|██▏       | 11/50 [00:01<00:04,  7.92it/s, Saved at =inf, TrLoss=0.2828]
 Training FV-otc-s42-t4:  22%|██▏       | 11/50 [00:01<00:04,  7.92it/s, Saved at =inf, TrLoss=0.2498]
 Training FV-otc-s42-t4:  24%|██▍       | 12/50 [00:01<00:04,  7.82it/s, Saved at =inf, TrLoss=0.2498]
 Training FV-otc-s42-t4:  24%|██▍       | 12/50 [00:01<00:04,  7.82it/s, Saved at =inf, TrLoss=0.2575]
 Training FV-otc-s42-t4:  26%|██▌       | 13/50 [00:01<00:04,  7.94it/s, Saved at =inf, TrLoss=0.2575]
 Training FV-otc-s42-t4:  26%|██▌       | 13/50 [00:01<00:04,  7.94it/s, Saved at =inf, TrLoss=0.2647]
 Training FV-otc-s42-t4:  28%|██▊       | 14/50 [00:01<00:04,  7.95it/s, Saved at =inf, TrLoss=0.2647]
 Training FV-otc-s42-t4:  28%|██▊       | 14/50 [00:01<00:04,  7.95it/s, Saved at =inf, TrLoss=0.2308]
 Training FV-otc-s42-t4:  30%|███       | 15/50 [00:01<00:04,  7.84it/s, Saved at =inf, TrLoss=0.2308]
 Training FV-otc-s42-t4:  30%|███       | 15/50 [00:01<00:04,  7.84it/s, Saved at =inf, TrLoss=0.2300]
 Training FV-otc-s42-t4:  32%|███▏      | 16/50 [00:02<00:04,  7.82it/s, Saved at =inf, TrLoss=0.2300]
 Training FV-otc-s42-t4:  32%|███▏      | 16/50 [00:02<00:04,  7.82it/s, Saved at =inf, TrLoss=0.2191]
 Training FV-otc-s42-t4:  34%|███▍      | 17/50 [00:02<00:04,  7.77it/s, Saved at =inf, TrLoss=0.2191]
 Training FV-otc-s42-t4:  34%|███▍      | 17/50 [00:02<00:04,  7.77it/s, Saved at =inf, TrLoss=0.1995]
 Training FV-otc-s42-t4:  36%|███▌      | 18/50 [00:02<00:04,  7.88it/s, Saved at =inf, TrLoss=0.1995]
 Training FV-otc-s42-t4:  36%|███▌      | 18/50 [00:02<00:04,  7.88it/s, Saved at =inf, TrLoss=0.2103]
 Training FV-otc-s42-t4:  38%|███▊      | 19/50 [00:02<00:03,  7.97it/s, Saved at =inf, TrLoss=0.2103]
 Training FV-otc-s42-t4:  38%|███▊      | 19/50 [00:02<00:03,  7.97it/s, Saved at =inf, TrLoss=0.1901]
 Training FV-otc-s42-t4:  40%|████      | 20/50 [00:02<00:03,  7.89it/s, Saved at =inf, TrLoss=0.1901]
 Training FV-otc-s42-t4:  40%|████      | 20/50 [00:02<00:03,  7.89it/s, Saved at =inf, TrLoss=0.1888]
 Training FV-otc-s42-t4:  42%|████▏     | 21/50 [00:02<00:03,  7.86it/s, Saved at =inf, TrLoss=0.1888]
 Training FV-otc-s42-t4:  42%|████▏     | 21/50 [00:02<00:03,  7.86it/s, Saved at =inf, TrLoss=0.1829]
 Training FV-otc-s42-t4:  44%|████▍     | 22/50 [00:02<00:03,  7.83it/s, Saved at =inf, TrLoss=0.1829]
 Training FV-otc-s42-t4:  44%|████▍     | 22/50 [00:02<00:03,  7.83it/s, Saved at =inf, TrLoss=0.1853]
 Training FV-otc-s42-t4:  46%|████▌     | 23/50 [00:02<00:03,  7.88it/s, Saved at =inf, TrLoss=0.1853]
 Training FV-otc-s42-t4:  46%|████▌     | 23/50 [00:02<00:03,  7.88it/s, Saved at =inf, TrLoss=0.1855]
 Training FV-otc-s42-t4:  48%|████▊     | 24/50 [00:03<00:03,  7.93it/s, Saved at =inf, TrLoss=0.1855]
 Training FV-otc-s42-t4:  48%|████▊     | 24/50 [00:03<00:03,  7.93it/s, Saved at =inf, TrLoss=0.1791]
 Training FV-otc-s42-t4:  50%|█████     | 25/50 [00:03<00:03,  7.82it/s, Saved at =inf, TrLoss=0.1791]
 Training FV-otc-s42-t4:  50%|█████     | 25/50 [00:03<00:03,  7.82it/s, Saved at =inf, TrLoss=0.1743]
 Training FV-otc-s42-t4:  52%|█████▏    | 26/50 [00:03<00:03,  7.73it/s, Saved at =inf, TrLoss=0.1743]
 Training FV-otc-s42-t4:  52%|█████▏    | 26/50 [00:03<00:03,  7.73it/s, Saved at =inf, TrLoss=0.1610]
 Training FV-otc-s42-t4:  54%|█████▍    | 27/50 [00:03<00:02,  7.79it/s, Saved at =inf, TrLoss=0.1610]
 Training FV-otc-s42-t4:  54%|█████▍    | 27/50 [00:03<00:02,  7.79it/s, Saved at =inf, TrLoss=0.1701]
 Training FV-otc-s42-t4:  56%|█████▌    | 28/50 [00:03<00:02,  7.82it/s, Saved at =inf, TrLoss=0.1701]
 Training FV-otc-s42-t4:  56%|█████▌    | 28/50 [00:03<00:02,  7.82it/s, Saved at =inf, TrLoss=0.1674]
 Training FV-otc-s42-t4:  58%|█████▊    | 29/50 [00:03<00:02,  8.01it/s, Saved at =inf, TrLoss=0.1674]
 Training FV-otc-s42-t4:  58%|█████▊    | 29/50 [00:03<00:02,  8.01it/s, Saved at =inf, TrLoss=0.1545]
 Training FV-otc-s42-t4:  60%|██████    | 30/50 [00:03<00:02,  7.95it/s, Saved at =inf, TrLoss=0.1545]
 Training FV-otc-s42-t4:  60%|██████    | 30/50 [00:03<00:02,  7.95it/s, Saved at =inf, TrLoss=0.1596]
 Training FV-otc-s42-t4:  62%|██████▏   | 31/50 [00:03<00:02,  7.90it/s, Saved at =inf, TrLoss=0.1596]
 Training FV-otc-s42-t4:  62%|██████▏   | 31/50 [00:04<00:02,  7.90it/s, Saved at =inf, TrLoss=0.1678]
 Training FV-otc-s42-t4:  64%|██████▍   | 32/50 [00:04<00:02,  7.82it/s, Saved at =inf, TrLoss=0.1678]
 Training FV-otc-s42-t4:  64%|██████▍   | 32/50 [00:04<00:02,  7.82it/s, Saved at =inf, TrLoss=0.1534]
 Training FV-otc-s42-t4:  66%|██████▌   | 33/50 [00:04<00:02,  7.87it/s, Saved at =inf, TrLoss=0.1534]
 Training FV-otc-s42-t4:  66%|██████▌   | 33/50 [00:04<00:02,  7.87it/s, Saved at =inf, TrLoss=0.1583]
 Training FV-otc-s42-t4:  66%|██████▌   | 33/50 [00:04<00:02,  7.87it/s, Saved at =inf, TrLoss=0.1559]
 Training FV-otc-s42-t4:  70%|███████   | 35/50 [00:04<00:01,  9.15it/s, Saved at =inf, TrLoss=0.1559]
 Training FV-otc-s42-t4:  70%|███████   | 35/50 [00:04<00:01,  9.15it/s, Saved at =inf, TrLoss=0.1496]
 Training FV-otc-s42-t4:  70%|███████   | 35/50 [00:04<00:01,  9.15it/s, Saved at =inf, TrLoss=0.1507]
 Training FV-otc-s42-t4:  74%|███████▍  | 37/50 [00:04<00:01,  9.22it/s, Saved at =inf, TrLoss=0.1507]
 Training FV-otc-s42-t4:  74%|███████▍  | 37/50 [00:04<00:01,  9.22it/s, Saved at =inf, TrLoss=0.1541]
 Training FV-otc-s42-t4:  76%|███████▌  | 38/50 [00:04<00:01,  8.88it/s, Saved at =inf, TrLoss=0.1541]
 Training FV-otc-s42-t4:  76%|███████▌  | 38/50 [00:04<00:01,  8.88it/s, Saved at =inf, TrLoss=0.1416]
 Training FV-otc-s42-t4:  78%|███████▊  | 39/50 [00:04<00:01,  8.64it/s, Saved at =inf, TrLoss=0.1416]
 Training FV-otc-s42-t4:  78%|███████▊  | 39/50 [00:04<00:01,  8.64it/s, Saved at =inf, TrLoss=0.1499]
 Training FV-otc-s42-t4:  80%|████████  | 40/50 [00:04<00:01,  8.49it/s, Saved at =inf, TrLoss=0.1499]
 Training FV-otc-s42-t4:  80%|████████  | 40/50 [00:05<00:01,  8.49it/s, Saved at =inf, TrLoss=0.1472]
 Training FV-otc-s42-t4:  82%|████████▏ | 41/50 [00:05<00:01,  8.32it/s, Saved at =inf, TrLoss=0.1472]
 Training FV-otc-s42-t4:  82%|████████▏ | 41/50 [00:05<00:01,  8.32it/s, Saved at =inf, TrLoss=0.1456]
 Training FV-otc-s42-t4:  84%|████████▍ | 42/50 [00:05<00:00,  8.21it/s, Saved at =inf, TrLoss=0.1456]
 Training FV-otc-s42-t4:  84%|████████▍ | 42/50 [00:05<00:00,  8.21it/s, Saved at =inf, TrLoss=0.1495]
 Training FV-otc-s42-t4:  86%|████████▌ | 43/50 [00:05<00:00,  8.12it/s, Saved at =inf, TrLoss=0.1495]
 Training FV-otc-s42-t4:  86%|████████▌ | 43/50 [00:05<00:00,  8.12it/s, Saved at =inf, TrLoss=0.1422]
 Training FV-otc-s42-t4:  88%|████████▊ | 44/50 [00:05<00:00,  8.05it/s, Saved at =inf, TrLoss=0.1422]
 Training FV-otc-s42-t4:  88%|████████▊ | 44/50 [00:05<00:00,  8.05it/s, Saved at =inf, TrLoss=0.1487]
 Training FV-otc-s42-t4:  90%|█████████ | 45/50 [00:05<00:00,  8.01it/s, Saved at =inf, TrLoss=0.1487]
 Training FV-otc-s42-t4:  90%|█████████ | 45/50 [00:05<00:00,  8.01it/s, Saved at =inf, TrLoss=0.1421]
 Training FV-otc-s42-t4:  92%|█████████▏| 46/50 [00:05<00:00,  7.98it/s, Saved at =inf, TrLoss=0.1421]
 Training FV-otc-s42-t4:  92%|█████████▏| 46/50 [00:05<00:00,  7.98it/s, Saved at =inf, TrLoss=0.1444]
 Training FV-otc-s42-t4:  94%|█████████▍| 47/50 [00:05<00:00,  7.96it/s, Saved at =inf, TrLoss=0.1444]
 Training FV-otc-s42-t4:  94%|█████████▍| 47/50 [00:05<00:00,  7.96it/s, Saved at =inf, TrLoss=0.1413]
 Training FV-otc-s42-t4:  96%|█████████▌| 48/50 [00:05<00:00,  7.94it/s, Saved at =inf, TrLoss=0.1413]
 Training FV-otc-s42-t4:  96%|█████████▌| 48/50 [00:06<00:00,  7.94it/s, Saved at =inf, TrLoss=0.1515]
 Training FV-otc-s42-t4:  98%|█████████▊| 49/50 [00:06<00:00,  7.93it/s, Saved at =inf, TrLoss=0.1515]
 Training FV-otc-s42-t4:  98%|█████████▊| 49/50 [00:06<00:00,  7.93it/s, Saved at =inf, TrLoss=0.1435]
 Training FV-otc-s42-t4: 100%|██████████| 50/50 [00:06<00:00,  7.92it/s, Saved at =inf, TrLoss=0.1435]
 Training FV-otc-s42-t4: 100%|██████████| 50/50 [00:06<00:00,  8.03it/s, Saved at =inf, TrLoss=0.1435]

 Training FV-otc-s42-t5:   0%|          | 0/50 [00:00<?, ?it/s]
 Training FV-otc-s42-t5:   0%|          | 0/50 [00:00<?, ?it/s, Saved at =inf, TrLoss=0.7378]
 Training FV-otc-s42-t5:   2%|▏         | 1/50 [00:00<00:08,  5.56it/s, Saved at =inf, TrLoss=0.7378]
 Training FV-otc-s42-t5:   2%|▏         | 1/50 [00:00<00:08,  5.56it/s, Saved at =inf, TrLoss=0.8734]
 Training FV-otc-s42-t5:   4%|▍         | 2/50 [00:00<00:08,  5.82it/s, Saved at =inf, TrLoss=0.8734]
 Training FV-otc-s42-t5:   4%|▍         | 2/50 [00:00<00:08,  5.82it/s, Saved at =inf, TrLoss=0.5441]
 Training FV-otc-s42-t5:   6%|▌         | 3/50 [00:00<00:07,  5.99it/s, Saved at =inf, TrLoss=0.5441]
 Training FV-otc-s42-t5:   6%|▌         | 3/50 [00:00<00:07,  5.99it/s, Saved at =inf, TrLoss=0.5321]
 Training FV-otc-s42-t5:   8%|▊         | 4/50 [00:00<00:07,  6.24it/s, Saved at =inf, TrLoss=0.5321]
 Training FV-otc-s42-t5:   8%|▊         | 4/50 [00:00<00:07,  6.24it/s, Saved at =inf, TrLoss=0.4604]
 Training FV-otc-s42-t5:  10%|█         | 5/50 [00:00<00:07,  6.25it/s, Saved at =inf, TrLoss=0.4604]
 Training FV-otc-s42-t5:  10%|█         | 5/50 [00:00<00:07,  6.25it/s, Saved at =inf, TrLoss=0.4349]
 Training FV-otc-s42-t5:  12%|█▏        | 6/50 [00:00<00:07,  6.07it/s, Saved at =inf, TrLoss=0.4349]
 Training FV-otc-s42-t5:  12%|█▏        | 6/50 [00:01<00:07,  6.07it/s, Saved at =inf, TrLoss=0.4177]
 Training FV-otc-s42-t5:  14%|█▍        | 7/50 [00:01<00:07,  6.13it/s, Saved at =inf, TrLoss=0.4177]
 Training FV-otc-s42-t5:  14%|█▍        | 7/50 [00:01<00:07,  6.13it/s, Saved at =inf, TrLoss=0.3898]
 Training FV-otc-s42-t5:  16%|█▌        | 8/50 [00:01<00:06,  6.24it/s, Saved at =inf, TrLoss=0.3898]
 Training FV-otc-s42-t5:  16%|█▌        | 8/50 [00:01<00:06,  6.24it/s, Saved at =inf, TrLoss=0.3747]
 Training FV-otc-s42-t5:  18%|█▊        | 9/50 [00:01<00:06,  6.25it/s, Saved at =inf, TrLoss=0.3747]
 Training FV-otc-s42-t5:  18%|█▊        | 9/50 [00:01<00:06,  6.25it/s, Saved at =inf, TrLoss=0.3443]
 Training FV-otc-s42-t5:  20%|██        | 10/50 [00:01<00:06,  6.10it/s, Saved at =inf, TrLoss=0.3443]
 Training FV-otc-s42-t5:  20%|██        | 10/50 [00:01<00:06,  6.10it/s, Saved at =inf, TrLoss=0.3306]
 Training FV-otc-s42-t5:  22%|██▏       | 11/50 [00:01<00:06,  6.13it/s, Saved at =inf, TrLoss=0.3306]
 Training FV-otc-s42-t5:  22%|██▏       | 11/50 [00:01<00:06,  6.13it/s, Saved at =inf, TrLoss=0.2984]
 Training FV-otc-s42-t5:  24%|██▍       | 12/50 [00:01<00:06,  6.23it/s, Saved at =inf, TrLoss=0.2984]
 Training FV-otc-s42-t5:  24%|██▍       | 12/50 [00:02<00:06,  6.23it/s, Saved at =inf, TrLoss=0.3062]
 Training FV-otc-s42-t5:  26%|██▌       | 13/50 [00:02<00:05,  6.24it/s, Saved at =inf, TrLoss=0.3062]
 Training FV-otc-s42-t5:  26%|██▌       | 13/50 [00:02<00:05,  6.24it/s, Saved at =inf, TrLoss=0.2811]
 Training FV-otc-s42-t5:  28%|██▊       | 14/50 [00:02<00:05,  6.20it/s, Saved at =inf, TrLoss=0.2811]
 Training FV-otc-s42-t5:  28%|██▊       | 14/50 [00:02<00:05,  6.20it/s, Saved at =inf, TrLoss=0.2702]
 Training FV-otc-s42-t5:  30%|███       | 15/50 [00:02<00:05,  6.14it/s, Saved at =inf, TrLoss=0.2702]
 Training FV-otc-s42-t5:  30%|███       | 15/50 [00:02<00:05,  6.14it/s, Saved at =inf, TrLoss=0.2814]
 Training FV-otc-s42-t5:  32%|███▏      | 16/50 [00:02<00:05,  6.14it/s, Saved at =inf, TrLoss=0.2814]
 Training FV-otc-s42-t5:  32%|███▏      | 16/50 [00:02<00:05,  6.14it/s, Saved at =inf, TrLoss=0.2734]
 Training FV-otc-s42-t5:  34%|███▍      | 17/50 [00:02<00:05,  6.18it/s, Saved at =inf, TrLoss=0.2734]
 Training FV-otc-s42-t5:  34%|███▍      | 17/50 [00:02<00:05,  6.18it/s, Saved at =inf, TrLoss=0.2628]
 Training FV-otc-s42-t5:  36%|███▌      | 18/50 [00:02<00:05,  6.04it/s, Saved at =inf, TrLoss=0.2628]
 Training FV-otc-s42-t5:  36%|███▌      | 18/50 [00:03<00:05,  6.04it/s, Saved at =inf, TrLoss=0.2629]
 Training FV-otc-s42-t5:  38%|███▊      | 19/50 [00:03<00:05,  6.12it/s, Saved at =inf, TrLoss=0.2629]
 Training FV-otc-s42-t5:  38%|███▊      | 19/50 [00:03<00:05,  6.12it/s, Saved at =inf, TrLoss=0.2532]
 Training FV-otc-s42-t5:  40%|████      | 20/50 [00:03<00:04,  6.24it/s, Saved at =inf, TrLoss=0.2532]
 Training FV-otc-s42-t5:  40%|████      | 20/50 [00:03<00:04,  6.24it/s, Saved at =inf, TrLoss=0.2548]
 Training FV-otc-s42-t5:  42%|████▏     | 21/50 [00:03<00:04,  6.26it/s, Saved at =inf, TrLoss=0.2548]
 Training FV-otc-s42-t5:  42%|████▏     | 21/50 [00:03<00:04,  6.26it/s, Saved at =inf, TrLoss=0.2573]
 Training FV-otc-s42-t5:  44%|████▍     | 22/50 [00:03<00:04,  6.08it/s, Saved at =inf, TrLoss=0.2573]
 Training FV-otc-s42-t5:  44%|████▍     | 22/50 [00:03<00:04,  6.08it/s, Saved at =inf, TrLoss=0.2420]
 Training FV-otc-s42-t5:  46%|████▌     | 23/50 [00:03<00:04,  6.12it/s, Saved at =inf, TrLoss=0.2420]
 Training FV-otc-s42-t5:  46%|████▌     | 23/50 [00:03<00:04,  6.12it/s, Saved at =inf, TrLoss=0.2374]
 Training FV-otc-s42-t5:  48%|████▊     | 24/50 [00:03<00:04,  6.25it/s, Saved at =inf, TrLoss=0.2374]
 Training FV-otc-s42-t5:  48%|████▊     | 24/50 [00:04<00:04,  6.25it/s, Saved at =inf, TrLoss=0.2410]
 Training FV-otc-s42-t5:  50%|█████     | 25/50 [00:04<00:03,  6.26it/s, Saved at =inf, TrLoss=0.2410]
 Training FV-otc-s42-t5:  50%|█████     | 25/50 [00:04<00:03,  6.26it/s, Saved at =inf, TrLoss=0.2268]
 Training FV-otc-s42-t5:  52%|█████▏    | 26/50 [00:04<00:03,  6.10it/s, Saved at =inf, TrLoss=0.2268]
 Training FV-otc-s42-t5:  52%|█████▏    | 26/50 [00:04<00:03,  6.10it/s, Saved at =inf, TrLoss=0.2265]
 Training FV-otc-s42-t5:  54%|█████▍    | 27/50 [00:04<00:03,  6.46it/s, Saved at =inf, TrLoss=0.2265]
 Training FV-otc-s42-t5:  54%|█████▍    | 27/50 [00:04<00:03,  6.46it/s, Saved at =inf, TrLoss=0.2305]
 Training FV-otc-s42-t5:  56%|█████▌    | 28/50 [00:04<00:03,  7.09it/s, Saved at =inf, TrLoss=0.2305]
 Training FV-otc-s42-t5:  56%|█████▌    | 28/50 [00:04<00:03,  7.09it/s, Saved at =inf, TrLoss=0.2103]
 Training FV-otc-s42-t5:  58%|█████▊    | 29/50 [00:04<00:02,  7.55it/s, Saved at =inf, TrLoss=0.2103]
 Training FV-otc-s42-t5:  58%|█████▊    | 29/50 [00:04<00:02,  7.55it/s, Saved at =inf, TrLoss=0.2240]
 Training FV-otc-s42-t5:  60%|██████    | 30/50 [00:04<00:02,  6.90it/s, Saved at =inf, TrLoss=0.2240]
 Training FV-otc-s42-t5:  60%|██████    | 30/50 [00:04<00:02,  6.90it/s, Saved at =inf, TrLoss=0.2163]
 Training FV-otc-s42-t5:  62%|██████▏   | 31/50 [00:04<00:02,  6.53it/s, Saved at =inf, TrLoss=0.2163]
 Training FV-otc-s42-t5:  62%|██████▏   | 31/50 [00:05<00:02,  6.53it/s, Saved at =inf, TrLoss=0.2043]
 Training FV-otc-s42-t5:  64%|██████▍   | 32/50 [00:05<00:02,  6.33it/s, Saved at =inf, TrLoss=0.2043]
 Training FV-otc-s42-t5:  64%|██████▍   | 32/50 [00:05<00:02,  6.33it/s, Saved at =inf, TrLoss=0.2064]
 Training FV-otc-s42-t5:  66%|██████▌   | 33/50 [00:05<00:02,  6.20it/s, Saved at =inf, TrLoss=0.2064]
 Training FV-otc-s42-t5:  66%|██████▌   | 33/50 [00:05<00:02,  6.20it/s, Saved at =inf, TrLoss=0.2046]
 Training FV-otc-s42-t5:  68%|██████▊   | 34/50 [00:05<00:02,  6.11it/s, Saved at =inf, TrLoss=0.2046]
 Training FV-otc-s42-t5:  68%|██████▊   | 34/50 [00:05<00:02,  6.11it/s, Saved at =inf, TrLoss=0.2023]
 Training FV-otc-s42-t5:  70%|███████   | 35/50 [00:05<00:02,  6.02it/s, Saved at =inf, TrLoss=0.2023]
 Training FV-otc-s42-t5:  70%|███████   | 35/50 [00:05<00:02,  6.02it/s, Saved at =inf, TrLoss=0.1901]
 Training FV-otc-s42-t5:  72%|███████▏  | 36/50 [00:05<00:02,  5.96it/s, Saved at =inf, TrLoss=0.1901]
 Training FV-otc-s42-t5:  72%|███████▏  | 36/50 [00:05<00:02,  5.96it/s, Saved at =inf, TrLoss=0.1963]
 Training FV-otc-s42-t5:  74%|███████▍  | 37/50 [00:05<00:02,  5.92it/s, Saved at =inf, TrLoss=0.1963]
 Training FV-otc-s42-t5:  74%|███████▍  | 37/50 [00:06<00:02,  5.92it/s, Saved at =inf, TrLoss=0.1943]
 Training FV-otc-s42-t5:  76%|███████▌  | 38/50 [00:06<00:02,  5.92it/s, Saved at =inf, TrLoss=0.1943]
 Training FV-otc-s42-t5:  76%|███████▌  | 38/50 [00:06<00:02,  5.92it/s, Saved at =inf, TrLoss=0.1883]
 Training FV-otc-s42-t5:  78%|███████▊  | 39/50 [00:06<00:01,  5.92it/s, Saved at =inf, TrLoss=0.1883]
 Training FV-otc-s42-t5:  78%|███████▊  | 39/50 [00:06<00:01,  5.92it/s, Saved at =inf, TrLoss=0.1885]
 Training FV-otc-s42-t5:  80%|████████  | 40/50 [00:06<00:01,  5.91it/s, Saved at =inf, TrLoss=0.1885]
 Training FV-otc-s42-t5:  80%|████████  | 40/50 [00:06<00:01,  5.91it/s, Saved at =inf, TrLoss=0.1853]
 Training FV-otc-s42-t5:  82%|████████▏ | 41/50 [00:06<00:01,  5.91it/s, Saved at =inf, TrLoss=0.1853]
 Training FV-otc-s42-t5:  82%|████████▏ | 41/50 [00:06<00:01,  5.91it/s, Saved at =inf, TrLoss=0.1827]
 Training FV-otc-s42-t5:  84%|████████▍ | 42/50 [00:06<00:01,  5.91it/s, Saved at =inf, TrLoss=0.1827]
 Training FV-otc-s42-t5:  84%|████████▍ | 42/50 [00:06<00:01,  5.91it/s, Saved at =inf, TrLoss=0.1860]
 Training FV-otc-s42-t5:  86%|████████▌ | 43/50 [00:06<00:01,  5.90it/s, Saved at =inf, TrLoss=0.1860]
 Training FV-otc-s42-t5:  86%|████████▌ | 43/50 [00:07<00:01,  5.90it/s, Saved at =inf, TrLoss=0.1791]
 Training FV-otc-s42-t5:  88%|████████▊ | 44/50 [00:07<00:01,  5.91it/s, Saved at =inf, TrLoss=0.1791]
 Training FV-otc-s42-t5:  88%|████████▊ | 44/50 [00:07<00:01,  5.91it/s, Saved at =inf, TrLoss=0.1802]
 Training FV-otc-s42-t5:  90%|█████████ | 45/50 [00:07<00:00,  5.91it/s, Saved at =inf, TrLoss=0.1802]
 Training FV-otc-s42-t5:  90%|█████████ | 45/50 [00:07<00:00,  5.91it/s, Saved at =inf, TrLoss=0.1764]
 Training FV-otc-s42-t5:  92%|█████████▏| 46/50 [00:07<00:00,  5.92it/s, Saved at =inf, TrLoss=0.1764]
 Training FV-otc-s42-t5:  92%|█████████▏| 46/50 [00:07<00:00,  5.92it/s, Saved at =inf, TrLoss=0.1808]
 Training FV-otc-s42-t5:  94%|█████████▍| 47/50 [00:07<00:00,  5.91it/s, Saved at =inf, TrLoss=0.1808]
 Training FV-otc-s42-t5:  94%|█████████▍| 47/50 [00:07<00:00,  5.91it/s, Saved at =inf, TrLoss=0.1787]
 Training FV-otc-s42-t5:  96%|█████████▌| 48/50 [00:07<00:00,  5.91it/s, Saved at =inf, TrLoss=0.1787]
 Training FV-otc-s42-t5:  96%|█████████▌| 48/50 [00:07<00:00,  5.91it/s, Saved at =inf, TrLoss=0.1710]
 Training FV-otc-s42-t5:  98%|█████████▊| 49/50 [00:07<00:00,  5.91it/s, Saved at =inf, TrLoss=0.1710]
 Training FV-otc-s42-t5:  98%|█████████▊| 49/50 [00:08<00:00,  5.91it/s, Saved at =inf, TrLoss=0.1699]
 Training FV-otc-s42-t5: 100%|██████████| 50/50 [00:08<00:00,  5.89it/s, Saved at =inf, TrLoss=0.1699]
 Training FV-otc-s42-t5: 100%|██████████| 50/50 [00:08<00:00,  6.13it/s, Saved at =inf, TrLoss=0.1699]

 Training FV-otc-s42-t6:   0%|          | 0/50 [00:00<?, ?it/s]
 Training FV-otc-s42-t6:   0%|          | 0/50 [00:00<?, ?it/s, Saved at =inf, TrLoss=0.6962]
 Training FV-otc-s42-t6:   2%|▏         | 1/50 [00:00<00:10,  4.83it/s, Saved at =inf, TrLoss=0.6962]
 Training FV-otc-s42-t6:   2%|▏         | 1/50 [00:00<00:10,  4.83it/s, Saved at =inf, TrLoss=0.5905]
 Training FV-otc-s42-t6:   4%|▍         | 2/50 [00:00<00:09,  4.86it/s, Saved at =inf, TrLoss=0.5905]
 Training FV-otc-s42-t6:   4%|▍         | 2/50 [00:00<00:09,  4.86it/s, Saved at =inf, TrLoss=0.4984]
 Training FV-otc-s42-t6:   6%|▌         | 3/50 [00:00<00:09,  4.99it/s, Saved at =inf, TrLoss=0.4984]
 Training FV-otc-s42-t6:   6%|▌         | 3/50 [00:00<00:09,  4.99it/s, Saved at =inf, TrLoss=0.4327]
 Training FV-otc-s42-t6:   8%|▊         | 4/50 [00:00<00:09,  5.06it/s, Saved at =inf, TrLoss=0.4327]
 Training FV-otc-s42-t6:   8%|▊         | 4/50 [00:00<00:09,  5.06it/s, Saved at =inf, TrLoss=0.4235]
 Training FV-otc-s42-t6:  10%|█         | 5/50 [00:00<00:08,  5.09it/s, Saved at =inf, TrLoss=0.4235]
 Training FV-otc-s42-t6:  10%|█         | 5/50 [00:01<00:08,  5.09it/s, Saved at =inf, TrLoss=0.4097]
 Training FV-otc-s42-t6:  12%|█▏        | 6/50 [00:01<00:08,  4.96it/s, Saved at =inf, TrLoss=0.4097]
 Training FV-otc-s42-t6:  12%|█▏        | 6/50 [00:01<00:08,  4.96it/s, Saved at =inf, TrLoss=0.3973]
 Training FV-otc-s42-t6:  14%|█▍        | 7/50 [00:01<00:08,  5.02it/s, Saved at =inf, TrLoss=0.3973]
 Training FV-otc-s42-t6:  14%|█▍        | 7/50 [00:01<00:08,  5.02it/s, Saved at =inf, TrLoss=0.3572]
 Training FV-otc-s42-t6:  16%|█▌        | 8/50 [00:01<00:08,  5.06it/s, Saved at =inf, TrLoss=0.3572]
 Training FV-otc-s42-t6:  16%|█▌        | 8/50 [00:01<00:08,  5.06it/s, Saved at =inf, TrLoss=0.3253]
 Training FV-otc-s42-t6:  18%|█▊        | 9/50 [00:01<00:08,  5.07it/s, Saved at =inf, TrLoss=0.3253]
 Training FV-otc-s42-t6:  18%|█▊        | 9/50 [00:01<00:08,  5.07it/s, Saved at =inf, TrLoss=0.3043]
 Training FV-otc-s42-t6:  20%|██        | 10/50 [00:02<00:08,  4.95it/s, Saved at =inf, TrLoss=0.3043]
 Training FV-otc-s42-t6:  20%|██        | 10/50 [00:02<00:08,  4.95it/s, Saved at =inf, TrLoss=0.2843]
 Training FV-otc-s42-t6:  22%|██▏       | 11/50 [00:02<00:07,  5.01it/s, Saved at =inf, TrLoss=0.2843]
 Training FV-otc-s42-t6:  22%|██▏       | 11/50 [00:02<00:07,  5.01it/s, Saved at =inf, TrLoss=0.2702]
 Training FV-otc-s42-t6:  24%|██▍       | 12/50 [00:02<00:07,  5.06it/s, Saved at =inf, TrLoss=0.2702]
 Training FV-otc-s42-t6:  24%|██▍       | 12/50 [00:02<00:07,  5.06it/s, Saved at =inf, TrLoss=0.2847]
 Training FV-otc-s42-t6:  26%|██▌       | 13/50 [00:02<00:07,  5.09it/s, Saved at =inf, TrLoss=0.2847]
 Training FV-otc-s42-t6:  26%|██▌       | 13/50 [00:02<00:07,  5.09it/s, Saved at =inf, TrLoss=0.3014]
 Training FV-otc-s42-t6:  28%|██▊       | 14/50 [00:02<00:07,  4.97it/s, Saved at =inf, TrLoss=0.3014]
 Training FV-otc-s42-t6:  28%|██▊       | 14/50 [00:02<00:07,  4.97it/s, Saved at =inf, TrLoss=0.2728]
 Training FV-otc-s42-t6:  30%|███       | 15/50 [00:02<00:06,  5.02it/s, Saved at =inf, TrLoss=0.2728]
 Training FV-otc-s42-t6:  30%|███       | 15/50 [00:03<00:06,  5.02it/s, Saved at =inf, TrLoss=0.2593]
 Training FV-otc-s42-t6:  32%|███▏      | 16/50 [00:03<00:06,  5.06it/s, Saved at =inf, TrLoss=0.2593]
 Training FV-otc-s42-t6:  32%|███▏      | 16/50 [00:03<00:06,  5.06it/s, Saved at =inf, TrLoss=0.2594]
 Training FV-otc-s42-t6:  34%|███▍      | 17/50 [00:03<00:06,  5.07it/s, Saved at =inf, TrLoss=0.2594]
 Training FV-otc-s42-t6:  34%|███▍      | 17/50 [00:03<00:06,  5.07it/s, Saved at =inf, TrLoss=0.2405]
 Training FV-otc-s42-t6:  36%|███▌      | 18/50 [00:03<00:06,  4.96it/s, Saved at =inf, TrLoss=0.2405]
 Training FV-otc-s42-t6:  36%|███▌      | 18/50 [00:03<00:06,  4.96it/s, Saved at =inf, TrLoss=0.2543]
 Training FV-otc-s42-t6:  38%|███▊      | 19/50 [00:03<00:06,  5.02it/s, Saved at =inf, TrLoss=0.2543]
 Training FV-otc-s42-t6:  38%|███▊      | 19/50 [00:03<00:06,  5.02it/s, Saved at =inf, TrLoss=0.2401]
 Training FV-otc-s42-t6:  40%|████      | 20/50 [00:03<00:05,  5.06it/s, Saved at =inf, TrLoss=0.2401]
 Training FV-otc-s42-t6:  40%|████      | 20/50 [00:04<00:05,  5.06it/s, Saved at =inf, TrLoss=0.2376]
 Training FV-otc-s42-t6:  42%|████▏     | 21/50 [00:04<00:05,  5.06it/s, Saved at =inf, TrLoss=0.2376]
 Training FV-otc-s42-t6:  42%|████▏     | 21/50 [00:04<00:05,  5.06it/s, Saved at =inf, TrLoss=0.2428]
 Training FV-otc-s42-t6:  44%|████▍     | 22/50 [00:04<00:04,  5.64it/s, Saved at =inf, TrLoss=0.2428]
 Training FV-otc-s42-t6:  44%|████▍     | 22/50 [00:04<00:04,  5.64it/s, Saved at =inf, TrLoss=0.2326]
 Training FV-otc-s42-t6:  46%|████▌     | 23/50 [00:04<00:04,  6.09it/s, Saved at =inf, TrLoss=0.2326]
 Training FV-otc-s42-t6:  46%|████▌     | 23/50 [00:04<00:04,  6.09it/s, Saved at =inf, TrLoss=0.2243]
 Training FV-otc-s42-t6:  48%|████▊     | 24/50 [00:04<00:04,  5.65it/s, Saved at =inf, TrLoss=0.2243]
 Training FV-otc-s42-t6:  48%|████▊     | 24/50 [00:04<00:04,  5.65it/s, Saved at =inf, TrLoss=0.2234]
 Training FV-otc-s42-t6:  50%|█████     | 25/50 [00:04<00:04,  5.42it/s, Saved at =inf, TrLoss=0.2234]
 Training FV-otc-s42-t6:  50%|█████     | 25/50 [00:05<00:04,  5.42it/s, Saved at =inf, TrLoss=0.2211]
 Training FV-otc-s42-t6:  52%|█████▏    | 26/50 [00:05<00:04,  5.26it/s, Saved at =inf, TrLoss=0.2211]
 Training FV-otc-s42-t6:  52%|█████▏    | 26/50 [00:05<00:04,  5.26it/s, Saved at =inf, TrLoss=0.2186]
 Training FV-otc-s42-t6:  54%|█████▍    | 27/50 [00:05<00:04,  5.08it/s, Saved at =inf, TrLoss=0.2186]
 Training FV-otc-s42-t6:  54%|█████▍    | 27/50 [00:05<00:04,  5.08it/s, Saved at =inf, TrLoss=0.2192]
 Training FV-otc-s42-t6:  56%|█████▌    | 28/50 [00:05<00:04,  5.04it/s, Saved at =inf, TrLoss=0.2192]
 Training FV-otc-s42-t6:  56%|█████▌    | 28/50 [00:05<00:04,  5.04it/s, Saved at =inf, TrLoss=0.2118]
 Training FV-otc-s42-t6:  58%|█████▊    | 29/50 [00:05<00:04,  5.10it/s, Saved at =inf, TrLoss=0.2118]
 Training FV-otc-s42-t6:  58%|█████▊    | 29/50 [00:05<00:04,  5.10it/s, Saved at =inf, TrLoss=0.2170]
 Training FV-otc-s42-t6:  60%|██████    | 30/50 [00:05<00:03,  5.11it/s, Saved at =inf, TrLoss=0.2170]
 Training FV-otc-s42-t6:  60%|██████    | 30/50 [00:05<00:03,  5.11it/s, Saved at =inf, TrLoss=0.2098]
 Training FV-otc-s42-t6:  62%|██████▏   | 31/50 [00:06<00:03,  5.06it/s, Saved at =inf, TrLoss=0.2098]
 Training FV-otc-s42-t6:  62%|██████▏   | 31/50 [00:06<00:03,  5.06it/s, Saved at =inf, TrLoss=0.2078]
 Training FV-otc-s42-t6:  64%|██████▍   | 32/50 [00:06<00:03,  5.07it/s, Saved at =inf, TrLoss=0.2078]
 Training FV-otc-s42-t6:  64%|██████▍   | 32/50 [00:06<00:03,  5.07it/s, Saved at =inf, TrLoss=0.2049]
 Training FV-otc-s42-t6:  66%|██████▌   | 33/50 [00:06<00:03,  5.11it/s, Saved at =inf, TrLoss=0.2049]
 Training FV-otc-s42-t6:  66%|██████▌   | 33/50 [00:06<00:03,  5.11it/s, Saved at =inf, TrLoss=0.2045]
 Training FV-otc-s42-t6:  68%|██████▊   | 34/50 [00:06<00:03,  5.12it/s, Saved at =inf, TrLoss=0.2045]
 Training FV-otc-s42-t6:  68%|██████▊   | 34/50 [00:06<00:03,  5.12it/s, Saved at =inf, TrLoss=0.2086]
 Training FV-otc-s42-t6:  70%|███████   | 35/50 [00:06<00:02,  5.14it/s, Saved at =inf, TrLoss=0.2086]
 Training FV-otc-s42-t6:  70%|███████   | 35/50 [00:06<00:02,  5.14it/s, Saved at =inf, TrLoss=0.1994]
 Training FV-otc-s42-t6:  72%|███████▏  | 36/50 [00:07<00:02,  5.15it/s, Saved at =inf, TrLoss=0.1994]
 Training FV-otc-s42-t6:  72%|███████▏  | 36/50 [00:07<00:02,  5.15it/s, Saved at =inf, TrLoss=0.2045]
 Training FV-otc-s42-t6:  74%|███████▍  | 37/50 [00:07<00:02,  5.16it/s, Saved at =inf, TrLoss=0.2045]
 Training FV-otc-s42-t6:  74%|███████▍  | 37/50 [00:07<00:02,  5.16it/s, Saved at =inf, TrLoss=0.2004]
 Training FV-otc-s42-t6:  76%|███████▌  | 38/50 [00:07<00:02,  5.16it/s, Saved at =inf, TrLoss=0.2004]
 Training FV-otc-s42-t6:  76%|███████▌  | 38/50 [00:07<00:02,  5.16it/s, Saved at =inf, TrLoss=0.2006]
 Training FV-otc-s42-t6:  78%|███████▊  | 39/50 [00:07<00:02,  5.17it/s, Saved at =inf, TrLoss=0.2006]
 Training FV-otc-s42-t6:  78%|███████▊  | 39/50 [00:07<00:02,  5.17it/s, Saved at =inf, TrLoss=0.1998]
 Training FV-otc-s42-t6:  80%|████████  | 40/50 [00:07<00:01,  5.17it/s, Saved at =inf, TrLoss=0.1998]
 Training FV-otc-s42-t6:  80%|████████  | 40/50 [00:07<00:01,  5.17it/s, Saved at =inf, TrLoss=0.1893]
 Training FV-otc-s42-t6:  82%|████████▏ | 41/50 [00:07<00:01,  5.17it/s, Saved at =inf, TrLoss=0.1893]
 Training FV-otc-s42-t6:  82%|████████▏ | 41/50 [00:08<00:01,  5.17it/s, Saved at =inf, TrLoss=0.1949]
 Training FV-otc-s42-t6:  84%|████████▍ | 42/50 [00:08<00:01,  5.17it/s, Saved at =inf, TrLoss=0.1949]
 Training FV-otc-s42-t6:  84%|████████▍ | 42/50 [00:08<00:01,  5.17it/s, Saved at =inf, TrLoss=0.1867]
 Training FV-otc-s42-t6:  86%|████████▌ | 43/50 [00:08<00:01,  5.17it/s, Saved at =inf, TrLoss=0.1867]
 Training FV-otc-s42-t6:  86%|████████▌ | 43/50 [00:08<00:01,  5.17it/s, Saved at =inf, TrLoss=0.1890]
 Training FV-otc-s42-t6:  88%|████████▊ | 44/50 [00:08<00:01,  5.18it/s, Saved at =inf, TrLoss=0.1890]
 Training FV-otc-s42-t6:  88%|████████▊ | 44/50 [00:08<00:01,  5.18it/s, Saved at =inf, TrLoss=0.1854]
 Training FV-otc-s42-t6:  90%|█████████ | 45/50 [00:08<00:00,  5.18it/s, Saved at =inf, TrLoss=0.1854]
 Training FV-otc-s42-t6:  90%|█████████ | 45/50 [00:08<00:00,  5.18it/s, Saved at =inf, TrLoss=0.1849]
 Training FV-otc-s42-t6:  92%|█████████▏| 46/50 [00:08<00:00,  5.18it/s, Saved at =inf, TrLoss=0.1849]
 Training FV-otc-s42-t6:  92%|█████████▏| 46/50 [00:09<00:00,  5.18it/s, Saved at =inf, TrLoss=0.1913]
 Training FV-otc-s42-t6:  94%|█████████▍| 47/50 [00:09<00:00,  5.19it/s, Saved at =inf, TrLoss=0.1913]
 Training FV-otc-s42-t6:  94%|█████████▍| 47/50 [00:09<00:00,  5.19it/s, Saved at =inf, TrLoss=0.1813]
 Training FV-otc-s42-t6:  96%|█████████▌| 48/50 [00:09<00:00,  5.19it/s, Saved at =inf, TrLoss=0.1813]
 Training FV-otc-s42-t6:  96%|█████████▌| 48/50 [00:09<00:00,  5.19it/s, Saved at =inf, TrLoss=0.1878]
 Training FV-otc-s42-t6:  98%|█████████▊| 49/50 [00:09<00:00,  5.20it/s, Saved at =inf, TrLoss=0.1878]
 Training FV-otc-s42-t6:  98%|█████████▊| 49/50 [00:09<00:00,  5.20it/s, Saved at =inf, TrLoss=0.1772]
 Training FV-otc-s42-t6: 100%|██████████| 50/50 [00:09<00:00,  5.20it/s, Saved at =inf, TrLoss=0.1772]
 Training FV-otc-s42-t6: 100%|██████████| 50/50 [00:09<00:00,  5.14it/s, Saved at =inf, TrLoss=0.1772]

 Training FV-otc-s42-t7:   0%|          | 0/50 [00:00<?, ?it/s]
 Training FV-otc-s42-t7:   0%|          | 0/50 [00:00<?, ?it/s, Saved at =inf, TrLoss=0.6894]
 Training FV-otc-s42-t7:   2%|▏         | 1/50 [00:00<00:12,  4.00it/s, Saved at =inf, TrLoss=0.6894]
 Training FV-otc-s42-t7:   2%|▏         | 1/50 [00:00<00:12,  4.00it/s, Saved at =inf, TrLoss=0.6593]
 Training FV-otc-s42-t7:   4%|▍         | 2/50 [00:00<00:11,  4.29it/s, Saved at =inf, TrLoss=0.6593]
 Training FV-otc-s42-t7:   4%|▍         | 2/50 [00:00<00:11,  4.29it/s, Saved at =inf, TrLoss=0.6793]
 Training FV-otc-s42-t7:   6%|▌         | 3/50 [00:00<00:09,  4.95it/s, Saved at =inf, TrLoss=0.6793]
 Training FV-otc-s42-t7:   6%|▌         | 3/50 [00:00<00:09,  4.95it/s, Saved at =inf, TrLoss=0.5581]
 Training FV-otc-s42-t7:   8%|▊         | 4/50 [00:00<00:09,  4.75it/s, Saved at =inf, TrLoss=0.5581]
 Training FV-otc-s42-t7:   8%|▊         | 4/50 [00:00<00:09,  4.75it/s, Saved at =inf, TrLoss=0.4691]
 Training FV-otc-s42-t7:  10%|█         | 5/50 [00:01<00:08,  5.19it/s, Saved at =inf, TrLoss=0.4691]
 Training FV-otc-s42-t7:  10%|█         | 5/50 [00:01<00:08,  5.19it/s, Saved at =inf, TrLoss=0.5048]
 Training FV-otc-s42-t7:  12%|█▏        | 6/50 [00:01<00:08,  4.97it/s, Saved at =inf, TrLoss=0.5048]
 Training FV-otc-s42-t7:  12%|█▏        | 6/50 [00:01<00:08,  4.97it/s, Saved at =inf, TrLoss=0.4910]
 Training FV-otc-s42-t7:  14%|█▍        | 7/50 [00:01<00:08,  5.22it/s, Saved at =inf, TrLoss=0.4910]
 Training FV-otc-s42-t7:  14%|█▍        | 7/50 [00:01<00:08,  5.22it/s, Saved at =inf, TrLoss=0.4054]
 Training FV-otc-s42-t7:  16%|█▌        | 8/50 [00:01<00:08,  5.16it/s, Saved at =inf, TrLoss=0.4054]
 Training FV-otc-s42-t7:  16%|█▌        | 8/50 [00:01<00:08,  5.16it/s, Saved at =inf, TrLoss=0.3655]
 Training FV-otc-s42-t7:  18%|█▊        | 9/50 [00:01<00:08,  4.92it/s, Saved at =inf, TrLoss=0.3655]
 Training FV-otc-s42-t7:  18%|█▊        | 9/50 [00:01<00:08,  4.92it/s, Saved at =inf, TrLoss=0.3788]
 Training FV-otc-s42-t7:  20%|██        | 10/50 [00:02<00:08,  4.80it/s, Saved at =inf, TrLoss=0.3788]
 Training FV-otc-s42-t7:  20%|██        | 10/50 [00:02<00:08,  4.80it/s, Saved at =inf, TrLoss=0.3430]
 Training FV-otc-s42-t7:  22%|██▏       | 11/50 [00:02<00:08,  4.73it/s, Saved at =inf, TrLoss=0.3430]
 Training FV-otc-s42-t7:  22%|██▏       | 11/50 [00:02<00:08,  4.73it/s, Saved at =inf, TrLoss=0.3530]
 Training FV-otc-s42-t7:  24%|██▍       | 12/50 [00:02<00:08,  4.74it/s, Saved at =inf, TrLoss=0.3530]
 Training FV-otc-s42-t7:  24%|██▍       | 12/50 [00:02<00:08,  4.74it/s, Saved at =inf, TrLoss=0.3435]
 Training FV-otc-s42-t7:  26%|██▌       | 13/50 [00:02<00:07,  4.71it/s, Saved at =inf, TrLoss=0.3435]
 Training FV-otc-s42-t7:  26%|██▌       | 13/50 [00:02<00:07,  4.71it/s, Saved at =inf, TrLoss=0.3108]
 Training FV-otc-s42-t7:  28%|██▊       | 14/50 [00:02<00:08,  4.50it/s, Saved at =inf, TrLoss=0.3108]
 Training FV-otc-s42-t7:  28%|██▊       | 14/50 [00:03<00:08,  4.50it/s, Saved at =inf, TrLoss=0.3025]
 Training FV-otc-s42-t7:  30%|███       | 15/50 [00:03<00:08,  4.36it/s, Saved at =inf, TrLoss=0.3025]
 Training FV-otc-s42-t7:  30%|███       | 15/50 [00:03<00:08,  4.36it/s, Saved at =inf, TrLoss=0.2961]
 Training FV-otc-s42-t7:  32%|███▏      | 16/50 [00:03<00:08,  4.19it/s, Saved at =inf, TrLoss=0.2961]
 Training FV-otc-s42-t7:  32%|███▏      | 16/50 [00:03<00:08,  4.19it/s, Saved at =inf, TrLoss=0.2879]
 Training FV-otc-s42-t7:  34%|███▍      | 17/50 [00:03<00:07,  4.24it/s, Saved at =inf, TrLoss=0.2879]
 Training FV-otc-s42-t7:  34%|███▍      | 17/50 [00:03<00:07,  4.24it/s, Saved at =inf, TrLoss=0.2832]
 Training FV-otc-s42-t7:  36%|███▌      | 18/50 [00:03<00:07,  4.30it/s, Saved at =inf, TrLoss=0.2832]
 Training FV-otc-s42-t7:  36%|███▌      | 18/50 [00:04<00:07,  4.30it/s, Saved at =inf, TrLoss=0.2840]
 Training FV-otc-s42-t7:  38%|███▊      | 19/50 [00:04<00:07,  4.39it/s, Saved at =inf, TrLoss=0.2840]
 Training FV-otc-s42-t7:  38%|███▊      | 19/50 [00:04<00:07,  4.39it/s, Saved at =inf, TrLoss=0.2722]
 Training FV-otc-s42-t7:  40%|████      | 20/50 [00:04<00:06,  4.44it/s, Saved at =inf, TrLoss=0.2722]
 Training FV-otc-s42-t7:  40%|████      | 20/50 [00:04<00:06,  4.44it/s, Saved at =inf, TrLoss=0.2772]
 Training FV-otc-s42-t7:  42%|████▏     | 21/50 [00:04<00:06,  4.41it/s, Saved at =inf, TrLoss=0.2772]
 Training FV-otc-s42-t7:  42%|████▏     | 21/50 [00:04<00:06,  4.41it/s, Saved at =inf, TrLoss=0.2685]
 Training FV-otc-s42-t7:  44%|████▍     | 22/50 [00:04<00:05,  4.88it/s, Saved at =inf, TrLoss=0.2685]
 Training FV-otc-s42-t7:  44%|████▍     | 22/50 [00:04<00:05,  4.88it/s, Saved at =inf, TrLoss=0.2601]
 Training FV-otc-s42-t7:  46%|████▌     | 23/50 [00:04<00:05,  5.17it/s, Saved at =inf, TrLoss=0.2601]
 Training FV-otc-s42-t7:  46%|████▌     | 23/50 [00:05<00:05,  5.17it/s, Saved at =inf, TrLoss=0.2494]
 Training FV-otc-s42-t7:  48%|████▊     | 24/50 [00:05<00:04,  5.24it/s, Saved at =inf, TrLoss=0.2494]
 Training FV-otc-s42-t7:  48%|████▊     | 24/50 [00:05<00:04,  5.24it/s, Saved at =inf, TrLoss=0.2472]
 Training FV-otc-s42-t7:  50%|█████     | 25/50 [00:05<00:05,  4.87it/s, Saved at =inf, TrLoss=0.2472]
 Training FV-otc-s42-t7:  50%|█████     | 25/50 [00:05<00:05,  4.87it/s, Saved at =inf, TrLoss=0.2412]
 Training FV-otc-s42-t7:  52%|█████▏    | 26/50 [00:05<00:05,  4.62it/s, Saved at =inf, TrLoss=0.2412]
 Training FV-otc-s42-t7:  52%|█████▏    | 26/50 [00:05<00:05,  4.62it/s, Saved at =inf, TrLoss=0.2396]
 Training FV-otc-s42-t7:  54%|█████▍    | 27/50 [00:05<00:05,  4.39it/s, Saved at =inf, TrLoss=0.2396]
 Training FV-otc-s42-t7:  54%|█████▍    | 27/50 [00:06<00:05,  4.39it/s, Saved at =inf, TrLoss=0.2361]
 Training FV-otc-s42-t7:  56%|█████▌    | 28/50 [00:06<00:05,  4.23it/s, Saved at =inf, TrLoss=0.2361]
 Training FV-otc-s42-t7:  56%|█████▌    | 28/50 [00:06<00:05,  4.23it/s, Saved at =inf, TrLoss=0.2320]
 Training FV-otc-s42-t7:  58%|█████▊    | 29/50 [00:06<00:04,  4.28it/s, Saved at =inf, TrLoss=0.2320]
 Training FV-otc-s42-t7:  58%|█████▊    | 29/50 [00:06<00:04,  4.28it/s, Saved at =inf, TrLoss=0.2271]
 Training FV-otc-s42-t7:  60%|██████    | 30/50 [00:06<00:04,  4.17it/s, Saved at =inf, TrLoss=0.2271]
 Training FV-otc-s42-t7:  60%|██████    | 30/50 [00:06<00:04,  4.17it/s, Saved at =inf, TrLoss=0.2270]
 Training FV-otc-s42-t7:  62%|██████▏   | 31/50 [00:06<00:04,  4.20it/s, Saved at =inf, TrLoss=0.2270]
 Training FV-otc-s42-t7:  62%|██████▏   | 31/50 [00:06<00:04,  4.20it/s, Saved at =inf, TrLoss=0.2257]
 Training FV-otc-s42-t7:  64%|██████▍   | 32/50 [00:07<00:04,  4.24it/s, Saved at =inf, TrLoss=0.2257]
 Training FV-otc-s42-t7:  64%|██████▍   | 32/50 [00:07<00:04,  4.24it/s, Saved at =inf, TrLoss=0.2195]
 Training FV-otc-s42-t7:  66%|██████▌   | 33/50 [00:07<00:03,  4.38it/s, Saved at =inf, TrLoss=0.2195]
 Training FV-otc-s42-t7:  66%|██████▌   | 33/50 [00:07<00:03,  4.38it/s, Saved at =inf, TrLoss=0.2213]
 Training FV-otc-s42-t7:  68%|██████▊   | 34/50 [00:07<00:03,  4.63it/s, Saved at =inf, TrLoss=0.2213]
 Training FV-otc-s42-t7:  68%|██████▊   | 34/50 [00:07<00:03,  4.63it/s, Saved at =inf, TrLoss=0.2239]
 Training FV-otc-s42-t7:  70%|███████   | 35/50 [00:07<00:03,  4.60it/s, Saved at =inf, TrLoss=0.2239]
 Training FV-otc-s42-t7:  70%|███████   | 35/50 [00:07<00:03,  4.60it/s, Saved at =inf, TrLoss=0.2121]
 Training FV-otc-s42-t7:  72%|███████▏  | 36/50 [00:07<00:03,  4.45it/s, Saved at =inf, TrLoss=0.2121]
 Training FV-otc-s42-t7:  72%|███████▏  | 36/50 [00:08<00:03,  4.45it/s, Saved at =inf, TrLoss=0.2112]
 Training FV-otc-s42-t7:  74%|███████▍  | 37/50 [00:08<00:02,  4.49it/s, Saved at =inf, TrLoss=0.2112]
 Training FV-otc-s42-t7:  74%|███████▍  | 37/50 [00:08<00:02,  4.49it/s, Saved at =inf, TrLoss=0.2079]
 Training FV-otc-s42-t7:  76%|███████▌  | 38/50 [00:08<00:02,  4.40it/s, Saved at =inf, TrLoss=0.2079]
 Training FV-otc-s42-t7:  76%|███████▌  | 38/50 [00:08<00:02,  4.40it/s, Saved at =inf, TrLoss=0.2049]
 Training FV-otc-s42-t7:  78%|███████▊  | 39/50 [00:08<00:02,  4.56it/s, Saved at =inf, TrLoss=0.2049]
 Training FV-otc-s42-t7:  78%|███████▊  | 39/50 [00:08<00:02,  4.56it/s, Saved at =inf, TrLoss=0.2071]
 Training FV-otc-s42-t7:  80%|████████  | 40/50 [00:08<00:02,  4.78it/s, Saved at =inf, TrLoss=0.2071]
 Training FV-otc-s42-t7:  80%|████████  | 40/50 [00:08<00:02,  4.78it/s, Saved at =inf, TrLoss=0.1977]
 Training FV-otc-s42-t7:  82%|████████▏ | 41/50 [00:08<00:01,  4.62it/s, Saved at =inf, TrLoss=0.1977]
 Training FV-otc-s42-t7:  82%|████████▏ | 41/50 [00:09<00:01,  4.62it/s, Saved at =inf, TrLoss=0.1997]
 Training FV-otc-s42-t7:  84%|████████▍ | 42/50 [00:09<00:01,  4.46it/s, Saved at =inf, TrLoss=0.1997]
 Training FV-otc-s42-t7:  84%|████████▍ | 42/50 [00:09<00:01,  4.46it/s, Saved at =inf, TrLoss=0.1943]
 Training FV-otc-s42-t7:  86%|████████▌ | 43/50 [00:09<00:01,  4.31it/s, Saved at =inf, TrLoss=0.1943]
 Training FV-otc-s42-t7:  86%|████████▌ | 43/50 [00:09<00:01,  4.31it/s, Saved at =inf, TrLoss=0.2028]
 Training FV-otc-s42-t7:  88%|████████▊ | 44/50 [00:09<00:01,  4.30it/s, Saved at =inf, TrLoss=0.2028]
 Training FV-otc-s42-t7:  88%|████████▊ | 44/50 [00:09<00:01,  4.30it/s, Saved at =inf, TrLoss=0.1983]
 Training FV-otc-s42-t7:  90%|█████████ | 45/50 [00:09<00:01,  4.45it/s, Saved at =inf, TrLoss=0.1983]
 Training FV-otc-s42-t7:  90%|█████████ | 45/50 [00:10<00:01,  4.45it/s, Saved at =inf, TrLoss=0.2007]
 Training FV-otc-s42-t7:  92%|█████████▏| 46/50 [00:10<00:00,  4.71it/s, Saved at =inf, TrLoss=0.2007]
 Training FV-otc-s42-t7:  92%|█████████▏| 46/50 [00:10<00:00,  4.71it/s, Saved at =inf, TrLoss=0.1991]
 Training FV-otc-s42-t7:  94%|█████████▍| 47/50 [00:10<00:00,  4.48it/s, Saved at =inf, TrLoss=0.1991]
 Training FV-otc-s42-t7:  94%|█████████▍| 47/50 [00:10<00:00,  4.48it/s, Saved at =inf, TrLoss=0.1929]
 Training FV-otc-s42-t7:  96%|█████████▌| 48/50 [00:10<00:00,  4.25it/s, Saved at =inf, TrLoss=0.1929]
 Training FV-otc-s42-t7:  96%|█████████▌| 48/50 [00:10<00:00,  4.25it/s, Saved at =inf, TrLoss=0.2000]
 Training FV-otc-s42-t7:  98%|█████████▊| 49/50 [00:10<00:00,  4.19it/s, Saved at =inf, TrLoss=0.2000]
 Training FV-otc-s42-t7:  98%|█████████▊| 49/50 [00:11<00:00,  4.19it/s, Saved at =inf, TrLoss=0.1817]
 Training FV-otc-s42-t7: 100%|██████████| 50/50 [00:11<00:00,  4.04it/s, Saved at =inf, TrLoss=0.1817]
 Training FV-otc-s42-t7: 100%|██████████| 50/50 [00:11<00:00,  4.51it/s, Saved at =inf, TrLoss=0.1817]

 Training FV-otc-s42-t8:   0%|          | 0/50 [00:00<?, ?it/s]
 Training FV-otc-s42-t8:   0%|          | 0/50 [00:00<?, ?it/s, Saved at =inf, TrLoss=0.7212]
 Training FV-otc-s42-t8:   2%|▏         | 1/50 [00:00<00:14,  3.46it/s, Saved at =inf, TrLoss=0.7212]
 Training FV-otc-s42-t8:   2%|▏         | 1/50 [00:00<00:14,  3.46it/s, Saved at =inf, TrLoss=0.7883]
 Training FV-otc-s42-t8:   4%|▍         | 2/50 [00:00<00:13,  3.54it/s, Saved at =inf, TrLoss=0.7883]
 Training FV-otc-s42-t8:   4%|▍         | 2/50 [00:00<00:13,  3.54it/s, Saved at =inf, TrLoss=0.6035]
 Training FV-otc-s42-t8:   6%|▌         | 3/50 [00:00<00:12,  3.67it/s, Saved at =inf, TrLoss=0.6035]
 Training FV-otc-s42-t8:   6%|▌         | 3/50 [00:01<00:12,  3.67it/s, Saved at =inf, TrLoss=0.5991]
 Training FV-otc-s42-t8:   8%|▊         | 4/50 [00:01<00:12,  3.65it/s, Saved at =inf, TrLoss=0.5991]
 Training FV-otc-s42-t8:   8%|▊         | 4/50 [00:01<00:12,  3.65it/s, Saved at =inf, TrLoss=0.5429]
 Training FV-otc-s42-t8:  10%|█         | 5/50 [00:01<00:12,  3.58it/s, Saved at =inf, TrLoss=0.5429]
 Training FV-otc-s42-t8:  10%|█         | 5/50 [00:01<00:12,  3.58it/s, Saved at =inf, TrLoss=0.4989]
 Training FV-otc-s42-t8:  12%|█▏        | 6/50 [00:01<00:11,  3.69it/s, Saved at =inf, TrLoss=0.4989]
 Training FV-otc-s42-t8:  12%|█▏        | 6/50 [00:01<00:11,  3.69it/s, Saved at =inf, TrLoss=0.4820]
 Training FV-otc-s42-t8:  14%|█▍        | 7/50 [00:01<00:11,  3.70it/s, Saved at =inf, TrLoss=0.4820]
 Training FV-otc-s42-t8:  14%|█▍        | 7/50 [00:02<00:11,  3.70it/s, Saved at =inf, TrLoss=0.4272]
 Training FV-otc-s42-t8:  16%|█▌        | 8/50 [00:02<00:11,  3.62it/s, Saved at =inf, TrLoss=0.4272]
 Training FV-otc-s42-t8:  16%|█▌        | 8/50 [00:02<00:11,  3.62it/s, Saved at =inf, TrLoss=0.4122]
 Training FV-otc-s42-t8:  18%|█▊        | 9/50 [00:02<00:11,  3.58it/s, Saved at =inf, TrLoss=0.4122]
 Training FV-otc-s42-t8:  18%|█▊        | 9/50 [00:02<00:11,  3.58it/s, Saved at =inf, TrLoss=0.3677]
 Training FV-otc-s42-t8:  20%|██        | 10/50 [00:02<00:10,  3.70it/s, Saved at =inf, TrLoss=0.3677]
 Training FV-otc-s42-t8:  20%|██        | 10/50 [00:02<00:10,  3.70it/s, Saved at =inf, TrLoss=0.4060]
 Training FV-otc-s42-t8:  22%|██▏       | 11/50 [00:02<00:10,  3.83it/s, Saved at =inf, TrLoss=0.4060]
 Training FV-otc-s42-t8:  22%|██▏       | 11/50 [00:03<00:10,  3.83it/s, Saved at =inf, TrLoss=0.3620]
 Training FV-otc-s42-t8:  24%|██▍       | 12/50 [00:03<00:09,  4.00it/s, Saved at =inf, TrLoss=0.3620]
 Training FV-otc-s42-t8:  24%|██▍       | 12/50 [00:03<00:09,  4.00it/s, Saved at =inf, TrLoss=0.3707]
 Training FV-otc-s42-t8:  26%|██▌       | 13/50 [00:03<00:09,  4.10it/s, Saved at =inf, TrLoss=0.3707]
 Training FV-otc-s42-t8:  26%|██▌       | 13/50 [00:03<00:09,  4.10it/s, Saved at =inf, TrLoss=0.3241]
 Training FV-otc-s42-t8:  28%|██▊       | 14/50 [00:03<00:08,  4.04it/s, Saved at =inf, TrLoss=0.3241]
 Training FV-otc-s42-t8:  28%|██▊       | 14/50 [00:03<00:08,  4.04it/s, Saved at =inf, TrLoss=0.3287]
 Training FV-otc-s42-t8:  30%|███       | 15/50 [00:03<00:08,  3.95it/s, Saved at =inf, TrLoss=0.3287]
 Training FV-otc-s42-t8:  30%|███       | 15/50 [00:04<00:08,  3.95it/s, Saved at =inf, TrLoss=0.3159]
 Training FV-otc-s42-t8:  32%|███▏      | 16/50 [00:04<00:08,  3.88it/s, Saved at =inf, TrLoss=0.3159]
 Training FV-otc-s42-t8:  32%|███▏      | 16/50 [00:04<00:08,  3.88it/s, Saved at =inf, TrLoss=0.3283]
 Training FV-otc-s42-t8:  34%|███▍      | 17/50 [00:04<00:08,  3.77it/s, Saved at =inf, TrLoss=0.3283]
 Training FV-otc-s42-t8:  34%|███▍      | 17/50 [00:04<00:08,  3.77it/s, Saved at =inf, TrLoss=0.3003]
 Training FV-otc-s42-t8:  36%|███▌      | 18/50 [00:04<00:09,  3.54it/s, Saved at =inf, TrLoss=0.3003]
 Training FV-otc-s42-t8:  36%|███▌      | 18/50 [00:05<00:09,  3.54it/s, Saved at =inf, TrLoss=0.3049]
 Training FV-otc-s42-t8:  38%|███▊      | 19/50 [00:05<00:09,  3.44it/s, Saved at =inf, TrLoss=0.3049]
 Training FV-otc-s42-t8:  38%|███▊      | 19/50 [00:05<00:09,  3.44it/s, Saved at =inf, TrLoss=0.2851]
 Training FV-otc-s42-t8:  40%|████      | 20/50 [00:05<00:09,  3.31it/s, Saved at =inf, TrLoss=0.2851]
 Training FV-otc-s42-t8:  40%|████      | 20/50 [00:05<00:09,  3.31it/s, Saved at =inf, TrLoss=0.2871]
 Training FV-otc-s42-t8:  42%|████▏     | 21/50 [00:05<00:08,  3.39it/s, Saved at =inf, TrLoss=0.2871]
 Training FV-otc-s42-t8:  42%|████▏     | 21/50 [00:05<00:08,  3.39it/s, Saved at =inf, TrLoss=0.2757]
 Training FV-otc-s42-t8:  44%|████▍     | 22/50 [00:06<00:08,  3.48it/s, Saved at =inf, TrLoss=0.2757]
 Training FV-otc-s42-t8:  44%|████▍     | 22/50 [00:06<00:08,  3.48it/s, Saved at =inf, TrLoss=0.2861]
 Training FV-otc-s42-t8:  46%|████▌     | 23/50 [00:06<00:06,  3.86it/s, Saved at =inf, TrLoss=0.2861]
 Training FV-otc-s42-t8:  46%|████▌     | 23/50 [00:06<00:06,  3.86it/s, Saved at =inf, TrLoss=0.2606]
 Training FV-otc-s42-t8:  48%|████▊     | 24/50 [00:06<00:06,  4.21it/s, Saved at =inf, TrLoss=0.2606]
 Training FV-otc-s42-t8:  48%|████▊     | 24/50 [00:06<00:06,  4.21it/s, Saved at =inf, TrLoss=0.2780]
 Training FV-otc-s42-t8:  50%|█████     | 25/50 [00:06<00:06,  3.92it/s, Saved at =inf, TrLoss=0.2780]
 Training FV-otc-s42-t8:  50%|█████     | 25/50 [00:06<00:06,  3.92it/s, Saved at =inf, TrLoss=0.2547]
 Training FV-otc-s42-t8:  52%|█████▏    | 26/50 [00:06<00:06,  3.83it/s, Saved at =inf, TrLoss=0.2547]
 Training FV-otc-s42-t8:  52%|█████▏    | 26/50 [00:07<00:06,  3.83it/s, Saved at =inf, TrLoss=0.2688]
 Training FV-otc-s42-t8:  54%|█████▍    | 27/50 [00:07<00:06,  3.81it/s, Saved at =inf, TrLoss=0.2688]
 Training FV-otc-s42-t8:  54%|█████▍    | 27/50 [00:07<00:06,  3.81it/s, Saved at =inf, TrLoss=0.2587]
 Training FV-otc-s42-t8:  56%|█████▌    | 28/50 [00:07<00:05,  3.76it/s, Saved at =inf, TrLoss=0.2587]
 Training FV-otc-s42-t8:  56%|█████▌    | 28/50 [00:07<00:05,  3.76it/s, Saved at =inf, TrLoss=0.2521]
 Training FV-otc-s42-t8:  58%|█████▊    | 29/50 [00:07<00:05,  3.72it/s, Saved at =inf, TrLoss=0.2521]
 Training FV-otc-s42-t8:  58%|█████▊    | 29/50 [00:07<00:05,  3.72it/s, Saved at =inf, TrLoss=0.2465]
 Training FV-otc-s42-t8:  60%|██████    | 30/50 [00:08<00:05,  3.70it/s, Saved at =inf, TrLoss=0.2465]
 Training FV-otc-s42-t8:  60%|██████    | 30/50 [00:08<00:05,  3.70it/s, Saved at =inf, TrLoss=0.2450]
 Training FV-otc-s42-t8:  62%|██████▏   | 31/50 [00:08<00:05,  3.72it/s, Saved at =inf, TrLoss=0.2450]
 Training FV-otc-s42-t8:  62%|██████▏   | 31/50 [00:08<00:05,  3.72it/s, Saved at =inf, TrLoss=0.2433]
 Training FV-otc-s42-t8:  64%|██████▍   | 32/50 [00:08<00:04,  3.73it/s, Saved at =inf, TrLoss=0.2433]
 Training FV-otc-s42-t8:  64%|██████▍   | 32/50 [00:08<00:04,  3.73it/s, Saved at =inf, TrLoss=0.2399]
 Training FV-otc-s42-t8:  66%|██████▌   | 33/50 [00:08<00:04,  3.73it/s, Saved at =inf, TrLoss=0.2399]
 Training FV-otc-s42-t8:  66%|██████▌   | 33/50 [00:09<00:04,  3.73it/s, Saved at =inf, TrLoss=0.2353]
 Training FV-otc-s42-t8:  68%|██████▊   | 34/50 [00:09<00:04,  3.73it/s, Saved at =inf, TrLoss=0.2353]
 Training FV-otc-s42-t8:  68%|██████▊   | 34/50 [00:09<00:04,  3.73it/s, Saved at =inf, TrLoss=0.2371]
 Training FV-otc-s42-t8:  70%|███████   | 35/50 [00:09<00:03,  3.86it/s, Saved at =inf, TrLoss=0.2371]
 Training FV-otc-s42-t8:  70%|███████   | 35/50 [00:09<00:03,  3.86it/s, Saved at =inf, TrLoss=0.2343]
 Training FV-otc-s42-t8:  72%|███████▏  | 36/50 [00:09<00:03,  3.80it/s, Saved at =inf, TrLoss=0.2343]
 Training FV-otc-s42-t8:  72%|███████▏  | 36/50 [00:09<00:03,  3.80it/s, Saved at =inf, TrLoss=0.2346]
 Training FV-otc-s42-t8:  74%|███████▍  | 37/50 [00:09<00:03,  3.51it/s, Saved at =inf, TrLoss=0.2346]
 Training FV-otc-s42-t8:  74%|███████▍  | 37/50 [00:10<00:03,  3.51it/s, Saved at =inf, TrLoss=0.2334]
 Training FV-otc-s42-t8:  76%|███████▌  | 38/50 [00:10<00:03,  3.40it/s, Saved at =inf, TrLoss=0.2334]
 Training FV-otc-s42-t8:  76%|███████▌  | 38/50 [00:10<00:03,  3.40it/s, Saved at =inf, TrLoss=0.2290]
 Training FV-otc-s42-t8:  78%|███████▊  | 39/50 [00:10<00:03,  3.45it/s, Saved at =inf, TrLoss=0.2290]
 Training FV-otc-s42-t8:  78%|███████▊  | 39/50 [00:10<00:03,  3.45it/s, Saved at =inf, TrLoss=0.2313]
 Training FV-otc-s42-t8:  80%|████████  | 40/50 [00:10<00:02,  3.50it/s, Saved at =inf, TrLoss=0.2313]
 Training FV-otc-s42-t8:  80%|████████  | 40/50 [00:11<00:02,  3.50it/s, Saved at =inf, TrLoss=0.2220]
 Training FV-otc-s42-t8:  82%|████████▏ | 41/50 [00:11<00:02,  3.56it/s, Saved at =inf, TrLoss=0.2220]
 Training FV-otc-s42-t8:  82%|████████▏ | 41/50 [00:11<00:02,  3.56it/s, Saved at =inf, TrLoss=0.2294]
 Training FV-otc-s42-t8:  84%|████████▍ | 42/50 [00:11<00:02,  3.58it/s, Saved at =inf, TrLoss=0.2294]
 Training FV-otc-s42-t8:  84%|████████▍ | 42/50 [00:11<00:02,  3.58it/s, Saved at =inf, TrLoss=0.2210]
 Training FV-otc-s42-t8:  86%|████████▌ | 43/50 [00:11<00:01,  3.60it/s, Saved at =inf, TrLoss=0.2210]
 Training FV-otc-s42-t8:  86%|████████▌ | 43/50 [00:11<00:01,  3.60it/s, Saved at =inf, TrLoss=0.2258]
 Training FV-otc-s42-t8:  88%|████████▊ | 44/50 [00:11<00:01,  3.65it/s, Saved at =inf, TrLoss=0.2258]
 Training FV-otc-s42-t8:  88%|████████▊ | 44/50 [00:12<00:01,  3.65it/s, Saved at =inf, TrLoss=0.2235]
 Training FV-otc-s42-t8:  90%|█████████ | 45/50 [00:12<00:01,  3.68it/s, Saved at =inf, TrLoss=0.2235]
 Training FV-otc-s42-t8:  90%|█████████ | 45/50 [00:12<00:01,  3.68it/s, Saved at =inf, TrLoss=0.2221]
 Training FV-otc-s42-t8:  92%|█████████▏| 46/50 [00:12<00:01,  3.70it/s, Saved at =inf, TrLoss=0.2221]
 Training FV-otc-s42-t8:  92%|█████████▏| 46/50 [00:12<00:01,  3.70it/s, Saved at =inf, TrLoss=0.2235]
 Training FV-otc-s42-t8:  94%|█████████▍| 47/50 [00:12<00:00,  3.71it/s, Saved at =inf, TrLoss=0.2235]
 Training FV-otc-s42-t8:  94%|█████████▍| 47/50 [00:12<00:00,  3.71it/s, Saved at =inf, TrLoss=0.2144]
 Training FV-otc-s42-t8:  96%|█████████▌| 48/50 [00:12<00:00,  3.71it/s, Saved at =inf, TrLoss=0.2144]
 Training FV-otc-s42-t8:  96%|█████████▌| 48/50 [00:13<00:00,  3.71it/s, Saved at =inf, TrLoss=0.2241]
 Training FV-otc-s42-t8:  98%|█████████▊| 49/50 [00:13<00:00,  3.67it/s, Saved at =inf, TrLoss=0.2241]
 Training FV-otc-s42-t8:  98%|█████████▊| 49/50 [00:13<00:00,  3.67it/s, Saved at =inf, TrLoss=0.2074]
 Training FV-otc-s42-t8: 100%|██████████| 50/50 [00:13<00:00,  3.59it/s, Saved at =inf, TrLoss=0.2074]
 Training FV-otc-s42-t8: 100%|██████████| 50/50 [00:13<00:00,  3.68it/s, Saved at =inf, TrLoss=0.2074]

 Training FV-otc-s42-t9:   0%|          | 0/50 [00:00<?, ?it/s]
 Training FV-otc-s42-t9:   0%|          | 0/50 [00:00<?, ?it/s, Saved at =inf, TrLoss=0.9548]
 Training FV-otc-s42-t9:   2%|▏         | 1/50 [00:00<00:17,  2.80it/s, Saved at =inf, TrLoss=0.9548]
 Training FV-otc-s42-t9:   2%|▏         | 1/50 [00:00<00:17,  2.80it/s, Saved at =inf, TrLoss=0.7471]
 Training FV-otc-s42-t9:   4%|▍         | 2/50 [00:00<00:15,  3.01it/s, Saved at =inf, TrLoss=0.7471]
 Training FV-otc-s42-t9:   4%|▍         | 2/50 [00:00<00:15,  3.01it/s, Saved at =inf, TrLoss=0.7085]
 Training FV-otc-s42-t9:   6%|▌         | 3/50 [00:00<00:15,  3.08it/s, Saved at =inf, TrLoss=0.7085]
 Training FV-otc-s42-t9:   6%|▌         | 3/50 [00:01<00:15,  3.08it/s, Saved at =inf, TrLoss=0.6100]
 Training FV-otc-s42-t9:   8%|▊         | 4/50 [00:01<00:15,  3.00it/s, Saved at =inf, TrLoss=0.6100]
 Training FV-otc-s42-t9:   8%|▊         | 4/50 [00:01<00:15,  3.00it/s, Saved at =inf, TrLoss=0.6046]
 Training FV-otc-s42-t9:  10%|█         | 5/50 [00:01<00:14,  3.05it/s, Saved at =inf, TrLoss=0.6046]
 Training FV-otc-s42-t9:  10%|█         | 5/50 [00:01<00:14,  3.05it/s, Saved at =inf, TrLoss=0.5337]
 Training FV-otc-s42-t9:  12%|█▏        | 6/50 [00:01<00:14,  3.02it/s, Saved at =inf, TrLoss=0.5337]
 Training FV-otc-s42-t9:  12%|█▏        | 6/50 [00:02<00:14,  3.02it/s, Saved at =inf, TrLoss=0.4918]
 Training FV-otc-s42-t9:  14%|█▍        | 7/50 [00:02<00:14,  2.89it/s, Saved at =inf, TrLoss=0.4918]
 Training FV-otc-s42-t9:  14%|█▍        | 7/50 [00:02<00:14,  2.89it/s, Saved at =inf, TrLoss=0.4299]
 Training FV-otc-s42-t9:  16%|█▌        | 8/50 [00:02<00:14,  2.95it/s, Saved at =inf, TrLoss=0.4299]
 Training FV-otc-s42-t9:  16%|█▌        | 8/50 [00:02<00:14,  2.95it/s, Saved at =inf, TrLoss=0.4117]
 Training FV-otc-s42-t9:  18%|█▊        | 9/50 [00:03<00:14,  2.85it/s, Saved at =inf, TrLoss=0.4117]
 Training FV-otc-s42-t9:  18%|█▊        | 9/50 [00:03<00:14,  2.85it/s, Saved at =inf, TrLoss=0.3715]
 Training FV-otc-s42-t9:  20%|██        | 10/50 [00:03<00:14,  2.81it/s, Saved at =inf, TrLoss=0.3715]
 Training FV-otc-s42-t9:  20%|██        | 10/50 [00:03<00:14,  2.81it/s, Saved at =inf, TrLoss=0.3872]
 Training FV-otc-s42-t9:  22%|██▏       | 11/50 [00:03<00:14,  2.76it/s, Saved at =inf, TrLoss=0.3872]
 Training FV-otc-s42-t9:  22%|██▏       | 11/50 [00:04<00:14,  2.76it/s, Saved at =inf, TrLoss=0.3852]
 Training FV-otc-s42-t9:  24%|██▍       | 12/50 [00:04<00:13,  2.76it/s, Saved at =inf, TrLoss=0.3852]
 Training FV-otc-s42-t9:  24%|██▍       | 12/50 [00:04<00:13,  2.76it/s, Saved at =inf, TrLoss=0.3640]
 Training FV-otc-s42-t9:  26%|██▌       | 13/50 [00:04<00:13,  2.82it/s, Saved at =inf, TrLoss=0.3640]
 Training FV-otc-s42-t9:  26%|██▌       | 13/50 [00:04<00:13,  2.82it/s, Saved at =inf, TrLoss=0.3441]
 Training FV-otc-s42-t9:  28%|██▊       | 14/50 [00:04<00:12,  2.88it/s, Saved at =inf, TrLoss=0.3441]
 Training FV-otc-s42-t9:  28%|██▊       | 14/50 [00:05<00:12,  2.88it/s, Saved at =inf, TrLoss=0.3265]
 Training FV-otc-s42-t9:  30%|███       | 15/50 [00:05<00:10,  3.20it/s, Saved at =inf, TrLoss=0.3265]
 Training FV-otc-s42-t9:  30%|███       | 15/50 [00:05<00:10,  3.20it/s, Saved at =inf, TrLoss=0.3238]
 Training FV-otc-s42-t9:  32%|███▏      | 16/50 [00:05<00:09,  3.50it/s, Saved at =inf, TrLoss=0.3238]
 Training FV-otc-s42-t9:  32%|███▏      | 16/50 [00:05<00:09,  3.50it/s, Saved at =inf, TrLoss=0.3214]
 Training FV-otc-s42-t9:  34%|███▍      | 17/50 [00:05<00:09,  3.42it/s, Saved at =inf, TrLoss=0.3214]
 Training FV-otc-s42-t9:  34%|███▍      | 17/50 [00:05<00:09,  3.42it/s, Saved at =inf, TrLoss=0.3052]
 Training FV-otc-s42-t9:  36%|███▌      | 18/50 [00:05<00:09,  3.30it/s, Saved at =inf, TrLoss=0.3052]
 Training FV-otc-s42-t9:  36%|███▌      | 18/50 [00:06<00:09,  3.30it/s, Saved at =inf, TrLoss=0.3050]
 Training FV-otc-s42-t9:  38%|███▊      | 19/50 [00:06<00:09,  3.26it/s, Saved at =inf, TrLoss=0.3050]
 Training FV-otc-s42-t9:  38%|███▊      | 19/50 [00:06<00:09,  3.26it/s, Saved at =inf, TrLoss=0.2984]
 Training FV-otc-s42-t9:  40%|████      | 20/50 [00:06<00:09,  3.26it/s, Saved at =inf, TrLoss=0.2984]
 Training FV-otc-s42-t9:  40%|████      | 20/50 [00:06<00:09,  3.26it/s, Saved at =inf, TrLoss=0.2916]
 Training FV-otc-s42-t9:  42%|████▏     | 21/50 [00:06<00:09,  3.19it/s, Saved at =inf, TrLoss=0.2916]
 Training FV-otc-s42-t9:  42%|████▏     | 21/50 [00:07<00:09,  3.19it/s, Saved at =inf, TrLoss=0.2817]
 Training FV-otc-s42-t9:  44%|████▍     | 22/50 [00:07<00:08,  3.16it/s, Saved at =inf, TrLoss=0.2817]
 Training FV-otc-s42-t9:  44%|████▍     | 22/50 [00:07<00:08,  3.16it/s, Saved at =inf, TrLoss=0.2785]
 Training FV-otc-s42-t9:  46%|████▌     | 23/50 [00:07<00:08,  3.19it/s, Saved at =inf, TrLoss=0.2785]
 Training FV-otc-s42-t9:  46%|████▌     | 23/50 [00:07<00:08,  3.19it/s, Saved at =inf, TrLoss=0.2755]
 Training FV-otc-s42-t9:  48%|████▊     | 24/50 [00:07<00:08,  3.15it/s, Saved at =inf, TrLoss=0.2755]
 Training FV-otc-s42-t9:  48%|████▊     | 24/50 [00:08<00:08,  3.15it/s, Saved at =inf, TrLoss=0.2668]
 Training FV-otc-s42-t9:  50%|█████     | 25/50 [00:08<00:07,  3.15it/s, Saved at =inf, TrLoss=0.2668]
 Training FV-otc-s42-t9:  50%|█████     | 25/50 [00:08<00:07,  3.15it/s, Saved at =inf, TrLoss=0.2638]
 Training FV-otc-s42-t9:  52%|█████▏    | 26/50 [00:08<00:07,  3.13it/s, Saved at =inf, TrLoss=0.2638]
 Training FV-otc-s42-t9:  52%|█████▏    | 26/50 [00:08<00:07,  3.13it/s, Saved at =inf, TrLoss=0.2601]
 Training FV-otc-s42-t9:  54%|█████▍    | 27/50 [00:08<00:07,  3.14it/s, Saved at =inf, TrLoss=0.2601]
 Training FV-otc-s42-t9:  54%|█████▍    | 27/50 [00:09<00:07,  3.14it/s, Saved at =inf, TrLoss=0.2597]
 Training FV-otc-s42-t9:  56%|█████▌    | 28/50 [00:09<00:07,  3.05it/s, Saved at =inf, TrLoss=0.2597]
 Training FV-otc-s42-t9:  56%|█████▌    | 28/50 [00:09<00:07,  3.05it/s, Saved at =inf, TrLoss=0.2628]
 Training FV-otc-s42-t9:  58%|█████▊    | 29/50 [00:09<00:06,  3.14it/s, Saved at =inf, TrLoss=0.2628]
 Training FV-otc-s42-t9:  58%|█████▊    | 29/50 [00:09<00:06,  3.14it/s, Saved at =inf, TrLoss=0.2665]
 Training FV-otc-s42-t9:  60%|██████    | 30/50 [00:09<00:06,  3.11it/s, Saved at =inf, TrLoss=0.2665]
 Training FV-otc-s42-t9:  60%|██████    | 30/50 [00:10<00:06,  3.11it/s, Saved at =inf, TrLoss=0.2545]
 Training FV-otc-s42-t9:  62%|██████▏   | 31/50 [00:10<00:06,  3.10it/s, Saved at =inf, TrLoss=0.2545]
 Training FV-otc-s42-t9:  62%|██████▏   | 31/50 [00:10<00:06,  3.10it/s, Saved at =inf, TrLoss=0.2405]
 Training FV-otc-s42-t9:  64%|██████▍   | 32/50 [00:10<00:05,  3.15it/s, Saved at =inf, TrLoss=0.2405]
 Training FV-otc-s42-t9:  64%|██████▍   | 32/50 [00:10<00:05,  3.15it/s, Saved at =inf, TrLoss=0.2490]
 Training FV-otc-s42-t9:  66%|██████▌   | 33/50 [00:10<00:05,  3.11it/s, Saved at =inf, TrLoss=0.2490]
 Training FV-otc-s42-t9:  66%|██████▌   | 33/50 [00:10<00:05,  3.11it/s, Saved at =inf, TrLoss=0.2430]
 Training FV-otc-s42-t9:  68%|██████▊   | 34/50 [00:11<00:05,  3.12it/s, Saved at =inf, TrLoss=0.2430]
 Training FV-otc-s42-t9:  68%|██████▊   | 34/50 [00:11<00:05,  3.12it/s, Saved at =inf, TrLoss=0.2373]
 Training FV-otc-s42-t9:  70%|███████   | 35/50 [00:11<00:04,  3.16it/s, Saved at =inf, TrLoss=0.2373]
 Training FV-otc-s42-t9:  70%|███████   | 35/50 [00:11<00:04,  3.16it/s, Saved at =inf, TrLoss=0.2401]
 Training FV-otc-s42-t9:  72%|███████▏  | 36/50 [00:11<00:04,  3.14it/s, Saved at =inf, TrLoss=0.2401]
 Training FV-otc-s42-t9:  72%|███████▏  | 36/50 [00:11<00:04,  3.14it/s, Saved at =inf, TrLoss=0.2303]
 Training FV-otc-s42-t9:  74%|███████▍  | 37/50 [00:11<00:04,  3.17it/s, Saved at =inf, TrLoss=0.2303]
 Training FV-otc-s42-t9:  74%|███████▍  | 37/50 [00:12<00:04,  3.17it/s, Saved at =inf, TrLoss=0.2292]
 Training FV-otc-s42-t9:  76%|███████▌  | 38/50 [00:12<00:03,  3.19it/s, Saved at =inf, TrLoss=0.2292]
 Training FV-otc-s42-t9:  76%|███████▌  | 38/50 [00:12<00:03,  3.19it/s, Saved at =inf, TrLoss=0.2279]
 Training FV-otc-s42-t9:  78%|███████▊  | 39/50 [00:12<00:03,  3.15it/s, Saved at =inf, TrLoss=0.2279]
 Training FV-otc-s42-t9:  78%|███████▊  | 39/50 [00:12<00:03,  3.15it/s, Saved at =inf, TrLoss=0.2247]
 Training FV-otc-s42-t9:  80%|████████  | 40/50 [00:12<00:03,  3.18it/s, Saved at =inf, TrLoss=0.2247]
 Training FV-otc-s42-t9:  80%|████████  | 40/50 [00:13<00:03,  3.18it/s, Saved at =inf, TrLoss=0.2230]
 Training FV-otc-s42-t9:  82%|████████▏ | 41/50 [00:13<00:02,  3.19it/s, Saved at =inf, TrLoss=0.2230]
 Training FV-otc-s42-t9:  82%|████████▏ | 41/50 [00:13<00:02,  3.19it/s, Saved at =inf, TrLoss=0.2229]
 Training FV-otc-s42-t9:  84%|████████▍ | 42/50 [00:13<00:02,  3.15it/s, Saved at =inf, TrLoss=0.2229]
 Training FV-otc-s42-t9:  84%|████████▍ | 42/50 [00:13<00:02,  3.15it/s, Saved at =inf, TrLoss=0.2229]
 Training FV-otc-s42-t9:  86%|████████▌ | 43/50 [00:13<00:02,  3.18it/s, Saved at =inf, TrLoss=0.2229]
 Training FV-otc-s42-t9:  86%|████████▌ | 43/50 [00:14<00:02,  3.18it/s, Saved at =inf, TrLoss=0.2249]
 Training FV-otc-s42-t9:  88%|████████▊ | 44/50 [00:14<00:01,  3.19it/s, Saved at =inf, TrLoss=0.2249]
 Training FV-otc-s42-t9:  88%|████████▊ | 44/50 [00:14<00:01,  3.19it/s, Saved at =inf, TrLoss=0.2218]
 Training FV-otc-s42-t9:  90%|█████████ | 45/50 [00:14<00:01,  3.15it/s, Saved at =inf, TrLoss=0.2218]
 Training FV-otc-s42-t9:  90%|█████████ | 45/50 [00:14<00:01,  3.15it/s, Saved at =inf, TrLoss=0.2139]
 Training FV-otc-s42-t9:  92%|█████████▏| 46/50 [00:14<00:01,  3.18it/s, Saved at =inf, TrLoss=0.2139]
 Training FV-otc-s42-t9:  92%|█████████▏| 46/50 [00:14<00:01,  3.18it/s, Saved at =inf, TrLoss=0.2256]
 Training FV-otc-s42-t9:  94%|█████████▍| 47/50 [00:15<00:00,  3.47it/s, Saved at =inf, TrLoss=0.2256]
 Training FV-otc-s42-t9:  94%|█████████▍| 47/50 [00:15<00:00,  3.47it/s, Saved at =inf, TrLoss=0.2104]
 Training FV-otc-s42-t9:  96%|█████████▌| 48/50 [00:15<00:00,  3.71it/s, Saved at =inf, TrLoss=0.2104]
 Training FV-otc-s42-t9:  96%|█████████▌| 48/50 [00:15<00:00,  3.71it/s, Saved at =inf, TrLoss=0.2158]
 Training FV-otc-s42-t9:  98%|█████████▊| 49/50 [00:15<00:00,  3.90it/s, Saved at =inf, TrLoss=0.2158]
 Training FV-otc-s42-t9:  98%|█████████▊| 49/50 [00:15<00:00,  3.90it/s, Saved at =inf, TrLoss=0.2138]
 Training FV-otc-s42-t9: 100%|██████████| 50/50 [00:15<00:00,  4.05it/s, Saved at =inf, TrLoss=0.2138]
 Training FV-otc-s42-t9: 100%|██████████| 50/50 [00:15<00:00,  3.18it/s, Saved at =inf, TrLoss=0.2138]

 Training ATK-otc-s42-t7:   0%|          | 0/50 [00:00<?, ?it/s]
 Training ATK-otc-s42-t7:   0%|          | 0/50 [00:00<?, ?it/s, Saved at =inf, TrLoss=0.6894]
 Training ATK-otc-s42-t7:   2%|▏         | 1/50 [00:00<00:10,  4.82it/s, Saved at =inf, TrLoss=0.6894]
 Training ATK-otc-s42-t7:   2%|▏         | 1/50 [00:00<00:10,  4.82it/s, Saved at =inf, TrLoss=0.6593]
 Training ATK-otc-s42-t7:   4%|▍         | 2/50 [00:00<00:09,  4.80it/s, Saved at =inf, TrLoss=0.6593]
 Training ATK-otc-s42-t7:   4%|▍         | 2/50 [00:00<00:09,  4.80it/s, Saved at =inf, TrLoss=0.6793]
 Training ATK-otc-s42-t7:   6%|▌         | 3/50 [00:00<00:09,  4.75it/s, Saved at =inf, TrLoss=0.6793]
 Training ATK-otc-s42-t7:   6%|▌         | 3/50 [00:00<00:09,  4.75it/s, Saved at =inf, TrLoss=0.5581]
 Training ATK-otc-s42-t7:   8%|▊         | 4/50 [00:00<00:09,  4.70it/s, Saved at =inf, TrLoss=0.5581]
 Training ATK-otc-s42-t7:   8%|▊         | 4/50 [00:01<00:09,  4.70it/s, Saved at =inf, TrLoss=0.4691]
 Training ATK-otc-s42-t7:  10%|█         | 5/50 [00:01<00:09,  4.67it/s, Saved at =inf, TrLoss=0.4691]
 Training ATK-otc-s42-t7:  10%|█         | 5/50 [00:01<00:09,  4.67it/s, Saved at =inf, TrLoss=0.5048]
 Training ATK-otc-s42-t7:  12%|█▏        | 6/50 [00:01<00:09,  4.64it/s, Saved at =inf, TrLoss=0.5048]
 Training ATK-otc-s42-t7:  12%|█▏        | 6/50 [00:01<00:09,  4.64it/s, Saved at =inf, TrLoss=0.4910]
 Training ATK-otc-s42-t7:  14%|█▍        | 7/50 [00:01<00:09,  4.73it/s, Saved at =inf, TrLoss=0.4910]
 Training ATK-otc-s42-t7:  14%|█▍        | 7/50 [00:01<00:09,  4.73it/s, Saved at =inf, TrLoss=0.4054]
 Training ATK-otc-s42-t7:  16%|█▌        | 8/50 [00:01<00:08,  4.76it/s, Saved at =inf, TrLoss=0.4054]
 Training ATK-otc-s42-t7:  16%|█▌        | 8/50 [00:01<00:08,  4.76it/s, Saved at =inf, TrLoss=0.3655]
 Training ATK-otc-s42-t7:  18%|█▊        | 9/50 [00:01<00:09,  4.49it/s, Saved at =inf, TrLoss=0.3655]
 Training ATK-otc-s42-t7:  18%|█▊        | 9/50 [00:02<00:09,  4.49it/s, Saved at =inf, TrLoss=0.3788]
 Training ATK-otc-s42-t7:  20%|██        | 10/50 [00:02<00:09,  4.22it/s, Saved at =inf, TrLoss=0.3788]
 Training ATK-otc-s42-t7:  20%|██        | 10/50 [00:02<00:09,  4.22it/s, Saved at =inf, TrLoss=0.3430]
 Training ATK-otc-s42-t7:  22%|██▏       | 11/50 [00:02<00:09,  4.10it/s, Saved at =inf, TrLoss=0.3430]
 Training ATK-otc-s42-t7:  22%|██▏       | 11/50 [00:02<00:09,  4.10it/s, Saved at =inf, TrLoss=0.3530]
 Training ATK-otc-s42-t7:  24%|██▍       | 12/50 [00:02<00:09,  4.03it/s, Saved at =inf, TrLoss=0.3530]
 Training ATK-otc-s42-t7:  24%|██▍       | 12/50 [00:02<00:09,  4.03it/s, Saved at =inf, TrLoss=0.3435]
 Training ATK-otc-s42-t7:  26%|██▌       | 13/50 [00:03<00:09,  3.90it/s, Saved at =inf, TrLoss=0.3435]
 Training ATK-otc-s42-t7:  26%|██▌       | 13/50 [00:03<00:09,  3.90it/s, Saved at =inf, TrLoss=0.3108]
 Training ATK-otc-s42-t7:  28%|██▊       | 14/50 [00:03<00:09,  3.83it/s, Saved at =inf, TrLoss=0.3108]
 Training ATK-otc-s42-t7:  28%|██▊       | 14/50 [00:03<00:09,  3.83it/s, Saved at =inf, TrLoss=0.3025]
 Training ATK-otc-s42-t7:  30%|███       | 15/50 [00:03<00:09,  3.80it/s, Saved at =inf, TrLoss=0.3025]
 Training ATK-otc-s42-t7:  30%|███       | 15/50 [00:03<00:09,  3.80it/s, Saved at =inf, TrLoss=0.2961]
 Training ATK-otc-s42-t7:  32%|███▏      | 16/50 [00:03<00:08,  3.87it/s, Saved at =inf, TrLoss=0.2961]
 Training ATK-otc-s42-t7:  32%|███▏      | 16/50 [00:03<00:08,  3.87it/s, Saved at =inf, TrLoss=0.2879]
 Training ATK-otc-s42-t7:  34%|███▍      | 17/50 [00:04<00:08,  3.83it/s, Saved at =inf, TrLoss=0.2879]
 Training ATK-otc-s42-t7:  34%|███▍      | 17/50 [00:04<00:08,  3.83it/s, Saved at =inf, TrLoss=0.2832]
 Training ATK-otc-s42-t7:  36%|███▌      | 18/50 [00:04<00:08,  3.88it/s, Saved at =inf, TrLoss=0.2832]
 Training ATK-otc-s42-t7:  36%|███▌      | 18/50 [00:04<00:08,  3.88it/s, Saved at =inf, TrLoss=0.2840]
 Training ATK-otc-s42-t7:  38%|███▊      | 19/50 [00:04<00:08,  3.83it/s, Saved at =inf, TrLoss=0.2840]
 Training ATK-otc-s42-t7:  38%|███▊      | 19/50 [00:04<00:08,  3.83it/s, Saved at =inf, TrLoss=0.2722]
 Training ATK-otc-s42-t7:  40%|████      | 20/50 [00:04<00:07,  3.86it/s, Saved at =inf, TrLoss=0.2722]
 Training ATK-otc-s42-t7:  40%|████      | 20/50 [00:05<00:07,  3.86it/s, Saved at =inf, TrLoss=0.2772]
 Training ATK-otc-s42-t7:  42%|████▏     | 21/50 [00:05<00:07,  3.83it/s, Saved at =inf, TrLoss=0.2772]
 Training ATK-otc-s42-t7:  42%|████▏     | 21/50 [00:05<00:07,  3.83it/s, Saved at =inf, TrLoss=0.2685]
 Training ATK-otc-s42-t7:  44%|████▍     | 22/50 [00:05<00:07,  3.83it/s, Saved at =inf, TrLoss=0.2685]
 Training ATK-otc-s42-t7:  44%|████▍     | 22/50 [00:05<00:07,  3.83it/s, Saved at =inf, TrLoss=0.2601]
 Training ATK-otc-s42-t7:  46%|████▌     | 23/50 [00:05<00:07,  3.82it/s, Saved at =inf, TrLoss=0.2601]
 Training ATK-otc-s42-t7:  46%|████▌     | 23/50 [00:05<00:07,  3.82it/s, Saved at =inf, TrLoss=0.2494]
 Training ATK-otc-s42-t7:  48%|████▊     | 24/50 [00:05<00:06,  3.91it/s, Saved at =inf, TrLoss=0.2494]
 Training ATK-otc-s42-t7:  48%|████▊     | 24/50 [00:06<00:06,  3.91it/s, Saved at =inf, TrLoss=0.2472]
 Training ATK-otc-s42-t7:  50%|█████     | 25/50 [00:06<00:06,  3.86it/s, Saved at =inf, TrLoss=0.2472]
 Training ATK-otc-s42-t7:  50%|█████     | 25/50 [00:06<00:06,  3.86it/s, Saved at =inf, TrLoss=0.2412]
 Training ATK-otc-s42-t7:  52%|█████▏    | 26/50 [00:06<00:05,  4.12it/s, Saved at =inf, TrLoss=0.2412]
 Training ATK-otc-s42-t7:  52%|█████▏    | 26/50 [00:06<00:05,  4.12it/s, Saved at =inf, TrLoss=0.2396]
 Training ATK-otc-s42-t7:  54%|█████▍    | 27/50 [00:06<00:05,  4.18it/s, Saved at =inf, TrLoss=0.2396]
 Training ATK-otc-s42-t7:  54%|█████▍    | 27/50 [00:06<00:05,  4.18it/s, Saved at =inf, TrLoss=0.2361]
 Training ATK-otc-s42-t7:  56%|█████▌    | 28/50 [00:06<00:05,  4.04it/s, Saved at =inf, TrLoss=0.2361]
 Training ATK-otc-s42-t7:  56%|█████▌    | 28/50 [00:07<00:05,  4.04it/s, Saved at =inf, TrLoss=0.2320]
 Training ATK-otc-s42-t7:  58%|█████▊    | 29/50 [00:07<00:05,  3.96it/s, Saved at =inf, TrLoss=0.2320]
 Training ATK-otc-s42-t7:  58%|█████▊    | 29/50 [00:07<00:05,  3.96it/s, Saved at =inf, TrLoss=0.2271]
 Training ATK-otc-s42-t7:  60%|██████    | 30/50 [00:07<00:05,  3.88it/s, Saved at =inf, TrLoss=0.2271]
 Training ATK-otc-s42-t7:  60%|██████    | 30/50 [00:07<00:05,  3.88it/s, Saved at =inf, TrLoss=0.2270]
 Training ATK-otc-s42-t7:  62%|██████▏   | 31/50 [00:07<00:04,  3.85it/s, Saved at =inf, TrLoss=0.2270]
 Training ATK-otc-s42-t7:  62%|██████▏   | 31/50 [00:07<00:04,  3.85it/s, Saved at =inf, TrLoss=0.2257]
 Training ATK-otc-s42-t7:  64%|██████▍   | 32/50 [00:07<00:04,  3.82it/s, Saved at =inf, TrLoss=0.2257]
 Training ATK-otc-s42-t7:  64%|██████▍   | 32/50 [00:08<00:04,  3.82it/s, Saved at =inf, TrLoss=0.2195]
 Training ATK-otc-s42-t7:  66%|██████▌   | 33/50 [00:08<00:04,  3.86it/s, Saved at =inf, TrLoss=0.2195]
 Training ATK-otc-s42-t7:  66%|██████▌   | 33/50 [00:08<00:04,  3.86it/s, Saved at =inf, TrLoss=0.2213]
 Training ATK-otc-s42-t7:  68%|██████▊   | 34/50 [00:08<00:04,  3.82it/s, Saved at =inf, TrLoss=0.2213]
 Training ATK-otc-s42-t7:  68%|██████▊   | 34/50 [00:08<00:04,  3.82it/s, Saved at =inf, TrLoss=0.2239]
 Training ATK-otc-s42-t7:  70%|███████   | 35/50 [00:08<00:03,  3.81it/s, Saved at =inf, TrLoss=0.2239]
 Training ATK-otc-s42-t7:  70%|███████   | 35/50 [00:08<00:03,  3.81it/s, Saved at =inf, TrLoss=0.2121]
 Training ATK-otc-s42-t7:  72%|███████▏  | 36/50 [00:08<00:03,  4.01it/s, Saved at =inf, TrLoss=0.2121]
 Training ATK-otc-s42-t7:  72%|███████▏  | 36/50 [00:09<00:03,  4.01it/s, Saved at =inf, TrLoss=0.2112]
 Training ATK-otc-s42-t7:  74%|███████▍  | 37/50 [00:09<00:03,  4.19it/s, Saved at =inf, TrLoss=0.2112]
 Training ATK-otc-s42-t7:  74%|███████▍  | 37/50 [00:09<00:03,  4.19it/s, Saved at =inf, TrLoss=0.2079]
 Training ATK-otc-s42-t7:  76%|███████▌  | 38/50 [00:09<00:02,  4.33it/s, Saved at =inf, TrLoss=0.2079]
 Training ATK-otc-s42-t7:  76%|███████▌  | 38/50 [00:09<00:02,  4.33it/s, Saved at =inf, TrLoss=0.2049]
 Training ATK-otc-s42-t7:  78%|███████▊  | 39/50 [00:09<00:02,  4.46it/s, Saved at =inf, TrLoss=0.2049]
 Training ATK-otc-s42-t7:  78%|███████▊  | 39/50 [00:09<00:02,  4.46it/s, Saved at =inf, TrLoss=0.2071]
 Training ATK-otc-s42-t7:  80%|████████  | 40/50 [00:09<00:02,  4.56it/s, Saved at =inf, TrLoss=0.2071]
 Training ATK-otc-s42-t7:  80%|████████  | 40/50 [00:09<00:02,  4.56it/s, Saved at =inf, TrLoss=0.1977]
 Training ATK-otc-s42-t7:  82%|████████▏ | 41/50 [00:09<00:01,  4.63it/s, Saved at =inf, TrLoss=0.1977]
 Training ATK-otc-s42-t7:  82%|████████▏ | 41/50 [00:10<00:01,  4.63it/s, Saved at =inf, TrLoss=0.1997]
 Training ATK-otc-s42-t7:  84%|████████▍ | 42/50 [00:10<00:01,  4.67it/s, Saved at =inf, TrLoss=0.1997]
 Training ATK-otc-s42-t7:  84%|████████▍ | 42/50 [00:10<00:01,  4.67it/s, Saved at =inf, TrLoss=0.1943]
 Training ATK-otc-s42-t7:  86%|████████▌ | 43/50 [00:10<00:01,  4.71it/s, Saved at =inf, TrLoss=0.1943]
 Training ATK-otc-s42-t7:  86%|████████▌ | 43/50 [00:10<00:01,  4.71it/s, Saved at =inf, TrLoss=0.2028]
 Training ATK-otc-s42-t7:  88%|████████▊ | 44/50 [00:10<00:01,  4.67it/s, Saved at =inf, TrLoss=0.2028]
 Training ATK-otc-s42-t7:  88%|████████▊ | 44/50 [00:10<00:01,  4.67it/s, Saved at =inf, TrLoss=0.1983]
 Training ATK-otc-s42-t7:  90%|█████████ | 45/50 [00:10<00:01,  4.74it/s, Saved at =inf, TrLoss=0.1983]
 Training ATK-otc-s42-t7:  90%|█████████ | 45/50 [00:10<00:01,  4.74it/s, Saved at =inf, TrLoss=0.2007]
 Training ATK-otc-s42-t7:  92%|█████████▏| 46/50 [00:10<00:00,  4.80it/s, Saved at =inf, TrLoss=0.2007]
 Training ATK-otc-s42-t7:  92%|█████████▏| 46/50 [00:11<00:00,  4.80it/s, Saved at =inf, TrLoss=0.1991]
 Training ATK-otc-s42-t7:  94%|█████████▍| 47/50 [00:11<00:00,  4.93it/s, Saved at =inf, TrLoss=0.1991]
 Training ATK-otc-s42-t7:  94%|█████████▍| 47/50 [00:11<00:00,  4.93it/s, Saved at =inf, TrLoss=0.1928]
 Training ATK-otc-s42-t7:  96%|█████████▌| 48/50 [00:11<00:00,  5.20it/s, Saved at =inf, TrLoss=0.1928]
 Training ATK-otc-s42-t7:  96%|█████████▌| 48/50 [00:11<00:00,  5.20it/s, Saved at =inf, TrLoss=0.2001]
 Training ATK-otc-s42-t7:  98%|█████████▊| 49/50 [00:11<00:00,  5.31it/s, Saved at =inf, TrLoss=0.2001]
 Training ATK-otc-s42-t7:  98%|█████████▊| 49/50 [00:11<00:00,  5.31it/s, Saved at =inf, TrLoss=0.1817]
 Training ATK-otc-s42-t7: 100%|██████████| 50/50 [00:11<00:00,  5.08it/s, Saved at =inf, TrLoss=0.1817]
 Training ATK-otc-s42-t7: 100%|██████████| 50/50 [00:11<00:00,  4.26it/s, Saved at =inf, TrLoss=0.1817]
[06:34:03]   MCC=0.397±0.105, AUC=0.760±0.075, BAcc=0.680±0.047
[06:34:37]   [low 5/25] t=5378
[06:35:06]   [low 10/25] t=2943
[06:35:34]   [low 15/25] t=2512
[06:36:03]   [low 20/25] t=54
[06:36:31]   [low 25/25] t=3472
[06:36:31]   low     random B1 flip %: {'gdte_mean_total': 64.0, 'gdte_mean_prop': 56.0, 'gdte_median_total': 52.2, 'gdte_median_prop': 39.1, 'gdte_trimmed_total': 60.0, 'gdte_trimmed_prop': 52.0, 'fg': 4.0, 'fraction': 0.0, 'beta': 0.0, 'wilson': 15.0}
[06:36:31]   low   mean_opt B1 flip %: {'gdte_mean_total': 72.0, 'gdte_mean_prop': 64.0, 'gdte_median_total': 65.2, 'gdte_median_prop': 47.8, 'gdte_trimmed_total': 68.0, 'gdte_trimmed_prop': 60.0, 'fg': 4.0, 'fraction': 0.0, 'beta': 0.0, 'wilson': 15.0}
[06:36:31]   low median_opt B1 flip %: {'gdte_mean_total': 68.0, 'gdte_mean_prop': 64.0, 'gdte_median_total': 65.2, 'gdte_median_prop': 47.8, 'gdte_trimmed_total': 68.0, 'gdte_trimmed_prop': 60.0, 'fg': 4.0, 'fraction': 0.0, 'beta': 0.0, 'wilson': 15.0}
[06:36:31]   low     fg_opt B1 flip %: {'gdte_mean_total': 64.0, 'gdte_mean_prop': 56.0, 'gdte_median_total': 52.2, 'gdte_median_prop': 43.5, 'gdte_trimmed_total': 60.0, 'gdte_trimmed_prop': 56.0, 'fg': 4.0, 'fraction': 0.0, 'beta': 0.0, 'wilson': 15.0}
[06:37:00]   [moderate 5/25] t=1644
[06:37:28]   [moderate 10/25] t=16
[06:37:57]   [moderate 15/25] t=3032
[06:38:24]   [moderate 20/25] t=729
[06:38:46]   [moderate 25/25] t=3593
[06:38:46]   moderate     random B1 flip %: {'gdte_mean_total': 16.0, 'gdte_mean_prop': 8.0, 'gdte_median_total': 12.0, 'gdte_median_prop': 4.0, 'gdte_trimmed_total': 12.0, 'gdte_trimmed_prop': 8.0, 'fg': 0.0, 'fraction': 0.0, 'beta': 0.0, 'wilson': 0.0}
[06:38:46]   moderate   mean_opt B1 flip %: {'gdte_mean_total': 24.0, 'gdte_mean_prop': 20.0, 'gdte_median_total': 20.0, 'gdte_median_prop': 12.0, 'gdte_trimmed_total': 24.0, 'gdte_trimmed_prop': 20.0, 'fg': 0.0, 'fraction': 0.0, 'beta': 0.0, 'wilson': 0.0}
[06:38:46]   moderate median_opt B1 flip %: {'gdte_mean_total': 24.0, 'gdte_mean_prop': 20.0, 'gdte_median_total': 20.0, 'gdte_median_prop': 12.0, 'gdte_trimmed_total': 24.0, 'gdte_trimmed_prop': 20.0, 'fg': 0.0, 'fraction': 0.0, 'beta': 0.0, 'wilson': 0.0}
[06:38:46]   moderate     fg_opt B1 flip %: {'gdte_mean_total': 16.0, 'gdte_mean_prop': 8.0, 'gdte_median_total': 12.0, 'gdte_median_prop': 8.0, 'gdte_trimmed_total': 16.0, 'gdte_trimmed_prop': 8.0, 'fg': 0.0, 'fraction': 0.0, 'beta': 0.0, 'wilson': 0.0}
[06:38:46] 
Saved paper/results/unified/reputation_baselines_otc.json
