<ps-env>/lib/python3.10/site-packages/networkx/utils/backends.py:563: RuntimeWarning: Error encountered when loading info for backend cugraph: No module named '_nx_cugraph'
  backend_info.update(_get_backends("networkx.backend_info", load_and_call=True))
[06:32:35] 
============================================================
  REPUTATION BASELINES (paired) — alpha
============================================================
[06:32:35] Training GDTE on alpha (seed=42)...

 Training FV-alpha-s42-t2:   0%|          | 0/50 [00:00<?, ?it/s]
 Training FV-alpha-s42-t2:   0%|          | 0/50 [00:00<?, ?it/s, Saved at =inf, TrLoss=0.7182]
 Training FV-alpha-s42-t2:   2%|▏         | 1/50 [00:00<00:19,  2.55it/s, Saved at =inf, TrLoss=0.7182]
 Training FV-alpha-s42-t2:   2%|▏         | 1/50 [00:00<00:19,  2.55it/s, Saved at =inf, TrLoss=0.5627]
 Training FV-alpha-s42-t2:   2%|▏         | 1/50 [00:00<00:19,  2.55it/s, Saved at =inf, TrLoss=0.4153]
 Training FV-alpha-s42-t2:   2%|▏         | 1/50 [00:00<00:19,  2.55it/s, Saved at =inf, TrLoss=0.5397]
 Training FV-alpha-s42-t2:   8%|▊         | 4/50 [00:00<00:05,  8.56it/s, Saved at =inf, TrLoss=0.5397]
 Training FV-alpha-s42-t2:   8%|▊         | 4/50 [00:00<00:05,  8.56it/s, Saved at =inf, TrLoss=0.3220]
 Training FV-alpha-s42-t2:   8%|▊         | 4/50 [00:00<00:05,  8.56it/s, Saved at =inf, TrLoss=0.3018]
 Training FV-alpha-s42-t2:  12%|█▏        | 6/50 [00:00<00:04, 10.58it/s, Saved at =inf, TrLoss=0.3018]
 Training FV-alpha-s42-t2:  12%|█▏        | 6/50 [00:00<00:04, 10.58it/s, Saved at =inf, TrLoss=0.2252]
 Training FV-alpha-s42-t2:  12%|█▏        | 6/50 [00:00<00:04, 10.58it/s, Saved at =inf, TrLoss=0.2516]
 Training FV-alpha-s42-t2:  16%|█▌        | 8/50 [00:00<00:03, 12.03it/s, Saved at =inf, TrLoss=0.2516]
 Training FV-alpha-s42-t2:  16%|█▌        | 8/50 [00:00<00:03, 12.03it/s, Saved at =inf, TrLoss=0.2195]
 Training FV-alpha-s42-t2:  16%|█▌        | 8/50 [00:00<00:03, 12.03it/s, Saved at =inf, TrLoss=0.1850]
 Training FV-alpha-s42-t2:  20%|██        | 10/50 [00:00<00:03, 13.05it/s, Saved at =inf, TrLoss=0.1850]
 Training FV-alpha-s42-t2:  20%|██        | 10/50 [00:00<00:03, 13.05it/s, Saved at =inf, TrLoss=0.2129]
 Training FV-alpha-s42-t2:  20%|██        | 10/50 [00:01<00:03, 13.05it/s, Saved at =inf, TrLoss=0.1662]
 Training FV-alpha-s42-t2:  24%|██▍       | 12/50 [00:01<00:02, 13.73it/s, Saved at =inf, TrLoss=0.1662]
 Training FV-alpha-s42-t2:  24%|██▍       | 12/50 [00:01<00:02, 13.73it/s, Saved at =inf, TrLoss=0.1654]
 Training FV-alpha-s42-t2:  24%|██▍       | 12/50 [00:01<00:02, 13.73it/s, Saved at =inf, TrLoss=0.1698]
 Training FV-alpha-s42-t2:  28%|██▊       | 14/50 [00:01<00:02, 14.23it/s, Saved at =inf, TrLoss=0.1698]
 Training FV-alpha-s42-t2:  28%|██▊       | 14/50 [00:01<00:02, 14.23it/s, Saved at =inf, TrLoss=0.1783]
 Training FV-alpha-s42-t2:  28%|██▊       | 14/50 [00:01<00:02, 14.23it/s, Saved at =inf, TrLoss=0.1293]
 Training FV-alpha-s42-t2:  32%|███▏      | 16/50 [00:01<00:02, 14.59it/s, Saved at =inf, TrLoss=0.1293]
 Training FV-alpha-s42-t2:  32%|███▏      | 16/50 [00:01<00:02, 14.59it/s, Saved at =inf, TrLoss=0.1597]
 Training FV-alpha-s42-t2:  32%|███▏      | 16/50 [00:01<00:02, 14.59it/s, Saved at =inf, TrLoss=0.1870]
 Training FV-alpha-s42-t2:  36%|███▌      | 18/50 [00:01<00:02, 14.82it/s, Saved at =inf, TrLoss=0.1870]
 Training FV-alpha-s42-t2:  36%|███▌      | 18/50 [00:01<00:02, 14.82it/s, Saved at =inf, TrLoss=0.1440]
 Training FV-alpha-s42-t2:  36%|███▌      | 18/50 [00:01<00:02, 14.82it/s, Saved at =inf, TrLoss=0.1191]
 Training FV-alpha-s42-t2:  40%|████      | 20/50 [00:01<00:02, 14.99it/s, Saved at =inf, TrLoss=0.1191]
 Training FV-alpha-s42-t2:  40%|████      | 20/50 [00:01<00:02, 14.99it/s, Saved at =inf, TrLoss=0.1550]
 Training FV-alpha-s42-t2:  40%|████      | 20/50 [00:01<00:02, 14.99it/s, Saved at =inf, TrLoss=0.1024]
 Training FV-alpha-s42-t2:  44%|████▍     | 22/50 [00:01<00:01, 15.12it/s, Saved at =inf, TrLoss=0.1024]
 Training FV-alpha-s42-t2:  44%|████▍     | 22/50 [00:01<00:01, 15.12it/s, Saved at =inf, TrLoss=0.1259]
 Training FV-alpha-s42-t2:  44%|████▍     | 22/50 [00:01<00:01, 15.12it/s, Saved at =inf, TrLoss=0.1334]
 Training FV-alpha-s42-t2:  48%|████▊     | 24/50 [00:01<00:01, 15.19it/s, Saved at =inf, TrLoss=0.1334]
 Training FV-alpha-s42-t2:  48%|████▊     | 24/50 [00:01<00:01, 15.19it/s, Saved at =inf, TrLoss=0.1462]
 Training FV-alpha-s42-t2:  48%|████▊     | 24/50 [00:01<00:01, 15.19it/s, Saved at =inf, TrLoss=0.1075]
 Training FV-alpha-s42-t2:  52%|█████▏    | 26/50 [00:01<00:01, 15.26it/s, Saved at =inf, TrLoss=0.1075]
 Training FV-alpha-s42-t2:  52%|█████▏    | 26/50 [00:02<00:01, 15.26it/s, Saved at =inf, TrLoss=0.1191]
 Training FV-alpha-s42-t2:  52%|█████▏    | 26/50 [00:02<00:01, 15.26it/s, Saved at =inf, TrLoss=0.1127]
 Training FV-alpha-s42-t2:  56%|█████▌    | 28/50 [00:02<00:01, 15.31it/s, Saved at =inf, TrLoss=0.1127]
 Training FV-alpha-s42-t2:  56%|█████▌    | 28/50 [00:02<00:01, 15.31it/s, Saved at =inf, TrLoss=0.1031]
 Training FV-alpha-s42-t2:  56%|█████▌    | 28/50 [00:02<00:01, 15.31it/s, Saved at =inf, TrLoss=0.1085]
 Training FV-alpha-s42-t2:  60%|██████    | 30/50 [00:02<00:01, 15.27it/s, Saved at =inf, TrLoss=0.1085]
 Training FV-alpha-s42-t2:  60%|██████    | 30/50 [00:02<00:01, 15.27it/s, Saved at =inf, TrLoss=0.0926]
 Training FV-alpha-s42-t2:  60%|██████    | 30/50 [00:02<00:01, 15.27it/s, Saved at =inf, TrLoss=0.1016]
 Training FV-alpha-s42-t2:  64%|██████▍   | 32/50 [00:02<00:01, 15.30it/s, Saved at =inf, TrLoss=0.1016]
 Training FV-alpha-s42-t2:  64%|██████▍   | 32/50 [00:02<00:01, 15.30it/s, Saved at =inf, TrLoss=0.0961]
 Training FV-alpha-s42-t2:  64%|██████▍   | 32/50 [00:02<00:01, 15.30it/s, Saved at =inf, TrLoss=0.1344]
 Training FV-alpha-s42-t2:  68%|██████▊   | 34/50 [00:02<00:01, 15.33it/s, Saved at =inf, TrLoss=0.1344]
 Training FV-alpha-s42-t2:  68%|██████▊   | 34/50 [00:02<00:01, 15.33it/s, Saved at =inf, TrLoss=0.0978]
 Training FV-alpha-s42-t2:  68%|██████▊   | 34/50 [00:02<00:01, 15.33it/s, Saved at =inf, TrLoss=0.1225]
 Training FV-alpha-s42-t2:  72%|███████▏  | 36/50 [00:02<00:00, 15.34it/s, Saved at =inf, TrLoss=0.1225]
 Training FV-alpha-s42-t2:  72%|███████▏  | 36/50 [00:02<00:00, 15.34it/s, Saved at =inf, TrLoss=0.1173]
 Training FV-alpha-s42-t2:  72%|███████▏  | 36/50 [00:02<00:00, 15.34it/s, Saved at =inf, TrLoss=0.0966]
 Training FV-alpha-s42-t2:  76%|███████▌  | 38/50 [00:02<00:00, 15.34it/s, Saved at =inf, TrLoss=0.0966]
 Training FV-alpha-s42-t2:  76%|███████▌  | 38/50 [00:02<00:00, 15.34it/s, Saved at =inf, TrLoss=0.1314]
 Training FV-alpha-s42-t2:  76%|███████▌  | 38/50 [00:02<00:00, 15.34it/s, Saved at =inf, TrLoss=0.1084]
 Training FV-alpha-s42-t2:  80%|████████  | 40/50 [00:02<00:00, 15.35it/s, Saved at =inf, TrLoss=0.1084]
 Training FV-alpha-s42-t2:  80%|████████  | 40/50 [00:02<00:00, 15.35it/s, Saved at =inf, TrLoss=0.0956]
 Training FV-alpha-s42-t2:  80%|████████  | 40/50 [00:02<00:00, 15.35it/s, Saved at =inf, TrLoss=0.0772]
 Training FV-alpha-s42-t2:  84%|████████▍ | 42/50 [00:03<00:00, 15.36it/s, Saved at =inf, TrLoss=0.0772]
 Training FV-alpha-s42-t2:  84%|████████▍ | 42/50 [00:03<00:00, 15.36it/s, Saved at =inf, TrLoss=0.0883]
 Training FV-alpha-s42-t2:  84%|████████▍ | 42/50 [00:03<00:00, 15.36it/s, Saved at =inf, TrLoss=0.1131]
 Training FV-alpha-s42-t2:  88%|████████▊ | 44/50 [00:03<00:00, 15.35it/s, Saved at =inf, TrLoss=0.1131]
 Training FV-alpha-s42-t2:  88%|████████▊ | 44/50 [00:03<00:00, 15.35it/s, Saved at =inf, TrLoss=0.1388]
 Training FV-alpha-s42-t2:  88%|████████▊ | 44/50 [00:03<00:00, 15.35it/s, Saved at =inf, TrLoss=0.0949]
 Training FV-alpha-s42-t2:  92%|█████████▏| 46/50 [00:03<00:00, 15.37it/s, Saved at =inf, TrLoss=0.0949]
 Training FV-alpha-s42-t2:  92%|█████████▏| 46/50 [00:03<00:00, 15.37it/s, Saved at =inf, TrLoss=0.0855]
 Training FV-alpha-s42-t2:  92%|█████████▏| 46/50 [00:03<00:00, 15.37it/s, Saved at =inf, TrLoss=0.0737]
 Training FV-alpha-s42-t2:  96%|█████████▌| 48/50 [00:03<00:00, 15.40it/s, Saved at =inf, TrLoss=0.0737]
 Training FV-alpha-s42-t2:  96%|█████████▌| 48/50 [00:03<00:00, 15.40it/s, Saved at =inf, TrLoss=0.0979]
 Training FV-alpha-s42-t2:  96%|█████████▌| 48/50 [00:03<00:00, 15.40it/s, Saved at =inf, TrLoss=0.0948]
 Training FV-alpha-s42-t2: 100%|██████████| 50/50 [00:03<00:00, 15.39it/s, Saved at =inf, TrLoss=0.0948]
 Training FV-alpha-s42-t2: 100%|██████████| 50/50 [00:03<00:00, 14.12it/s, Saved at =inf, TrLoss=0.0948]

 Training FV-alpha-s42-t3:   0%|          | 0/50 [00:00<?, ?it/s]
 Training FV-alpha-s42-t3:   0%|          | 0/50 [00:00<?, ?it/s, Saved at =inf, TrLoss=0.7874]
 Training FV-alpha-s42-t3:   0%|          | 0/50 [00:00<?, ?it/s, Saved at =inf, TrLoss=0.8502]
 Training FV-alpha-s42-t3:   4%|▍         | 2/50 [00:00<00:03, 15.79it/s, Saved at =inf, TrLoss=0.8502]
 Training FV-alpha-s42-t3:   4%|▍         | 2/50 [00:00<00:03, 15.79it/s, Saved at =inf, TrLoss=0.5405]
 Training FV-alpha-s42-t3:   4%|▍         | 2/50 [00:00<00:03, 15.79it/s, Saved at =inf, TrLoss=0.5329]
 Training FV-alpha-s42-t3:   8%|▊         | 4/50 [00:00<00:03, 14.76it/s, Saved at =inf, TrLoss=0.5329]
 Training FV-alpha-s42-t3:   8%|▊         | 4/50 [00:00<00:03, 14.76it/s, Saved at =inf, TrLoss=0.4482]
 Training FV-alpha-s42-t3:   8%|▊         | 4/50 [00:00<00:03, 14.76it/s, Saved at =inf, TrLoss=0.4101]
 Training FV-alpha-s42-t3:  12%|█▏        | 6/50 [00:00<00:03, 13.20it/s, Saved at =inf, TrLoss=0.4101]
 Training FV-alpha-s42-t3:  12%|█▏        | 6/50 [00:00<00:03, 13.20it/s, Saved at =inf, TrLoss=0.3552]
 Training FV-alpha-s42-t3:  12%|█▏        | 6/50 [00:00<00:03, 13.20it/s, Saved at =inf, TrLoss=0.2996]
 Training FV-alpha-s42-t3:  16%|█▌        | 8/50 [00:00<00:03, 13.51it/s, Saved at =inf, TrLoss=0.2996]
 Training FV-alpha-s42-t3:  16%|█▌        | 8/50 [00:00<00:03, 13.51it/s, Saved at =inf, TrLoss=0.2904]
 Training FV-alpha-s42-t3:  16%|█▌        | 8/50 [00:00<00:03, 13.51it/s, Saved at =inf, TrLoss=0.3040]
 Training FV-alpha-s42-t3:  20%|██        | 10/50 [00:00<00:03, 12.86it/s, Saved at =inf, TrLoss=0.3040]
 Training FV-alpha-s42-t3:  20%|██        | 10/50 [00:00<00:03, 12.86it/s, Saved at =inf, TrLoss=0.2424]
 Training FV-alpha-s42-t3:  20%|██        | 10/50 [00:00<00:03, 12.86it/s, Saved at =inf, TrLoss=0.2223]
 Training FV-alpha-s42-t3:  24%|██▍       | 12/50 [00:00<00:03, 12.42it/s, Saved at =inf, TrLoss=0.2223]
 Training FV-alpha-s42-t3:  24%|██▍       | 12/50 [00:00<00:03, 12.42it/s, Saved at =inf, TrLoss=0.2032]
 Training FV-alpha-s42-t3:  24%|██▍       | 12/50 [00:01<00:03, 12.42it/s, Saved at =inf, TrLoss=0.2391]
 Training FV-alpha-s42-t3:  28%|██▊       | 14/50 [00:01<00:02, 12.50it/s, Saved at =inf, TrLoss=0.2391]
 Training FV-alpha-s42-t3:  28%|██▊       | 14/50 [00:01<00:02, 12.50it/s, Saved at =inf, TrLoss=0.1952]
 Training FV-alpha-s42-t3:  28%|██▊       | 14/50 [00:01<00:02, 12.50it/s, Saved at =inf, TrLoss=0.1733]
 Training FV-alpha-s42-t3:  32%|███▏      | 16/50 [00:01<00:02, 12.56it/s, Saved at =inf, TrLoss=0.1733]
 Training FV-alpha-s42-t3:  32%|███▏      | 16/50 [00:01<00:02, 12.56it/s, Saved at =inf, TrLoss=0.1654]
 Training FV-alpha-s42-t3:  32%|███▏      | 16/50 [00:01<00:02, 12.56it/s, Saved at =inf, TrLoss=0.1889]
 Training FV-alpha-s42-t3:  36%|███▌      | 18/50 [00:01<00:02, 12.26it/s, Saved at =inf, TrLoss=0.1889]
 Training FV-alpha-s42-t3:  36%|███▌      | 18/50 [00:01<00:02, 12.26it/s, Saved at =inf, TrLoss=0.2013]
 Training FV-alpha-s42-t3:  36%|███▌      | 18/50 [00:01<00:02, 12.26it/s, Saved at =inf, TrLoss=0.1741]
 Training FV-alpha-s42-t3:  40%|████      | 20/50 [00:01<00:02, 12.46it/s, Saved at =inf, TrLoss=0.1741]
 Training FV-alpha-s42-t3:  40%|████      | 20/50 [00:01<00:02, 12.46it/s, Saved at =inf, TrLoss=0.1737]
 Training FV-alpha-s42-t3:  40%|████      | 20/50 [00:01<00:02, 12.46it/s, Saved at =inf, TrLoss=0.1768]
 Training FV-alpha-s42-t3:  44%|████▍     | 22/50 [00:01<00:02, 12.58it/s, Saved at =inf, TrLoss=0.1768]
 Training FV-alpha-s42-t3:  44%|████▍     | 22/50 [00:01<00:02, 12.58it/s, Saved at =inf, TrLoss=0.1585]
 Training FV-alpha-s42-t3:  44%|████▍     | 22/50 [00:01<00:02, 12.58it/s, Saved at =inf, TrLoss=0.1807]
 Training FV-alpha-s42-t3:  48%|████▊     | 24/50 [00:01<00:02, 12.33it/s, Saved at =inf, TrLoss=0.1807]
 Training FV-alpha-s42-t3:  48%|████▊     | 24/50 [00:01<00:02, 12.33it/s, Saved at =inf, TrLoss=0.1607]
 Training FV-alpha-s42-t3:  48%|████▊     | 24/50 [00:02<00:02, 12.33it/s, Saved at =inf, TrLoss=0.1528]
 Training FV-alpha-s42-t3:  52%|█████▏    | 26/50 [00:02<00:01, 12.44it/s, Saved at =inf, TrLoss=0.1528]
 Training FV-alpha-s42-t3:  52%|█████▏    | 26/50 [00:02<00:01, 12.44it/s, Saved at =inf, TrLoss=0.1543]
 Training FV-alpha-s42-t3:  52%|█████▏    | 26/50 [00:02<00:01, 12.44it/s, Saved at =inf, TrLoss=0.1615]
 Training FV-alpha-s42-t3:  56%|█████▌    | 28/50 [00:02<00:01, 12.62it/s, Saved at =inf, TrLoss=0.1615]
 Training FV-alpha-s42-t3:  56%|█████▌    | 28/50 [00:02<00:01, 12.62it/s, Saved at =inf, TrLoss=0.1536]
 Training FV-alpha-s42-t3:  56%|█████▌    | 28/50 [00:02<00:01, 12.62it/s, Saved at =inf, TrLoss=0.1626]
 Training FV-alpha-s42-t3:  60%|██████    | 30/50 [00:02<00:01, 12.31it/s, Saved at =inf, TrLoss=0.1626]
 Training FV-alpha-s42-t3:  60%|██████    | 30/50 [00:02<00:01, 12.31it/s, Saved at =inf, TrLoss=0.1600]
 Training FV-alpha-s42-t3:  60%|██████    | 30/50 [00:02<00:01, 12.31it/s, Saved at =inf, TrLoss=0.1371]
 Training FV-alpha-s42-t3:  64%|██████▍   | 32/50 [00:02<00:01, 12.01it/s, Saved at =inf, TrLoss=0.1371]
 Training FV-alpha-s42-t3:  64%|██████▍   | 32/50 [00:02<00:01, 12.01it/s, Saved at =inf, TrLoss=0.1333]
 Training FV-alpha-s42-t3:  64%|██████▍   | 32/50 [00:02<00:01, 12.01it/s, Saved at =inf, TrLoss=0.1546]
 Training FV-alpha-s42-t3:  68%|██████▊   | 34/50 [00:02<00:01, 12.55it/s, Saved at =inf, TrLoss=0.1546]
 Training FV-alpha-s42-t3:  68%|██████▊   | 34/50 [00:02<00:01, 12.55it/s, Saved at =inf, TrLoss=0.1373]
 Training FV-alpha-s42-t3:  68%|██████▊   | 34/50 [00:02<00:01, 12.55it/s, Saved at =inf, TrLoss=0.1420]
 Training FV-alpha-s42-t3:  72%|███████▏  | 36/50 [00:02<00:01, 12.30it/s, Saved at =inf, TrLoss=0.1420]
 Training FV-alpha-s42-t3:  72%|███████▏  | 36/50 [00:02<00:01, 12.30it/s, Saved at =inf, TrLoss=0.1331]
 Training FV-alpha-s42-t3:  72%|███████▏  | 36/50 [00:02<00:01, 12.30it/s, Saved at =inf, TrLoss=0.1370]
 Training FV-alpha-s42-t3:  76%|███████▌  | 38/50 [00:03<00:00, 12.07it/s, Saved at =inf, TrLoss=0.1370]
 Training FV-alpha-s42-t3:  76%|███████▌  | 38/50 [00:03<00:00, 12.07it/s, Saved at =inf, TrLoss=0.1318]
 Training FV-alpha-s42-t3:  76%|███████▌  | 38/50 [00:03<00:00, 12.07it/s, Saved at =inf, TrLoss=0.1267]
 Training FV-alpha-s42-t3:  80%|████████  | 40/50 [00:03<00:00, 12.26it/s, Saved at =inf, TrLoss=0.1267]
 Training FV-alpha-s42-t3:  80%|████████  | 40/50 [00:03<00:00, 12.26it/s, Saved at =inf, TrLoss=0.1150]
 Training FV-alpha-s42-t3:  80%|████████  | 40/50 [00:03<00:00, 12.26it/s, Saved at =inf, TrLoss=0.1142]
 Training FV-alpha-s42-t3:  84%|████████▍ | 42/50 [00:03<00:00, 12.38it/s, Saved at =inf, TrLoss=0.1142]
 Training FV-alpha-s42-t3:  84%|████████▍ | 42/50 [00:03<00:00, 12.38it/s, Saved at =inf, TrLoss=0.1161]
 Training FV-alpha-s42-t3:  84%|████████▍ | 42/50 [00:03<00:00, 12.38it/s, Saved at =inf, TrLoss=0.1470]
 Training FV-alpha-s42-t3:  88%|████████▊ | 44/50 [00:03<00:00, 12.15it/s, Saved at =inf, TrLoss=0.1470]
 Training FV-alpha-s42-t3:  88%|████████▊ | 44/50 [00:03<00:00, 12.15it/s, Saved at =inf, TrLoss=0.1320]
 Training FV-alpha-s42-t3:  88%|████████▊ | 44/50 [00:03<00:00, 12.15it/s, Saved at =inf, TrLoss=0.1120]
 Training FV-alpha-s42-t3:  92%|█████████▏| 46/50 [00:03<00:00, 11.90it/s, Saved at =inf, TrLoss=0.1120]
 Training FV-alpha-s42-t3:  92%|█████████▏| 46/50 [00:03<00:00, 11.90it/s, Saved at =inf, TrLoss=0.1410]
 Training FV-alpha-s42-t3:  92%|█████████▏| 46/50 [00:03<00:00, 11.90it/s, Saved at =inf, TrLoss=0.1238]
 Training FV-alpha-s42-t3:  96%|█████████▌| 48/50 [00:03<00:00, 12.46it/s, Saved at =inf, TrLoss=0.1238]
 Training FV-alpha-s42-t3:  96%|█████████▌| 48/50 [00:03<00:00, 12.46it/s, Saved at =inf, TrLoss=0.1311]
 Training FV-alpha-s42-t3:  96%|█████████▌| 48/50 [00:03<00:00, 12.46it/s, Saved at =inf, TrLoss=0.1237]
 Training FV-alpha-s42-t3: 100%|██████████| 50/50 [00:04<00:00, 12.21it/s, Saved at =inf, TrLoss=0.1237]
 Training FV-alpha-s42-t3: 100%|██████████| 50/50 [00:04<00:00, 12.47it/s, Saved at =inf, TrLoss=0.1237]

 Training FV-alpha-s42-t4:   0%|          | 0/50 [00:00<?, ?it/s]
 Training FV-alpha-s42-t4:   0%|          | 0/50 [00:00<?, ?it/s, Saved at =inf, TrLoss=0.7027]
 Training FV-alpha-s42-t4:   2%|▏         | 1/50 [00:00<00:06,  8.03it/s, Saved at =inf, TrLoss=0.7027]
 Training FV-alpha-s42-t4:   2%|▏         | 1/50 [00:00<00:06,  8.03it/s, Saved at =inf, TrLoss=1.2035]
 Training FV-alpha-s42-t4:   4%|▍         | 2/50 [00:00<00:05,  8.71it/s, Saved at =inf, TrLoss=1.2035]
 Training FV-alpha-s42-t4:   4%|▍         | 2/50 [00:00<00:05,  8.71it/s, Saved at =inf, TrLoss=0.5738]
 Training FV-alpha-s42-t4:   6%|▌         | 3/50 [00:00<00:05,  8.96it/s, Saved at =inf, TrLoss=0.5738]
 Training FV-alpha-s42-t4:   6%|▌         | 3/50 [00:00<00:05,  8.96it/s, Saved at =inf, TrLoss=0.5926]
 Training FV-alpha-s42-t4:   8%|▊         | 4/50 [00:00<00:05,  8.95it/s, Saved at =inf, TrLoss=0.5926]
 Training FV-alpha-s42-t4:   8%|▊         | 4/50 [00:00<00:05,  8.95it/s, Saved at =inf, TrLoss=0.5087]
 Training FV-alpha-s42-t4:  10%|█         | 5/50 [00:00<00:04,  9.04it/s, Saved at =inf, TrLoss=0.5087]
 Training FV-alpha-s42-t4:  10%|█         | 5/50 [00:00<00:04,  9.04it/s, Saved at =inf, TrLoss=0.5113]
 Training FV-alpha-s42-t4:  12%|█▏        | 6/50 [00:00<00:04,  9.11it/s, Saved at =inf, TrLoss=0.5113]
 Training FV-alpha-s42-t4:  12%|█▏        | 6/50 [00:00<00:04,  9.11it/s, Saved at =inf, TrLoss=0.4248]
 Training FV-alpha-s42-t4:  12%|█▏        | 6/50 [00:00<00:04,  9.11it/s, Saved at =inf, TrLoss=0.4268]
 Training FV-alpha-s42-t4:  16%|█▌        | 8/50 [00:00<00:03, 10.92it/s, Saved at =inf, TrLoss=0.4268]
 Training FV-alpha-s42-t4:  16%|█▌        | 8/50 [00:00<00:03, 10.92it/s, Saved at =inf, TrLoss=0.4037]
 Training FV-alpha-s42-t4:  16%|█▌        | 8/50 [00:00<00:03, 10.92it/s, Saved at =inf, TrLoss=0.3698]
 Training FV-alpha-s42-t4:  20%|██        | 10/50 [00:00<00:03, 11.94it/s, Saved at =inf, TrLoss=0.3698]
 Training FV-alpha-s42-t4:  20%|██        | 10/50 [00:01<00:03, 11.94it/s, Saved at =inf, TrLoss=0.3622]
 Training FV-alpha-s42-t4:  20%|██        | 10/50 [00:01<00:03, 11.94it/s, Saved at =inf, TrLoss=0.3054]
 Training FV-alpha-s42-t4:  24%|██▍       | 12/50 [00:01<00:03, 10.61it/s, Saved at =inf, TrLoss=0.3054]
 Training FV-alpha-s42-t4:  24%|██▍       | 12/50 [00:01<00:03, 10.61it/s, Saved at =inf, TrLoss=0.3122]
 Training FV-alpha-s42-t4:  24%|██▍       | 12/50 [00:01<00:03, 10.61it/s, Saved at =inf, TrLoss=0.2696]
 Training FV-alpha-s42-t4:  28%|██▊       | 14/50 [00:01<00:03, 10.55it/s, Saved at =inf, TrLoss=0.2696]
 Training FV-alpha-s42-t4:  28%|██▊       | 14/50 [00:01<00:03, 10.55it/s, Saved at =inf, TrLoss=0.2547]
 Training FV-alpha-s42-t4:  28%|██▊       | 14/50 [00:01<00:03, 10.55it/s, Saved at =inf, TrLoss=0.2456]
 Training FV-alpha-s42-t4:  32%|███▏      | 16/50 [00:01<00:03, 10.18it/s, Saved at =inf, TrLoss=0.2456]
 Training FV-alpha-s42-t4:  32%|███▏      | 16/50 [00:01<00:03, 10.18it/s, Saved at =inf, TrLoss=0.2443]
 Training FV-alpha-s42-t4:  32%|███▏      | 16/50 [00:01<00:03, 10.18it/s, Saved at =inf, TrLoss=0.2236]
 Training FV-alpha-s42-t4:  36%|███▌      | 18/50 [00:01<00:03,  9.67it/s, Saved at =inf, TrLoss=0.2236]
 Training FV-alpha-s42-t4:  36%|███▌      | 18/50 [00:01<00:03,  9.67it/s, Saved at =inf, TrLoss=0.2377]
 Training FV-alpha-s42-t4:  36%|███▌      | 18/50 [00:01<00:03,  9.67it/s, Saved at =inf, TrLoss=0.2021]
 Training FV-alpha-s42-t4:  40%|████      | 20/50 [00:02<00:03,  9.80it/s, Saved at =inf, TrLoss=0.2021]
 Training FV-alpha-s42-t4:  40%|████      | 20/50 [00:02<00:03,  9.80it/s, Saved at =inf, TrLoss=0.2307]
 Training FV-alpha-s42-t4:  40%|████      | 20/50 [00:02<00:03,  9.80it/s, Saved at =inf, TrLoss=0.2222]
 Training FV-alpha-s42-t4:  44%|████▍     | 22/50 [00:02<00:02,  9.82it/s, Saved at =inf, TrLoss=0.2222]
 Training FV-alpha-s42-t4:  44%|████▍     | 22/50 [00:02<00:02,  9.82it/s, Saved at =inf, TrLoss=0.1921]
 Training FV-alpha-s42-t4:  46%|████▌     | 23/50 [00:02<00:02,  9.65it/s, Saved at =inf, TrLoss=0.1921]
 Training FV-alpha-s42-t4:  46%|████▌     | 23/50 [00:02<00:02,  9.65it/s, Saved at =inf, TrLoss=0.2194]
 Training FV-alpha-s42-t4:  48%|████▊     | 24/50 [00:02<00:02,  9.43it/s, Saved at =inf, TrLoss=0.2194]
 Training FV-alpha-s42-t4:  48%|████▊     | 24/50 [00:02<00:02,  9.43it/s, Saved at =inf, TrLoss=0.1925]
 Training FV-alpha-s42-t4:  48%|████▊     | 24/50 [00:02<00:02,  9.43it/s, Saved at =inf, TrLoss=0.1975]
 Training FV-alpha-s42-t4:  52%|█████▏    | 26/50 [00:02<00:02,  9.74it/s, Saved at =inf, TrLoss=0.1975]
 Training FV-alpha-s42-t4:  52%|█████▏    | 26/50 [00:02<00:02,  9.74it/s, Saved at =inf, TrLoss=0.1710]
 Training FV-alpha-s42-t4:  54%|█████▍    | 27/50 [00:02<00:02,  9.74it/s, Saved at =inf, TrLoss=0.1710]
 Training FV-alpha-s42-t4:  54%|█████▍    | 27/50 [00:02<00:02,  9.74it/s, Saved at =inf, TrLoss=0.1977]
 Training FV-alpha-s42-t4:  56%|█████▌    | 28/50 [00:02<00:02,  9.50it/s, Saved at =inf, TrLoss=0.1977]
 Training FV-alpha-s42-t4:  56%|█████▌    | 28/50 [00:02<00:02,  9.50it/s, Saved at =inf, TrLoss=0.1788]
 Training FV-alpha-s42-t4:  58%|█████▊    | 29/50 [00:02<00:02,  9.35it/s, Saved at =inf, TrLoss=0.1788]
 Training FV-alpha-s42-t4:  58%|█████▊    | 29/50 [00:03<00:02,  9.35it/s, Saved at =inf, TrLoss=0.1747]
 Training FV-alpha-s42-t4:  60%|██████    | 30/50 [00:03<00:02,  9.16it/s, Saved at =inf, TrLoss=0.1747]
 Training FV-alpha-s42-t4:  60%|██████    | 30/50 [00:03<00:02,  9.16it/s, Saved at =inf, TrLoss=0.1651]
 Training FV-alpha-s42-t4:  60%|██████    | 30/50 [00:03<00:02,  9.16it/s, Saved at =inf, TrLoss=0.1672]
 Training FV-alpha-s42-t4:  64%|██████▍   | 32/50 [00:03<00:01,  9.65it/s, Saved at =inf, TrLoss=0.1672]
 Training FV-alpha-s42-t4:  64%|██████▍   | 32/50 [00:03<00:01,  9.65it/s, Saved at =inf, TrLoss=0.1611]
 Training FV-alpha-s42-t4:  66%|██████▌   | 33/50 [00:03<00:01,  9.67it/s, Saved at =inf, TrLoss=0.1611]
 Training FV-alpha-s42-t4:  66%|██████▌   | 33/50 [00:03<00:01,  9.67it/s, Saved at =inf, TrLoss=0.1669]
 Training FV-alpha-s42-t4:  68%|██████▊   | 34/50 [00:03<00:01,  9.49it/s, Saved at =inf, TrLoss=0.1669]
 Training FV-alpha-s42-t4:  68%|██████▊   | 34/50 [00:03<00:01,  9.49it/s, Saved at =inf, TrLoss=0.1619]
 Training FV-alpha-s42-t4:  70%|███████   | 35/50 [00:03<00:01,  9.33it/s, Saved at =inf, TrLoss=0.1619]
 Training FV-alpha-s42-t4:  70%|███████   | 35/50 [00:03<00:01,  9.33it/s, Saved at =inf, TrLoss=0.1599]
 Training FV-alpha-s42-t4:  72%|███████▏  | 36/50 [00:03<00:01,  9.11it/s, Saved at =inf, TrLoss=0.1599]
 Training FV-alpha-s42-t4:  72%|███████▏  | 36/50 [00:03<00:01,  9.11it/s, Saved at =inf, TrLoss=0.1726]
 Training FV-alpha-s42-t4:  72%|███████▏  | 36/50 [00:03<00:01,  9.11it/s, Saved at =inf, TrLoss=0.1570]
 Training FV-alpha-s42-t4:  76%|███████▌  | 38/50 [00:03<00:01,  9.62it/s, Saved at =inf, TrLoss=0.1570]
 Training FV-alpha-s42-t4:  76%|███████▌  | 38/50 [00:03<00:01,  9.62it/s, Saved at =inf, TrLoss=0.1530]
 Training FV-alpha-s42-t4:  78%|███████▊  | 39/50 [00:04<00:01,  9.66it/s, Saved at =inf, TrLoss=0.1530]
 Training FV-alpha-s42-t4:  78%|███████▊  | 39/50 [00:04<00:01,  9.66it/s, Saved at =inf, TrLoss=0.1536]
 Training FV-alpha-s42-t4:  80%|████████  | 40/50 [00:04<00:01,  9.42it/s, Saved at =inf, TrLoss=0.1536]
 Training FV-alpha-s42-t4:  80%|████████  | 40/50 [00:04<00:01,  9.42it/s, Saved at =inf, TrLoss=0.1683]
 Training FV-alpha-s42-t4:  82%|████████▏ | 41/50 [00:04<00:00,  9.31it/s, Saved at =inf, TrLoss=0.1683]
 Training FV-alpha-s42-t4:  82%|████████▏ | 41/50 [00:04<00:00,  9.31it/s, Saved at =inf, TrLoss=0.1497]
 Training FV-alpha-s42-t4:  84%|████████▍ | 42/50 [00:04<00:00,  9.21it/s, Saved at =inf, TrLoss=0.1497]
 Training FV-alpha-s42-t4:  84%|████████▍ | 42/50 [00:04<00:00,  9.21it/s, Saved at =inf, TrLoss=0.1574]
 Training FV-alpha-s42-t4:  84%|████████▍ | 42/50 [00:04<00:00,  9.21it/s, Saved at =inf, TrLoss=0.1528]
 Training FV-alpha-s42-t4:  88%|████████▊ | 44/50 [00:04<00:00,  9.61it/s, Saved at =inf, TrLoss=0.1528]
 Training FV-alpha-s42-t4:  88%|████████▊ | 44/50 [00:04<00:00,  9.61it/s, Saved at =inf, TrLoss=0.1581]
 Training FV-alpha-s42-t4:  90%|█████████ | 45/50 [00:04<00:00,  9.63it/s, Saved at =inf, TrLoss=0.1581]
 Training FV-alpha-s42-t4:  90%|█████████ | 45/50 [00:04<00:00,  9.63it/s, Saved at =inf, TrLoss=0.1483]
 Training FV-alpha-s42-t4:  92%|█████████▏| 46/50 [00:04<00:00,  9.49it/s, Saved at =inf, TrLoss=0.1483]
 Training FV-alpha-s42-t4:  92%|█████████▏| 46/50 [00:04<00:00,  9.49it/s, Saved at =inf, TrLoss=0.1431]
 Training FV-alpha-s42-t4:  94%|█████████▍| 47/50 [00:04<00:00,  9.34it/s, Saved at =inf, TrLoss=0.1431]
 Training FV-alpha-s42-t4:  94%|█████████▍| 47/50 [00:04<00:00,  9.34it/s, Saved at =inf, TrLoss=0.1403]
 Training FV-alpha-s42-t4:  96%|█████████▌| 48/50 [00:04<00:00,  9.15it/s, Saved at =inf, TrLoss=0.1403]
 Training FV-alpha-s42-t4:  96%|█████████▌| 48/50 [00:05<00:00,  9.15it/s, Saved at =inf, TrLoss=0.1457]
 Training FV-alpha-s42-t4:  96%|█████████▌| 48/50 [00:05<00:00,  9.15it/s, Saved at =inf, TrLoss=0.1450]
 Training FV-alpha-s42-t4: 100%|██████████| 50/50 [00:05<00:00,  9.69it/s, Saved at =inf, TrLoss=0.1450]
 Training FV-alpha-s42-t4: 100%|██████████| 50/50 [00:05<00:00,  9.66it/s, Saved at =inf, TrLoss=0.1450]

 Training FV-alpha-s42-t5:   0%|          | 0/50 [00:00<?, ?it/s]
 Training FV-alpha-s42-t5:   0%|          | 0/50 [00:00<?, ?it/s, Saved at =inf, TrLoss=0.7338]
 Training FV-alpha-s42-t5:   2%|▏         | 1/50 [00:00<00:06,  7.04it/s, Saved at =inf, TrLoss=0.7338]
 Training FV-alpha-s42-t5:   2%|▏         | 1/50 [00:00<00:06,  7.04it/s, Saved at =inf, TrLoss=0.9387]
 Training FV-alpha-s42-t5:   4%|▍         | 2/50 [00:00<00:06,  7.35it/s, Saved at =inf, TrLoss=0.9387]
 Training FV-alpha-s42-t5:   4%|▍         | 2/50 [00:00<00:06,  7.35it/s, Saved at =inf, TrLoss=0.5507]
 Training FV-alpha-s42-t5:   6%|▌         | 3/50 [00:00<00:06,  7.44it/s, Saved at =inf, TrLoss=0.5507]
 Training FV-alpha-s42-t5:   6%|▌         | 3/50 [00:00<00:06,  7.44it/s, Saved at =inf, TrLoss=0.5887]
 Training FV-alpha-s42-t5:   8%|▊         | 4/50 [00:00<00:06,  7.60it/s, Saved at =inf, TrLoss=0.5887]
 Training FV-alpha-s42-t5:   8%|▊         | 4/50 [00:00<00:06,  7.60it/s, Saved at =inf, TrLoss=0.4969]
 Training FV-alpha-s42-t5:  10%|█         | 5/50 [00:00<00:05,  7.71it/s, Saved at =inf, TrLoss=0.4969]
 Training FV-alpha-s42-t5:  10%|█         | 5/50 [00:00<00:05,  7.71it/s, Saved at =inf, TrLoss=0.4774]
 Training FV-alpha-s42-t5:  12%|█▏        | 6/50 [00:00<00:05,  7.78it/s, Saved at =inf, TrLoss=0.4774]
 Training FV-alpha-s42-t5:  12%|█▏        | 6/50 [00:00<00:05,  7.78it/s, Saved at =inf, TrLoss=0.4680]
 Training FV-alpha-s42-t5:  14%|█▍        | 7/50 [00:00<00:05,  7.82it/s, Saved at =inf, TrLoss=0.4680]
 Training FV-alpha-s42-t5:  14%|█▍        | 7/50 [00:00<00:05,  7.82it/s, Saved at =inf, TrLoss=0.4368]
 Training FV-alpha-s42-t5:  16%|█▌        | 8/50 [00:01<00:05,  7.85it/s, Saved at =inf, TrLoss=0.4368]
 Training FV-alpha-s42-t5:  16%|█▌        | 8/50 [00:01<00:05,  7.85it/s, Saved at =inf, TrLoss=0.4033]
 Training FV-alpha-s42-t5:  18%|█▊        | 9/50 [00:01<00:05,  7.87it/s, Saved at =inf, TrLoss=0.4033]
 Training FV-alpha-s42-t5:  18%|█▊        | 9/50 [00:01<00:05,  7.87it/s, Saved at =inf, TrLoss=0.3915]
 Training FV-alpha-s42-t5:  20%|██        | 10/50 [00:01<00:05,  7.88it/s, Saved at =inf, TrLoss=0.3915]
 Training FV-alpha-s42-t5:  20%|██        | 10/50 [00:01<00:05,  7.88it/s, Saved at =inf, TrLoss=0.3411]
 Training FV-alpha-s42-t5:  22%|██▏       | 11/50 [00:01<00:04,  7.89it/s, Saved at =inf, TrLoss=0.3411]
 Training FV-alpha-s42-t5:  22%|██▏       | 11/50 [00:01<00:04,  7.89it/s, Saved at =inf, TrLoss=0.3468]
 Training FV-alpha-s42-t5:  24%|██▍       | 12/50 [00:01<00:04,  7.89it/s, Saved at =inf, TrLoss=0.3468]
 Training FV-alpha-s42-t5:  24%|██▍       | 12/50 [00:01<00:04,  7.89it/s, Saved at =inf, TrLoss=0.3181]
 Training FV-alpha-s42-t5:  26%|██▌       | 13/50 [00:01<00:04,  7.89it/s, Saved at =inf, TrLoss=0.3181]
 Training FV-alpha-s42-t5:  26%|██▌       | 13/50 [00:01<00:04,  7.89it/s, Saved at =inf, TrLoss=0.3360]
 Training FV-alpha-s42-t5:  28%|██▊       | 14/50 [00:01<00:04,  8.11it/s, Saved at =inf, TrLoss=0.3360]
 Training FV-alpha-s42-t5:  28%|██▊       | 14/50 [00:01<00:04,  8.11it/s, Saved at =inf, TrLoss=0.2691]
 Training FV-alpha-s42-t5:  28%|██▊       | 14/50 [00:01<00:04,  8.11it/s, Saved at =inf, TrLoss=0.3266]
 Training FV-alpha-s42-t5:  32%|███▏      | 16/50 [00:01<00:03,  9.35it/s, Saved at =inf, TrLoss=0.3266]
 Training FV-alpha-s42-t5:  32%|███▏      | 16/50 [00:02<00:03,  9.35it/s, Saved at =inf, TrLoss=0.2809]
 Training FV-alpha-s42-t5:  32%|███▏      | 16/50 [00:02<00:03,  9.35it/s, Saved at =inf, TrLoss=0.2940]
 Training FV-alpha-s42-t5:  36%|███▌      | 18/50 [00:02<00:03,  9.10it/s, Saved at =inf, TrLoss=0.2940]
 Training FV-alpha-s42-t5:  36%|███▌      | 18/50 [00:02<00:03,  9.10it/s, Saved at =inf, TrLoss=0.2783]
 Training FV-alpha-s42-t5:  38%|███▊      | 19/50 [00:02<00:03,  8.52it/s, Saved at =inf, TrLoss=0.2783]
 Training FV-alpha-s42-t5:  38%|███▊      | 19/50 [00:02<00:03,  8.52it/s, Saved at =inf, TrLoss=0.2660]
 Training FV-alpha-s42-t5:  40%|████      | 20/50 [00:02<00:03,  8.58it/s, Saved at =inf, TrLoss=0.2660]
 Training FV-alpha-s42-t5:  40%|████      | 20/50 [00:02<00:03,  8.58it/s, Saved at =inf, TrLoss=0.2653]
 Training FV-alpha-s42-t5:  42%|████▏     | 21/50 [00:02<00:03,  8.34it/s, Saved at =inf, TrLoss=0.2653]
 Training FV-alpha-s42-t5:  42%|████▏     | 21/50 [00:02<00:03,  8.34it/s, Saved at =inf, TrLoss=0.2766]
 Training FV-alpha-s42-t5:  44%|████▍     | 22/50 [00:02<00:03,  8.10it/s, Saved at =inf, TrLoss=0.2766]
 Training FV-alpha-s42-t5:  44%|████▍     | 22/50 [00:02<00:03,  8.10it/s, Saved at =inf, TrLoss=0.2557]
 Training FV-alpha-s42-t5:  46%|████▌     | 23/50 [00:02<00:03,  7.87it/s, Saved at =inf, TrLoss=0.2557]
 Training FV-alpha-s42-t5:  46%|████▌     | 23/50 [00:02<00:03,  7.87it/s, Saved at =inf, TrLoss=0.2537]
 Training FV-alpha-s42-t5:  48%|████▊     | 24/50 [00:02<00:03,  7.66it/s, Saved at =inf, TrLoss=0.2537]
 Training FV-alpha-s42-t5:  48%|████▊     | 24/50 [00:03<00:03,  7.66it/s, Saved at =inf, TrLoss=0.2747]
 Training FV-alpha-s42-t5:  50%|█████     | 25/50 [00:03<00:03,  7.90it/s, Saved at =inf, TrLoss=0.2747]
 Training FV-alpha-s42-t5:  50%|█████     | 25/50 [00:03<00:03,  7.90it/s, Saved at =inf, TrLoss=0.2472]
 Training FV-alpha-s42-t5:  52%|█████▏    | 26/50 [00:03<00:03,  7.96it/s, Saved at =inf, TrLoss=0.2472]
 Training FV-alpha-s42-t5:  52%|█████▏    | 26/50 [00:03<00:03,  7.96it/s, Saved at =inf, TrLoss=0.2480]
 Training FV-alpha-s42-t5:  54%|█████▍    | 27/50 [00:03<00:02,  7.85it/s, Saved at =inf, TrLoss=0.2480]
 Training FV-alpha-s42-t5:  54%|█████▍    | 27/50 [00:03<00:02,  7.85it/s, Saved at =inf, TrLoss=0.2396]
 Training FV-alpha-s42-t5:  56%|█████▌    | 28/50 [00:03<00:02,  7.69it/s, Saved at =inf, TrLoss=0.2396]
 Training FV-alpha-s42-t5:  56%|█████▌    | 28/50 [00:03<00:02,  7.69it/s, Saved at =inf, TrLoss=0.2413]
 Training FV-alpha-s42-t5:  58%|█████▊    | 29/50 [00:03<00:02,  7.53it/s, Saved at =inf, TrLoss=0.2413]
 Training FV-alpha-s42-t5:  58%|█████▊    | 29/50 [00:03<00:02,  7.53it/s, Saved at =inf, TrLoss=0.2444]
 Training FV-alpha-s42-t5:  60%|██████    | 30/50 [00:03<00:02,  7.81it/s, Saved at =inf, TrLoss=0.2444]
 Training FV-alpha-s42-t5:  60%|██████    | 30/50 [00:03<00:02,  7.81it/s, Saved at =inf, TrLoss=0.2222]
 Training FV-alpha-s42-t5:  62%|██████▏   | 31/50 [00:03<00:02,  7.91it/s, Saved at =inf, TrLoss=0.2222]
 Training FV-alpha-s42-t5:  62%|██████▏   | 31/50 [00:03<00:02,  7.91it/s, Saved at =inf, TrLoss=0.2300]
 Training FV-alpha-s42-t5:  64%|██████▍   | 32/50 [00:04<00:02,  7.80it/s, Saved at =inf, TrLoss=0.2300]
 Training FV-alpha-s42-t5:  64%|██████▍   | 32/50 [00:04<00:02,  7.80it/s, Saved at =inf, TrLoss=0.2329]
 Training FV-alpha-s42-t5:  66%|██████▌   | 33/50 [00:04<00:02,  7.65it/s, Saved at =inf, TrLoss=0.2329]
 Training FV-alpha-s42-t5:  66%|██████▌   | 33/50 [00:04<00:02,  7.65it/s, Saved at =inf, TrLoss=0.2302]
 Training FV-alpha-s42-t5:  68%|██████▊   | 34/50 [00:04<00:02,  7.49it/s, Saved at =inf, TrLoss=0.2302]
 Training FV-alpha-s42-t5:  68%|██████▊   | 34/50 [00:04<00:02,  7.49it/s, Saved at =inf, TrLoss=0.2193]
 Training FV-alpha-s42-t5:  70%|███████   | 35/50 [00:04<00:02,  7.41it/s, Saved at =inf, TrLoss=0.2193]
 Training FV-alpha-s42-t5:  70%|███████   | 35/50 [00:04<00:02,  7.41it/s, Saved at =inf, TrLoss=0.2261]
 Training FV-alpha-s42-t5:  72%|███████▏  | 36/50 [00:04<00:01,  7.72it/s, Saved at =inf, TrLoss=0.2261]
 Training FV-alpha-s42-t5:  72%|███████▏  | 36/50 [00:04<00:01,  7.72it/s, Saved at =inf, TrLoss=0.2178]
 Training FV-alpha-s42-t5:  74%|███████▍  | 37/50 [00:04<00:01,  7.84it/s, Saved at =inf, TrLoss=0.2178]
 Training FV-alpha-s42-t5:  74%|███████▍  | 37/50 [00:04<00:01,  7.84it/s, Saved at =inf, TrLoss=0.2105]
 Training FV-alpha-s42-t5:  76%|███████▌  | 38/50 [00:04<00:01,  7.73it/s, Saved at =inf, TrLoss=0.2105]
 Training FV-alpha-s42-t5:  76%|███████▌  | 38/50 [00:04<00:01,  7.73it/s, Saved at =inf, TrLoss=0.2007]
 Training FV-alpha-s42-t5:  78%|███████▊  | 39/50 [00:04<00:01,  7.56it/s, Saved at =inf, TrLoss=0.2007]
 Training FV-alpha-s42-t5:  78%|███████▊  | 39/50 [00:05<00:01,  7.56it/s, Saved at =inf, TrLoss=0.2067]
 Training FV-alpha-s42-t5:  80%|████████  | 40/50 [00:05<00:01,  7.87it/s, Saved at =inf, TrLoss=0.2067]
 Training FV-alpha-s42-t5:  80%|████████  | 40/50 [00:05<00:01,  7.87it/s, Saved at =inf, TrLoss=0.2049]
 Training FV-alpha-s42-t5:  82%|████████▏ | 41/50 [00:05<00:01,  7.94it/s, Saved at =inf, TrLoss=0.2049]
 Training FV-alpha-s42-t5:  82%|████████▏ | 41/50 [00:05<00:01,  7.94it/s, Saved at =inf, TrLoss=0.2064]
 Training FV-alpha-s42-t5:  84%|████████▍ | 42/50 [00:05<00:01,  7.82it/s, Saved at =inf, TrLoss=0.2064]
 Training FV-alpha-s42-t5:  84%|████████▍ | 42/50 [00:05<00:01,  7.82it/s, Saved at =inf, TrLoss=0.2059]
 Training FV-alpha-s42-t5:  86%|████████▌ | 43/50 [00:05<00:00,  7.68it/s, Saved at =inf, TrLoss=0.2059]
 Training FV-alpha-s42-t5:  86%|████████▌ | 43/50 [00:05<00:00,  7.68it/s, Saved at =inf, TrLoss=0.2003]
 Training FV-alpha-s42-t5:  88%|████████▊ | 44/50 [00:05<00:00,  7.52it/s, Saved at =inf, TrLoss=0.2003]
 Training FV-alpha-s42-t5:  88%|████████▊ | 44/50 [00:05<00:00,  7.52it/s, Saved at =inf, TrLoss=0.1921]
 Training FV-alpha-s42-t5:  90%|█████████ | 45/50 [00:05<00:00,  7.85it/s, Saved at =inf, TrLoss=0.1921]
 Training FV-alpha-s42-t5:  90%|█████████ | 45/50 [00:05<00:00,  7.85it/s, Saved at =inf, TrLoss=0.1872]
 Training FV-alpha-s42-t5:  92%|█████████▏| 46/50 [00:05<00:00,  7.93it/s, Saved at =inf, TrLoss=0.1872]
 Training FV-alpha-s42-t5:  92%|█████████▏| 46/50 [00:05<00:00,  7.93it/s, Saved at =inf, TrLoss=0.1892]
 Training FV-alpha-s42-t5:  94%|█████████▍| 47/50 [00:05<00:00,  7.79it/s, Saved at =inf, TrLoss=0.1892]
 Training FV-alpha-s42-t5:  94%|█████████▍| 47/50 [00:06<00:00,  7.79it/s, Saved at =inf, TrLoss=0.1873]
 Training FV-alpha-s42-t5:  96%|█████████▌| 48/50 [00:06<00:00,  7.65it/s, Saved at =inf, TrLoss=0.1873]
 Training FV-alpha-s42-t5:  96%|█████████▌| 48/50 [00:06<00:00,  7.65it/s, Saved at =inf, TrLoss=0.1840]
 Training FV-alpha-s42-t5:  98%|█████████▊| 49/50 [00:06<00:00,  7.50it/s, Saved at =inf, TrLoss=0.1840]
 Training FV-alpha-s42-t5:  98%|█████████▊| 49/50 [00:06<00:00,  7.50it/s, Saved at =inf, TrLoss=0.1811]
 Training FV-alpha-s42-t5: 100%|██████████| 50/50 [00:06<00:00,  7.79it/s, Saved at =inf, TrLoss=0.1811]
 Training FV-alpha-s42-t5: 100%|██████████| 50/50 [00:06<00:00,  7.88it/s, Saved at =inf, TrLoss=0.1811]

 Training FV-alpha-s42-t6:   0%|          | 0/50 [00:00<?, ?it/s]
 Training FV-alpha-s42-t6:   0%|          | 0/50 [00:00<?, ?it/s, Saved at =inf, TrLoss=0.7037]
 Training FV-alpha-s42-t6:   2%|▏         | 1/50 [00:00<00:08,  5.48it/s, Saved at =inf, TrLoss=0.7037]
 Training FV-alpha-s42-t6:   2%|▏         | 1/50 [00:00<00:08,  5.48it/s, Saved at =inf, TrLoss=0.6970]
 Training FV-alpha-s42-t6:   4%|▍         | 2/50 [00:00<00:08,  5.66it/s, Saved at =inf, TrLoss=0.6970]
 Training FV-alpha-s42-t6:   4%|▍         | 2/50 [00:00<00:08,  5.66it/s, Saved at =inf, TrLoss=0.5857]
 Training FV-alpha-s42-t6:   6%|▌         | 3/50 [00:00<00:08,  5.78it/s, Saved at =inf, TrLoss=0.5857]
 Training FV-alpha-s42-t6:   6%|▌         | 3/50 [00:00<00:08,  5.78it/s, Saved at =inf, TrLoss=0.5315]
 Training FV-alpha-s42-t6:   8%|▊         | 4/50 [00:00<00:07,  5.83it/s, Saved at =inf, TrLoss=0.5315]
 Training FV-alpha-s42-t6:   8%|▊         | 4/50 [00:00<00:07,  5.83it/s, Saved at =inf, TrLoss=0.4799]
 Training FV-alpha-s42-t6:  10%|█         | 5/50 [00:00<00:07,  5.86it/s, Saved at =inf, TrLoss=0.4799]
 Training FV-alpha-s42-t6:  10%|█         | 5/50 [00:00<00:07,  5.86it/s, Saved at =inf, TrLoss=0.4629]
 Training FV-alpha-s42-t6:  12%|█▏        | 6/50 [00:01<00:07,  5.84it/s, Saved at =inf, TrLoss=0.4629]
 Training FV-alpha-s42-t6:  12%|█▏        | 6/50 [00:01<00:07,  5.84it/s, Saved at =inf, TrLoss=0.4402]
 Training FV-alpha-s42-t6:  14%|█▍        | 7/50 [00:01<00:07,  5.84it/s, Saved at =inf, TrLoss=0.4402]
 Training FV-alpha-s42-t6:  14%|█▍        | 7/50 [00:01<00:07,  5.84it/s, Saved at =inf, TrLoss=0.4063]
 Training FV-alpha-s42-t6:  16%|█▌        | 8/50 [00:01<00:07,  5.84it/s, Saved at =inf, TrLoss=0.4063]
 Training FV-alpha-s42-t6:  16%|█▌        | 8/50 [00:01<00:07,  5.84it/s, Saved at =inf, TrLoss=0.3679]
 Training FV-alpha-s42-t6:  18%|█▊        | 9/50 [00:01<00:06,  5.86it/s, Saved at =inf, TrLoss=0.3679]
 Training FV-alpha-s42-t6:  18%|█▊        | 9/50 [00:01<00:06,  5.86it/s, Saved at =inf, TrLoss=0.3438]
 Training FV-alpha-s42-t6:  20%|██        | 10/50 [00:01<00:06,  5.88it/s, Saved at =inf, TrLoss=0.3438]
 Training FV-alpha-s42-t6:  20%|██        | 10/50 [00:01<00:06,  5.88it/s, Saved at =inf, TrLoss=0.3678]
 Training FV-alpha-s42-t6:  22%|██▏       | 11/50 [00:01<00:06,  5.88it/s, Saved at =inf, TrLoss=0.3678]
 Training FV-alpha-s42-t6:  22%|██▏       | 11/50 [00:02<00:06,  5.88it/s, Saved at =inf, TrLoss=0.3995]
 Training FV-alpha-s42-t6:  24%|██▍       | 12/50 [00:02<00:06,  5.89it/s, Saved at =inf, TrLoss=0.3995]
 Training FV-alpha-s42-t6:  24%|██▍       | 12/50 [00:02<00:06,  5.89it/s, Saved at =inf, TrLoss=0.3115]
 Training FV-alpha-s42-t6:  26%|██▌       | 13/50 [00:02<00:06,  5.89it/s, Saved at =inf, TrLoss=0.3115]
 Training FV-alpha-s42-t6:  26%|██▌       | 13/50 [00:02<00:06,  5.89it/s, Saved at =inf, TrLoss=0.3775]
 Training FV-alpha-s42-t6:  28%|██▊       | 14/50 [00:02<00:06,  5.90it/s, Saved at =inf, TrLoss=0.3775]
 Training FV-alpha-s42-t6:  28%|██▊       | 14/50 [00:02<00:06,  5.90it/s, Saved at =inf, TrLoss=0.2842]
 Training FV-alpha-s42-t6:  30%|███       | 15/50 [00:02<00:05,  5.90it/s, Saved at =inf, TrLoss=0.2842]
 Training FV-alpha-s42-t6:  30%|███       | 15/50 [00:02<00:05,  5.90it/s, Saved at =inf, TrLoss=0.3427]
 Training FV-alpha-s42-t6:  32%|███▏      | 16/50 [00:02<00:05,  5.91it/s, Saved at =inf, TrLoss=0.3427]
 Training FV-alpha-s42-t6:  32%|███▏      | 16/50 [00:02<00:05,  5.91it/s, Saved at =inf, TrLoss=0.2991]
 Training FV-alpha-s42-t6:  34%|███▍      | 17/50 [00:02<00:05,  5.91it/s, Saved at =inf, TrLoss=0.2991]
 Training FV-alpha-s42-t6:  34%|███▍      | 17/50 [00:03<00:05,  5.91it/s, Saved at =inf, TrLoss=0.2990]
 Training FV-alpha-s42-t6:  36%|███▌      | 18/50 [00:03<00:05,  5.91it/s, Saved at =inf, TrLoss=0.2990]
 Training FV-alpha-s42-t6:  36%|███▌      | 18/50 [00:03<00:05,  5.91it/s, Saved at =inf, TrLoss=0.3093]
 Training FV-alpha-s42-t6:  38%|███▊      | 19/50 [00:03<00:05,  5.91it/s, Saved at =inf, TrLoss=0.3093]
 Training FV-alpha-s42-t6:  38%|███▊      | 19/50 [00:03<00:05,  5.91it/s, Saved at =inf, TrLoss=0.2659]
 Training FV-alpha-s42-t6:  40%|████      | 20/50 [00:03<00:05,  5.91it/s, Saved at =inf, TrLoss=0.2659]
 Training FV-alpha-s42-t6:  40%|████      | 20/50 [00:03<00:05,  5.91it/s, Saved at =inf, TrLoss=0.2885]
 Training FV-alpha-s42-t6:  42%|████▏     | 21/50 [00:03<00:04,  5.88it/s, Saved at =inf, TrLoss=0.2885]
 Training FV-alpha-s42-t6:  42%|████▏     | 21/50 [00:03<00:04,  5.88it/s, Saved at =inf, TrLoss=0.2636]
 Training FV-alpha-s42-t6:  44%|████▍     | 22/50 [00:03<00:04,  6.67it/s, Saved at =inf, TrLoss=0.2636]
 Training FV-alpha-s42-t6:  44%|████▍     | 22/50 [00:03<00:04,  6.67it/s, Saved at =inf, TrLoss=0.2655]
 Training FV-alpha-s42-t6:  46%|████▌     | 23/50 [00:03<00:03,  7.31it/s, Saved at =inf, TrLoss=0.2655]
 Training FV-alpha-s42-t6:  46%|████▌     | 23/50 [00:03<00:03,  7.31it/s, Saved at =inf, TrLoss=0.2692]
 Training FV-alpha-s42-t6:  48%|████▊     | 24/50 [00:03<00:03,  7.80it/s, Saved at =inf, TrLoss=0.2692]
 Training FV-alpha-s42-t6:  48%|████▊     | 24/50 [00:04<00:03,  7.80it/s, Saved at =inf, TrLoss=0.2596]
 Training FV-alpha-s42-t6:  50%|█████     | 25/50 [00:04<00:03,  7.19it/s, Saved at =inf, TrLoss=0.2596]
 Training FV-alpha-s42-t6:  50%|█████     | 25/50 [00:04<00:03,  7.19it/s, Saved at =inf, TrLoss=0.2597]
 Training FV-alpha-s42-t6:  52%|█████▏    | 26/50 [00:04<00:03,  6.65it/s, Saved at =inf, TrLoss=0.2597]
 Training FV-alpha-s42-t6:  52%|█████▏    | 26/50 [00:04<00:03,  6.65it/s, Saved at =inf, TrLoss=0.2372]
 Training FV-alpha-s42-t6:  54%|█████▍    | 27/50 [00:04<00:03,  6.65it/s, Saved at =inf, TrLoss=0.2372]
 Training FV-alpha-s42-t6:  54%|█████▍    | 27/50 [00:04<00:03,  6.65it/s, Saved at =inf, TrLoss=0.2659]
 Training FV-alpha-s42-t6:  56%|█████▌    | 28/50 [00:04<00:03,  6.71it/s, Saved at =inf, TrLoss=0.2659]
 Training FV-alpha-s42-t6:  56%|█████▌    | 28/50 [00:04<00:03,  6.71it/s, Saved at =inf, TrLoss=0.2463]
 Training FV-alpha-s42-t6:  58%|█████▊    | 29/50 [00:04<00:03,  6.51it/s, Saved at =inf, TrLoss=0.2463]
 Training FV-alpha-s42-t6:  58%|█████▊    | 29/50 [00:04<00:03,  6.51it/s, Saved at =inf, TrLoss=0.2501]
 Training FV-alpha-s42-t6:  60%|██████    | 30/50 [00:04<00:03,  6.33it/s, Saved at =inf, TrLoss=0.2501]
 Training FV-alpha-s42-t6:  60%|██████    | 30/50 [00:04<00:03,  6.33it/s, Saved at =inf, TrLoss=0.2319]
 Training FV-alpha-s42-t6:  62%|██████▏   | 31/50 [00:05<00:03,  6.19it/s, Saved at =inf, TrLoss=0.2319]
 Training FV-alpha-s42-t6:  62%|██████▏   | 31/50 [00:05<00:03,  6.19it/s, Saved at =inf, TrLoss=0.2356]
 Training FV-alpha-s42-t6:  64%|██████▍   | 32/50 [00:05<00:02,  6.38it/s, Saved at =inf, TrLoss=0.2356]
 Training FV-alpha-s42-t6:  64%|██████▍   | 32/50 [00:05<00:02,  6.38it/s, Saved at =inf, TrLoss=0.2326]
 Training FV-alpha-s42-t6:  66%|██████▌   | 33/50 [00:05<00:02,  6.52it/s, Saved at =inf, TrLoss=0.2326]
 Training FV-alpha-s42-t6:  66%|██████▌   | 33/50 [00:05<00:02,  6.52it/s, Saved at =inf, TrLoss=0.2338]
 Training FV-alpha-s42-t6:  68%|██████▊   | 34/50 [00:05<00:02,  6.41it/s, Saved at =inf, TrLoss=0.2338]
 Training FV-alpha-s42-t6:  68%|██████▊   | 34/50 [00:05<00:02,  6.41it/s, Saved at =inf, TrLoss=0.2287]
 Training FV-alpha-s42-t6:  70%|███████   | 35/50 [00:05<00:02,  6.22it/s, Saved at =inf, TrLoss=0.2287]
 Training FV-alpha-s42-t6:  70%|███████   | 35/50 [00:05<00:02,  6.22it/s, Saved at =inf, TrLoss=0.2224]
 Training FV-alpha-s42-t6:  72%|███████▏  | 36/50 [00:05<00:02,  6.12it/s, Saved at =inf, TrLoss=0.2224]
 Training FV-alpha-s42-t6:  72%|███████▏  | 36/50 [00:05<00:02,  6.12it/s, Saved at =inf, TrLoss=0.2342]
 Training FV-alpha-s42-t6:  74%|███████▍  | 37/50 [00:05<00:02,  6.30it/s, Saved at =inf, TrLoss=0.2342]
 Training FV-alpha-s42-t6:  74%|███████▍  | 37/50 [00:06<00:02,  6.30it/s, Saved at =inf, TrLoss=0.2145]
 Training FV-alpha-s42-t6:  76%|███████▌  | 38/50 [00:06<00:01,  6.45it/s, Saved at =inf, TrLoss=0.2145]
 Training FV-alpha-s42-t6:  76%|███████▌  | 38/50 [00:06<00:01,  6.45it/s, Saved at =inf, TrLoss=0.2113]
 Training FV-alpha-s42-t6:  78%|███████▊  | 39/50 [00:06<00:01,  6.34it/s, Saved at =inf, TrLoss=0.2113]
 Training FV-alpha-s42-t6:  78%|███████▊  | 39/50 [00:06<00:01,  6.34it/s, Saved at =inf, TrLoss=0.2109]
 Training FV-alpha-s42-t6:  80%|████████  | 40/50 [00:06<00:01,  6.23it/s, Saved at =inf, TrLoss=0.2109]
 Training FV-alpha-s42-t6:  80%|████████  | 40/50 [00:06<00:01,  6.23it/s, Saved at =inf, TrLoss=0.2265]
 Training FV-alpha-s42-t6:  82%|████████▏ | 41/50 [00:06<00:01,  6.13it/s, Saved at =inf, TrLoss=0.2265]
 Training FV-alpha-s42-t6:  82%|████████▏ | 41/50 [00:06<00:01,  6.13it/s, Saved at =inf, TrLoss=0.2079]
 Training FV-alpha-s42-t6:  84%|████████▍ | 42/50 [00:06<00:01,  6.31it/s, Saved at =inf, TrLoss=0.2079]
 Training FV-alpha-s42-t6:  84%|████████▍ | 42/50 [00:06<00:01,  6.31it/s, Saved at =inf, TrLoss=0.2152]
 Training FV-alpha-s42-t6:  86%|████████▌ | 43/50 [00:06<00:01,  6.46it/s, Saved at =inf, TrLoss=0.2152]
 Training FV-alpha-s42-t6:  86%|████████▌ | 43/50 [00:07<00:01,  6.46it/s, Saved at =inf, TrLoss=0.2029]
 Training FV-alpha-s42-t6:  88%|████████▊ | 44/50 [00:07<00:00,  6.38it/s, Saved at =inf, TrLoss=0.2029]
 Training FV-alpha-s42-t6:  88%|████████▊ | 44/50 [00:07<00:00,  6.38it/s, Saved at =inf, TrLoss=0.2180]
 Training FV-alpha-s42-t6:  90%|█████████ | 45/50 [00:07<00:00,  6.20it/s, Saved at =inf, TrLoss=0.2180]
 Training FV-alpha-s42-t6:  90%|█████████ | 45/50 [00:07<00:00,  6.20it/s, Saved at =inf, TrLoss=0.1921]
 Training FV-alpha-s42-t6:  92%|█████████▏| 46/50 [00:07<00:00,  6.12it/s, Saved at =inf, TrLoss=0.1921]
 Training FV-alpha-s42-t6:  92%|█████████▏| 46/50 [00:07<00:00,  6.12it/s, Saved at =inf, TrLoss=0.1978]
 Training FV-alpha-s42-t6:  94%|█████████▍| 47/50 [00:07<00:00,  6.30it/s, Saved at =inf, TrLoss=0.1978]
 Training FV-alpha-s42-t6:  94%|█████████▍| 47/50 [00:07<00:00,  6.30it/s, Saved at =inf, TrLoss=0.1905]
 Training FV-alpha-s42-t6:  96%|█████████▌| 48/50 [00:07<00:00,  6.46it/s, Saved at =inf, TrLoss=0.1905]
 Training FV-alpha-s42-t6:  96%|█████████▌| 48/50 [00:07<00:00,  6.46it/s, Saved at =inf, TrLoss=0.1923]
 Training FV-alpha-s42-t6:  98%|█████████▊| 49/50 [00:07<00:00,  6.38it/s, Saved at =inf, TrLoss=0.1923]
 Training FV-alpha-s42-t6:  98%|█████████▊| 49/50 [00:08<00:00,  6.38it/s, Saved at =inf, TrLoss=0.1911]
 Training FV-alpha-s42-t6: 100%|██████████| 50/50 [00:08<00:00,  6.18it/s, Saved at =inf, TrLoss=0.1911]
 Training FV-alpha-s42-t6: 100%|██████████| 50/50 [00:08<00:00,  6.21it/s, Saved at =inf, TrLoss=0.1911]

 Training FV-alpha-s42-t7:   0%|          | 0/50 [00:00<?, ?it/s]
 Training FV-alpha-s42-t7:   0%|          | 0/50 [00:00<?, ?it/s, Saved at =inf, TrLoss=0.6890]
 Training FV-alpha-s42-t7:   2%|▏         | 1/50 [00:00<00:10,  4.70it/s, Saved at =inf, TrLoss=0.6890]
 Training FV-alpha-s42-t7:   2%|▏         | 1/50 [00:00<00:10,  4.70it/s, Saved at =inf, TrLoss=0.6662]
 Training FV-alpha-s42-t7:   4%|▍         | 2/50 [00:00<00:09,  4.99it/s, Saved at =inf, TrLoss=0.6662]
 Training FV-alpha-s42-t7:   4%|▍         | 2/50 [00:00<00:09,  4.99it/s, Saved at =inf, TrLoss=0.6719]
 Training FV-alpha-s42-t7:   6%|▌         | 3/50 [00:00<00:09,  5.10it/s, Saved at =inf, TrLoss=0.6719]
 Training FV-alpha-s42-t7:   6%|▌         | 3/50 [00:00<00:09,  5.10it/s, Saved at =inf, TrLoss=0.5635]
 Training FV-alpha-s42-t7:   8%|▊         | 4/50 [00:00<00:08,  5.13it/s, Saved at =inf, TrLoss=0.5635]
 Training FV-alpha-s42-t7:   8%|▊         | 4/50 [00:00<00:08,  5.13it/s, Saved at =inf, TrLoss=0.5028]
 Training FV-alpha-s42-t7:  10%|█         | 5/50 [00:00<00:08,  5.38it/s, Saved at =inf, TrLoss=0.5028]
 Training FV-alpha-s42-t7:  10%|█         | 5/50 [00:01<00:08,  5.38it/s, Saved at =inf, TrLoss=0.5343]
 Training FV-alpha-s42-t7:  12%|█▏        | 6/50 [00:01<00:08,  5.44it/s, Saved at =inf, TrLoss=0.5343]
 Training FV-alpha-s42-t7:  12%|█▏        | 6/50 [00:01<00:08,  5.44it/s, Saved at =inf, TrLoss=0.5298]
 Training FV-alpha-s42-t7:  14%|█▍        | 7/50 [00:01<00:07,  5.56it/s, Saved at =inf, TrLoss=0.5298]
 Training FV-alpha-s42-t7:  14%|█▍        | 7/50 [00:01<00:07,  5.56it/s, Saved at =inf, TrLoss=0.4711]
 Training FV-alpha-s42-t7:  16%|█▌        | 8/50 [00:01<00:07,  5.62it/s, Saved at =inf, TrLoss=0.4711]
 Training FV-alpha-s42-t7:  16%|█▌        | 8/50 [00:01<00:07,  5.62it/s, Saved at =inf, TrLoss=0.4302]
 Training FV-alpha-s42-t7:  18%|█▊        | 9/50 [00:01<00:07,  5.52it/s, Saved at =inf, TrLoss=0.4302]
 Training FV-alpha-s42-t7:  18%|█▊        | 9/50 [00:01<00:07,  5.52it/s, Saved at =inf, TrLoss=0.4228]
 Training FV-alpha-s42-t7:  20%|██        | 10/50 [00:01<00:07,  5.42it/s, Saved at =inf, TrLoss=0.4228]
 Training FV-alpha-s42-t7:  20%|██        | 10/50 [00:02<00:07,  5.42it/s, Saved at =inf, TrLoss=0.3958]
 Training FV-alpha-s42-t7:  22%|██▏       | 11/50 [00:02<00:07,  5.34it/s, Saved at =inf, TrLoss=0.3958]
 Training FV-alpha-s42-t7:  22%|██▏       | 11/50 [00:02<00:07,  5.34it/s, Saved at =inf, TrLoss=0.3557]
 Training FV-alpha-s42-t7:  24%|██▍       | 12/50 [00:02<00:07,  5.29it/s, Saved at =inf, TrLoss=0.3557]
 Training FV-alpha-s42-t7:  24%|██▍       | 12/50 [00:02<00:07,  5.29it/s, Saved at =inf, TrLoss=0.3855]
 Training FV-alpha-s42-t7:  26%|██▌       | 13/50 [00:02<00:07,  5.25it/s, Saved at =inf, TrLoss=0.3855]
 Training FV-alpha-s42-t7:  26%|██▌       | 13/50 [00:02<00:07,  5.25it/s, Saved at =inf, TrLoss=0.3427]
 Training FV-alpha-s42-t7:  28%|██▊       | 14/50 [00:02<00:06,  5.23it/s, Saved at =inf, TrLoss=0.3427]
 Training FV-alpha-s42-t7:  28%|██▊       | 14/50 [00:02<00:06,  5.23it/s, Saved at =inf, TrLoss=0.3337]
 Training FV-alpha-s42-t7:  30%|███       | 15/50 [00:02<00:06,  5.21it/s, Saved at =inf, TrLoss=0.3337]
 Training FV-alpha-s42-t7:  30%|███       | 15/50 [00:02<00:06,  5.21it/s, Saved at =inf, TrLoss=0.3177]
 Training FV-alpha-s42-t7:  32%|███▏      | 16/50 [00:03<00:06,  5.20it/s, Saved at =inf, TrLoss=0.3177]
 Training FV-alpha-s42-t7:  32%|███▏      | 16/50 [00:03<00:06,  5.20it/s, Saved at =inf, TrLoss=0.3342]
 Training FV-alpha-s42-t7:  34%|███▍      | 17/50 [00:03<00:06,  5.19it/s, Saved at =inf, TrLoss=0.3342]
 Training FV-alpha-s42-t7:  34%|███▍      | 17/50 [00:03<00:06,  5.19it/s, Saved at =inf, TrLoss=0.3099]
 Training FV-alpha-s42-t7:  36%|███▌      | 18/50 [00:03<00:06,  5.19it/s, Saved at =inf, TrLoss=0.3099]
 Training FV-alpha-s42-t7:  36%|███▌      | 18/50 [00:03<00:06,  5.19it/s, Saved at =inf, TrLoss=0.3067]
 Training FV-alpha-s42-t7:  38%|███▊      | 19/50 [00:03<00:05,  5.18it/s, Saved at =inf, TrLoss=0.3067]
 Training FV-alpha-s42-t7:  38%|███▊      | 19/50 [00:03<00:05,  5.18it/s, Saved at =inf, TrLoss=0.2858]
 Training FV-alpha-s42-t7:  40%|████      | 20/50 [00:03<00:05,  5.18it/s, Saved at =inf, TrLoss=0.2858]
 Training FV-alpha-s42-t7:  40%|████      | 20/50 [00:03<00:05,  5.18it/s, Saved at =inf, TrLoss=0.2885]
 Training FV-alpha-s42-t7:  42%|████▏     | 21/50 [00:03<00:05,  5.18it/s, Saved at =inf, TrLoss=0.2885]
 Training FV-alpha-s42-t7:  42%|████▏     | 21/50 [00:04<00:05,  5.18it/s, Saved at =inf, TrLoss=0.2859]
 Training FV-alpha-s42-t7:  44%|████▍     | 22/50 [00:04<00:05,  5.18it/s, Saved at =inf, TrLoss=0.2859]
 Training FV-alpha-s42-t7:  44%|████▍     | 22/50 [00:04<00:05,  5.18it/s, Saved at =inf, TrLoss=0.2974]
 Training FV-alpha-s42-t7:  46%|████▌     | 23/50 [00:04<00:05,  5.18it/s, Saved at =inf, TrLoss=0.2974]
 Training FV-alpha-s42-t7:  46%|████▌     | 23/50 [00:04<00:05,  5.18it/s, Saved at =inf, TrLoss=0.2738]
 Training FV-alpha-s42-t7:  48%|████▊     | 24/50 [00:04<00:05,  5.19it/s, Saved at =inf, TrLoss=0.2738]
 Training FV-alpha-s42-t7:  48%|████▊     | 24/50 [00:04<00:05,  5.19it/s, Saved at =inf, TrLoss=0.2814]
 Training FV-alpha-s42-t7:  50%|█████     | 25/50 [00:04<00:04,  5.19it/s, Saved at =inf, TrLoss=0.2814]
 Training FV-alpha-s42-t7:  50%|█████     | 25/50 [00:04<00:04,  5.19it/s, Saved at =inf, TrLoss=0.2653]
 Training FV-alpha-s42-t7:  52%|█████▏    | 26/50 [00:04<00:04,  5.19it/s, Saved at =inf, TrLoss=0.2653]
 Training FV-alpha-s42-t7:  52%|█████▏    | 26/50 [00:05<00:04,  5.19it/s, Saved at =inf, TrLoss=0.2543]
 Training FV-alpha-s42-t7:  54%|█████▍    | 27/50 [00:05<00:04,  5.20it/s, Saved at =inf, TrLoss=0.2543]
 Training FV-alpha-s42-t7:  54%|█████▍    | 27/50 [00:05<00:04,  5.20it/s, Saved at =inf, TrLoss=0.2653]
 Training FV-alpha-s42-t7:  56%|█████▌    | 28/50 [00:05<00:04,  5.33it/s, Saved at =inf, TrLoss=0.2653]
 Training FV-alpha-s42-t7:  56%|█████▌    | 28/50 [00:05<00:04,  5.33it/s, Saved at =inf, TrLoss=0.2620]
 Training FV-alpha-s42-t7:  58%|█████▊    | 29/50 [00:05<00:03,  5.97it/s, Saved at =inf, TrLoss=0.2620]
 Training FV-alpha-s42-t7:  58%|█████▊    | 29/50 [00:05<00:03,  5.97it/s, Saved at =inf, TrLoss=0.2517]
 Training FV-alpha-s42-t7:  60%|██████    | 30/50 [00:05<00:03,  6.51it/s, Saved at =inf, TrLoss=0.2517]
 Training FV-alpha-s42-t7:  60%|██████    | 30/50 [00:05<00:03,  6.51it/s, Saved at =inf, TrLoss=0.2519]
 Training FV-alpha-s42-t7:  62%|██████▏   | 31/50 [00:05<00:02,  6.86it/s, Saved at =inf, TrLoss=0.2519]
 Training FV-alpha-s42-t7:  62%|██████▏   | 31/50 [00:05<00:02,  6.86it/s, Saved at =inf, TrLoss=0.2480]
 Training FV-alpha-s42-t7:  64%|██████▍   | 32/50 [00:05<00:02,  6.12it/s, Saved at =inf, TrLoss=0.2480]
 Training FV-alpha-s42-t7:  64%|██████▍   | 32/50 [00:06<00:02,  6.12it/s, Saved at =inf, TrLoss=0.2414]
 Training FV-alpha-s42-t7:  66%|██████▌   | 33/50 [00:06<00:03,  4.76it/s, Saved at =inf, TrLoss=0.2414]
 Training FV-alpha-s42-t7:  66%|██████▌   | 33/50 [00:06<00:03,  4.76it/s, Saved at =inf, TrLoss=0.2355]
 Training FV-alpha-s42-t7:  68%|██████▊   | 34/50 [00:06<00:04,  3.92it/s, Saved at =inf, TrLoss=0.2355]
 Training FV-alpha-s42-t7:  68%|██████▊   | 34/50 [00:06<00:04,  3.92it/s, Saved at =inf, TrLoss=0.2360]
 Training FV-alpha-s42-t7:  70%|███████   | 35/50 [00:06<00:04,  3.48it/s, Saved at =inf, TrLoss=0.2360]
 Training FV-alpha-s42-t7:  70%|███████   | 35/50 [00:07<00:04,  3.48it/s, Saved at =inf, TrLoss=0.2358]
 Training FV-alpha-s42-t7:  72%|███████▏  | 36/50 [00:07<00:04,  3.33it/s, Saved at =inf, TrLoss=0.2358]
 Training FV-alpha-s42-t7:  72%|███████▏  | 36/50 [00:07<00:04,  3.33it/s, Saved at =inf, TrLoss=0.2343]
 Training FV-alpha-s42-t7:  74%|███████▍  | 37/50 [00:07<00:03,  3.35it/s, Saved at =inf, TrLoss=0.2343]
 Training FV-alpha-s42-t7:  74%|███████▍  | 37/50 [00:07<00:03,  3.35it/s, Saved at =inf, TrLoss=0.2295]
 Training FV-alpha-s42-t7:  76%|███████▌  | 38/50 [00:07<00:03,  3.69it/s, Saved at =inf, TrLoss=0.2295]
 Training FV-alpha-s42-t7:  76%|███████▌  | 38/50 [00:07<00:03,  3.69it/s, Saved at =inf, TrLoss=0.2354]
 Training FV-alpha-s42-t7:  78%|███████▊  | 39/50 [00:07<00:02,  3.96it/s, Saved at =inf, TrLoss=0.2354]
 Training FV-alpha-s42-t7:  78%|███████▊  | 39/50 [00:08<00:02,  3.96it/s, Saved at =inf, TrLoss=0.2246]
 Training FV-alpha-s42-t7:  80%|████████  | 40/50 [00:08<00:02,  4.19it/s, Saved at =inf, TrLoss=0.2246]
 Training FV-alpha-s42-t7:  80%|████████  | 40/50 [00:08<00:02,  4.19it/s, Saved at =inf, TrLoss=0.2250]
 Training FV-alpha-s42-t7:  82%|████████▏ | 41/50 [00:08<00:02,  4.48it/s, Saved at =inf, TrLoss=0.2250]
 Training FV-alpha-s42-t7:  82%|████████▏ | 41/50 [00:08<00:02,  4.48it/s, Saved at =inf, TrLoss=0.2206]
 Training FV-alpha-s42-t7:  84%|████████▍ | 42/50 [00:08<00:01,  4.64it/s, Saved at =inf, TrLoss=0.2206]
 Training FV-alpha-s42-t7:  84%|████████▍ | 42/50 [00:08<00:01,  4.64it/s, Saved at =inf, TrLoss=0.2119]
 Training FV-alpha-s42-t7:  86%|████████▌ | 43/50 [00:08<00:01,  4.63it/s, Saved at =inf, TrLoss=0.2119]
 Training FV-alpha-s42-t7:  86%|████████▌ | 43/50 [00:08<00:01,  4.63it/s, Saved at =inf, TrLoss=0.2265]
 Training FV-alpha-s42-t7:  88%|████████▊ | 44/50 [00:08<00:01,  4.81it/s, Saved at =inf, TrLoss=0.2265]
 Training FV-alpha-s42-t7:  88%|████████▊ | 44/50 [00:09<00:01,  4.81it/s, Saved at =inf, TrLoss=0.2148]
 Training FV-alpha-s42-t7:  90%|█████████ | 45/50 [00:09<00:01,  4.85it/s, Saved at =inf, TrLoss=0.2148]
 Training FV-alpha-s42-t7:  90%|█████████ | 45/50 [00:09<00:01,  4.85it/s, Saved at =inf, TrLoss=0.2078]
 Training FV-alpha-s42-t7:  92%|█████████▏| 46/50 [00:09<00:00,  4.83it/s, Saved at =inf, TrLoss=0.2078]
 Training FV-alpha-s42-t7:  92%|█████████▏| 46/50 [00:09<00:00,  4.83it/s, Saved at =inf, TrLoss=0.2062]
 Training FV-alpha-s42-t7:  94%|█████████▍| 47/50 [00:09<00:00,  4.81it/s, Saved at =inf, TrLoss=0.2062]
 Training FV-alpha-s42-t7:  94%|█████████▍| 47/50 [00:09<00:00,  4.81it/s, Saved at =inf, TrLoss=0.2068]
 Training FV-alpha-s42-t7:  96%|█████████▌| 48/50 [00:09<00:00,  4.55it/s, Saved at =inf, TrLoss=0.2068]
 Training FV-alpha-s42-t7:  96%|█████████▌| 48/50 [00:09<00:00,  4.55it/s, Saved at =inf, TrLoss=0.2059]
 Training FV-alpha-s42-t7:  98%|█████████▊| 49/50 [00:10<00:00,  4.59it/s, Saved at =inf, TrLoss=0.2059]
 Training FV-alpha-s42-t7:  98%|█████████▊| 49/50 [00:10<00:00,  4.59it/s, Saved at =inf, TrLoss=0.2014]
 Training FV-alpha-s42-t7: 100%|██████████| 50/50 [00:10<00:00,  4.74it/s, Saved at =inf, TrLoss=0.2014]
 Training FV-alpha-s42-t7: 100%|██████████| 50/50 [00:10<00:00,  4.88it/s, Saved at =inf, TrLoss=0.2014]

 Training FV-alpha-s42-t8:   0%|          | 0/50 [00:00<?, ?it/s]
 Training FV-alpha-s42-t8:   0%|          | 0/50 [00:00<?, ?it/s, Saved at =inf, TrLoss=0.7237]
 Training FV-alpha-s42-t8:   2%|▏         | 1/50 [00:00<00:10,  4.78it/s, Saved at =inf, TrLoss=0.7237]
 Training FV-alpha-s42-t8:   2%|▏         | 1/50 [00:00<00:10,  4.78it/s, Saved at =inf, TrLoss=0.7649]
 Training FV-alpha-s42-t8:   4%|▍         | 2/50 [00:00<00:09,  4.90it/s, Saved at =inf, TrLoss=0.7649]
 Training FV-alpha-s42-t8:   4%|▍         | 2/50 [00:00<00:09,  4.90it/s, Saved at =inf, TrLoss=0.6172]
 Training FV-alpha-s42-t8:   6%|▌         | 3/50 [00:00<00:09,  5.01it/s, Saved at =inf, TrLoss=0.6172]
 Training FV-alpha-s42-t8:   6%|▌         | 3/50 [00:00<00:09,  5.01it/s, Saved at =inf, TrLoss=0.6067]
 Training FV-alpha-s42-t8:   8%|▊         | 4/50 [00:00<00:09,  4.93it/s, Saved at =inf, TrLoss=0.6067]
 Training FV-alpha-s42-t8:   8%|▊         | 4/50 [00:00<00:09,  4.93it/s, Saved at =inf, TrLoss=0.5526]
 Training FV-alpha-s42-t8:  10%|█         | 5/50 [00:01<00:09,  4.56it/s, Saved at =inf, TrLoss=0.5526]
 Training FV-alpha-s42-t8:  10%|█         | 5/50 [00:01<00:09,  4.56it/s, Saved at =inf, TrLoss=0.5279]
 Training FV-alpha-s42-t8:  12%|█▏        | 6/50 [00:01<00:09,  4.44it/s, Saved at =inf, TrLoss=0.5279]
 Training FV-alpha-s42-t8:  12%|█▏        | 6/50 [00:01<00:09,  4.44it/s, Saved at =inf, TrLoss=0.5035]
 Training FV-alpha-s42-t8:  14%|█▍        | 7/50 [00:01<00:10,  4.27it/s, Saved at =inf, TrLoss=0.5035]
 Training FV-alpha-s42-t8:  14%|█▍        | 7/50 [00:01<00:10,  4.27it/s, Saved at =inf, TrLoss=0.4742]
 Training FV-alpha-s42-t8:  16%|█▌        | 8/50 [00:01<00:10,  4.15it/s, Saved at =inf, TrLoss=0.4742]
 Training FV-alpha-s42-t8:  16%|█▌        | 8/50 [00:01<00:10,  4.15it/s, Saved at =inf, TrLoss=0.4413]
 Training FV-alpha-s42-t8:  18%|█▊        | 9/50 [00:02<00:09,  4.20it/s, Saved at =inf, TrLoss=0.4413]
 Training FV-alpha-s42-t8:  18%|█▊        | 9/50 [00:02<00:09,  4.20it/s, Saved at =inf, TrLoss=0.3995]
 Training FV-alpha-s42-t8:  20%|██        | 10/50 [00:02<00:10,  4.00it/s, Saved at =inf, TrLoss=0.3995]
 Training FV-alpha-s42-t8:  20%|██        | 10/50 [00:02<00:10,  4.00it/s, Saved at =inf, TrLoss=0.3729]
 Training FV-alpha-s42-t8:  22%|██▏       | 11/50 [00:02<00:09,  3.95it/s, Saved at =inf, TrLoss=0.3729]
 Training FV-alpha-s42-t8:  22%|██▏       | 11/50 [00:02<00:09,  3.95it/s, Saved at =inf, TrLoss=0.3601]
 Training FV-alpha-s42-t8:  24%|██▍       | 12/50 [00:02<00:10,  3.78it/s, Saved at =inf, TrLoss=0.3601]
 Training FV-alpha-s42-t8:  24%|██▍       | 12/50 [00:03<00:10,  3.78it/s, Saved at =inf, TrLoss=0.3860]
 Training FV-alpha-s42-t8:  26%|██▌       | 13/50 [00:03<00:09,  3.77it/s, Saved at =inf, TrLoss=0.3860]
 Training FV-alpha-s42-t8:  26%|██▌       | 13/50 [00:03<00:09,  3.77it/s, Saved at =inf, TrLoss=0.3994]
 Training FV-alpha-s42-t8:  28%|██▊       | 14/50 [00:03<00:09,  3.83it/s, Saved at =inf, TrLoss=0.3994]
 Training FV-alpha-s42-t8:  28%|██▊       | 14/50 [00:03<00:09,  3.83it/s, Saved at =inf, TrLoss=0.3079]
 Training FV-alpha-s42-t8:  30%|███       | 15/50 [00:03<00:09,  3.87it/s, Saved at =inf, TrLoss=0.3079]
 Training FV-alpha-s42-t8:  30%|███       | 15/50 [00:03<00:09,  3.87it/s, Saved at =inf, TrLoss=0.3539]
 Training FV-alpha-s42-t8:  32%|███▏      | 16/50 [00:03<00:08,  3.83it/s, Saved at =inf, TrLoss=0.3539]
 Training FV-alpha-s42-t8:  32%|███▏      | 16/50 [00:04<00:08,  3.83it/s, Saved at =inf, TrLoss=0.3258]
 Training FV-alpha-s42-t8:  34%|███▍      | 17/50 [00:04<00:08,  3.71it/s, Saved at =inf, TrLoss=0.3258]
 Training FV-alpha-s42-t8:  34%|███▍      | 17/50 [00:04<00:08,  3.71it/s, Saved at =inf, TrLoss=0.3273]
 Training FV-alpha-s42-t8:  36%|███▌      | 18/50 [00:04<00:08,  3.80it/s, Saved at =inf, TrLoss=0.3273]
 Training FV-alpha-s42-t8:  36%|███▌      | 18/50 [00:04<00:08,  3.80it/s, Saved at =inf, TrLoss=0.3036]
 Training FV-alpha-s42-t8:  38%|███▊      | 19/50 [00:04<00:08,  3.75it/s, Saved at =inf, TrLoss=0.3036]
 Training FV-alpha-s42-t8:  38%|███▊      | 19/50 [00:04<00:08,  3.75it/s, Saved at =inf, TrLoss=0.3089]
 Training FV-alpha-s42-t8:  40%|████      | 20/50 [00:04<00:08,  3.74it/s, Saved at =inf, TrLoss=0.3089]
 Training FV-alpha-s42-t8:  40%|████      | 20/50 [00:05<00:08,  3.74it/s, Saved at =inf, TrLoss=0.2964]
 Training FV-alpha-s42-t8:  42%|████▏     | 21/50 [00:05<00:07,  3.72it/s, Saved at =inf, TrLoss=0.2964]
 Training FV-alpha-s42-t8:  42%|████▏     | 21/50 [00:05<00:07,  3.72it/s, Saved at =inf, TrLoss=0.3020]
 Training FV-alpha-s42-t8:  44%|████▍     | 22/50 [00:05<00:07,  3.79it/s, Saved at =inf, TrLoss=0.3020]
 Training FV-alpha-s42-t8:  44%|████▍     | 22/50 [00:05<00:07,  3.79it/s, Saved at =inf, TrLoss=0.2808]
 Training FV-alpha-s42-t8:  46%|████▌     | 23/50 [00:05<00:07,  3.81it/s, Saved at =inf, TrLoss=0.2808]
 Training FV-alpha-s42-t8:  46%|████▌     | 23/50 [00:05<00:07,  3.81it/s, Saved at =inf, TrLoss=0.2829]
 Training FV-alpha-s42-t8:  48%|████▊     | 24/50 [00:06<00:06,  3.87it/s, Saved at =inf, TrLoss=0.2829]
 Training FV-alpha-s42-t8:  48%|████▊     | 24/50 [00:06<00:06,  3.87it/s, Saved at =inf, TrLoss=0.2827]
 Training FV-alpha-s42-t8:  50%|█████     | 25/50 [00:06<00:06,  4.14it/s, Saved at =inf, TrLoss=0.2827]
 Training FV-alpha-s42-t8:  50%|█████     | 25/50 [00:06<00:06,  4.14it/s, Saved at =inf, TrLoss=0.2806]
 Training FV-alpha-s42-t8:  52%|█████▏    | 26/50 [00:06<00:05,  4.48it/s, Saved at =inf, TrLoss=0.2806]
 Training FV-alpha-s42-t8:  52%|█████▏    | 26/50 [00:06<00:05,  4.48it/s, Saved at =inf, TrLoss=0.2645]
 Training FV-alpha-s42-t8:  54%|█████▍    | 27/50 [00:06<00:05,  4.29it/s, Saved at =inf, TrLoss=0.2645]
 Training FV-alpha-s42-t8:  54%|█████▍    | 27/50 [00:06<00:05,  4.29it/s, Saved at =inf, TrLoss=0.2778]
 Training FV-alpha-s42-t8:  56%|█████▌    | 28/50 [00:06<00:05,  4.12it/s, Saved at =inf, TrLoss=0.2778]
 Training FV-alpha-s42-t8:  56%|█████▌    | 28/50 [00:07<00:05,  4.12it/s, Saved at =inf, TrLoss=0.2729]
 Training FV-alpha-s42-t8:  58%|█████▊    | 29/50 [00:07<00:05,  4.08it/s, Saved at =inf, TrLoss=0.2729]
 Training FV-alpha-s42-t8:  58%|█████▊    | 29/50 [00:07<00:05,  4.08it/s, Saved at =inf, TrLoss=0.2770]
 Training FV-alpha-s42-t8:  60%|██████    | 30/50 [00:07<00:05,  3.95it/s, Saved at =inf, TrLoss=0.2770]
 Training FV-alpha-s42-t8:  60%|██████    | 30/50 [00:07<00:05,  3.95it/s, Saved at =inf, TrLoss=0.2576]
 Training FV-alpha-s42-t8:  62%|██████▏   | 31/50 [00:07<00:04,  3.90it/s, Saved at =inf, TrLoss=0.2576]
 Training FV-alpha-s42-t8:  62%|██████▏   | 31/50 [00:07<00:04,  3.90it/s, Saved at =inf, TrLoss=0.2640]
 Training FV-alpha-s42-t8:  64%|██████▍   | 32/50 [00:07<00:04,  3.92it/s, Saved at =inf, TrLoss=0.2640]
 Training FV-alpha-s42-t8:  64%|██████▍   | 32/50 [00:08<00:04,  3.92it/s, Saved at =inf, TrLoss=0.2516]
 Training FV-alpha-s42-t8:  66%|██████▌   | 33/50 [00:08<00:04,  3.93it/s, Saved at =inf, TrLoss=0.2516]
 Training FV-alpha-s42-t8:  66%|██████▌   | 33/50 [00:08<00:04,  3.93it/s, Saved at =inf, TrLoss=0.2608]
 Training FV-alpha-s42-t8:  68%|██████▊   | 34/50 [00:08<00:03,  4.12it/s, Saved at =inf, TrLoss=0.2608]
 Training FV-alpha-s42-t8:  68%|██████▊   | 34/50 [00:08<00:03,  4.12it/s, Saved at =inf, TrLoss=0.2474]
 Training FV-alpha-s42-t8:  70%|███████   | 35/50 [00:08<00:03,  4.18it/s, Saved at =inf, TrLoss=0.2474]
 Training FV-alpha-s42-t8:  70%|███████   | 35/50 [00:08<00:03,  4.18it/s, Saved at =inf, TrLoss=0.2494]
 Training FV-alpha-s42-t8:  72%|███████▏  | 36/50 [00:08<00:03,  4.01it/s, Saved at =inf, TrLoss=0.2494]
 Training FV-alpha-s42-t8:  72%|███████▏  | 36/50 [00:09<00:03,  4.01it/s, Saved at =inf, TrLoss=0.2475]
 Training FV-alpha-s42-t8:  74%|███████▍  | 37/50 [00:09<00:03,  3.91it/s, Saved at =inf, TrLoss=0.2475]
 Training FV-alpha-s42-t8:  74%|███████▍  | 37/50 [00:09<00:03,  3.91it/s, Saved at =inf, TrLoss=0.2325]
 Training FV-alpha-s42-t8:  76%|███████▌  | 38/50 [00:09<00:03,  3.79it/s, Saved at =inf, TrLoss=0.2325]
 Training FV-alpha-s42-t8:  76%|███████▌  | 38/50 [00:09<00:03,  3.79it/s, Saved at =inf, TrLoss=0.2478]
 Training FV-alpha-s42-t8:  78%|███████▊  | 39/50 [00:09<00:02,  3.70it/s, Saved at =inf, TrLoss=0.2478]
 Training FV-alpha-s42-t8:  78%|███████▊  | 39/50 [00:09<00:02,  3.70it/s, Saved at =inf, TrLoss=0.2404]
 Training FV-alpha-s42-t8:  80%|████████  | 40/50 [00:10<00:02,  3.70it/s, Saved at =inf, TrLoss=0.2404]
 Training FV-alpha-s42-t8:  80%|████████  | 40/50 [00:10<00:02,  3.70it/s, Saved at =inf, TrLoss=0.2461]
 Training FV-alpha-s42-t8:  82%|████████▏ | 41/50 [00:10<00:02,  3.74it/s, Saved at =inf, TrLoss=0.2461]
 Training FV-alpha-s42-t8:  82%|████████▏ | 41/50 [00:10<00:02,  3.74it/s, Saved at =inf, TrLoss=0.2330]
 Training FV-alpha-s42-t8:  84%|████████▍ | 42/50 [00:10<00:02,  3.69it/s, Saved at =inf, TrLoss=0.2330]
 Training FV-alpha-s42-t8:  84%|████████▍ | 42/50 [00:10<00:02,  3.69it/s, Saved at =inf, TrLoss=0.2382]
 Training FV-alpha-s42-t8:  86%|████████▌ | 43/50 [00:10<00:01,  3.68it/s, Saved at =inf, TrLoss=0.2382]
 Training FV-alpha-s42-t8:  86%|████████▌ | 43/50 [00:10<00:01,  3.68it/s, Saved at =inf, TrLoss=0.2305]
 Training FV-alpha-s42-t8:  88%|████████▊ | 44/50 [00:11<00:01,  3.97it/s, Saved at =inf, TrLoss=0.2305]
 Training FV-alpha-s42-t8:  88%|████████▊ | 44/50 [00:11<00:01,  3.97it/s, Saved at =inf, TrLoss=0.2386]
 Training FV-alpha-s42-t8:  90%|█████████ | 45/50 [00:11<00:01,  4.19it/s, Saved at =inf, TrLoss=0.2386]
 Training FV-alpha-s42-t8:  90%|█████████ | 45/50 [00:11<00:01,  4.19it/s, Saved at =inf, TrLoss=0.2209]
 Training FV-alpha-s42-t8:  92%|█████████▏| 46/50 [00:11<00:00,  4.04it/s, Saved at =inf, TrLoss=0.2209]
 Training FV-alpha-s42-t8:  92%|█████████▏| 46/50 [00:11<00:00,  4.04it/s, Saved at =inf, TrLoss=0.2331]
 Training FV-alpha-s42-t8:  94%|█████████▍| 47/50 [00:11<00:00,  3.99it/s, Saved at =inf, TrLoss=0.2331]
 Training FV-alpha-s42-t8:  94%|█████████▍| 47/50 [00:11<00:00,  3.99it/s, Saved at =inf, TrLoss=0.2227]
 Training FV-alpha-s42-t8:  96%|█████████▌| 48/50 [00:12<00:00,  4.08it/s, Saved at =inf, TrLoss=0.2227]
 Training FV-alpha-s42-t8:  96%|█████████▌| 48/50 [00:12<00:00,  4.08it/s, Saved at =inf, TrLoss=0.2291]
 Training FV-alpha-s42-t8:  98%|█████████▊| 49/50 [00:12<00:00,  4.24it/s, Saved at =inf, TrLoss=0.2291]
 Training FV-alpha-s42-t8:  98%|█████████▊| 49/50 [00:12<00:00,  4.24it/s, Saved at =inf, TrLoss=0.2221]
 Training FV-alpha-s42-t8: 100%|██████████| 50/50 [00:12<00:00,  4.31it/s, Saved at =inf, TrLoss=0.2221]
 Training FV-alpha-s42-t8: 100%|██████████| 50/50 [00:12<00:00,  4.01it/s, Saved at =inf, TrLoss=0.2221]

 Training FV-alpha-s42-t9:   0%|          | 0/50 [00:00<?, ?it/s]
 Training FV-alpha-s42-t9:   0%|          | 0/50 [00:00<?, ?it/s, Saved at =inf, TrLoss=0.9701]
 Training FV-alpha-s42-t9:   2%|▏         | 1/50 [00:00<00:13,  3.77it/s, Saved at =inf, TrLoss=0.9701]
 Training FV-alpha-s42-t9:   2%|▏         | 1/50 [00:00<00:13,  3.77it/s, Saved at =inf, TrLoss=0.7373]
 Training FV-alpha-s42-t9:   4%|▍         | 2/50 [00:00<00:12,  3.96it/s, Saved at =inf, TrLoss=0.7373]
 Training FV-alpha-s42-t9:   4%|▍         | 2/50 [00:00<00:12,  3.96it/s, Saved at =inf, TrLoss=0.7056]
 Training FV-alpha-s42-t9:   6%|▌         | 3/50 [00:00<00:11,  4.07it/s, Saved at =inf, TrLoss=0.7056]
 Training FV-alpha-s42-t9:   6%|▌         | 3/50 [00:00<00:11,  4.07it/s, Saved at =inf, TrLoss=0.6316]
 Training FV-alpha-s42-t9:   8%|▊         | 4/50 [00:00<00:11,  4.16it/s, Saved at =inf, TrLoss=0.6316]
 Training FV-alpha-s42-t9:   8%|▊         | 4/50 [00:01<00:11,  4.16it/s, Saved at =inf, TrLoss=0.5930]
 Training FV-alpha-s42-t9:  10%|█         | 5/50 [00:01<00:11,  4.07it/s, Saved at =inf, TrLoss=0.5930]
 Training FV-alpha-s42-t9:  10%|█         | 5/50 [00:01<00:11,  4.07it/s, Saved at =inf, TrLoss=0.5379]
 Training FV-alpha-s42-t9:  12%|█▏        | 6/50 [00:01<00:11,  4.00it/s, Saved at =inf, TrLoss=0.5379]
 Training FV-alpha-s42-t9:  12%|█▏        | 6/50 [00:01<00:11,  4.00it/s, Saved at =inf, TrLoss=0.5091]
 Training FV-alpha-s42-t9:  14%|█▍        | 7/50 [00:01<00:10,  3.92it/s, Saved at =inf, TrLoss=0.5091]
 Training FV-alpha-s42-t9:  14%|█▍        | 7/50 [00:01<00:10,  3.92it/s, Saved at =inf, TrLoss=0.4599]
 Training FV-alpha-s42-t9:  16%|█▌        | 8/50 [00:02<00:10,  3.87it/s, Saved at =inf, TrLoss=0.4599]
 Training FV-alpha-s42-t9:  16%|█▌        | 8/50 [00:02<00:10,  3.87it/s, Saved at =inf, TrLoss=0.4385]
 Training FV-alpha-s42-t9:  18%|█▊        | 9/50 [00:02<00:10,  3.81it/s, Saved at =inf, TrLoss=0.4385]
 Training FV-alpha-s42-t9:  18%|█▊        | 9/50 [00:02<00:10,  3.81it/s, Saved at =inf, TrLoss=0.4053]
 Training FV-alpha-s42-t9:  20%|██        | 10/50 [00:02<00:10,  3.79it/s, Saved at =inf, TrLoss=0.4053]
 Training FV-alpha-s42-t9:  20%|██        | 10/50 [00:02<00:10,  3.79it/s, Saved at =inf, TrLoss=0.4065]
 Training FV-alpha-s42-t9:  22%|██▏       | 11/50 [00:02<00:10,  3.73it/s, Saved at =inf, TrLoss=0.4065]
 Training FV-alpha-s42-t9:  22%|██▏       | 11/50 [00:03<00:10,  3.73it/s, Saved at =inf, TrLoss=0.3912]
 Training FV-alpha-s42-t9:  24%|██▍       | 12/50 [00:03<00:10,  3.75it/s, Saved at =inf, TrLoss=0.3912]
 Training FV-alpha-s42-t9:  24%|██▍       | 12/50 [00:03<00:10,  3.75it/s, Saved at =inf, TrLoss=0.3835]
 Training FV-alpha-s42-t9:  26%|██▌       | 13/50 [00:03<00:09,  3.73it/s, Saved at =inf, TrLoss=0.3835]
 Training FV-alpha-s42-t9:  26%|██▌       | 13/50 [00:03<00:09,  3.73it/s, Saved at =inf, TrLoss=0.3695]
 Training FV-alpha-s42-t9:  28%|██▊       | 14/50 [00:03<00:09,  3.82it/s, Saved at =inf, TrLoss=0.3695]
 Training FV-alpha-s42-t9:  28%|██▊       | 14/50 [00:03<00:09,  3.82it/s, Saved at =inf, TrLoss=0.3595]
 Training FV-alpha-s42-t9:  30%|███       | 15/50 [00:03<00:09,  3.86it/s, Saved at =inf, TrLoss=0.3595]
 Training FV-alpha-s42-t9:  30%|███       | 15/50 [00:04<00:09,  3.86it/s, Saved at =inf, TrLoss=0.3790]
 Training FV-alpha-s42-t9:  32%|███▏      | 16/50 [00:04<00:08,  3.96it/s, Saved at =inf, TrLoss=0.3790]
 Training FV-alpha-s42-t9:  32%|███▏      | 16/50 [00:04<00:08,  3.96it/s, Saved at =inf, TrLoss=0.3624]
 Training FV-alpha-s42-t9:  34%|███▍      | 17/50 [00:04<00:08,  4.02it/s, Saved at =inf, TrLoss=0.3624]
 Training FV-alpha-s42-t9:  34%|███▍      | 17/50 [00:04<00:08,  4.02it/s, Saved at =inf, TrLoss=0.3346]
 Training FV-alpha-s42-t9:  36%|███▌      | 18/50 [00:04<00:07,  4.09it/s, Saved at =inf, TrLoss=0.3346]
 Training FV-alpha-s42-t9:  36%|███▌      | 18/50 [00:04<00:07,  4.09it/s, Saved at =inf, TrLoss=0.3274]
 Training FV-alpha-s42-t9:  38%|███▊      | 19/50 [00:04<00:07,  4.06it/s, Saved at =inf, TrLoss=0.3274]
 Training FV-alpha-s42-t9:  38%|███▊      | 19/50 [00:05<00:07,  4.06it/s, Saved at =inf, TrLoss=0.3185]
 Training FV-alpha-s42-t9:  40%|████      | 20/50 [00:05<00:07,  3.99it/s, Saved at =inf, TrLoss=0.3185]
 Training FV-alpha-s42-t9:  40%|████      | 20/50 [00:05<00:07,  3.99it/s, Saved at =inf, TrLoss=0.3176]
 Training FV-alpha-s42-t9:  42%|████▏     | 21/50 [00:05<00:07,  3.91it/s, Saved at =inf, TrLoss=0.3176]
 Training FV-alpha-s42-t9:  42%|████▏     | 21/50 [00:05<00:07,  3.91it/s, Saved at =inf, TrLoss=0.3162]
 Training FV-alpha-s42-t9:  44%|████▍     | 22/50 [00:05<00:07,  3.86it/s, Saved at =inf, TrLoss=0.3162]
 Training FV-alpha-s42-t9:  44%|████▍     | 22/50 [00:05<00:07,  3.86it/s, Saved at =inf, TrLoss=0.3052]
 Training FV-alpha-s42-t9:  46%|████▌     | 23/50 [00:05<00:07,  3.83it/s, Saved at =inf, TrLoss=0.3052]
 Training FV-alpha-s42-t9:  46%|████▌     | 23/50 [00:06<00:07,  3.83it/s, Saved at =inf, TrLoss=0.2948]
 Training FV-alpha-s42-t9:  48%|████▊     | 24/50 [00:06<00:06,  3.80it/s, Saved at =inf, TrLoss=0.2948]
 Training FV-alpha-s42-t9:  48%|████▊     | 24/50 [00:06<00:06,  3.80it/s, Saved at =inf, TrLoss=0.3010]
 Training FV-alpha-s42-t9:  50%|█████     | 25/50 [00:06<00:06,  3.79it/s, Saved at =inf, TrLoss=0.3010]
 Training FV-alpha-s42-t9:  50%|█████     | 25/50 [00:06<00:06,  3.79it/s, Saved at =inf, TrLoss=0.3046]
 Training FV-alpha-s42-t9:  52%|█████▏    | 26/50 [00:06<00:06,  3.79it/s, Saved at =inf, TrLoss=0.3046]
 Training FV-alpha-s42-t9:  52%|█████▏    | 26/50 [00:06<00:06,  3.79it/s, Saved at =inf, TrLoss=0.3004]
 Training FV-alpha-s42-t9:  54%|█████▍    | 27/50 [00:06<00:05,  3.88it/s, Saved at =inf, TrLoss=0.3004]
 Training FV-alpha-s42-t9:  54%|█████▍    | 27/50 [00:07<00:05,  3.88it/s, Saved at =inf, TrLoss=0.2970]
 Training FV-alpha-s42-t9:  56%|█████▌    | 28/50 [00:07<00:05,  3.94it/s, Saved at =inf, TrLoss=0.2970]
 Training FV-alpha-s42-t9:  56%|█████▌    | 28/50 [00:07<00:05,  3.94it/s, Saved at =inf, TrLoss=0.2838]
 Training FV-alpha-s42-t9:  58%|█████▊    | 29/50 [00:07<00:04,  4.38it/s, Saved at =inf, TrLoss=0.2838]
 Training FV-alpha-s42-t9:  58%|█████▊    | 29/50 [00:07<00:04,  4.38it/s, Saved at =inf, TrLoss=0.2908]
 Training FV-alpha-s42-t9:  60%|██████    | 30/50 [00:07<00:04,  4.79it/s, Saved at =inf, TrLoss=0.2908]
 Training FV-alpha-s42-t9:  60%|██████    | 30/50 [00:07<00:04,  4.79it/s, Saved at =inf, TrLoss=0.2818]
 Training FV-alpha-s42-t9:  62%|██████▏   | 31/50 [00:07<00:04,  4.48it/s, Saved at =inf, TrLoss=0.2818]
 Training FV-alpha-s42-t9:  62%|██████▏   | 31/50 [00:07<00:04,  4.48it/s, Saved at =inf, TrLoss=0.2639]
 Training FV-alpha-s42-t9:  64%|██████▍   | 32/50 [00:07<00:04,  4.49it/s, Saved at =inf, TrLoss=0.2639]
 Training FV-alpha-s42-t9:  64%|██████▍   | 32/50 [00:08<00:04,  4.49it/s, Saved at =inf, TrLoss=0.2675]
 Training FV-alpha-s42-t9:  66%|██████▌   | 33/50 [00:08<00:03,  4.36it/s, Saved at =inf, TrLoss=0.2675]
 Training FV-alpha-s42-t9:  66%|██████▌   | 33/50 [00:08<00:03,  4.36it/s, Saved at =inf, TrLoss=0.2742]
 Training FV-alpha-s42-t9:  68%|██████▊   | 34/50 [00:08<00:03,  4.09it/s, Saved at =inf, TrLoss=0.2742]
 Training FV-alpha-s42-t9:  68%|██████▊   | 34/50 [00:08<00:03,  4.09it/s, Saved at =inf, TrLoss=0.2563]
 Training FV-alpha-s42-t9:  70%|███████   | 35/50 [00:08<00:03,  3.96it/s, Saved at =inf, TrLoss=0.2563]
 Training FV-alpha-s42-t9:  70%|███████   | 35/50 [00:08<00:03,  3.96it/s, Saved at =inf, TrLoss=0.2575]
 Training FV-alpha-s42-t9:  72%|███████▏  | 36/50 [00:09<00:03,  4.02it/s, Saved at =inf, TrLoss=0.2575]
 Training FV-alpha-s42-t9:  72%|███████▏  | 36/50 [00:09<00:03,  4.02it/s, Saved at =inf, TrLoss=0.2586]
 Training FV-alpha-s42-t9:  74%|███████▍  | 37/50 [00:09<00:03,  4.07it/s, Saved at =inf, TrLoss=0.2586]
 Training FV-alpha-s42-t9:  74%|███████▍  | 37/50 [00:09<00:03,  4.07it/s, Saved at =inf, TrLoss=0.2417]
 Training FV-alpha-s42-t9:  76%|███████▌  | 38/50 [00:09<00:02,  4.05it/s, Saved at =inf, TrLoss=0.2417]
 Training FV-alpha-s42-t9:  76%|███████▌  | 38/50 [00:09<00:02,  4.05it/s, Saved at =inf, TrLoss=0.2479]
 Training FV-alpha-s42-t9:  78%|███████▊  | 39/50 [00:09<00:02,  4.09it/s, Saved at =inf, TrLoss=0.2479]
 Training FV-alpha-s42-t9:  78%|███████▊  | 39/50 [00:09<00:02,  4.09it/s, Saved at =inf, TrLoss=0.2487]
 Training FV-alpha-s42-t9:  80%|████████  | 40/50 [00:09<00:02,  4.21it/s, Saved at =inf, TrLoss=0.2487]
 Training FV-alpha-s42-t9:  80%|████████  | 40/50 [00:10<00:02,  4.21it/s, Saved at =inf, TrLoss=0.2423]
 Training FV-alpha-s42-t9:  82%|████████▏ | 41/50 [00:10<00:02,  4.14it/s, Saved at =inf, TrLoss=0.2423]
 Training FV-alpha-s42-t9:  82%|████████▏ | 41/50 [00:10<00:02,  4.14it/s, Saved at =inf, TrLoss=0.2428]
 Training FV-alpha-s42-t9:  84%|████████▍ | 42/50 [00:10<00:02,  4.00it/s, Saved at =inf, TrLoss=0.2428]
 Training FV-alpha-s42-t9:  84%|████████▍ | 42/50 [00:10<00:02,  4.00it/s, Saved at =inf, TrLoss=0.2370]
 Training FV-alpha-s42-t9:  86%|████████▌ | 43/50 [00:10<00:01,  4.20it/s, Saved at =inf, TrLoss=0.2370]
 Training FV-alpha-s42-t9:  86%|████████▌ | 43/50 [00:10<00:01,  4.20it/s, Saved at =inf, TrLoss=0.2454]
 Training FV-alpha-s42-t9:  88%|████████▊ | 44/50 [00:10<00:01,  4.08it/s, Saved at =inf, TrLoss=0.2454]
 Training FV-alpha-s42-t9:  88%|████████▊ | 44/50 [00:11<00:01,  4.08it/s, Saved at =inf, TrLoss=0.2429]
 Training FV-alpha-s42-t9:  90%|█████████ | 45/50 [00:11<00:01,  3.96it/s, Saved at =inf, TrLoss=0.2429]
 Training FV-alpha-s42-t9:  90%|█████████ | 45/50 [00:11<00:01,  3.96it/s, Saved at =inf, TrLoss=0.2327]
 Training FV-alpha-s42-t9:  92%|█████████▏| 46/50 [00:11<00:00,  4.19it/s, Saved at =inf, TrLoss=0.2327]
 Training FV-alpha-s42-t9:  92%|█████████▏| 46/50 [00:11<00:00,  4.19it/s, Saved at =inf, TrLoss=0.2242]
 Training FV-alpha-s42-t9:  94%|█████████▍| 47/50 [00:11<00:00,  4.06it/s, Saved at =inf, TrLoss=0.2242]
 Training FV-alpha-s42-t9:  94%|█████████▍| 47/50 [00:11<00:00,  4.06it/s, Saved at =inf, TrLoss=0.2336]
 Training FV-alpha-s42-t9:  96%|█████████▌| 48/50 [00:11<00:00,  3.94it/s, Saved at =inf, TrLoss=0.2336]
 Training FV-alpha-s42-t9:  96%|█████████▌| 48/50 [00:12<00:00,  3.94it/s, Saved at =inf, TrLoss=0.2338]
 Training FV-alpha-s42-t9:  98%|█████████▊| 49/50 [00:12<00:00,  4.00it/s, Saved at =inf, TrLoss=0.2338]
 Training FV-alpha-s42-t9:  98%|█████████▊| 49/50 [00:12<00:00,  4.00it/s, Saved at =inf, TrLoss=0.2303]
 Training FV-alpha-s42-t9: 100%|██████████| 50/50 [00:12<00:00,  4.07it/s, Saved at =inf, TrLoss=0.2303]
 Training FV-alpha-s42-t9: 100%|██████████| 50/50 [00:12<00:00,  4.01it/s, Saved at =inf, TrLoss=0.2303]

 Training ATK-alpha-s42-t7:   0%|          | 0/50 [00:00<?, ?it/s]
 Training ATK-alpha-s42-t7:   0%|          | 0/50 [00:00<?, ?it/s, Saved at =inf, TrLoss=0.6890]
 Training ATK-alpha-s42-t7:   2%|▏         | 1/50 [00:00<00:09,  5.43it/s, Saved at =inf, TrLoss=0.6890]
 Training ATK-alpha-s42-t7:   2%|▏         | 1/50 [00:00<00:09,  5.43it/s, Saved at =inf, TrLoss=0.6662]
 Training ATK-alpha-s42-t7:   4%|▍         | 2/50 [00:00<00:08,  5.39it/s, Saved at =inf, TrLoss=0.6662]
 Training ATK-alpha-s42-t7:   4%|▍         | 2/50 [00:00<00:08,  5.39it/s, Saved at =inf, TrLoss=0.6719]
 Training ATK-alpha-s42-t7:   6%|▌         | 3/50 [00:00<00:09,  5.14it/s, Saved at =inf, TrLoss=0.6719]
 Training ATK-alpha-s42-t7:   6%|▌         | 3/50 [00:00<00:09,  5.14it/s, Saved at =inf, TrLoss=0.5635]
 Training ATK-alpha-s42-t7:   8%|▊         | 4/50 [00:00<00:08,  5.33it/s, Saved at =inf, TrLoss=0.5635]
 Training ATK-alpha-s42-t7:   8%|▊         | 4/50 [00:00<00:08,  5.33it/s, Saved at =inf, TrLoss=0.5028]
 Training ATK-alpha-s42-t7:  10%|█         | 5/50 [00:00<00:08,  5.22it/s, Saved at =inf, TrLoss=0.5028]
 Training ATK-alpha-s42-t7:  10%|█         | 5/50 [00:01<00:08,  5.22it/s, Saved at =inf, TrLoss=0.5343]
 Training ATK-alpha-s42-t7:  12%|█▏        | 6/50 [00:01<00:08,  5.40it/s, Saved at =inf, TrLoss=0.5343]
 Training ATK-alpha-s42-t7:  12%|█▏        | 6/50 [00:01<00:08,  5.40it/s, Saved at =inf, TrLoss=0.5298]
 Training ATK-alpha-s42-t7:  14%|█▍        | 7/50 [00:01<00:08,  5.33it/s, Saved at =inf, TrLoss=0.5298]
 Training ATK-alpha-s42-t7:  14%|█▍        | 7/50 [00:01<00:08,  5.33it/s, Saved at =inf, TrLoss=0.4711]
 Training ATK-alpha-s42-t7:  16%|█▌        | 8/50 [00:01<00:07,  5.41it/s, Saved at =inf, TrLoss=0.4711]
 Training ATK-alpha-s42-t7:  16%|█▌        | 8/50 [00:01<00:07,  5.41it/s, Saved at =inf, TrLoss=0.4302]
 Training ATK-alpha-s42-t7:  18%|█▊        | 9/50 [00:01<00:07,  5.42it/s, Saved at =inf, TrLoss=0.4302]
 Training ATK-alpha-s42-t7:  18%|█▊        | 9/50 [00:01<00:07,  5.42it/s, Saved at =inf, TrLoss=0.4228]
 Training ATK-alpha-s42-t7:  20%|██        | 10/50 [00:01<00:07,  5.18it/s, Saved at =inf, TrLoss=0.4228]
 Training ATK-alpha-s42-t7:  20%|██        | 10/50 [00:02<00:07,  5.18it/s, Saved at =inf, TrLoss=0.3958]
 Training ATK-alpha-s42-t7:  22%|██▏       | 11/50 [00:02<00:07,  5.40it/s, Saved at =inf, TrLoss=0.3958]
 Training ATK-alpha-s42-t7:  22%|██▏       | 11/50 [00:02<00:07,  5.40it/s, Saved at =inf, TrLoss=0.3557]
 Training ATK-alpha-s42-t7:  24%|██▍       | 12/50 [00:02<00:07,  5.21it/s, Saved at =inf, TrLoss=0.3557]
 Training ATK-alpha-s42-t7:  24%|██▍       | 12/50 [00:02<00:07,  5.21it/s, Saved at =inf, TrLoss=0.3855]
 Training ATK-alpha-s42-t7:  26%|██▌       | 13/50 [00:02<00:07,  5.17it/s, Saved at =inf, TrLoss=0.3855]
 Training ATK-alpha-s42-t7:  26%|██▌       | 13/50 [00:02<00:07,  5.17it/s, Saved at =inf, TrLoss=0.3427]
 Training ATK-alpha-s42-t7:  28%|██▊       | 14/50 [00:02<00:06,  5.34it/s, Saved at =inf, TrLoss=0.3427]
 Training ATK-alpha-s42-t7:  28%|██▊       | 14/50 [00:02<00:06,  5.34it/s, Saved at =inf, TrLoss=0.3337]
 Training ATK-alpha-s42-t7:  30%|███       | 15/50 [00:02<00:06,  5.13it/s, Saved at =inf, TrLoss=0.3337]
 Training ATK-alpha-s42-t7:  30%|███       | 15/50 [00:02<00:06,  5.13it/s, Saved at =inf, TrLoss=0.3177]
 Training ATK-alpha-s42-t7:  32%|███▏      | 16/50 [00:03<00:06,  5.39it/s, Saved at =inf, TrLoss=0.3177]
 Training ATK-alpha-s42-t7:  32%|███▏      | 16/50 [00:03<00:06,  5.39it/s, Saved at =inf, TrLoss=0.3342]
 Training ATK-alpha-s42-t7:  34%|███▍      | 17/50 [00:03<00:06,  5.19it/s, Saved at =inf, TrLoss=0.3342]
 Training ATK-alpha-s42-t7:  34%|███▍      | 17/50 [00:03<00:06,  5.19it/s, Saved at =inf, TrLoss=0.3099]
 Training ATK-alpha-s42-t7:  36%|███▌      | 18/50 [00:03<00:05,  5.58it/s, Saved at =inf, TrLoss=0.3099]
 Training ATK-alpha-s42-t7:  36%|███▌      | 18/50 [00:03<00:05,  5.58it/s, Saved at =inf, TrLoss=0.3067]
 Training ATK-alpha-s42-t7:  38%|███▊      | 19/50 [00:03<00:05,  5.24it/s, Saved at =inf, TrLoss=0.3067]
 Training ATK-alpha-s42-t7:  38%|███▊      | 19/50 [00:03<00:05,  5.24it/s, Saved at =inf, TrLoss=0.2858]
 Training ATK-alpha-s42-t7:  40%|████      | 20/50 [00:03<00:06,  4.96it/s, Saved at =inf, TrLoss=0.2858]
 Training ATK-alpha-s42-t7:  40%|████      | 20/50 [00:03<00:06,  4.96it/s, Saved at =inf, TrLoss=0.2885]
 Training ATK-alpha-s42-t7:  42%|████▏     | 21/50 [00:03<00:05,  5.09it/s, Saved at =inf, TrLoss=0.2885]
 Training ATK-alpha-s42-t7:  42%|████▏     | 21/50 [00:04<00:05,  5.09it/s, Saved at =inf, TrLoss=0.2859]
 Training ATK-alpha-s42-t7:  44%|████▍     | 22/50 [00:04<00:05,  5.05it/s, Saved at =inf, TrLoss=0.2859]
 Training ATK-alpha-s42-t7:  44%|████▍     | 22/50 [00:04<00:05,  5.05it/s, Saved at =inf, TrLoss=0.2974]
 Training ATK-alpha-s42-t7:  46%|████▌     | 23/50 [00:04<00:05,  5.09it/s, Saved at =inf, TrLoss=0.2974]
 Training ATK-alpha-s42-t7:  46%|████▌     | 23/50 [00:04<00:05,  5.09it/s, Saved at =inf, TrLoss=0.2738]
 Training ATK-alpha-s42-t7:  48%|████▊     | 24/50 [00:04<00:04,  5.23it/s, Saved at =inf, TrLoss=0.2738]
 Training ATK-alpha-s42-t7:  48%|████▊     | 24/50 [00:04<00:04,  5.23it/s, Saved at =inf, TrLoss=0.2814]
 Training ATK-alpha-s42-t7:  50%|█████     | 25/50 [00:04<00:04,  5.05it/s, Saved at =inf, TrLoss=0.2814]
 Training ATK-alpha-s42-t7:  50%|█████     | 25/50 [00:04<00:04,  5.05it/s, Saved at =inf, TrLoss=0.2653]
 Training ATK-alpha-s42-t7:  52%|█████▏    | 26/50 [00:04<00:04,  5.32it/s, Saved at =inf, TrLoss=0.2653]
 Training ATK-alpha-s42-t7:  52%|█████▏    | 26/50 [00:05<00:04,  5.32it/s, Saved at =inf, TrLoss=0.2543]
 Training ATK-alpha-s42-t7:  54%|█████▍    | 27/50 [00:05<00:04,  5.11it/s, Saved at =inf, TrLoss=0.2543]
 Training ATK-alpha-s42-t7:  54%|█████▍    | 27/50 [00:05<00:04,  5.11it/s, Saved at =inf, TrLoss=0.2653]
 Training ATK-alpha-s42-t7:  56%|█████▌    | 28/50 [00:05<00:04,  5.04it/s, Saved at =inf, TrLoss=0.2653]
 Training ATK-alpha-s42-t7:  56%|█████▌    | 28/50 [00:05<00:04,  5.04it/s, Saved at =inf, TrLoss=0.2620]
 Training ATK-alpha-s42-t7:  58%|█████▊    | 29/50 [00:05<00:03,  5.32it/s, Saved at =inf, TrLoss=0.2620]
 Training ATK-alpha-s42-t7:  58%|█████▊    | 29/50 [00:05<00:03,  5.32it/s, Saved at =inf, TrLoss=0.2517]
 Training ATK-alpha-s42-t7:  60%|██████    | 30/50 [00:05<00:03,  5.12it/s, Saved at =inf, TrLoss=0.2517]
 Training ATK-alpha-s42-t7:  60%|██████    | 30/50 [00:05<00:03,  5.12it/s, Saved at =inf, TrLoss=0.2519]
 Training ATK-alpha-s42-t7:  62%|██████▏   | 31/50 [00:05<00:03,  5.35it/s, Saved at =inf, TrLoss=0.2519]
 Training ATK-alpha-s42-t7:  62%|██████▏   | 31/50 [00:06<00:03,  5.35it/s, Saved at =inf, TrLoss=0.2481]
 Training ATK-alpha-s42-t7:  64%|██████▍   | 32/50 [00:06<00:03,  5.17it/s, Saved at =inf, TrLoss=0.2481]
 Training ATK-alpha-s42-t7:  64%|██████▍   | 32/50 [00:06<00:03,  5.17it/s, Saved at =inf, TrLoss=0.2415]
 Training ATK-alpha-s42-t7:  66%|██████▌   | 33/50 [00:06<00:03,  5.08it/s, Saved at =inf, TrLoss=0.2415]
 Training ATK-alpha-s42-t7:  66%|██████▌   | 33/50 [00:06<00:03,  5.08it/s, Saved at =inf, TrLoss=0.2355]
 Training ATK-alpha-s42-t7:  68%|██████▊   | 34/50 [00:06<00:03,  5.23it/s, Saved at =inf, TrLoss=0.2355]
 Training ATK-alpha-s42-t7:  68%|██████▊   | 34/50 [00:06<00:03,  5.23it/s, Saved at =inf, TrLoss=0.2361]
 Training ATK-alpha-s42-t7:  70%|███████   | 35/50 [00:06<00:02,  5.15it/s, Saved at =inf, TrLoss=0.2361]
 Training ATK-alpha-s42-t7:  70%|███████   | 35/50 [00:06<00:02,  5.15it/s, Saved at =inf, TrLoss=0.2358]
 Training ATK-alpha-s42-t7:  72%|███████▏  | 36/50 [00:06<00:02,  5.30it/s, Saved at =inf, TrLoss=0.2358]
 Training ATK-alpha-s42-t7:  72%|███████▏  | 36/50 [00:07<00:02,  5.30it/s, Saved at =inf, TrLoss=0.2343]
 Training ATK-alpha-s42-t7:  74%|███████▍  | 37/50 [00:07<00:02,  5.33it/s, Saved at =inf, TrLoss=0.2343]
 Training ATK-alpha-s42-t7:  74%|███████▍  | 37/50 [00:07<00:02,  5.33it/s, Saved at =inf, TrLoss=0.2295]
 Training ATK-alpha-s42-t7:  76%|███████▌  | 38/50 [00:07<00:02,  5.18it/s, Saved at =inf, TrLoss=0.2295]
 Training ATK-alpha-s42-t7:  76%|███████▌  | 38/50 [00:07<00:02,  5.18it/s, Saved at =inf, TrLoss=0.2353]
 Training ATK-alpha-s42-t7:  78%|███████▊  | 39/50 [00:07<00:02,  5.31it/s, Saved at =inf, TrLoss=0.2353]
 Training ATK-alpha-s42-t7:  78%|███████▊  | 39/50 [00:07<00:02,  5.31it/s, Saved at =inf, TrLoss=0.2246]
 Training ATK-alpha-s42-t7:  80%|████████  | 40/50 [00:07<00:01,  5.21it/s, Saved at =inf, TrLoss=0.2246]
 Training ATK-alpha-s42-t7:  80%|████████  | 40/50 [00:07<00:01,  5.21it/s, Saved at =inf, TrLoss=0.2251]
 Training ATK-alpha-s42-t7:  82%|████████▏ | 41/50 [00:07<00:01,  5.35it/s, Saved at =inf, TrLoss=0.2251]
 Training ATK-alpha-s42-t7:  82%|████████▏ | 41/50 [00:07<00:01,  5.35it/s, Saved at =inf, TrLoss=0.2205]
 Training ATK-alpha-s42-t7:  84%|████████▍ | 42/50 [00:08<00:01,  5.37it/s, Saved at =inf, TrLoss=0.2205]
 Training ATK-alpha-s42-t7:  84%|████████▍ | 42/50 [00:08<00:01,  5.37it/s, Saved at =inf, TrLoss=0.2120]
 Training ATK-alpha-s42-t7:  86%|████████▌ | 43/50 [00:08<00:01,  5.20it/s, Saved at =inf, TrLoss=0.2120]
 Training ATK-alpha-s42-t7:  86%|████████▌ | 43/50 [00:08<00:01,  5.20it/s, Saved at =inf, TrLoss=0.2264]
 Training ATK-alpha-s42-t7:  88%|████████▊ | 44/50 [00:08<00:01,  5.33it/s, Saved at =inf, TrLoss=0.2264]
 Training ATK-alpha-s42-t7:  88%|████████▊ | 44/50 [00:08<00:01,  5.33it/s, Saved at =inf, TrLoss=0.2147]
 Training ATK-alpha-s42-t7:  90%|█████████ | 45/50 [00:08<00:00,  5.22it/s, Saved at =inf, TrLoss=0.2147]
 Training ATK-alpha-s42-t7:  90%|█████████ | 45/50 [00:08<00:00,  5.22it/s, Saved at =inf, TrLoss=0.2079]
 Training ATK-alpha-s42-t7:  92%|█████████▏| 46/50 [00:08<00:00,  5.37it/s, Saved at =inf, TrLoss=0.2079]
 Training ATK-alpha-s42-t7:  92%|█████████▏| 46/50 [00:08<00:00,  5.37it/s, Saved at =inf, TrLoss=0.2062]
 Training ATK-alpha-s42-t7:  94%|█████████▍| 47/50 [00:08<00:00,  5.36it/s, Saved at =inf, TrLoss=0.2062]
 Training ATK-alpha-s42-t7:  94%|█████████▍| 47/50 [00:09<00:00,  5.36it/s, Saved at =inf, TrLoss=0.2069]
 Training ATK-alpha-s42-t7:  96%|█████████▌| 48/50 [00:09<00:00,  5.19it/s, Saved at =inf, TrLoss=0.2069]
 Training ATK-alpha-s42-t7:  96%|█████████▌| 48/50 [00:09<00:00,  5.19it/s, Saved at =inf, TrLoss=0.2058]
 Training ATK-alpha-s42-t7:  98%|█████████▊| 49/50 [00:09<00:00,  5.32it/s, Saved at =inf, TrLoss=0.2058]
 Training ATK-alpha-s42-t7:  98%|█████████▊| 49/50 [00:09<00:00,  5.32it/s, Saved at =inf, TrLoss=0.2013]
 Training ATK-alpha-s42-t7: 100%|██████████| 50/50 [00:09<00:00,  5.22it/s, Saved at =inf, TrLoss=0.2013]
 Training ATK-alpha-s42-t7: 100%|██████████| 50/50 [00:09<00:00,  5.24it/s, Saved at =inf, TrLoss=0.2013]
[06:33:50]   MCC=0.389±0.068, AUC=0.767±0.070, BAcc=0.686±0.076
[06:34:17]   [low 5/25] t=331
[06:34:43]   [low 10/25] t=957
[06:35:11]   [low 15/25] t=554
[06:35:38]   [low 20/25] t=3741
[06:36:05]   [low 25/25] t=2396
[06:36:05]   low     random B1 flip %: {'gdte_mean_total': 24.0, 'gdte_mean_prop': 20.0, 'gdte_median_total': 21.1, 'gdte_median_prop': 10.5, 'gdte_trimmed_total': 24.0, 'gdte_trimmed_prop': 20.0, 'fg': 0.0, 'fraction': 0.0, 'beta': 0.0, 'wilson': 27.3}
[06:36:05]   low   mean_opt B1 flip %: {'gdte_mean_total': 80.0, 'gdte_mean_prop': 36.0, 'gdte_median_total': 47.4, 'gdte_median_prop': 31.6, 'gdte_trimmed_total': 76.0, 'gdte_trimmed_prop': 36.0, 'fg': 0.0, 'fraction': 0.0, 'beta': 0.0, 'wilson': 27.3}
[06:36:05]   low median_opt B1 flip %: {'gdte_mean_total': 80.0, 'gdte_mean_prop': 36.0, 'gdte_median_total': 47.4, 'gdte_median_prop': 31.6, 'gdte_trimmed_total': 76.0, 'gdte_trimmed_prop': 36.0, 'fg': 0.0, 'fraction': 0.0, 'beta': 0.0, 'wilson': 27.3}
[06:36:05]   low     fg_opt B1 flip %: {'gdte_mean_total': 32.0, 'gdte_mean_prop': 28.0, 'gdte_median_total': 26.3, 'gdte_median_prop': 15.8, 'gdte_trimmed_total': 32.0, 'gdte_trimmed_prop': 24.0, 'fg': 4.2, 'fraction': 0.0, 'beta': 0.0, 'wilson': 27.3}
[06:36:32]   [moderate 5/25] t=59
[06:36:59]   [moderate 10/25] t=189
[06:37:26]   [moderate 15/25] t=158
[06:37:53]   [moderate 20/25] t=308
[06:38:20]   [moderate 25/25] t=3464
[06:38:20]   moderate     random B1 flip %: {'gdte_mean_total': 4.0, 'gdte_mean_prop': 4.0, 'gdte_median_total': 4.0, 'gdte_median_prop': 4.0, 'gdte_trimmed_total': 4.0, 'gdte_trimmed_prop': 0.0, 'fg': 0.0, 'fraction': 0.0, 'beta': 0.0, 'wilson': 0.0}
[06:38:20]   moderate   mean_opt B1 flip %: {'gdte_mean_total': 16.0, 'gdte_mean_prop': 16.0, 'gdte_median_total': 12.0, 'gdte_median_prop': 8.0, 'gdte_trimmed_total': 16.0, 'gdte_trimmed_prop': 16.0, 'fg': 0.0, 'fraction': 0.0, 'beta': 0.0, 'wilson': 0.0}
[06:38:20]   moderate median_opt B1 flip %: {'gdte_mean_total': 16.0, 'gdte_mean_prop': 16.0, 'gdte_median_total': 12.0, 'gdte_median_prop': 8.0, 'gdte_trimmed_total': 16.0, 'gdte_trimmed_prop': 16.0, 'fg': 0.0, 'fraction': 0.0, 'beta': 0.0, 'wilson': 0.0}
[06:38:20]   moderate     fg_opt B1 flip %: {'gdte_mean_total': 8.0, 'gdte_mean_prop': 4.0, 'gdte_median_total': 4.0, 'gdte_median_prop': 4.0, 'gdte_trimmed_total': 4.0, 'gdte_trimmed_prop': 4.0, 'fg': 0.0, 'fraction': 0.0, 'beta': 0.0, 'wilson': 0.0}
[06:38:20] 
Saved paper/results/unified/reputation_baselines_alpha.json
